Columns in project 'ColProject':
╭───┬────┬─────────────┬───────┬─────────┬──────╮
│ # │ ID │ NAME        │ READY │ IN-PROG │ DONE │
├───┼────┼─────────────┼───────┼─────────┼──────┤
│ 1 │ 1  │ Todo        │ ✓     │ -       │ -    │
│ 2 │ 2  │ In Progress │ -     │ ✓       │ -    │
│ 3 │ 3  │ Done        │ -     │ -       │ ✓    │
│ 4 │ 4  │ Review      │ -     │ -       │ -    │
╰───┴────┴─────────────┴───────┴─────────┴──────╯
