i  Associating project with git branch: test/e2e-snapshots
^  Warning: Branch 'test/e2e-snapshots' is already associated with project 'WebApp' (ID: 1)
Creating new project without branch association...
✓ Project created successfully
  ID: 2
  Name: MobileApp
  Description: React Native mobile application
