╭────┬────┬───────────┬───────────────────────────╮
│    │ ID │ NAME      │ BRANCH                    │
├────┼────┼───────────┼───────────────────────────┤
│ *  │ 1  │ WebApp    │ test-80/cli-e2e-snapshots │
│    │ 2  │ MobileApp │ -                         │
│    │ 3  │ Alpha     │ -                         │
│    │ 4  │ Beta      │ -                         │
╰────┴────┴───────────┴───────────────────────────╯
