Manage columns

Usage:
  column [command]

Available Commands:
  completion  Generate the autocompletion script for the specified shell
  create      Create a new column
  delete      Delete a column
  help        Help about any command
  list        List columns in a project
  update      Update a column

Flags:
  -h, --help   help for column

Use "column [command] --help" for more information about a command.
