=== RUN   TestCommandTree
=== RUN   TestCommandTree/all_top-level_commands_are_registered
=== RUN   TestCommandTree/every_command_has_a_non-empty_Use_field
=== RUN   TestCommandTree/task_subcommands
=== RUN   TestCommandTree/project_subcommands
=== RUN   TestCommandTree/column_subcommands
=== RUN   TestCommandTree/label_subcommands
=== RUN   TestCommandTree/assignee_subcommands
=== RUN   TestCommandTree/setup_subcommands
=== RUN   TestCommandTree/db_subcommands
=== RUN   TestCommandTree/tutorial_has_no_subcommands
=== RUN   TestCommandTree/tui_has_no_subcommands
=== RUN   TestCommandTree/completion_has_no_subcommands
--- PASS: TestCommandTree (0.00s)
    --- PASS: TestCommandTree/all_top-level_commands_are_registered (0.00s)
    --- PASS: TestCommandTree/every_command_has_a_non-empty_Use_field (0.00s)
    --- PASS: TestCommandTree/task_subcommands (0.00s)
    --- PASS: TestCommandTree/project_subcommands (0.00s)
    --- PASS: TestCommandTree/column_subcommands (0.00s)
    --- PASS: TestCommandTree/label_subcommands (0.00s)
    --- PASS: TestCommandTree/assignee_subcommands (0.00s)
    --- PASS: TestCommandTree/setup_subcommands (0.00s)
    --- PASS: TestCommandTree/db_subcommands (0.00s)
    --- PASS: TestCommandTree/tutorial_has_no_subcommands (0.00s)
    --- PASS: TestCommandTree/tui_has_no_subcommands (0.00s)
    --- PASS: TestCommandTree/completion_has_no_subcommands (0.00s)
=== RUN   TestRootCommand_Help
--- PASS: TestRootCommand_Help (0.00s)
=== RUN   TestRootCommand_Version
--- PASS: TestRootCommand_Version (0.00s)
=== RUN   TestRootCommand_UnknownCommand
--- PASS: TestRootCommand_UnknownCommand (0.00s)
=== RUN   TestRootCommand_SilenceFlags
--- PASS: TestRootCommand_SilenceFlags (0.00s)
=== RUN   TestRootCommand_NoArgs_ShowsHelp
--- PASS: TestRootCommand_NoArgs_ShowsHelp (0.00s)
=== RUN   TestExitErr_Structure
=== RUN   TestExitErr_Structure/implements_error_interface
=== RUN   TestExitErr_Structure/ExitCode_returns_the_code
=== RUN   TestExitErr_Structure/errors.As_can_unwrap_ExitErr
=== RUN   TestExitErr_Structure/exit_code_constants_are_correct
--- PASS: TestExitErr_Structure (0.00s)
    --- PASS: TestExitErr_Structure/implements_error_interface (0.00s)
    --- PASS: TestExitErr_Structure/ExitCode_returns_the_code (0.00s)
    --- PASS: TestExitErr_Structure/errors.As_can_unwrap_ExitErr (0.00s)
    --- PASS: TestExitErr_Structure/exit_code_constants_are_correct (0.00s)
PASS
ok  	github.com/thenoetrevino/paso	0.005s
?   	github.com/thenoetrevino/paso/cmd	[no test files]
?   	github.com/thenoetrevino/paso/cmd/ci	[no test files]
?   	github.com/thenoetrevino/paso/cmd/daemon	[no test files]
?   	github.com/thenoetrevino/paso/cmd/pre-commit	[no test files]
=== RUN   TestNew
=== PAUSE TestNew
=== RUN   TestClose
=== PAUSE TestClose
=== CONT  TestNew
=== CONT  TestClose
2026/02/11 20:56:49 OK   00001_initial_schema.sql (2.47ms)
2026/02/11 20:56:49 OK   00002_add_performance_indexes.sql (3.26ms)
2026/02/11 20:56:49 OK   00003_add_git_branch_to_projects.sql (613.79µs)
2026/02/11 20:56:49 OK   00005_add_task_events.sql (272.78µs)
2026/02/11 20:56:49 OK   00006_add_assignees.sql (284.86µs)
2026/02/11 20:56:49 OK   00007_add_task_assignee.sql (475.56µs)
2026/02/11 20:56:49 OK   00008_fix_assignee_name_uniqueness.sql (1.89ms)
2026/02/11 20:56:49 goose: successfully migrated database to version: 8
--- PASS: TestNew (0.02s)
2026/02/11 20:56:49 OK   00001_initial_schema.sql (1.95ms)
2026/02/11 20:56:49 OK   00002_add_performance_indexes.sql (1.01ms)
2026/02/11 20:56:49 OK   00003_add_git_branch_to_projects.sql (534.3µs)
2026/02/11 20:56:49 OK   00005_add_task_events.sql (252.29µs)
2026/02/11 20:56:49 OK   00006_add_assignees.sql (282.84µs)
2026/02/11 20:56:49 OK   00007_add_task_assignee.sql (436.57µs)
2026/02/11 20:56:49 OK   00008_fix_assignee_name_uniqueness.sql (5.14ms)
2026/02/11 20:56:49 goose: successfully migrated database to version: 8
--- PASS: TestClose (0.03s)
PASS
ok  	github.com/thenoetrevino/paso/internal/app	0.043s
?   	github.com/thenoetrevino/paso/internal/appcontext	[no test files]
?   	github.com/thenoetrevino/paso/internal/ci	[no test files]
=== RUN   TestFindColumnByName_Found
=== PAUSE TestFindColumnByName_Found
=== RUN   TestFindColumnByName_NotFound
=== PAUSE TestFindColumnByName_NotFound
=== RUN   TestFindColumnByName_EmptyList
=== PAUSE TestFindColumnByName_EmptyList
=== RUN   TestFormatAvailableColumns
=== PAUSE TestFormatAvailableColumns
=== RUN   TestGetCurrentColumnName
=== PAUSE TestGetCurrentColumnName
=== RUN   TestGetCurrentColumnName_EmptyList
=== PAUSE TestGetCurrentColumnName_EmptyList
=== RUN   TestGetLabelByID_Found
=== PAUSE TestGetLabelByID_Found
=== RUN   TestGetLabelByID_Found_MultipleProjects
=== PAUSE TestGetLabelByID_Found_MultipleProjects
=== RUN   TestGetLabelByID_NotFound
=== PAUSE TestGetLabelByID_NotFound
=== RUN   TestGetLabelByID_EmptyDatabase
=== PAUSE TestGetLabelByID_EmptyDatabase
=== RUN   TestGetProjectID_FlagSet
=== PAUSE TestGetProjectID_FlagSet
=== RUN   TestGetProjectID_NeitherSet
=== PAUSE TestGetProjectID_NeitherSet
=== RUN   TestValidateColorHex_Valid
=== PAUSE TestValidateColorHex_Valid
=== RUN   TestValidateColorHex_Invalid
=== PAUSE TestValidateColorHex_Invalid
=== RUN   TestParsePriority_Valid
=== PAUSE TestParsePriority_Valid
=== RUN   TestParsePriority_Invalid
=== PAUSE TestParsePriority_Invalid
=== RUN   TestParseTaskType_Valid
=== PAUSE TestParseTaskType_Valid
=== RUN   TestParseTaskType_Invalid
=== PAUSE TestParseTaskType_Invalid
=== RUN   TestOutputFormatter_Success_JSON
=== RUN   TestOutputFormatter_Success_JSON/map_data
=== RUN   TestOutputFormatter_Success_JSON/struct_with_ID
=== RUN   TestOutputFormatter_Success_JSON/string_data
=== RUN   TestOutputFormatter_Success_JSON/integer_data
=== RUN   TestOutputFormatter_Success_JSON/nil_data
--- PASS: TestOutputFormatter_Success_JSON (0.00s)
    --- PASS: TestOutputFormatter_Success_JSON/map_data (0.00s)
    --- PASS: TestOutputFormatter_Success_JSON/struct_with_ID (0.00s)
    --- PASS: TestOutputFormatter_Success_JSON/string_data (0.00s)
    --- PASS: TestOutputFormatter_Success_JSON/integer_data (0.00s)
    --- PASS: TestOutputFormatter_Success_JSON/nil_data (0.00s)
=== RUN   TestOutputFormatter_Success_Quiet_WithID
=== RUN   TestOutputFormatter_Success_Quiet_WithID/value_receiver_with_ID
=== RUN   TestOutputFormatter_Success_Quiet_WithID/pointer_receiver_with_ID
=== RUN   TestOutputFormatter_Success_Quiet_WithID/pointer_to_value_receiver_with_ID
=== RUN   TestOutputFormatter_Success_Quiet_WithID/ID_is_zero
=== RUN   TestOutputFormatter_Success_Quiet_WithID/negative_ID
=== RUN   TestOutputFormatter_Success_Quiet_WithID/large_ID
--- PASS: TestOutputFormatter_Success_Quiet_WithID (0.00s)
    --- PASS: TestOutputFormatter_Success_Quiet_WithID/value_receiver_with_ID (0.00s)
    --- PASS: TestOutputFormatter_Success_Quiet_WithID/pointer_receiver_with_ID (0.00s)
    --- PASS: TestOutputFormatter_Success_Quiet_WithID/pointer_to_value_receiver_with_ID (0.00s)
    --- PASS: TestOutputFormatter_Success_Quiet_WithID/ID_is_zero (0.00s)
    --- PASS: TestOutputFormatter_Success_Quiet_WithID/negative_ID (0.00s)
    --- PASS: TestOutputFormatter_Success_Quiet_WithID/large_ID (0.00s)
=== RUN   TestOutputFormatter_Success_Quiet_WithoutID
=== RUN   TestOutputFormatter_Success_Quiet_WithoutID/struct_without_GetID
=== RUN   TestOutputFormatter_Success_Quiet_WithoutID/map_without_GetID
=== RUN   TestOutputFormatter_Success_Quiet_WithoutID/string
=== RUN   TestOutputFormatter_Success_Quiet_WithoutID/integer
--- PASS: TestOutputFormatter_Success_Quiet_WithoutID (0.00s)
    --- PASS: TestOutputFormatter_Success_Quiet_WithoutID/struct_without_GetID (0.00s)
    --- PASS: TestOutputFormatter_Success_Quiet_WithoutID/map_without_GetID (0.00s)
    --- PASS: TestOutputFormatter_Success_Quiet_WithoutID/string (0.00s)
    --- PASS: TestOutputFormatter_Success_Quiet_WithoutID/integer (0.00s)
=== RUN   TestOutputFormatter_Success_HumanReadable
=== RUN   TestOutputFormatter_Success_HumanReadable/struct_with_fields
=== RUN   TestOutputFormatter_Success_HumanReadable/map
=== RUN   TestOutputFormatter_Success_HumanReadable/string
=== RUN   TestOutputFormatter_Success_HumanReadable/slice
--- PASS: TestOutputFormatter_Success_HumanReadable (0.00s)
    --- PASS: TestOutputFormatter_Success_HumanReadable/struct_with_fields (0.00s)
    --- PASS: TestOutputFormatter_Success_HumanReadable/map (0.00s)
    --- PASS: TestOutputFormatter_Success_HumanReadable/string (0.00s)
    --- PASS: TestOutputFormatter_Success_HumanReadable/slice (0.00s)
=== RUN   TestOutputFormatter_Error_JSON
=== RUN   TestOutputFormatter_Error_JSON/standard_error
=== RUN   TestOutputFormatter_Error_JSON/empty_message
=== RUN   TestOutputFormatter_Error_JSON/empty_code
=== RUN   TestOutputFormatter_Error_JSON/special_characters_in_message
--- PASS: TestOutputFormatter_Error_JSON (0.00s)
    --- PASS: TestOutputFormatter_Error_JSON/standard_error (0.00s)
    --- PASS: TestOutputFormatter_Error_JSON/empty_message (0.00s)
    --- PASS: TestOutputFormatter_Error_JSON/empty_code (0.00s)
    --- PASS: TestOutputFormatter_Error_JSON/special_characters_in_message (0.00s)
=== RUN   TestOutputFormatter_Error_Quiet
--- PASS: TestOutputFormatter_Error_Quiet (0.00s)
=== RUN   TestOutputFormatter_Error_HumanReadable
=== RUN   TestOutputFormatter_Error_HumanReadable/standard_error
2026/02/11 20:56:50 WARN config file has permissive permissions path=/home/noetrevino/.config/paso/config.yaml current=644 recommended=0600 fix="chmod 600 /home/noetrevino/.config/paso/config.yaml"
=== RUN   TestOutputFormatter_Error_HumanReadable/long_error_message
2026/02/11 20:56:50 WARN config file has permissive permissions path=/home/noetrevino/.config/paso/config.yaml current=644 recommended=0600 fix="chmod 600 /home/noetrevino/.config/paso/config.yaml"
=== RUN   TestOutputFormatter_Error_HumanReadable/unicode_in_message
2026/02/11 20:56:50 WARN config file has permissive permissions path=/home/noetrevino/.config/paso/config.yaml current=644 recommended=0600 fix="chmod 600 /home/noetrevino/.config/paso/config.yaml"
--- PASS: TestOutputFormatter_Error_HumanReadable (0.00s)
    --- PASS: TestOutputFormatter_Error_HumanReadable/standard_error (0.00s)
    --- PASS: TestOutputFormatter_Error_HumanReadable/long_error_message (0.00s)
    --- PASS: TestOutputFormatter_Error_HumanReadable/unicode_in_message (0.00s)
=== RUN   TestOutputFormatter_ErrorWithSuggestion_JSON
=== RUN   TestOutputFormatter_ErrorWithSuggestion_JSON/with_suggestion
=== RUN   TestOutputFormatter_ErrorWithSuggestion_JSON/without_suggestion
=== RUN   TestOutputFormatter_ErrorWithSuggestion_JSON/empty_code_and_message
--- PASS: TestOutputFormatter_ErrorWithSuggestion_JSON (0.00s)
    --- PASS: TestOutputFormatter_ErrorWithSuggestion_JSON/with_suggestion (0.00s)
    --- PASS: TestOutputFormatter_ErrorWithSuggestion_JSON/without_suggestion (0.00s)
    --- PASS: TestOutputFormatter_ErrorWithSuggestion_JSON/empty_code_and_message (0.00s)
=== RUN   TestOutputFormatter_ErrorWithSuggestion_Quiet
=== RUN   TestOutputFormatter_ErrorWithSuggestion_Quiet/with_suggestion
=== RUN   TestOutputFormatter_ErrorWithSuggestion_Quiet/without_suggestion
--- PASS: TestOutputFormatter_ErrorWithSuggestion_Quiet (0.00s)
    --- PASS: TestOutputFormatter_ErrorWithSuggestion_Quiet/with_suggestion (0.00s)
    --- PASS: TestOutputFormatter_ErrorWithSuggestion_Quiet/without_suggestion (0.00s)
=== RUN   TestOutputFormatter_ErrorWithSuggestion_HumanReadable
=== RUN   TestOutputFormatter_ErrorWithSuggestion_HumanReadable/with_suggestion
2026/02/11 20:56:50 WARN config file has permissive permissions path=/home/noetrevino/.config/paso/config.yaml current=644 recommended=0600 fix="chmod 600 /home/noetrevino/.config/paso/config.yaml"
=== RUN   TestOutputFormatter_ErrorWithSuggestion_HumanReadable/without_suggestion
2026/02/11 20:56:50 WARN config file has permissive permissions path=/home/noetrevino/.config/paso/config.yaml current=644 recommended=0600 fix="chmod 600 /home/noetrevino/.config/paso/config.yaml"
=== RUN   TestOutputFormatter_ErrorWithSuggestion_HumanReadable/long_suggestion
2026/02/11 20:56:50 WARN config file has permissive permissions path=/home/noetrevino/.config/paso/config.yaml current=644 recommended=0600 fix="chmod 600 /home/noetrevino/.config/paso/config.yaml"
=== RUN   TestOutputFormatter_ErrorWithSuggestion_HumanReadable/unicode_characters
2026/02/11 20:56:50 WARN config file has permissive permissions path=/home/noetrevino/.config/paso/config.yaml current=644 recommended=0600 fix="chmod 600 /home/noetrevino/.config/paso/config.yaml"
--- PASS: TestOutputFormatter_ErrorWithSuggestion_HumanReadable (0.00s)
    --- PASS: TestOutputFormatter_ErrorWithSuggestion_HumanReadable/with_suggestion (0.00s)
    --- PASS: TestOutputFormatter_ErrorWithSuggestion_HumanReadable/without_suggestion (0.00s)
    --- PASS: TestOutputFormatter_ErrorWithSuggestion_HumanReadable/long_suggestion (0.00s)
    --- PASS: TestOutputFormatter_ErrorWithSuggestion_HumanReadable/unicode_characters (0.00s)
=== RUN   TestOutputFormatter_QuietModeGetIDPrecedence
=== RUN   TestOutputFormatter_QuietModeGetIDPrecedence/quiet_takes_precedence_over_JSON_when_GetID_exists
=== RUN   TestOutputFormatter_QuietModeGetIDPrecedence/quiet_without_GetID_falls_through_to_JSON
=== RUN   TestOutputFormatter_QuietModeGetIDPrecedence/jSON_takes_precedence_over_Quiet_for_Error
--- PASS: TestOutputFormatter_QuietModeGetIDPrecedence (0.00s)
    --- PASS: TestOutputFormatter_QuietModeGetIDPrecedence/quiet_takes_precedence_over_JSON_when_GetID_exists (0.00s)
    --- PASS: TestOutputFormatter_QuietModeGetIDPrecedence/quiet_without_GetID_falls_through_to_JSON (0.00s)
    --- PASS: TestOutputFormatter_QuietModeGetIDPrecedence/jSON_takes_precedence_over_Quiet_for_Error (0.00s)
=== RUN   TestOutputFormatter_NilData
=== RUN   TestOutputFormatter_NilData/JSON_mode
=== RUN   TestOutputFormatter_NilData/Quiet_mode
=== RUN   TestOutputFormatter_NilData/Human_mode
--- PASS: TestOutputFormatter_NilData (0.00s)
    --- PASS: TestOutputFormatter_NilData/JSON_mode (0.00s)
    --- PASS: TestOutputFormatter_NilData/Quiet_mode (0.00s)
    --- PASS: TestOutputFormatter_NilData/Human_mode (0.00s)
=== RUN   TestOutputFormatter_ErrorCallsErrorWithSuggestion
--- PASS: TestOutputFormatter_ErrorCallsErrorWithSuggestion (0.00s)
=== CONT  TestFindColumnByName_Found
=== RUN   TestFindColumnByName_Found/exact_match
=== PAUSE TestFindColumnByName_Found/exact_match
=== RUN   TestFindColumnByName_Found/exact_match_with_spaces
=== PAUSE TestFindColumnByName_Found/exact_match_with_spaces
=== RUN   TestFindColumnByName_Found/lowercase
=== PAUSE TestFindColumnByName_Found/lowercase
=== CONT  TestGetProjectID_NeitherSet
--- PASS: TestGetProjectID_NeitherSet (0.00s)
=== RUN   TestFindColumnByName_Found/uppercase
=== PAUSE TestFindColumnByName_Found/uppercase
=== RUN   TestFindColumnByName_Found/mixed_case
=== PAUSE TestFindColumnByName_Found/mixed_case
=== RUN   TestFindColumnByName_Found/lowercase_with_spaces
=== PAUSE TestFindColumnByName_Found/lowercase_with_spaces
=== RUN   TestFindColumnByName_Found/uppercase_with_spaces
=== PAUSE TestFindColumnByName_Found/uppercase_with_spaces
=== CONT  TestGetLabelByID_EmptyDatabase
=== CONT  TestGetCurrentColumnName_EmptyList
--- PASS: TestGetCurrentColumnName_EmptyList (0.00s)
=== CONT  TestGetProjectID_FlagSet
--- PASS: TestGetProjectID_FlagSet (0.00s)
=== CONT  TestGetLabelByID_NotFound
=== CONT  TestGetCurrentColumnName
=== RUN   TestGetCurrentColumnName/first_column
=== PAUSE TestGetCurrentColumnName/first_column
=== RUN   TestGetCurrentColumnName/middle_column
=== PAUSE TestGetCurrentColumnName/middle_column
=== RUN   TestGetCurrentColumnName/last_column
=== PAUSE TestGetCurrentColumnName/last_column
=== RUN   TestGetCurrentColumnName/non-existent_column
=== PAUSE TestGetCurrentColumnName/non-existent_column
=== CONT  TestFormatAvailableColumns
=== RUN   TestFormatAvailableColumns/multiple_columns
=== PAUSE TestFormatAvailableColumns/multiple_columns
=== RUN   TestFormatAvailableColumns/single_column
=== PAUSE TestFormatAvailableColumns/single_column
=== RUN   TestFormatAvailableColumns/empty_list
=== PAUSE TestFormatAvailableColumns/empty_list
=== CONT  TestParsePriority_Invalid
=== RUN   TestParsePriority_Invalid/invalid
=== PAUSE TestParsePriority_Invalid/invalid
=== RUN   TestParsePriority_Invalid/normal
=== PAUSE TestParsePriority_Invalid/normal
=== RUN   TestParsePriority_Invalid/urgent
=== PAUSE TestParsePriority_Invalid/urgent
=== RUN   TestParsePriority_Invalid/#00
=== PAUSE TestParsePriority_Invalid/#00
=== RUN   TestParsePriority_Invalid/123
=== PAUSE TestParsePriority_Invalid/123
=== RUN   TestParsePriority_Invalid/trivial_
=== PAUSE TestParsePriority_Invalid/trivial_
=== RUN   TestParsePriority_Invalid/_low
=== PAUSE TestParsePriority_Invalid/_low
=== CONT  TestFindColumnByName_EmptyList
--- PASS: TestFindColumnByName_EmptyList (0.00s)
=== CONT  TestGetLabelByID_Found_MultipleProjects
=== CONT  TestParseTaskType_Invalid
=== RUN   TestParseTaskType_Invalid/bug
=== PAUSE TestParseTaskType_Invalid/bug
=== RUN   TestParseTaskType_Invalid/story
=== PAUSE TestParseTaskType_Invalid/story
=== RUN   TestParseTaskType_Invalid/epic
=== PAUSE TestParseTaskType_Invalid/epic
=== RUN   TestParseTaskType_Invalid/#00
=== PAUSE TestParseTaskType_Invalid/#00
=== RUN   TestParseTaskType_Invalid/123
=== PAUSE TestParseTaskType_Invalid/123
=== RUN   TestParseTaskType_Invalid/task_
=== PAUSE TestParseTaskType_Invalid/task_
=== RUN   TestParseTaskType_Invalid/_feature
=== PAUSE TestParseTaskType_Invalid/_feature
=== CONT  TestParseTaskType_Valid
=== RUN   TestParseTaskType_Valid/task
=== PAUSE TestParseTaskType_Valid/task
=== RUN   TestParseTaskType_Valid/feature
=== PAUSE TestParseTaskType_Valid/feature
=== RUN   TestParseTaskType_Valid/TASK
=== PAUSE TestParseTaskType_Valid/TASK
=== RUN   TestParseTaskType_Valid/Feature
=== PAUSE TestParseTaskType_Valid/Feature
=== RUN   TestParseTaskType_Valid/TaSk
=== PAUSE TestParseTaskType_Valid/TaSk
=== CONT  TestValidateColorHex_Invalid
=== RUN   TestValidateColorHex_Invalid/missing_#_prefix
=== PAUSE TestValidateColorHex_Invalid/missing_#_prefix
=== RUN   TestValidateColorHex_Invalid/too_short_(3_chars)
=== PAUSE TestValidateColorHex_Invalid/too_short_(3_chars)
=== RUN   TestValidateColorHex_Invalid/too_long_(7_chars)
=== PAUSE TestValidateColorHex_Invalid/too_long_(7_chars)
=== RUN   TestValidateColorHex_Invalid/invalid_hex_characters
=== PAUSE TestValidateColorHex_Invalid/invalid_hex_characters
=== RUN   TestValidateColorHex_Invalid/one_invalid_character
=== PAUSE TestValidateColorHex_Invalid/one_invalid_character
=== RUN   TestValidateColorHex_Invalid/contains_space
=== PAUSE TestValidateColorHex_Invalid/contains_space
=== RUN   TestValidateColorHex_Invalid/empty_string
=== PAUSE TestValidateColorHex_Invalid/empty_string
=== RUN   TestValidateColorHex_Invalid/only_#_symbol
=== PAUSE TestValidateColorHex_Invalid/only_#_symbol
=== CONT  TestParsePriority_Valid
=== RUN   TestParsePriority_Valid/trivial
=== PAUSE TestParsePriority_Valid/trivial
=== RUN   TestParsePriority_Valid/low
=== PAUSE TestParsePriority_Valid/low
=== RUN   TestParsePriority_Valid/medium
=== PAUSE TestParsePriority_Valid/medium
=== RUN   TestParsePriority_Valid/high
=== PAUSE TestParsePriority_Valid/high
=== RUN   TestParsePriority_Valid/critical
=== PAUSE TestParsePriority_Valid/critical
=== RUN   TestParsePriority_Valid/TRIVIAL
=== PAUSE TestParsePriority_Valid/TRIVIAL
=== RUN   TestParsePriority_Valid/Low
=== PAUSE TestParsePriority_Valid/Low
=== RUN   TestParsePriority_Valid/MeDiUm
=== PAUSE TestParsePriority_Valid/MeDiUm
=== RUN   TestParsePriority_Valid/HIGH
=== PAUSE TestParsePriority_Valid/HIGH
=== RUN   TestParsePriority_Valid/Critical
=== PAUSE TestParsePriority_Valid/Critical
=== CONT  TestValidateColorHex_Valid
=== RUN   TestValidateColorHex_Valid/#FF0000
=== PAUSE TestValidateColorHex_Valid/#FF0000
=== RUN   TestValidateColorHex_Valid/#00FF00
=== PAUSE TestValidateColorHex_Valid/#00FF00
=== RUN   TestValidateColorHex_Valid/#0000FF
=== PAUSE TestValidateColorHex_Valid/#0000FF
=== RUN   TestValidateColorHex_Valid/#FFFFFF
=== PAUSE TestValidateColorHex_Valid/#FFFFFF
=== RUN   TestValidateColorHex_Valid/#000000
=== PAUSE TestValidateColorHex_Valid/#000000
=== RUN   TestValidateColorHex_Valid/#FF5733
=== PAUSE TestValidateColorHex_Valid/#FF5733
=== RUN   TestValidateColorHex_Valid/#ff5733
=== PAUSE TestValidateColorHex_Valid/#ff5733
=== RUN   TestValidateColorHex_Valid/#AbCdEf
=== PAUSE TestValidateColorHex_Valid/#AbCdEf
=== CONT  TestGetLabelByID_Found
=== CONT  TestFindColumnByName_Found/exact_match
=== CONT  TestFindColumnByName_NotFound
=== RUN   TestFindColumnByName_NotFound/Nonexistent
=== PAUSE TestFindColumnByName_NotFound/Nonexistent
=== RUN   TestFindColumnByName_NotFound/Doing
=== PAUSE TestFindColumnByName_NotFound/Doing
=== RUN   TestFindColumnByName_NotFound/#00
=== PAUSE TestFindColumnByName_NotFound/#00
=== RUN   TestFindColumnByName_NotFound/Tod
--- FAIL: TestFindColumnByName_Found (0.00s)
    --- FAIL: TestFindColumnByName_Found/exact_match (0.00s)
panic: testing: t.Parallel called multiple times [recovered, repanicked]

goroutine 109 [running]:
testing.tRunner.func1.2({0x9edc60, 0xb5f710})
	/usr/lib/go/src/testing/testing.go:1872 +0x237
testing.tRunner.func1()
	/usr/lib/go/src/testing/testing.go:1875 +0x35b
panic({0x9edc60?, 0xb5f710?})
	/usr/lib/go/src/runtime/panic.go:783 +0x132
testing.(*T).Parallel(0xc00027b180?)
	/usr/lib/go/src/testing/testing.go:1665 +0x3e5
github.com/thenoetrevino/paso/internal/cli.TestFindColumnByName_Found.func1(0xc00027b180)
	/home/noetrevino/projects/new-paso/tests/internal/cli/helpers_column_test.go:35 +0x57
testing.tRunner(0xc00027b180, 0xc0002525f0)
	/usr/lib/go/src/testing/testing.go:1934 +0xea
created by testing.(*T).Run in goroutine 37
	/usr/lib/go/src/testing/testing.go:1997 +0x465
FAIL	github.com/thenoetrevino/paso/internal/cli	0.013s
testing: warning: no tests to run
PASS
ok  	github.com/thenoetrevino/paso/internal/cli/assignee	0.008s [no tests to run]
=== RUN   TestCreateAssignee
=== PAUSE TestCreateAssignee
=== RUN   TestCreateAssignee_Errors
=== PAUSE TestCreateAssignee_Errors
=== RUN   TestListAssignees_Empty
=== PAUSE TestListAssignees_Empty
=== RUN   TestListAssignees_Populated
=== PAUSE TestListAssignees_Populated
=== RUN   TestDeleteAssignee
=== PAUSE TestDeleteAssignee
=== RUN   TestDeleteAssignee_Errors
=== PAUSE TestDeleteAssignee_Errors
=== RUN   TestSetAssignee
2026/02/11 20:56:50 OK   00001_initial_schema.sql (2.21ms)
2026/02/11 20:56:50 OK   00002_add_performance_indexes.sql (938.23µs)
2026/02/11 20:56:50 OK   00003_add_git_branch_to_projects.sql (565.36µs)
2026/02/11 20:56:50 OK   00005_add_task_events.sql (252.33µs)
2026/02/11 20:56:50 OK   00006_add_assignees.sql (269.63µs)
2026/02/11 20:56:50 OK   00007_add_task_assignee.sql (503.01µs)
2026/02/11 20:56:50 OK   00008_fix_assignee_name_uniqueness.sql (1.91ms)
2026/02/11 20:56:50 goose: successfully migrated database to version: 8
=== RUN   TestSetAssignee/set_assignee_default_output
=== RUN   TestSetAssignee/set_assignee_quiet_output
=== RUN   TestSetAssignee/set_assignee_json_output
--- PASS: TestSetAssignee (0.02s)
    --- PASS: TestSetAssignee/set_assignee_default_output (0.00s)
    --- PASS: TestSetAssignee/set_assignee_quiet_output (0.00s)
    --- PASS: TestSetAssignee/set_assignee_json_output (0.00s)
=== RUN   TestSetAssignee_Errors
2026/02/11 20:56:50 OK   00001_initial_schema.sql (2.08ms)
2026/02/11 20:56:50 OK   00002_add_performance_indexes.sql (1.02ms)
2026/02/11 20:56:50 OK   00003_add_git_branch_to_projects.sql (520.53µs)
2026/02/11 20:56:50 OK   00005_add_task_events.sql (246.53µs)
2026/02/11 20:56:50 OK   00006_add_assignees.sql (283.64µs)
2026/02/11 20:56:50 OK   00007_add_task_assignee.sql (430.67µs)
2026/02/11 20:56:50 OK   00008_fix_assignee_name_uniqueness.sql (2.24ms)
2026/02/11 20:56:50 goose: successfully migrated database to version: 8
=== RUN   TestSetAssignee_Errors/missing_name_flag
--- PASS: TestSetAssignee_Errors (0.01s)
    --- PASS: TestSetAssignee_Errors/missing_name_flag (0.00s)
=== RUN   TestWhoAmI
2026/02/11 20:56:50 OK   00001_initial_schema.sql (4.91ms)
2026/02/11 20:56:50 OK   00002_add_performance_indexes.sql (981.66µs)
2026/02/11 20:56:50 OK   00003_add_git_branch_to_projects.sql (624.68µs)
2026/02/11 20:56:50 OK   00005_add_task_events.sql (263.84µs)
2026/02/11 20:56:50 OK   00006_add_assignees.sql (287.09µs)
2026/02/11 20:56:50 OK   00007_add_task_assignee.sql (438.56µs)
2026/02/11 20:56:50 OK   00008_fix_assignee_name_uniqueness.sql (5.97ms)
2026/02/11 20:56:50 goose: successfully migrated database to version: 8
=== RUN   TestWhoAmI/whoami_with_default_system_username
=== RUN   TestWhoAmI/whoami_after_set
=== RUN   TestWhoAmI/whoami_json_output
=== RUN   TestWhoAmI/whoami_quiet_output
=== RUN   TestWhoAmI/whoami_json_with_default_username
=== RUN   TestWhoAmI/whoami_quiet_with_default_username
--- PASS: TestWhoAmI (0.02s)
    --- PASS: TestWhoAmI/whoami_with_default_system_username (0.00s)
    --- PASS: TestWhoAmI/whoami_after_set (0.00s)
    --- PASS: TestWhoAmI/whoami_json_output (0.00s)
    --- PASS: TestWhoAmI/whoami_quiet_output (0.00s)
    --- PASS: TestWhoAmI/whoami_json_with_default_username (0.00s)
    --- PASS: TestWhoAmI/whoami_quiet_with_default_username (0.00s)
=== CONT  TestCreateAssignee
=== CONT  TestListAssignees_Populated
=== CONT  TestDeleteAssignee_Errors
=== CONT  TestDeleteAssignee
=== CONT  TestCreateAssignee_Errors
=== CONT  TestListAssignees_Empty
2026/02/11 20:56:50 OK   00001_initial_schema.sql (3.73ms)
2026/02/11 20:56:50 OK   00002_add_performance_indexes.sql (888.84µs)
2026/02/11 20:56:50 OK   00003_add_git_branch_to_projects.sql (555.22µs)
2026/02/11 20:56:50 OK   00005_add_task_events.sql (353.97µs)
2026/02/11 20:56:50 OK   00006_add_assignees.sql (323.51µs)
2026/02/11 20:56:50 OK   00007_add_task_assignee.sql (621.7µs)
2026/02/11 20:56:50 OK   00008_fix_assignee_name_uniqueness.sql (1.97ms)
2026/02/11 20:56:50 goose: successfully migrated database to version: 8
=== RUN   TestCreateAssignee/create_with_name_default_output
=== PAUSE TestCreateAssignee/create_with_name_default_output
=== RUN   TestCreateAssignee/create_with_json_output
=== PAUSE TestCreateAssignee/create_with_json_output
=== RUN   TestCreateAssignee/create_with_quiet_output
2026/02/11 20:56:50 OK   00001_initial_schema.sql (1.97ms)
=== PAUSE TestCreateAssignee/create_with_quiet_output
=== CONT  TestCreateAssignee/create_with_name_default_output
--- FAIL: TestCreateAssignee (0.02s)
    --- FAIL: TestCreateAssignee/create_with_name_default_output (0.00s)
panic: testing: t.Parallel called multiple times [recovered, repanicked]

goroutine 128 [running]:
testing.tRunner.func1.2({0xa1b280, 0xba2840})
	/usr/lib/go/src/testing/testing.go:1872 +0x237
testing.tRunner.func1()
	/usr/lib/go/src/testing/testing.go:1875 +0x35b
panic({0xa1b280?, 0xba2840?})
	/usr/lib/go/src/runtime/panic.go:783 +0x132
testing.(*T).Parallel(0xc000185500?)
	/usr/lib/go/src/testing/testing.go:1665 +0x3e5
github.com/thenoetrevino/paso/internal/cli/assignee/integration_test.TestCreateAssignee.func1(0xc000185500)
	/home/noetrevino/projects/new-paso/tests/internal/cli/assignee/integration/assignee_integration_test.go:21 +0x46
testing.tRunner(0xc000185500, 0xc0000126c0)
	/usr/lib/go/src/testing/testing.go:1934 +0xea
created by testing.(*T).Run in goroutine 21
	/usr/lib/go/src/testing/testing.go:1997 +0x465
FAIL	github.com/thenoetrevino/paso/internal/cli/assignee/integration	0.068s
testing: warning: no tests to run
PASS
ok  	github.com/thenoetrevino/paso/internal/cli/column	0.004s [no tests to run]
=== RUN   TestCreateColumn_Integration
=== PAUSE TestCreateColumn_Integration
=== RUN   TestCreateColumn_ErrorCases
=== PAUSE TestCreateColumn_ErrorCases
=== RUN   TestCreateColumn_FlagCombinations
=== PAUSE TestCreateColumn_FlagCombinations
=== RUN   TestDeleteColumn_Integration
=== PAUSE TestDeleteColumn_Integration
=== RUN   TestDeleteColumn_Integration_Errors
=== PAUSE TestDeleteColumn_Integration_Errors
=== RUN   TestListColumns
=== PAUSE TestListColumns
=== RUN   TestListColumns_Errors
=== PAUSE TestListColumns_Errors
=== RUN   TestListColumns_EdgeCases
=== PAUSE TestListColumns_EdgeCases
=== RUN   TestListColumn_PositionalArgVsFlag
=== PAUSE TestListColumn_PositionalArgVsFlag
=== RUN   TestListColumn_PositionalArgEdgeCases
=== PAUSE TestListColumn_PositionalArgEdgeCases
=== RUN   TestUpdateColumn_Integration
=== PAUSE TestUpdateColumn_Integration
=== RUN   TestUpdateColumn_EdgeCases
=== PAUSE TestUpdateColumn_EdgeCases
=== CONT  TestCreateColumn_Integration
=== CONT  TestListColumns_Errors
=== CONT  TestUpdateColumn_EdgeCases
=== CONT  TestUpdateColumn_Integration
=== CONT  TestListColumn_PositionalArgEdgeCases
=== RUN   TestListColumn_PositionalArgEdgeCases/multiple_positional_args_not_allowed
=== PAUSE TestListColumn_PositionalArgEdgeCases/multiple_positional_args_not_allowed
=== RUN   TestListColumn_PositionalArgEdgeCases/positional_arg_with_zero_value
=== PAUSE TestListColumn_PositionalArgEdgeCases/positional_arg_with_zero_value
=== RUN   TestListColumn_PositionalArgEdgeCases/positional_arg_with_negative_value
=== PAUSE TestListColumn_PositionalArgEdgeCases/positional_arg_with_negative_value
=== CONT  TestListColumn_PositionalArgEdgeCases/multiple_positional_args_not_allowed
--- FAIL: TestListColumn_PositionalArgEdgeCases (0.00s)
    --- FAIL: TestListColumn_PositionalArgEdgeCases/multiple_positional_args_not_allowed (0.00s)
panic: testing: t.Parallel called multiple times [recovered, repanicked]

goroutine 37 [running]:
testing.tRunner.func1.2({0xa2a7c0, 0xbb8a40})
	/usr/lib/go/src/testing/testing.go:1872 +0x237
testing.tRunner.func1()
	/usr/lib/go/src/testing/testing.go:1875 +0x35b
panic({0xa2a7c0?, 0xbb8a40?})
	/usr/lib/go/src/runtime/panic.go:783 +0x132
testing.(*T).Parallel(0xc000216540?)
	/usr/lib/go/src/testing/testing.go:1665 +0x3e5
github.com/thenoetrevino/paso/internal/cli/column/integration_test.TestListColumn_PositionalArgEdgeCases.func1(0xc000216540)
	/home/noetrevino/projects/new-paso/tests/internal/cli/column/integration/list_positional_arg_test.go:233 +0x32
testing.tRunner(0xc000216540, 0xb18a18)
	/usr/lib/go/src/testing/testing.go:1934 +0xea
created by testing.(*T).Run in goroutine 30
	/usr/lib/go/src/testing/testing.go:1997 +0x465
FAIL	github.com/thenoetrevino/paso/internal/cli/column/integration	0.008s
=== RUN   TestCreateColumn_MissingFlags
=== PAUSE TestCreateColumn_MissingFlags
=== RUN   TestUpdateColumn_MissingFlags
=== PAUSE TestUpdateColumn_MissingFlags
=== RUN   TestListColumn_MissingFlags
=== PAUSE TestListColumn_MissingFlags
=== RUN   TestDeleteColumn_MissingFlags
=== PAUSE TestDeleteColumn_MissingFlags
=== RUN   TestCreateColumn_DuplicateName
=== PAUSE TestCreateColumn_DuplicateName
=== RUN   TestUpdateColumn_InvalidTransition
=== PAUSE TestUpdateColumn_InvalidTransition
=== RUN   TestCreateColumn_ProjectValidation
=== PAUSE TestCreateColumn_ProjectValidation
=== CONT  TestCreateColumn_MissingFlags
=== CONT  TestCreateColumn_DuplicateName
=== CONT  TestDeleteColumn_MissingFlags
=== CONT  TestListColumn_MissingFlags
=== CONT  TestUpdateColumn_MissingFlags
=== CONT  TestUpdateColumn_InvalidTransition
2026/02/11 20:56:50 OK   00001_initial_schema.sql (2.55ms)
2026/02/11 20:56:50 OK   00002_add_performance_indexes.sql (1.03ms)
2026/02/11 20:56:50 OK   00003_add_git_branch_to_projects.sql (570.65µs)
2026/02/11 20:56:50 OK   00005_add_task_events.sql (260.23µs)
2026/02/11 20:56:50 OK   00006_add_assignees.sql (335.89µs)
2026/02/11 20:56:50 OK   00007_add_task_assignee.sql (486.13µs)
2026/02/11 20:56:50 OK   00008_fix_assignee_name_uniqueness.sql (1.84ms)
2026/02/11 20:56:50 goose: successfully migrated database to version: 8
--- PASS: TestCreateColumn_DuplicateName (0.01s)
=== CONT  TestCreateColumn_ProjectValidation
2026/02/11 20:56:50 OK   00001_initial_schema.sql (2.01ms)
2026/02/11 20:56:50 OK   00002_add_performance_indexes.sql (861.8µs)
2026/02/11 20:56:50 OK   00003_add_git_branch_to_projects.sql (634.81µs)
2026/02/11 20:56:50 OK   00005_add_task_events.sql (264.89µs)
2026/02/11 20:56:50 OK   00006_add_assignees.sql (284.82µs)
2026/02/11 20:56:50 OK   00007_add_task_assignee.sql (482.21µs)
2026/02/11 20:56:50 OK   00008_fix_assignee_name_uniqueness.sql (1.81ms)
2026/02/11 20:56:50 goose: successfully migrated database to version: 8
2026/02/11 20:56:50 OK   00001_initial_schema.sql (1.99ms)
=== RUN   TestCreateColumn_MissingFlags/missing_--name_flag
=== PAUSE TestCreateColumn_MissingFlags/missing_--name_flag
=== RUN   TestCreateColumn_MissingFlags/missing_--project_flag
=== PAUSE TestCreateColumn_MissingFlags/missing_--project_flag
=== RUN   TestCreateColumn_MissingFlags/invalid_project_ID
=== PAUSE TestCreateColumn_MissingFlags/invalid_project_ID
=== RUN   TestCreateColumn_MissingFlags/invalid_--after_column_ID
=== PAUSE TestCreateColumn_MissingFlags/invalid_--after_column_ID
=== RUN   TestCreateColumn_MissingFlags/after_column_from_different_project
=== PAUSE TestCreateColumn_MissingFlags/after_column_from_different_project
=== CONT  TestCreateColumn_MissingFlags/missing_--name_flag
--- FAIL: TestCreateColumn_MissingFlags (0.05s)
    --- FAIL: TestCreateColumn_MissingFlags/missing_--name_flag (0.00s)
panic: testing: t.Parallel called multiple times [recovered, repanicked]

goroutine 56 [running]:
testing.tRunner.func1.2({0xa11620, 0xb9b200})
	/usr/lib/go/src/testing/testing.go:1872 +0x237
testing.tRunner.func1()
	/usr/lib/go/src/testing/testing.go:1875 +0x35b
panic({0xa11620?, 0xb9b200?})
	/usr/lib/go/src/runtime/panic.go:783 +0x132
testing.(*T).Parallel(0xc000204700?)
	/usr/lib/go/src/testing/testing.go:1665 +0x3e5
github.com/thenoetrevino/paso/internal/cli/column/negative_test.TestCreateColumn_MissingFlags.func1(0xc000204700)
	/home/noetrevino/projects/new-paso/tests/internal/cli/column/negative/column_negative_test.go:27 +0x3e
testing.tRunner(0xc000204700, 0xc000012180)
	/usr/lib/go/src/testing/testing.go:1934 +0xea
created by testing.(*T).Run in goroutine 8
	/usr/lib/go/src/testing/testing.go:1997 +0x465
FAIL	github.com/thenoetrevino/paso/internal/cli/column/negative	0.031s
=== RUN   TestCreateColumn
=== PAUSE TestCreateColumn
=== RUN   TestListColumn
=== PAUSE TestListColumn
=== RUN   TestUpdateColumn
=== PAUSE TestUpdateColumn
=== RUN   TestDeleteColumn
=== PAUSE TestDeleteColumn
=== CONT  TestCreateColumn
=== RUN   TestCreateColumn/Create_column
=== PAUSE TestCreateColumn/Create_column
=== CONT  TestDeleteColumn
=== RUN   TestDeleteColumn/Delete_column_with_--force
=== PAUSE TestDeleteColumn/Delete_column_with_--force
=== CONT  TestUpdateColumn
=== RUN   TestUpdateColumn/Update_column_name
=== PAUSE TestUpdateColumn/Update_column_name
=== RUN   TestUpdateColumn/Update_non-existent_column
=== RUN   TestCreateColumn/Create_column_with_--json
=== PAUSE TestCreateColumn/Create_column_with_--json
=== PAUSE TestUpdateColumn/Update_non-existent_column
=== RUN   TestCreateColumn/Create_column_missing_name
=== RUN   TestUpdateColumn/Update_column_with_--json
=== PAUSE TestUpdateColumn/Update_column_with_--json
=== CONT  TestUpdateColumn/Update_column_name
=== PAUSE TestCreateColumn/Create_column_missing_name
=== CONT  TestCreateColumn/Create_column
=== CONT  TestListColumn
=== RUN   TestListColumn/List_columns
=== PAUSE TestListColumn/List_columns
=== RUN   TestListColumn/List_columns_--json
=== PAUSE TestListColumn/List_columns_--json
=== RUN   TestListColumn/List_columns_--quiet
=== PAUSE TestListColumn/List_columns_--quiet
=== RUN   TestDeleteColumn/Delete_column_--json
=== PAUSE TestDeleteColumn/Delete_column_--json
=== RUN   TestDeleteColumn/Delete_non-existent_column
=== PAUSE TestDeleteColumn/Delete_non-existent_column
=== CONT  TestUpdateColumn/Update_non-existent_column
--- FAIL: TestCreateColumn (0.00s)
    --- FAIL: TestCreateColumn/Create_column (0.00s)
panic: testing: t.Parallel called multiple times [recovered, repanicked]

goroutine 12 [running]:
testing.tRunner.func1.2({0xa1ce80, 0xba9d90})
	/usr/lib/go/src/testing/testing.go:1872 +0x237
testing.tRunner.func1()
	/usr/lib/go/src/testing/testing.go:1875 +0x35b
panic({0xa1ce80?, 0xba9d90?})
	/usr/lib/go/src/runtime/panic.go:783 +0x132
testing.(*T).Parallel(0xc0000b96c0?)
	/usr/lib/go/src/testing/testing.go:1665 +0x3e5
github.com/thenoetrevino/paso/internal/cli/column/unit_test.TestCreateColumn.func6(0xc0000b96c0)
	/home/noetrevino/projects/new-paso/tests/internal/cli/column/unit/column_unit_test.go:80 +0x3c
testing.tRunner(0xc0000b96c0, 0xc0000e6800)
	/usr/lib/go/src/testing/testing.go:1934 +0xea
created by testing.(*T).Run in goroutine 8
	/usr/lib/go/src/testing/testing.go:1997 +0x465
FAIL	github.com/thenoetrevino/paso/internal/cli/column/unit	0.005s
=== RUN   TestFormatAddMessage
=== PAUSE TestFormatAddMessage
=== RUN   TestFormatConnectMessage
=== PAUSE TestFormatConnectMessage
=== RUN   TestAddCmd_FlagValidation
=== PAUSE TestAddCmd_FlagValidation
=== RUN   TestDbCmd_Subcommands
=== PAUSE TestDbCmd_Subcommands
=== RUN   TestListCmd_Empty
--- PASS: TestListCmd_Empty (0.00s)
=== RUN   TestListCmd_WithEntries
--- PASS: TestListCmd_WithEntries (0.01s)
=== RUN   TestListCmd_JSON_Empty
--- PASS: TestListCmd_JSON_Empty (0.00s)
=== RUN   TestListCmd_JSON_WithEntries
    db_commands_test.go:89: 
        	Error Trace:	/home/noetrevino/projects/new-paso/tests/internal/cli/db/db_commands_test.go:89
        	Error:      	"[map[active:false name:second type:sqlite]]" should have 2 item(s), but has 1
        	Test:       	TestListCmd_JSON_WithEntries
    db_commands_test.go:97: 
        	Error Trace:	/home/noetrevino/projects/new-paso/tests/internal/cli/db/db_commands_test.go:97
        	Error:      	[]string{"second"} does not contain "first"
        	Test:       	TestListCmd_JSON_WithEntries
--- FAIL: TestListCmd_JSON_WithEntries (0.00s)
=== RUN   TestAddCmd_Local
--- PASS: TestAddCmd_Local (0.00s)
=== RUN   TestAddCmd_RemoteBadConnection
⚠ Connection test failed: failed to connect to database postgres://invalid:***@localhost:59999/nonexistent: dial tcp [::1]:59999: connect: connection refused
--- PASS: TestAddCmd_RemoteBadConnection (0.00s)
=== RUN   TestAddCmd_MissingNameFlag
--- PASS: TestAddCmd_MissingNameFlag (0.00s)
=== RUN   TestAddCmd_MissingTypeFlag
--- PASS: TestAddCmd_MissingTypeFlag (0.00s)
=== RUN   TestAddCmd_BothTypeFlags
--- PASS: TestAddCmd_BothTypeFlags (0.00s)
=== RUN   TestConnectCmd
--- PASS: TestConnectCmd (0.00s)
=== RUN   TestConnectCmd_NonExistent
--- PASS: TestConnectCmd_NonExistent (0.00s)
=== RUN   TestRemoveCmd_Force
--- PASS: TestRemoveCmd_Force (0.00s)
=== RUN   TestRemoveCmd_Quiet
--- PASS: TestRemoveCmd_Quiet (0.00s)
=== RUN   TestRemoveCmd_NonExistent
--- PASS: TestRemoveCmd_NonExistent (0.00s)
=== RUN   TestRemoveCmd_JSON
--- PASS: TestRemoveCmd_JSON (0.00s)
=== CONT  TestFormatAddMessage
=== CONT  TestAddCmd_FlagValidation
=== RUN   TestFormatAddMessage/connected_successfully
=== RUN   TestAddCmd_FlagValidation/both_remote_and_local
=== PAUSE TestFormatAddMessage/connected_successfully
=== PAUSE TestAddCmd_FlagValidation/both_remote_and_local
=== RUN   TestFormatAddMessage/connection_failed
=== PAUSE TestFormatAddMessage/connection_failed
=== CONT  TestDbCmd_Subcommands
=== RUN   TestFormatAddMessage/db_with_special_chars_connected
=== PAUSE TestFormatAddMessage/db_with_special_chars_connected
=== CONT  TestFormatAddMessage/connected_successfully
--- PASS: TestDbCmd_Subcommands (0.00s)
=== RUN   TestAddCmd_FlagValidation/neither_remote_nor_local
--- FAIL: TestFormatAddMessage (0.00s)
    --- FAIL: TestFormatAddMessage/connected_successfully (0.00s)
=== CONT  TestFormatConnectMessage
=== RUN   TestFormatConnectMessage/switched_and_connected
=== PAUSE TestFormatConnectMessage/switched_and_connected
panic: testing: t.Parallel called multiple times [recovered, repanicked]

goroutine 97 [running]:
testing.tRunner.func1.2({0x9d0900, 0xb33fd0})
	/usr/lib/go/src/testing/testing.go:1872 +0x237
testing.tRunner.func1()
	/usr/lib/go/src/testing/testing.go:1875 +0x35b
panic({0x9d0900?, 0xb33fd0?})
	/usr/lib/go/src/runtime/panic.go:783 +0x132
testing.(*T).Parallel(0xc000259c00?)
	/usr/lib/go/src/testing/testing.go:1665 +0x3e5
github.com/thenoetrevino/paso/internal/cli/db.TestFormatAddMessage.func1(0xc000259c00)
	/home/noetrevino/projects/new-paso/tests/internal/cli/db/db_test.go:40 +0x2f
testing.tRunner(0xc000259c00, 0xc000328a40)
	/usr/lib/go/src/testing/testing.go:1934 +0xea
created by testing.(*T).Run in goroutine 21
	/usr/lib/go/src/testing/testing.go:1997 +0x465
FAIL	github.com/thenoetrevino/paso/internal/cli/db	0.030s
=== RUN   TestGolden_HelpOutput
=== RUN   TestGolden_HelpOutput/task-help
=== RUN   TestGolden_HelpOutput/project-help
=== RUN   TestGolden_HelpOutput/label-help
=== RUN   TestGolden_HelpOutput/column-help
=== RUN   TestGolden_HelpOutput/assignee-help
--- PASS: TestGolden_HelpOutput (0.00s)
    --- PASS: TestGolden_HelpOutput/task-help (0.00s)
    --- PASS: TestGolden_HelpOutput/project-help (0.00s)
    --- PASS: TestGolden_HelpOutput/label-help (0.00s)
    --- PASS: TestGolden_HelpOutput/column-help (0.00s)
    --- PASS: TestGolden_HelpOutput/assignee-help (0.00s)
PASS
ok  	github.com/thenoetrevino/paso/internal/cli/golden	0.003s
=== RUN   TestParseTaskID
=== PAUSE TestParseTaskID
=== RUN   TestParseColumnID
=== PAUSE TestParseColumnID
=== RUN   TestParseLabelID
=== PAUSE TestParseLabelID
=== RUN   TestParseString
=== PAUSE TestParseString
=== RUN   TestParseStringOptional
=== PAUSE TestParseStringOptional
=== RUN   TestParseInt
=== PAUSE TestParseInt
=== RUN   TestParseIntOptional
=== PAUSE TestParseIntOptional
=== RUN   TestParseBool
=== PAUSE TestParseBool
=== RUN   TestParseColor
=== PAUSE TestParseColor
=== RUN   TestOutputFormats
=== PAUSE TestOutputFormats
=== RUN   TestOutputFormats_MissingFlags
=== PAUSE TestOutputFormats_MissingFlags
=== RUN   TestNewFlagParser
=== PAUSE TestNewFlagParser
=== RUN   TestParseString_NonExistentFlag
=== PAUSE TestParseString_NonExistentFlag
=== RUN   TestParseInt_NonExistentFlag
=== PAUSE TestParseInt_NonExistentFlag
=== RUN   TestParseBool_NonExistentFlag
=== PAUSE TestParseBool_NonExistentFlag
=== RUN   TestParseFlagsToMap
=== PAUSE TestParseFlagsToMap
=== RUN   TestArguments_GetString
=== PAUSE TestArguments_GetString
=== RUN   TestArguments_GetInt
=== PAUSE TestArguments_GetInt
=== RUN   TestArguments_GetBool
=== PAUSE TestArguments_GetBool
=== RUN   TestArguments_GetStringSlice
=== PAUSE TestArguments_GetStringSlice
=== RUN   TestArguments_GetIntSlice
=== PAUSE TestArguments_GetIntSlice
=== RUN   TestArguments_GetCmd
=== PAUSE TestArguments_GetCmd
=== RUN   TestCommand_WithMockHandler
=== PAUSE TestCommand_WithMockHandler
=== RUN   TestSimpleCommand
=== PAUSE TestSimpleCommand
=== CONT  TestParseTaskID
=== RUN   TestParseTaskID/valid_task_ID
=== PAUSE TestParseTaskID/valid_task_ID
=== RUN   TestParseTaskID/valid_task_ID_=_1
=== PAUSE TestParseTaskID/valid_task_ID_=_1
=== RUN   TestParseTaskID/zero_task_ID
=== PAUSE TestParseTaskID/zero_task_ID
=== RUN   TestParseTaskID/negative_task_ID
=== PAUSE TestParseTaskID/negative_task_ID
=== RUN   TestParseTaskID/large_task_ID
=== PAUSE TestParseTaskID/large_task_ID
=== CONT  TestParseTaskID/valid_task_ID
--- FAIL: TestParseTaskID (0.00s)
    --- FAIL: TestParseTaskID/valid_task_ID (0.00s)
panic: testing: t.Parallel called multiple times [recovered, repanicked]

goroutine 39 [running]:
testing.tRunner.func1.2({0x8a9560, 0x9c1600})
	/usr/lib/go/src/testing/testing.go:1872 +0x237
testing.tRunner.func1()
	/usr/lib/go/src/testing/testing.go:1875 +0x35b
panic({0x8a9560?, 0x9c1600?})
	/usr/lib/go/src/runtime/panic.go:783 +0x132
testing.(*T).Parallel(0xc000183500?)
	/usr/lib/go/src/testing/testing.go:1665 +0x3e5
github.com/thenoetrevino/paso/internal/cli/handler.TestParseTaskID.func1(0xc000183500)
	/home/noetrevino/projects/new-paso/tests/internal/cli/handler/flag_parser_test.go:72 +0x3c
testing.tRunner(0xc000183500, 0xc0001b2000)
	/usr/lib/go/src/testing/testing.go:1934 +0xea
created by testing.(*T).Run in goroutine 8
	/usr/lib/go/src/testing/testing.go:1997 +0x465
FAIL	github.com/thenoetrevino/paso/internal/cli/handler	0.012s
testing: warning: no tests to run
PASS
ok  	github.com/thenoetrevino/paso/internal/cli/label	0.005s [no tests to run]
=== RUN   TestAttachLabel_Integration
=== PAUSE TestAttachLabel_Integration
=== RUN   TestAttachLabel_Integration_Errors
=== PAUSE TestAttachLabel_Integration_Errors
=== RUN   TestCreateLabel_Integration
=== PAUSE TestCreateLabel_Integration
=== RUN   TestCreateLabel_ErrorCases
=== PAUSE TestCreateLabel_ErrorCases
=== RUN   TestDeleteLabel
=== PAUSE TestDeleteLabel
=== RUN   TestDeleteLabel_Errors
=== PAUSE TestDeleteLabel_Errors
=== RUN   TestDetachLabel_Integration
=== PAUSE TestDetachLabel_Integration
=== RUN   TestListLabels
=== PAUSE TestListLabels
=== RUN   TestListLabels_Errors
=== PAUSE TestListLabels_Errors
=== RUN   TestListLabel_PositionalArgVsFlag
=== PAUSE TestListLabel_PositionalArgVsFlag
=== RUN   TestListLabel_PositionalArgEdgeCases
=== PAUSE TestListLabel_PositionalArgEdgeCases
=== RUN   TestUpdateLabel
=== PAUSE TestUpdateLabel
=== RUN   TestUpdateLabel_ErrorCases
=== PAUSE TestUpdateLabel_ErrorCases
=== CONT  TestAttachLabel_Integration
=== CONT  TestUpdateLabel_ErrorCases
=== CONT  TestUpdateLabel
=== CONT  TestListLabel_PositionalArgEdgeCases
=== RUN   TestListLabel_PositionalArgEdgeCases/multiple_positional_args_not_allowed
=== CONT  TestListLabel_PositionalArgVsFlag
=== RUN   TestListLabel_PositionalArgVsFlag/positional_arg_and_flag_produce_same_JSON_output
=== PAUSE TestListLabel_PositionalArgVsFlag/positional_arg_and_flag_produce_same_JSON_output
=== RUN   TestListLabel_PositionalArgVsFlag/positional_arg_and_flag_produce_same_quiet_output
=== PAUSE TestListLabel_PositionalArgVsFlag/positional_arg_and_flag_produce_same_quiet_output
=== RUN   TestListLabel_PositionalArgVsFlag/positional_arg_and_flag_produce_same_human-readable_output
=== PAUSE TestListLabel_PositionalArgVsFlag/positional_arg_and_flag_produce_same_human-readable_output
=== CONT  TestListLabels_Errors
=== PAUSE TestListLabel_PositionalArgEdgeCases/multiple_positional_args_not_allowed
=== RUN   TestListLabel_PositionalArgEdgeCases/positional_arg_with_zero_value
=== PAUSE TestListLabel_PositionalArgEdgeCases/positional_arg_with_zero_value
=== RUN   TestListLabel_PositionalArgEdgeCases/positional_arg_with_negative_value
=== PAUSE TestListLabel_PositionalArgEdgeCases/positional_arg_with_negative_value
=== RUN   TestListLabel_PositionalArgVsFlag/positional_arg_takes_precedence_over_flag
=== PAUSE TestListLabel_PositionalArgVsFlag/positional_arg_takes_precedence_over_flag
=== RUN   TestListLabel_PositionalArgVsFlag/invalid_positional_arg_shows_clear_error
=== PAUSE TestListLabel_PositionalArgVsFlag/invalid_positional_arg_shows_clear_error
=== RUN   TestListLabel_PositionalArgVsFlag/positional_arg_works_for_valid_project
=== CONT  TestListLabels
=== PAUSE TestListLabel_PositionalArgVsFlag/positional_arg_works_for_valid_project
=== RUN   TestListLabel_PositionalArgVsFlag/empty_args_falls_back_to_flag_or_git_detection
=== PAUSE TestListLabel_PositionalArgVsFlag/empty_args_falls_back_to_flag_or_git_detection
=== CONT  TestDetachLabel_Integration
2026/02/11 20:56:50 OK   00001_initial_schema.sql (11.58ms)
2026/02/11 20:56:50 OK   00002_add_performance_indexes.sql (2.74ms)
2026/02/11 20:56:50 OK   00003_add_git_branch_to_projects.sql (667.37µs)
2026/02/11 20:56:50 OK   00005_add_task_events.sql (299.29µs)
2026/02/11 20:56:50 OK   00006_add_assignees.sql (303.66µs)
2026/02/11 20:56:50 OK   00007_add_task_assignee.sql (488.29µs)
2026/02/11 20:56:50 OK   00008_fix_assignee_name_uniqueness.sql (1.79ms)
2026/02/11 20:56:50 goose: successfully migrated database to version: 8
=== RUN   TestAttachLabel_Integration/attach_label_to_task
=== PAUSE TestAttachLabel_Integration/attach_label_to_task
=== RUN   TestAttachLabel_Integration/attach_label_JSON_output
=== PAUSE TestAttachLabel_Integration/attach_label_JSON_output
=== RUN   TestAttachLabel_Integration/attach_label_quiet_mode
=== PAUSE TestAttachLabel_Integration/attach_label_quiet_mode
=== CONT  TestDeleteLabel_Errors
2026/02/11 20:56:50 OK   00001_initial_schema.sql (3.39ms)
2026/02/11 20:56:50 OK   00002_add_performance_indexes.sql (1.1ms)
2026/02/11 20:56:50 OK   00003_add_git_branch_to_projects.sql (552.01µs)
2026/02/11 20:56:50 OK   00005_add_task_events.sql (238.32µs)
2026/02/11 20:56:50 OK   00006_add_assignees.sql (282.49µs)
2026/02/11 20:56:50 OK   00007_add_task_assignee.sql (459.16µs)
2026/02/11 20:56:50 OK   00008_fix_assignee_name_uniqueness.sql (1.95ms)
2026/02/11 20:56:50 goose: successfully migrated database to version: 8
=== RUN   TestUpdateLabel_ErrorCases/invalid_color_format
=== PAUSE TestUpdateLabel_ErrorCases/invalid_color_format
=== RUN   TestUpdateLabel_ErrorCases/invalid_label_ID_format
=== PAUSE TestUpdateLabel_ErrorCases/invalid_label_ID_format
=== CONT  TestDeleteLabel
2026/02/11 20:56:50 OK   00001_initial_schema.sql (2.05ms)
2026/02/11 20:56:50 OK   00002_add_performance_indexes.sql (881.05µs)
2026/02/11 20:56:50 OK   00003_add_git_branch_to_projects.sql (498.82µs)
2026/02/11 20:56:50 OK   00005_add_task_events.sql (257.6µs)
2026/02/11 20:56:50 OK   00006_add_assignees.sql (3.01ms)
2026/02/11 20:56:50 OK   00007_add_task_assignee.sql (479.08µs)
2026/02/11 20:56:50 OK   00008_fix_assignee_name_uniqueness.sql (2.51ms)
2026/02/11 20:56:50 goose: successfully migrated database to version: 8
2026/02/11 20:56:50 OK   00001_initial_schema.sql (2.05ms)
=== RUN   TestUpdateLabel/update_label_name_only
=== PAUSE TestUpdateLabel/update_label_name_only
=== RUN   TestUpdateLabel/update_label_color_only
=== PAUSE TestUpdateLabel/update_label_color_only
=== RUN   TestUpdateLabel/update_both_name_and_color
=== PAUSE TestUpdateLabel/update_both_name_and_color
=== RUN   TestUpdateLabel/update_label_JSON_output
=== PAUSE TestUpdateLabel/update_label_JSON_output
=== RUN   TestUpdateLabel/update_label_human-readable_output
=== PAUSE TestUpdateLabel/update_label_human-readable_output
=== CONT  TestCreateLabel_ErrorCases
2026/02/11 20:56:50 OK   00002_add_performance_indexes.sql (887.34µs)
2026/02/11 20:56:50 OK   00003_add_git_branch_to_projects.sql (550.14µs)
2026/02/11 20:56:50 OK   00005_add_task_events.sql (253.35µs)
2026/02/11 20:56:50 OK   00006_add_assignees.sql (278.61µs)
2026/02/11 20:56:50 OK   00007_add_task_assignee.sql (508.8µs)
2026/02/11 20:56:50 OK   00008_fix_assignee_name_uniqueness.sql (1.77ms)
2026/02/11 20:56:50 goose: successfully migrated database to version: 8
=== RUN   TestListLabels_Errors/missing_project_flag_calls_os.Exit
=== PAUSE TestListLabels_Errors/missing_project_flag_calls_os.Exit
=== RUN   TestListLabels_Errors/invalid_project_flag_value
=== PAUSE TestListLabels_Errors/invalid_project_flag_value
=== CONT  TestCreateLabel_Integration
2026/02/11 20:56:50 OK   00001_initial_schema.sql (1.92ms)
2026/02/11 20:56:50 OK   00002_add_performance_indexes.sql (924.93µs)
2026/02/11 20:56:50 OK   00003_add_git_branch_to_projects.sql (499.28µs)
2026/02/11 20:56:50 OK   00005_add_task_events.sql (223.82µs)
2026/02/11 20:56:50 OK   00006_add_assignees.sql (257.16µs)
2026/02/11 20:56:50 OK   00007_add_task_assignee.sql (462.96µs)
2026/02/11 20:56:50 OK   00008_fix_assignee_name_uniqueness.sql (1.76ms)
2026/02/11 20:56:50 goose: successfully migrated database to version: 8
2026/02/11 20:56:50 OK   00001_initial_schema.sql (2.02ms)
=== RUN   TestListLabels/list_labels_human-readable
=== PAUSE TestListLabels/list_labels_human-readable
=== RUN   TestListLabels/list_labels_JSON_output
2026/02/11 20:56:51 OK   00002_add_performance_indexes.sql (2.45ms)
2026/02/11 20:56:51 OK   00003_add_git_branch_to_projects.sql (594.7µs)
2026/02/11 20:56:51 OK   00005_add_task_events.sql (222.55µs)
2026/02/11 20:56:51 OK   00006_add_assignees.sql (263.31µs)
2026/02/11 20:56:51 OK   00007_add_task_assignee.sql (446.01µs)
=== PAUSE TestListLabels/list_labels_JSON_output
=== RUN   TestListLabels/list_labels_quiet_mode
=== PAUSE TestListLabels/list_labels_quiet_mode
=== RUN   TestListLabels/list_labels_empty_project
=== PAUSE TestListLabels/list_labels_empty_project
=== RUN   TestListLabels/list_labels_empty_project_JSON
=== PAUSE TestListLabels/list_labels_empty_project_JSON
=== RUN   TestListLabels/list_labels_project_isolation
=== PAUSE TestListLabels/list_labels_project_isolation
=== CONT  TestAttachLabel_Integration_Errors
2026/02/11 20:56:51 OK   00008_fix_assignee_name_uniqueness.sql (5.74ms)
2026/02/11 20:56:51 goose: successfully migrated database to version: 8
=== RUN   TestDetachLabel_Integration/detach_label_from_task
=== PAUSE TestDetachLabel_Integration/detach_label_from_task
=== RUN   TestDetachLabel_Integration/detach_label_JSON_output
=== PAUSE TestDetachLabel_Integration/detach_label_JSON_output
=== RUN   TestDetachLabel_Integration/detach_label_quiet_mode
=== PAUSE TestDetachLabel_Integration/detach_label_quiet_mode
=== RUN   TestDetachLabel_Integration/detach_non-existent_association_is_not_an_error
=== PAUSE TestDetachLabel_Integration/detach_non-existent_association_is_not_an_error
=== CONT  TestListLabel_PositionalArgEdgeCases/multiple_positional_args_not_allowed
--- FAIL: TestListLabel_PositionalArgEdgeCases (0.08s)
    --- FAIL: TestListLabel_PositionalArgEdgeCases/multiple_positional_args_not_allowed (0.00s)
panic: testing: t.Parallel called multiple times [recovered, repanicked]

goroutine 32 [running]:
testing.tRunner.func1.2({0xa288c0, 0xbb6000})
	/usr/lib/go/src/testing/testing.go:1872 +0x237
testing.tRunner.func1()
	/usr/lib/go/src/testing/testing.go:1875 +0x35b
panic({0xa288c0?, 0xbb6000?})
	/usr/lib/go/src/runtime/panic.go:783 +0x132
testing.(*T).Parallel(0xc0001e08c0?)
	/usr/lib/go/src/testing/testing.go:1665 +0x3e5
github.com/thenoetrevino/paso/internal/cli/label/integration_test.TestListLabel_PositionalArgEdgeCases.func1(0xc0001e08c0)
	/home/noetrevino/projects/new-paso/tests/internal/cli/label/integration/list_positional_arg_test.go:237 +0x32
testing.tRunner(0xc0001e08c0, 0xb16038)
	/usr/lib/go/src/testing/testing.go:1934 +0xea
created by testing.(*T).Run in goroutine 19
	/usr/lib/go/src/testing/testing.go:1997 +0x465
FAIL	github.com/thenoetrevino/paso/internal/cli/label/integration	0.089s
=== RUN   TestCreateLabel_Errors
=== PAUSE TestCreateLabel_Errors
=== CONT  TestCreateLabel_Errors
2026/02/11 20:56:51 OK   00001_initial_schema.sql (2.31ms)
2026/02/11 20:56:51 OK   00002_add_performance_indexes.sql (964.14µs)
2026/02/11 20:56:51 OK   00003_add_git_branch_to_projects.sql (1.07ms)
2026/02/11 20:56:51 OK   00005_add_task_events.sql (286.58µs)
2026/02/11 20:56:51 OK   00006_add_assignees.sql (289.05µs)
2026/02/11 20:56:51 OK   00007_add_task_assignee.sql (3.64ms)
2026/02/11 20:56:51 OK   00008_fix_assignee_name_uniqueness.sql (1.99ms)
2026/02/11 20:56:51 goose: successfully migrated database to version: 8
=== RUN   TestCreateLabel_Errors/create_duplicate_label
=== PAUSE TestCreateLabel_Errors/create_duplicate_label
=== RUN   TestCreateLabel_Errors/create_label_with_invalid_color
=== PAUSE TestCreateLabel_Errors/create_label_with_invalid_color
=== CONT  TestCreateLabel_Errors/create_duplicate_label
--- FAIL: TestCreateLabel_Errors (0.03s)
    --- FAIL: TestCreateLabel_Errors/create_duplicate_label (0.00s)
panic: testing: t.Parallel called multiple times [recovered, repanicked]

goroutine 50 [running]:
testing.tRunner.func1.2({0x9e8700, 0xb650a0})
	/usr/lib/go/src/testing/testing.go:1872 +0x237
testing.tRunner.func1()
	/usr/lib/go/src/testing/testing.go:1875 +0x35b
panic({0x9e8700?, 0xb650a0?})
	/usr/lib/go/src/runtime/panic.go:783 +0x132
testing.(*T).Parallel(0xc0000b81c0?)
	/usr/lib/go/src/testing/testing.go:1665 +0x3e5
github.com/thenoetrevino/paso/internal/cli/label/negative_test.TestCreateLabel_Errors.func1(0xc0000b81c0)
	/home/noetrevino/projects/new-paso/tests/internal/cli/label/negative/create_negative_test.go:23 +0x46
testing.tRunner(0xc0000b81c0, 0xc00021c0c0)
	/usr/lib/go/src/testing/testing.go:1934 +0xea
created by testing.(*T).Run in goroutine 8
	/usr/lib/go/src/testing/testing.go:1997 +0x465
FAIL	github.com/thenoetrevino/paso/internal/cli/label/negative	0.022s
=== RUN   TestCreateLabel
=== PAUSE TestCreateLabel
=== RUN   TestCreateLabel_JSON
=== PAUSE TestCreateLabel_JSON
=== RUN   TestCreateLabel_MissingName
=== PAUSE TestCreateLabel_MissingName
=== RUN   TestListLabel
=== PAUSE TestListLabel
=== RUN   TestListLabel_JSON
=== PAUSE TestListLabel_JSON
=== RUN   TestUpdateLabel_Name
=== PAUSE TestUpdateLabel_Name
=== RUN   TestDeleteLabel_Force
=== PAUSE TestDeleteLabel_Force
=== RUN   TestAttachLabel
=== PAUSE TestAttachLabel
=== RUN   TestDetachLabel
=== PAUSE TestDetachLabel
=== RUN   TestLabelNotFound
=== PAUSE TestLabelNotFound
=== CONT  TestCreateLabel
=== CONT  TestUpdateLabel_Name
=== CONT  TestLabelNotFound
=== CONT  TestDetachLabel
=== CONT  TestAttachLabel
=== CONT  TestDeleteLabel_Force
2026/02/11 20:56:51 WARN config file has permissive permissions path=/home/noetrevino/.config/paso/config.yaml current=644 recommended=0600 fix="chmod 600 /home/noetrevino/.config/paso/config.yaml"
--- PASS: TestCreateLabel (0.00s)
=== CONT  TestCreateLabel_MissingName
2026/02/11 20:56:51 WARN config file has permissive permissions path=/home/noetrevino/.config/paso/config.yaml current=644 recommended=0600 fix="chmod 600 /home/noetrevino/.config/paso/config.yaml"
--- PASS: TestUpdateLabel_Name (0.00s)
=== CONT  TestListLabel_JSON
--- PASS: TestListLabel_JSON (0.00s)
=== CONT  TestListLabel
2026/02/11 20:56:51 WARN config file has permissive permissions path=/home/noetrevino/.config/paso/config.yaml current=644 recommended=0600 fix="chmod 600 /home/noetrevino/.config/paso/config.yaml"
--- PASS: TestLabelNotFound (0.00s)
=== CONT  TestCreateLabel_JSON
2026/02/11 20:56:51 WARN config file has permissive permissions path=/home/noetrevino/.config/paso/config.yaml current=644 recommended=0600 fix="chmod 600 /home/noetrevino/.config/paso/config.yaml"
--- PASS: TestDetachLabel (0.00s)
2026/02/11 20:56:51 WARN config file has permissive permissions path=/home/noetrevino/.config/paso/config.yaml current=644 recommended=0600 fix="chmod 600 /home/noetrevino/.config/paso/config.yaml"
--- PASS: TestAttachLabel (0.00s)
2026/02/11 20:56:51 WARN config file has permissive permissions path=/home/noetrevino/.config/paso/config.yaml current=644 recommended=0600 fix="chmod 600 /home/noetrevino/.config/paso/config.yaml"
--- PASS: TestDeleteLabel_Force (0.00s)
--- PASS: TestCreateLabel_MissingName (0.00s)
2026/02/11 20:56:51 WARN config file has permissive permissions path=/home/noetrevino/.config/paso/config.yaml current=644 recommended=0600 fix="chmod 600 /home/noetrevino/.config/paso/config.yaml"
--- PASS: TestListLabel (0.00s)
--- PASS: TestCreateLabel_JSON (0.00s)
PASS
ok  	github.com/thenoetrevino/paso/internal/cli/label/unit	0.009s
=== RUN   TestMarkBlockingChains
=== PAUSE TestMarkBlockingChains
=== RUN   TestMarkBlockingChainsEmptyTree
=== PAUSE TestMarkBlockingChainsEmptyTree
=== RUN   TestMarkBlockingChainsSelfBlocking
=== PAUSE TestMarkBlockingChainsSelfBlocking
=== CONT  TestMarkBlockingChains
=== RUN   TestMarkBlockingChains/simple_blocker_-_marks_parent_as_in_blocking_path
=== PAUSE TestMarkBlockingChains/simple_blocker_-_marks_parent_as_in_blocking_path
=== RUN   TestMarkBlockingChains/no_blockers_-_nothing_marked
=== PAUSE TestMarkBlockingChains/no_blockers_-_nothing_marked
=== RUN   TestMarkBlockingChains/deep_blocker_-_marks_entire_chain
=== PAUSE TestMarkBlockingChains/deep_blocker_-_marks_entire_chain
=== RUN   TestMarkBlockingChains/multiple_children_with_one_blocker
=== PAUSE TestMarkBlockingChains/multiple_children_with_one_blocker
=== RUN   TestMarkBlockingChains/mixed_chain_-_blocker_in_one_branch_only
=== PAUSE TestMarkBlockingChains/mixed_chain_-_blocker_in_one_branch_only
=== CONT  TestMarkBlockingChains/simple_blocker_-_marks_parent_as_in_blocking_path
--- FAIL: TestMarkBlockingChains (0.00s)
    --- FAIL: TestMarkBlockingChains/simple_blocker_-_marks_parent_as_in_blocking_path (0.00s)
panic: testing: t.Parallel called multiple times [recovered, repanicked]

goroutine 11 [running]:
testing.tRunner.func1.2({0x831f00, 0x926080})
	/usr/lib/go/src/testing/testing.go:1872 +0x237
testing.tRunner.func1()
	/usr/lib/go/src/testing/testing.go:1875 +0x35b
panic({0x831f00?, 0x926080?})
	/usr/lib/go/src/runtime/panic.go:783 +0x132
testing.(*T).Parallel(0xc0000a3340?)
	/usr/lib/go/src/testing/testing.go:1665 +0x3e5
github.com/thenoetrevino/paso/internal/cli/project.TestMarkBlockingChains.func1(0xc0000a3340)
	/home/noetrevino/projects/new-paso/tests/internal/cli/project/tree_test.go:178 +0x52
testing.tRunner(0xc0000a3340, 0xc000194600)
	/usr/lib/go/src/testing/testing.go:1934 +0xea
created by testing.(*T).Run in goroutine 8
	/usr/lib/go/src/testing/testing.go:1997 +0x465
FAIL	github.com/thenoetrevino/paso/internal/cli/project	0.007s
=== RUN   TestCreateProject_Integration
=== PAUSE TestCreateProject_Integration
=== RUN   TestCreateProject_InGitRepo
=== PAUSE TestCreateProject_InGitRepo
=== RUN   TestCreateProject_OutsideGitRepo
=== PAUSE TestCreateProject_OutsideGitRepo
=== RUN   TestCreateProject_BranchAlreadyAssociated
=== PAUSE TestCreateProject_BranchAlreadyAssociated
=== RUN   TestCreateProject_MultipleProjectsNoBranch
=== PAUSE TestCreateProject_MultipleProjectsNoBranch
=== RUN   TestCreateProject_DifferentBranches
=== PAUSE TestCreateProject_DifferentBranches
=== RUN   TestCreateProject_Integration_Errors
=== PAUSE TestCreateProject_Integration_Errors
=== RUN   TestCreateProject_GitBranchWithSlashes
=== PAUSE TestCreateProject_GitBranchWithSlashes
=== RUN   TestDeleteProject_Integration
=== PAUSE TestDeleteProject_Integration
=== RUN   TestDeleteProject_Integration_Errors
=== PAUSE TestDeleteProject_Integration_Errors
=== RUN   TestGitLink_PositionalArguments
=== PAUSE TestGitLink_PositionalArguments
=== RUN   TestGitLink_FlagArguments
=== PAUSE TestGitLink_FlagArguments
=== RUN   TestGitLink_ErrorCases
=== PAUSE TestGitLink_ErrorCases
=== RUN   TestGitLink_ForceFlag
=== PAUSE TestGitLink_ForceFlag
=== RUN   TestGitLink_JSONOutput
=== PAUSE TestGitLink_JSONOutput
=== RUN   TestGitUnlink_PositionalArgument
=== PAUSE TestGitUnlink_PositionalArgument
=== RUN   TestGitUnlink_FlagArgument
=== PAUSE TestGitUnlink_FlagArgument
=== RUN   TestGitUnlink_ErrorCases
=== PAUSE TestGitUnlink_ErrorCases
=== RUN   TestGitUnlink_AlreadyUnlinked
=== PAUSE TestGitUnlink_AlreadyUnlinked
=== RUN   TestGitUnlink_JSONOutput
=== PAUSE TestGitUnlink_JSONOutput
=== RUN   TestGitLink
=== PAUSE TestGitLink
=== RUN   TestGitLink_Errors
=== PAUSE TestGitLink_Errors
=== RUN   TestGitUnlink
=== PAUSE TestGitUnlink
=== RUN   TestGitUnlink_Errors
=== PAUSE TestGitUnlink_Errors
=== RUN   TestListProjects
=== PAUSE TestListProjects
=== RUN   TestListProjects_WithData
=== PAUSE TestListProjects_WithData
=== RUN   TestTreeProject
=== PAUSE TestTreeProject
=== RUN   TestTreeProject_Errors
=== PAUSE TestTreeProject_Errors
=== CONT  TestCreateProject_Integration
=== CONT  TestGitUnlink_FlagArgument
=== CONT  TestTreeProject_Errors
=== CONT  TestTreeProject
=== CONT  TestListProjects_WithData
=== CONT  TestListProjects
2026/02/11 20:56:51 OK   00001_initial_schema.sql (7.8ms)
2026/02/11 20:56:51 OK   00002_add_performance_indexes.sql (897.82µs)
2026/02/11 20:56:51 OK   00003_add_git_branch_to_projects.sql (564.95µs)
2026/02/11 20:56:51 OK   00005_add_task_events.sql (262.57µs)
2026/02/11 20:56:51 OK   00006_add_assignees.sql (287.06µs)
2026/02/11 20:56:51 OK   00007_add_task_assignee.sql (3.35ms)
2026/02/11 20:56:51 OK   00008_fix_assignee_name_uniqueness.sql (2.63ms)
2026/02/11 20:56:51 goose: successfully migrated database to version: 8
=== RUN   TestCreateProject_Integration/create_project_with_title_only
=== PAUSE TestCreateProject_Integration/create_project_with_title_only
=== RUN   TestCreateProject_Integration/create_project_with_description
2026/02/11 20:56:51 OK   00001_initial_schema.sql (1.94ms)
=== PAUSE TestCreateProject_Integration/create_project_with_description
=== RUN   TestCreateProject_Integration/create_project_creates_default_columns
=== PAUSE TestCreateProject_Integration/create_project_creates_default_columns
=== CONT  TestGitUnlink_Errors
2026/02/11 20:56:51 OK   00002_add_performance_indexes.sql (1.05ms)
2026/02/11 20:56:51 OK   00003_add_git_branch_to_projects.sql (521.84µs)
2026/02/11 20:56:51 OK   00005_add_task_events.sql (238.25µs)
2026/02/11 20:56:51 OK   00006_add_assignees.sql (370.18µs)
2026/02/11 20:56:51 OK   00007_add_task_assignee.sql (479.98µs)
2026/02/11 20:56:51 OK   00008_fix_assignee_name_uniqueness.sql (2.23ms)
2026/02/11 20:56:51 goose: successfully migrated database to version: 8
=== RUN   TestGitUnlink_FlagArgument/unlink_project_with_--id_flag
=== PAUSE TestGitUnlink_FlagArgument/unlink_project_with_--id_flag
=== CONT  TestGitUnlink
2026/02/11 20:56:51 OK   00001_initial_schema.sql (2.23ms)
2026/02/11 20:56:51 OK   00002_add_performance_indexes.sql (1.03ms)
2026/02/11 20:56:51 OK   00003_add_git_branch_to_projects.sql (543.54µs)
2026/02/11 20:56:51 OK   00005_add_task_events.sql (260.63µs)
2026/02/11 20:56:51 OK   00006_add_assignees.sql (257.21µs)
2026/02/11 20:56:51 OK   00007_add_task_assignee.sql (512.73µs)
2026/02/11 20:56:51 OK   00008_fix_assignee_name_uniqueness.sql (1.86ms)
2026/02/11 20:56:51 goose: successfully migrated database to version: 8
2026/02/11 20:56:51 OK   00001_initial_schema.sql (2.53ms)
2026/02/11 20:56:51 OK   00002_add_performance_indexes.sql (843.69µs)
2026/02/11 20:56:51 OK   00003_add_git_branch_to_projects.sql (488.72µs)
2026/02/11 20:56:51 OK   00005_add_task_events.sql (220.53µs)
=== RUN   TestListProjects_WithData/list_projects_JSON_with_data
=== PAUSE TestListProjects_WithData/list_projects_JSON_with_data
=== RUN   TestListProjects_WithData/list_projects_quiet_with_data
=== PAUSE TestListProjects_WithData/list_projects_quiet_with_data
=== RUN   TestListProjects_WithData/list_projects_human-readable_with_data
=== PAUSE TestListProjects_WithData/list_projects_human-readable_with_data
=== CONT  TestGitLink_Errors
2026/02/11 20:56:51 OK   00006_add_assignees.sql (869.78µs)
2026/02/11 20:56:51 OK   00007_add_task_assignee.sql (647.5µs)
2026/02/11 20:56:51 OK   00008_fix_assignee_name_uniqueness.sql (1.94ms)
2026/02/11 20:56:51 goose: successfully migrated database to version: 8
=== RUN   TestTreeProject/tree_with_empty_project_JSON
=== PAUSE TestTreeProject/tree_with_empty_project_JSON
=== RUN   TestTreeProject/tree_with_empty_project_human-readable
=== PAUSE TestTreeProject/tree_with_empty_project_human-readable
=== RUN   TestTreeProject/tree_with_empty_project_quiet_mode
=== PAUSE TestTreeProject/tree_with_empty_project_quiet_mode
=== RUN   TestTreeProject/tree_with_tasks_JSON
=== PAUSE TestTreeProject/tree_with_tasks_JSON
=== RUN   TestTreeProject/tree_with_positional_argument
=== PAUSE TestTreeProject/tree_with_positional_argument
=== CONT  TestGitLink
2026/02/11 20:56:51 OK   00001_initial_schema.sql (2.3ms)
2026/02/11 20:56:51 OK   00002_add_performance_indexes.sql (939.03µs)
2026/02/11 20:56:51 OK   00003_add_git_branch_to_projects.sql (484.61µs)
2026/02/11 20:56:51 OK   00005_add_task_events.sql (207.68µs)
2026/02/11 20:56:51 OK   00006_add_assignees.sql (230.61µs)
2026/02/11 20:56:51 OK   00007_add_task_assignee.sql (443.16µs)
2026/02/11 20:56:51 OK   00008_fix_assignee_name_uniqueness.sql (1.92ms)
2026/02/11 20:56:51 goose: successfully migrated database to version: 8
=== RUN   TestTreeProject_Errors/invalid_positional_argument
=== PAUSE TestTreeProject_Errors/invalid_positional_argument
=== RUN   TestTreeProject_Errors/too_many_positional_arguments
=== PAUSE TestTreeProject_Errors/too_many_positional_arguments
=== CONT  TestGitUnlink_JSONOutput
2026/02/11 20:56:51 OK   00001_initial_schema.sql (1.98ms)
2026/02/11 20:56:51 OK   00002_add_performance_indexes.sql (854.58µs)
2026/02/11 20:56:51 OK   00003_add_git_branch_to_projects.sql (525.23µs)
2026/02/11 20:56:51 OK   00005_add_task_events.sql (224.97µs)
2026/02/11 20:56:51 OK   00006_add_assignees.sql (236.04µs)
2026/02/11 20:56:51 OK   00007_add_task_assignee.sql (458.95µs)
2026/02/11 20:56:51 OK   00008_fix_assignee_name_uniqueness.sql (1.82ms)
2026/02/11 20:56:51 goose: successfully migrated database to version: 8
=== RUN   TestListProjects/list_projects_when_none_exist
=== PAUSE TestListProjects/list_projects_when_none_exist
=== RUN   TestListProjects/list_projects_JSON_when_none_exist
=== PAUSE TestListProjects/list_projects_JSON_when_none_exist
=== RUN   TestListProjects/list_projects_quiet_when_none_exist
=== PAUSE TestListProjects/list_projects_quiet_when_none_exist
=== CONT  TestGitUnlink_AlreadyUnlinked
2026/02/11 20:56:51 OK   00001_initial_schema.sql (1.93ms)
2026/02/11 20:56:51 OK   00002_add_performance_indexes.sql (804.42µs)
2026/02/11 20:56:51 OK   00003_add_git_branch_to_projects.sql (513.44µs)
2026/02/11 20:56:51 OK   00005_add_task_events.sql (259.28µs)
2026/02/11 20:56:51 OK   00006_add_assignees.sql (241.76µs)
2026/02/11 20:56:51 OK   00007_add_task_assignee.sql (489.05µs)
2026/02/11 20:56:51 OK   00008_fix_assignee_name_uniqueness.sql (1.78ms)
2026/02/11 20:56:51 goose: successfully migrated database to version: 8
=== RUN   TestGitUnlink_Errors/non-existent_project_ID
=== PAUSE TestGitUnlink_Errors/non-existent_project_ID
=== CONT  TestGitUnlink_ErrorCases
2026/02/11 20:56:51 OK   00001_initial_schema.sql (2.1ms)
2026/02/11 20:56:51 OK   00002_add_performance_indexes.sql (868.28µs)
2026/02/11 20:56:51 OK   00003_add_git_branch_to_projects.sql (527.86µs)
2026/02/11 20:56:51 OK   00005_add_task_events.sql (220.19µs)
2026/02/11 20:56:51 OK   00006_add_assignees.sql (246.19µs)
2026/02/11 20:56:51 OK   00007_add_task_assignee.sql (481.51µs)
2026/02/11 20:56:51 OK   00008_fix_assignee_name_uniqueness.sql (2.31ms)
2026/02/11 20:56:51 goose: successfully migrated database to version: 8
=== RUN   TestGitUnlink/unlink_project_with_pre-linked_branch
=== PAUSE TestGitUnlink/unlink_project_with_pre-linked_branch
=== RUN   TestGitUnlink/unlink_project_with_no_branch_linked
=== PAUSE TestGitUnlink/unlink_project_with_no_branch_linked
=== RUN   TestGitUnlink/unlink_project_with_no_branch_linked_JSON
=== PAUSE TestGitUnlink/unlink_project_with_no_branch_linked_JSON
=== CONT  TestDeleteProject_Integration
2026/02/11 20:56:51 OK   00001_initial_schema.sql (1.98ms)
2026/02/11 20:56:51 OK   00002_add_performance_indexes.sql (862.65µs)
2026/02/11 20:56:51 OK   00003_add_git_branch_to_projects.sql (468.33µs)
2026/02/11 20:56:51 OK   00005_add_task_events.sql (216.44µs)
2026/02/11 20:56:51 OK   00006_add_assignees.sql (235.21µs)
2026/02/11 20:56:51 OK   00007_add_task_assignee.sql (448.95µs)
2026/02/11 20:56:51 OK   00008_fix_assignee_name_uniqueness.sql (1.87ms)
2026/02/11 20:56:51 goose: successfully migrated database to version: 8
=== RUN   TestGitLink_Errors/non-existent_project_ID
=== PAUSE TestGitLink_Errors/non-existent_project_ID
=== CONT  TestGitUnlink_PositionalArgument
2026/02/11 20:56:51 OK   00001_initial_schema.sql (2.1ms)
2026/02/11 20:56:51 OK   00002_add_performance_indexes.sql (932.36µs)
2026/02/11 20:56:51 OK   00003_add_git_branch_to_projects.sql (493.87µs)
2026/02/11 20:56:51 OK   00005_add_task_events.sql (264.99µs)
2026/02/11 20:56:51 OK   00006_add_assignees.sql (259.3µs)
2026/02/11 20:56:51 OK   00007_add_task_assignee.sql (529.16µs)
2026/02/11 20:56:51 OK   00008_fix_assignee_name_uniqueness.sql (2ms)
2026/02/11 20:56:51 goose: successfully migrated database to version: 8
=== RUN   TestGitLink/link_project_to_explicit_branch_by_ID
=== PAUSE TestGitLink/link_project_to_explicit_branch_by_ID
=== RUN   TestGitLink/link_project_using_current_branch_auto-detection
=== PAUSE TestGitLink/link_project_using_current_branch_auto-detection
=== RUN   TestGitLink/link_project_JSON_output
=== PAUSE TestGitLink/link_project_JSON_output
=== RUN   TestGitLink/force_transfer_branch_from_another_project
=== PAUSE TestGitLink/force_transfer_branch_from_another_project
=== CONT  TestGitLink_JSONOutput
2026/02/11 20:56:51 OK   00001_initial_schema.sql (2.16ms)
2026/02/11 20:56:51 OK   00002_add_performance_indexes.sql (900.07µs)
2026/02/11 20:56:51 OK   00003_add_git_branch_to_projects.sql (520.36µs)
2026/02/11 20:56:51 OK   00005_add_task_events.sql (207.03µs)
2026/02/11 20:56:51 OK   00006_add_assignees.sql (279.59µs)
2026/02/11 20:56:51 OK   00007_add_task_assignee.sql (456.39µs)
2026/02/11 20:56:51 OK   00008_fix_assignee_name_uniqueness.sql (1.8ms)
2026/02/11 20:56:51 goose: successfully migrated database to version: 8
=== RUN   TestGitUnlink_JSONOutput/jSON_output_contains_expected_fields
=== PAUSE TestGitUnlink_JSONOutput/jSON_output_contains_expected_fields
=== CONT  TestGitLink_ForceFlag
2026/02/11 20:56:51 OK   00001_initial_schema.sql (2.01ms)
2026/02/11 20:56:51 OK   00002_add_performance_indexes.sql (898.92µs)
2026/02/11 20:56:51 OK   00003_add_git_branch_to_projects.sql (467.6µs)
2026/02/11 20:56:51 OK   00005_add_task_events.sql (225.34µs)
2026/02/11 20:56:51 OK   00006_add_assignees.sql (279.1µs)
2026/02/11 20:56:51 OK   00007_add_task_assignee.sql (453.46µs)
2026/02/11 20:56:51 OK   00008_fix_assignee_name_uniqueness.sql (1.88ms)
2026/02/11 20:56:51 goose: successfully migrated database to version: 8
=== RUN   TestGitUnlink_AlreadyUnlinked/unlinking_project_with_no_branch_shows_warning
=== PAUSE TestGitUnlink_AlreadyUnlinked/unlinking_project_with_no_branch_shows_warning
=== CONT  TestGitLink_ErrorCases
2026/02/11 20:56:51 OK   00001_initial_schema.sql (2.08ms)
2026/02/11 20:56:51 OK   00002_add_performance_indexes.sql (918.42µs)
2026/02/11 20:56:51 OK   00003_add_git_branch_to_projects.sql (466.53µs)
2026/02/11 20:56:51 OK   00005_add_task_events.sql (227.68µs)
2026/02/11 20:56:51 OK   00006_add_assignees.sql (226.49µs)
2026/02/11 20:56:51 OK   00007_add_task_assignee.sql (453.49µs)
2026/02/11 20:56:51 OK   00008_fix_assignee_name_uniqueness.sql (2.07ms)
2026/02/11 20:56:51 goose: successfully migrated database to version: 8
=== RUN   TestGitUnlink_ErrorCases/invalid_project_ID_returns_error
=== PAUSE TestGitUnlink_ErrorCases/invalid_project_ID_returns_error
=== RUN   TestGitUnlink_ErrorCases/too_many_arguments_returns_error
=== PAUSE TestGitUnlink_ErrorCases/too_many_arguments_returns_error
=== CONT  TestGitLink_FlagArguments
2026/02/11 20:56:51 OK   00001_initial_schema.sql (1.88ms)
2026/02/11 20:56:51 OK   00002_add_performance_indexes.sql (943.87µs)
2026/02/11 20:56:51 OK   00003_add_git_branch_to_projects.sql (572.32µs)
2026/02/11 20:56:51 OK   00005_add_task_events.sql (266.73µs)
2026/02/11 20:56:51 OK   00006_add_assignees.sql (284.4µs)
2026/02/11 20:56:51 OK   00007_add_task_assignee.sql (537.07µs)
2026/02/11 20:56:51 OK   00008_fix_assignee_name_uniqueness.sql (1.87ms)
2026/02/11 20:56:51 goose: successfully migrated database to version: 8
=== RUN   TestDeleteProject_Integration/delete_project_with_force_flag
=== PAUSE TestDeleteProject_Integration/delete_project_with_force_flag
=== RUN   TestDeleteProject_Integration/delete_project_with_quiet_flag
=== PAUSE TestDeleteProject_Integration/delete_project_with_quiet_flag
=== RUN   TestDeleteProject_Integration/delete_project_with_JSON_output
=== PAUSE TestDeleteProject_Integration/delete_project_with_JSON_output
=== CONT  TestGitLink_PositionalArguments
2026/02/11 20:56:51 OK   00001_initial_schema.sql (2.1ms)
2026/02/11 20:56:51 OK   00002_add_performance_indexes.sql (872.34µs)
2026/02/11 20:56:51 OK   00003_add_git_branch_to_projects.sql (536.17µs)
2026/02/11 20:56:51 OK   00005_add_task_events.sql (246.91µs)
2026/02/11 20:56:51 OK   00006_add_assignees.sql (267.03µs)
2026/02/11 20:56:51 OK   00007_add_task_assignee.sql (502.69µs)
2026/02/11 20:56:51 OK   00008_fix_assignee_name_uniqueness.sql (1.77ms)
2026/02/11 20:56:51 goose: successfully migrated database to version: 8
=== RUN   TestGitUnlink_PositionalArgument/unlink_project_with_positional_project_ID
=== PAUSE TestGitUnlink_PositionalArgument/unlink_project_with_positional_project_ID
=== CONT  TestDeleteProject_Integration_Errors
2026/02/11 20:56:51 OK   00001_initial_schema.sql (2.1ms)
2026/02/11 20:56:51 OK   00002_add_performance_indexes.sql (872.48µs)
2026/02/11 20:56:51 OK   00003_add_git_branch_to_projects.sql (464.71µs)
2026/02/11 20:56:51 OK   00005_add_task_events.sql (247.95µs)
2026/02/11 20:56:51 OK   00006_add_assignees.sql (295.1µs)
2026/02/11 20:56:51 OK   00007_add_task_assignee.sql (496.54µs)
2026/02/11 20:56:51 OK   00008_fix_assignee_name_uniqueness.sql (1.78ms)
2026/02/11 20:56:51 goose: successfully migrated database to version: 8
=== RUN   TestGitLink_JSONOutput/jSON_output_contains_expected_fields
2026/02/11 20:56:51 OK   00001_initial_schema.sql (1.86ms)
=== PAUSE TestGitLink_JSONOutput/jSON_output_contains_expected_fields
=== CONT  TestCreateProject_MultipleProjectsNoBranch
2026/02/11 20:56:51 OK   00002_add_performance_indexes.sql (880.54µs)
2026/02/11 20:56:51 OK   00003_add_git_branch_to_projects.sql (531.77µs)
2026/02/11 20:56:51 OK   00005_add_task_events.sql (257.27µs)
2026/02/11 20:56:51 OK   00006_add_assignees.sql (274.1µs)
2026/02/11 20:56:51 OK   00007_add_task_assignee.sql (520.36µs)
2026/02/11 20:56:51 OK   00008_fix_assignee_name_uniqueness.sql (1.81ms)
2026/02/11 20:56:51 goose: successfully migrated database to version: 8
=== RUN   TestGitLink_ForceFlag/force_flag_transfers_branch_from_one_project_to_another
=== PAUSE TestGitLink_ForceFlag/force_flag_transfers_branch_from_one_project_to_another
=== CONT  TestCreateProject_GitBranchWithSlashes
2026/02/11 20:56:51 OK   00001_initial_schema.sql (1.9ms)
2026/02/11 20:56:51 OK   00002_add_performance_indexes.sql (850.72µs)
2026/02/11 20:56:51 OK   00003_add_git_branch_to_projects.sql (542.52µs)
2026/02/11 20:56:51 OK   00005_add_task_events.sql (250.83µs)
2026/02/11 20:56:51 OK   00006_add_assignees.sql (279.17µs)
2026/02/11 20:56:51 OK   00007_add_task_assignee.sql (529.38µs)
2026/02/11 20:56:51 OK   00008_fix_assignee_name_uniqueness.sql (1.85ms)
2026/02/11 20:56:51 goose: successfully migrated database to version: 8
=== RUN   TestGitLink_ErrorCases/invalid_project_ID_returns_error
=== PAUSE TestGitLink_ErrorCases/invalid_project_ID_returns_error
=== RUN   TestGitLink_ErrorCases/too_many_arguments_returns_error
=== PAUSE TestGitLink_ErrorCases/too_many_arguments_returns_error
=== CONT  TestCreateProject_Integration_Errors
2026/02/11 20:56:51 OK   00001_initial_schema.sql (2.13ms)
2026/02/11 20:56:51 OK   00002_add_performance_indexes.sql (1.02ms)
2026/02/11 20:56:51 OK   00003_add_git_branch_to_projects.sql (545.49µs)
2026/02/11 20:56:51 OK   00005_add_task_events.sql (199.13µs)
2026/02/11 20:56:51 OK   00006_add_assignees.sql (244.75µs)
2026/02/11 20:56:51 OK   00007_add_task_assignee.sql (420.28µs)
2026/02/11 20:56:51 OK   00008_fix_assignee_name_uniqueness.sql (4.65ms)
2026/02/11 20:56:51 goose: successfully migrated database to version: 8
=== RUN   TestGitLink_FlagArguments/link_project_with_--id_flag_only_(uses_current_branch)
=== PAUSE TestGitLink_FlagArguments/link_project_with_--id_flag_only_(uses_current_branch)
=== CONT  TestCreateProject_DifferentBranches
2026/02/11 20:56:51 OK   00001_initial_schema.sql (1.92ms)
2026/02/11 20:56:51 OK   00002_add_performance_indexes.sql (846.36µs)
2026/02/11 20:56:51 OK   00003_add_git_branch_to_projects.sql (479.33µs)
2026/02/11 20:56:51 OK   00005_add_task_events.sql (231.28µs)
2026/02/11 20:56:51 OK   00006_add_assignees.sql (242.04µs)
2026/02/11 20:56:51 OK   00007_add_task_assignee.sql (482.67µs)
2026/02/11 20:56:51 OK   00008_fix_assignee_name_uniqueness.sql (2.16ms)
2026/02/11 20:56:51 goose: successfully migrated database to version: 8
=== RUN   TestGitLink_PositionalArguments/link_project_with_positional_project_ID_only_(uses_current_branch)
=== PAUSE TestGitLink_PositionalArguments/link_project_with_positional_project_ID_only_(uses_current_branch)
=== CONT  TestCreateProject_OutsideGitRepo
2026/02/11 20:56:51 OK   00001_initial_schema.sql (1.93ms)
2026/02/11 20:56:51 OK   00002_add_performance_indexes.sql (854.19µs)
2026/02/11 20:56:51 OK   00003_add_git_branch_to_projects.sql (508.51µs)
2026/02/11 20:56:51 OK   00005_add_task_events.sql (219.64µs)
2026/02/11 20:56:51 OK   00006_add_assignees.sql (333.59µs)
2026/02/11 20:56:51 OK   00007_add_task_assignee.sql (630.87µs)
2026/02/11 20:56:51 OK   00008_fix_assignee_name_uniqueness.sql (1.88ms)
2026/02/11 20:56:51 goose: successfully migrated database to version: 8
2026/02/11 20:56:51 OK   00001_initial_schema.sql (2.09ms)
2026/02/11 20:56:51 OK   00002_add_performance_indexes.sql (814.45µs)
2026/02/11 20:56:51 OK   00003_add_git_branch_to_projects.sql (499.77µs)
2026/02/11 20:56:51 OK   00005_add_task_events.sql (214.2µs)
=== RUN   TestDeleteProject_Integration_Errors/invalid_project_ID_format
=== PAUSE TestDeleteProject_Integration_Errors/invalid_project_ID_format
=== CONT  TestCreateProject_BranchAlreadyAssociated
2026/02/11 20:56:51 OK   00006_add_assignees.sql (444.31µs)
2026/02/11 20:56:51 OK   00007_add_task_assignee.sql (529.99µs)
2026/02/11 20:56:51 OK   00008_fix_assignee_name_uniqueness.sql (1.96ms)
2026/02/11 20:56:51 goose: successfully migrated database to version: 8
=== RUN   TestCreateProject_MultipleProjectsNoBranch/multiple_projects_without_branches_allowed
=== PAUSE TestCreateProject_MultipleProjectsNoBranch/multiple_projects_without_branches_allowed
=== CONT  TestCreateProject_InGitRepo
2026/02/11 20:56:51 OK   00001_initial_schema.sql (1.99ms)
2026/02/11 20:56:51 OK   00002_add_performance_indexes.sql (887.04µs)
2026/02/11 20:56:51 OK   00003_add_git_branch_to_projects.sql (582.94µs)
2026/02/11 20:56:51 OK   00005_add_task_events.sql (261.33µs)
2026/02/11 20:56:51 OK   00006_add_assignees.sql (261.86µs)
2026/02/11 20:56:51 OK   00007_add_task_assignee.sql (475.14µs)
2026/02/11 20:56:51 OK   00008_fix_assignee_name_uniqueness.sql (1.88ms)
2026/02/11 20:56:51 goose: successfully migrated database to version: 8
=== RUN   TestCreateProject_GitBranchWithSlashes/branch_names_with_slashes
2026/02/11 20:56:51 OK   00001_initial_schema.sql (1.9ms)
=== PAUSE TestCreateProject_GitBranchWithSlashes/branch_names_with_slashes
=== CONT  TestCreateProject_Integration/create_project_with_title_only
--- FAIL: TestCreateProject_Integration (0.22s)
    --- FAIL: TestCreateProject_Integration/create_project_with_title_only (0.00s)
panic: testing: t.Parallel called multiple times [recovered, repanicked]

goroutine 68 [running]:
testing.tRunner.func1.2({0xa33280, 0xbc7c30})
	/usr/lib/go/src/testing/testing.go:1872 +0x237
testing.tRunner.func1()
	/usr/lib/go/src/testing/testing.go:1875 +0x35b
panic({0xa33280?, 0xbc7c30?})
	/usr/lib/go/src/runtime/panic.go:783 +0x132
testing.(*T).Parallel(0xc0002156c0?)
	/usr/lib/go/src/testing/testing.go:1665 +0x3e5
github.com/thenoetrevino/paso/internal/cli/project/integration_test.TestCreateProject_Integration.func1(0xc0002156c0)
	/home/noetrevino/projects/new-paso/tests/internal/cli/project/integration/create_integration_test.go:24 +0x5b
testing.tRunner(0xc0002156c0, 0xc00020a4e0)
	/usr/lib/go/src/testing/testing.go:1934 +0xea
created by testing.(*T).Run in goroutine 21
	/usr/lib/go/src/testing/testing.go:1997 +0x465
FAIL	github.com/thenoetrevino/paso/internal/cli/project/integration	0.206s
=== RUN   TestCreateProject
=== PAUSE TestCreateProject
=== RUN   TestListProject
=== PAUSE TestListProject
=== RUN   TestDeleteProject
=== PAUSE TestDeleteProject
=== CONT  TestCreateProject
=== RUN   TestCreateProject/create_project
=== PAUSE TestCreateProject/create_project
=== RUN   TestCreateProject/create_project_with_--json
=== PAUSE TestCreateProject/create_project_with_--json
=== RUN   TestCreateProject/create_project_with_--quiet
=== PAUSE TestCreateProject/create_project_with_--quiet
=== RUN   TestCreateProject/create_project_missing_title
=== PAUSE TestCreateProject/create_project_missing_title
=== CONT  TestCreateProject/create_project
=== CONT  TestDeleteProject
--- FAIL: TestCreateProject (0.00s)
    --- FAIL: TestCreateProject/create_project (0.00s)
=== CONT  TestCreateProject/create_project_missing_title
--- FAIL: TestCreateProject (0.00s)
    --- FAIL: TestCreateProject/create_project_missing_title (0.00s)
panic: testing: t.Parallel called multiple times [recovered, repanicked]

goroutine 11 [running]:
testing.tRunner.func1.2({0xa29660, 0xbbc2c0})
	/usr/lib/go/src/testing/testing.go:1872 +0x237
testing.tRunner.func1()
	/usr/lib/go/src/testing/testing.go:1875 +0x35b
panic({0xa29660?, 0xbbc2c0?})
	/usr/lib/go/src/runtime/panic.go:783 +0x132
testing.(*T).Parallel(0xc0000b9340?)
	/usr/lib/go/src/testing/testing.go:1665 +0x3e5
github.com/thenoetrevino/paso/internal/cli/project/unit_test.TestCreateProject.func1(0xc0000b9340)
	/home/noetrevino/projects/new-paso/tests/internal/cli/project/unit/project_unit_test.go:23 +0x37
testing.tRunner(0xc0000b9340, 0xb17680)
	/usr/lib/go/src/testing/testing.go:1934 +0xea
created by testing.(*T).Run in goroutine 8
	/usr/lib/go/src/testing/testing.go:1997 +0x465
panic: testing: t.Parallel called multiple times [recovered, repanicked]

goroutine 14 [running]:
testing.tRunner.func1.2({0xa29660, 0xbbc2c0})
	/usr/lib/go/src/testing/testing.go:1872 +0x237
testing.tRunner.func1()
	/usr/lib/go/src/testing/testing.go:1875 +0x35b
panic({0xa29660?, 0xbbc2c0?})
	/usr/lib/go/src/runtime/panic.go:783 +0x132
testing.(*T).Parallel(0xc0000b9dc0?)
	/usr/lib/go/src/testing/testing.go:1665 +0x3e5
github.com/thenoetrevino/paso/internal/cli/project/unit_test.TestCreateProject.func4(0xc0000b9dc0)
	/home/noetrevino/projects/new-paso/tests/internal/cli/project/unit/project_unit_test.go:94 +0x37
testing.tRunner(0xc0000b9dc0, 0xb17698)
	/usr/lib/go/src/testing/testing.go:1934 +0xea
created by testing.(*T).Run in goroutine 8
	/usr/lib/go/src/testing/testing.go:1997 +0x465
FAIL	github.com/thenoetrevino/paso/internal/cli/project/unit	0.021s
=== RUN   TestInstallClaude_Project
Installing Claude hooks for this project...
✓ Registered SessionStart hook
✓ Registered PreCompact hook

✓ Claude Code integration installed
  Settings: .claude/settings.local.json

Restart Claude Code for changes to take effect.
--- PASS: TestInstallClaude_Project (0.00s)
=== RUN   TestInstallClaude_Global
Installing Claude hooks globally...
✓ Registered SessionStart hook
✓ Registered PreCompact hook

✓ Claude Code integration installed
  Settings: /tmp/TestInstallClaude_Global2887414237/001/.claude/settings.json

Restart Claude Code for changes to take effect.
--- PASS: TestInstallClaude_Global (0.00s)
=== RUN   TestInstallClaude_Idempotent
Installing Claude hooks for this project...
✓ Registered SessionStart hook
✓ Registered PreCompact hook

✓ Claude Code integration installed
  Settings: .claude/settings.local.json

Restart Claude Code for changes to take effect.
Installing Claude hooks for this project...
✓ Hook already registered: SessionStart
✓ Hook already registered: PreCompact

✓ Claude Code integration installed
  Settings: .claude/settings.local.json

Restart Claude Code for changes to take effect.
--- PASS: TestInstallClaude_Idempotent (0.00s)
=== RUN   TestInstallClaude_PreservesExistingSettings
Installing Claude hooks for this project...
✓ Registered SessionStart hook
✓ Registered PreCompact hook

✓ Claude Code integration installed
  Settings: .claude/settings.local.json

Restart Claude Code for changes to take effect.
--- PASS: TestInstallClaude_PreservesExistingSettings (0.00s)
=== RUN   TestCheckClaude_Installed
Installing Claude hooks globally...
✓ Registered SessionStart hook
✓ Registered PreCompact hook

✓ Claude Code integration installed
  Settings: /tmp/TestCheckClaude_Installed1641145083/001/.claude/settings.json

Restart Claude Code for changes to take effect.
✓ Global hooks installed: /tmp/TestCheckClaude_Installed1641145083/001/.claude/settings.json
--- PASS: TestCheckClaude_Installed (0.00s)
=== RUN   TestCheckClaude_NotInstalled
✗ No hooks installed
  Run: paso setup claude
--- PASS: TestCheckClaude_NotInstalled (0.00s)
=== RUN   TestRemoveClaude_Project
Installing Claude hooks for this project...
✓ Registered SessionStart hook
✓ Registered PreCompact hook

✓ Claude Code integration installed
  Settings: .claude/settings.local.json

Restart Claude Code for changes to take effect.
Removing Claude hooks from project...
✓ Removed SessionStart hook
✓ Removed PreCompact hook
✓ Claude hooks removed
--- PASS: TestRemoveClaude_Project (0.00s)
=== RUN   TestRemoveClaude_Global
Installing Claude hooks globally...
✓ Registered SessionStart hook
✓ Registered PreCompact hook

✓ Claude Code integration installed
  Settings: /tmp/TestRemoveClaude_Global40951459/001/.claude/settings.json

Restart Claude Code for changes to take effect.
Removing Claude hooks globally...
✓ Removed SessionStart hook
✓ Removed PreCompact hook
✓ Claude hooks removed
--- PASS: TestRemoveClaude_Global (0.00s)
=== RUN   TestRemoveClaude_NoSettingsFile
Removing Claude hooks from project...
No settings file found
--- PASS: TestRemoveClaude_NoSettingsFile (0.00s)
=== RUN   TestInstallOpenCode_Project
Installing OpenCode plugin for this project...

✓ OpenCode plugin installed
  Config: opencode.json

Note: You may need to install the plugin package:
  bun add opencode-paso
--- PASS: TestInstallOpenCode_Project (0.00s)
=== RUN   TestInstallOpenCode_Global
Installing OpenCode plugin globally...

✓ OpenCode plugin installed
  Config: /tmp/TestInstallOpenCode_Global1031708269/001/.config/opencode/opencode.json

Note: You may need to install the plugin package:
  bun add opencode-paso
--- PASS: TestInstallOpenCode_Global (0.00s)
=== RUN   TestInstallOpenCode_Idempotent
Installing OpenCode plugin for this project...

✓ OpenCode plugin installed
  Config: opencode.json

Note: You may need to install the plugin package:
  bun add opencode-paso
Installing OpenCode plugin for this project...
✓ Plugin already installed
--- PASS: TestInstallOpenCode_Idempotent (0.00s)
=== RUN   TestInstallOpenCode_PreservesExistingConfig
Installing OpenCode plugin for this project...

✓ OpenCode plugin installed
  Config: opencode.json

Note: You may need to install the plugin package:
  bun add opencode-paso
--- PASS: TestInstallOpenCode_PreservesExistingConfig (0.00s)
=== RUN   TestCheckOpenCode_Installed
Installing OpenCode plugin globally...

✓ OpenCode plugin installed
  Config: /tmp/TestCheckOpenCode_Installed1364505918/001/.config/opencode/opencode.json

Note: You may need to install the plugin package:
  bun add opencode-paso
✓ Plugin installed globally: /tmp/TestCheckOpenCode_Installed1364505918/001/.config/opencode/opencode.json
--- PASS: TestCheckOpenCode_Installed (0.00s)
=== RUN   TestCheckOpenCode_NotInstalled
✗ Plugin not installed
  Run: paso setup opencode
--- PASS: TestCheckOpenCode_NotInstalled (0.00s)
=== RUN   TestRemoveOpenCode_Project
Installing OpenCode plugin for this project...

✓ OpenCode plugin installed
  Config: opencode.json

Note: You may need to install the plugin package:
  bun add opencode-paso
Removing OpenCode plugin from project...
✓ OpenCode plugin removed
--- PASS: TestRemoveOpenCode_Project (0.00s)
=== RUN   TestRemoveOpenCode_Global
Installing OpenCode plugin globally...

✓ OpenCode plugin installed
  Config: /tmp/TestRemoveOpenCode_Global2230435419/001/.config/opencode/opencode.json

Note: You may need to install the plugin package:
  bun add opencode-paso
Removing OpenCode plugin globally...
✓ OpenCode plugin removed
--- PASS: TestRemoveOpenCode_Global (0.00s)
=== RUN   TestRemoveOpenCode_NoConfigFile
Removing OpenCode plugin from project...
No config file found
--- PASS: TestRemoveOpenCode_NoConfigFile (0.00s)
=== RUN   TestRemoveOpenCode_PreservesOtherPlugins
Removing OpenCode plugin from project...
✓ OpenCode plugin removed
--- PASS: TestRemoveOpenCode_PreservesOtherPlugins (0.00s)
=== RUN   TestRemoveClaude_PreservesOtherHooks
Removing Claude hooks from project...
✓ Removed SessionStart hook
✓ Claude hooks removed
--- PASS: TestRemoveClaude_PreservesOtherHooks (0.00s)
=== RUN   TestHasPasoHooks
--- PASS: TestHasPasoHooks (0.00s)
=== RUN   TestHasPasoPlugin
--- PASS: TestHasPasoPlugin (0.00s)
=== RUN   TestAtomicWriteFile
--- PASS: TestAtomicWriteFile (0.00s)
=== RUN   TestEnsureDir
--- PASS: TestEnsureDir (0.00s)
=== RUN   TestDirExists
--- PASS: TestDirExists (0.00s)
=== RUN   TestFileExists
--- PASS: TestFileExists (0.00s)
PASS
ok  	github.com/thenoetrevino/paso/internal/cli/setup	0.011s
=== RUN   TestDimColor
=== PAUSE TestDimColor
=== RUN   TestParseHex
=== PAUSE TestParseHex
=== RUN   TestInit
=== PAUSE TestInit
=== RUN   TestColoredText
=== PAUSE TestColoredText
=== RUN   TestBoldColoredText
=== PAUSE TestBoldColoredText
=== RUN   TestRenderLabelChip
=== PAUSE TestRenderLabelChip
=== RUN   TestRenderTaskReference
=== PAUSE TestRenderTaskReference
=== RUN   TestRenderTaskReferenceWithLabel
=== PAUSE TestRenderTaskReferenceWithLabel
=== RUN   TestRenderCard
=== PAUSE TestRenderCard
=== RUN   TestTreeConstants
=== PAUSE TestTreeConstants
=== CONT  TestDimColor
=== RUN   TestDimColor/full_dim_returns_black
=== PAUSE TestDimColor/full_dim_returns_black
=== RUN   TestDimColor/no_dim_returns_original
=== PAUSE TestDimColor/no_dim_returns_original
=== RUN   TestDimColor/half_dim_reduces_values
=== PAUSE TestDimColor/half_dim_reduces_values
=== RUN   TestDimColor/clamps_intensity_above_1
=== PAUSE TestDimColor/clamps_intensity_above_1
=== RUN   TestDimColor/clamps_intensity_below_0
=== PAUSE TestDimColor/clamps_intensity_below_0
=== RUN   TestDimColor/invalid_hex_returns_original
=== PAUSE TestDimColor/invalid_hex_returns_original
=== RUN   TestDimColor/3-char_hex
=== PAUSE TestDimColor/3-char_hex
=== RUN   TestDimColor/dim_all_channels
=== PAUSE TestDimColor/dim_all_channels
=== CONT  TestDimColor/full_dim_returns_black
=== CONT  TestRenderTaskReference
=== CONT  TestRenderLabelChip
=== CONT  TestDimColor/dim_all_channels
=== CONT  TestDimColor/invalid_hex_returns_original
=== CONT  TestDimColor/3-char_hex
=== CONT  TestParseHex
=== RUN   TestParseHex/parses_6-char_hex
=== PAUSE TestParseHex/parses_6-char_hex
=== RUN   TestParseHex/parses_6-char_hex_without_hash
=== PAUSE TestParseHex/parses_6-char_hex_without_hash
--- FAIL: TestDimColor (0.00s)
    --- FAIL: TestDimColor/full_dim_returns_black (0.00s)
panic: testing: t.Parallel called multiple times [recovered, repanicked]

goroutine 34 [running]:
testing.tRunner.func1.2({0x655340, 0x718960})
	/usr/lib/go/src/testing/testing.go:1872 +0x237
testing.tRunner.func1()
	/usr/lib/go/src/testing/testing.go:1875 +0x35b
panic({0x655340?, 0x718960?})
	/usr/lib/go/src/runtime/panic.go:783 +0x132
testing.(*T).Parallel(0xc0001cfdc0?)
	/usr/lib/go/src/testing/testing.go:1665 +0x3e5
github.com/thenoetrevino/paso/internal/cli/styles.TestDimColor.func1(0xc0001cfdc0)
	/home/noetrevino/projects/new-paso/tests/internal/cli/styles/color_test.go:13 +0x25
testing.tRunner(0xc0001cfdc0, 0x6cb560)
	/usr/lib/go/src/testing/testing.go:1934 +0xea
created by testing.(*T).Run in goroutine 24
	/usr/lib/go/src/testing/testing.go:1997 +0x465
FAIL	github.com/thenoetrevino/paso/internal/cli/styles	0.007s
testing: warning: no tests to run
PASS
ok  	github.com/thenoetrevino/paso/internal/cli/task	0.004s [no tests to run]
=== RUN   TestAssignTask
=== PAUSE TestAssignTask
=== RUN   TestAssignTask_Errors
=== PAUSE TestAssignTask_Errors
=== RUN   TestBlockedTask
=== PAUSE TestBlockedTask
=== RUN   TestBlockedTask_Errors
=== PAUSE TestBlockedTask_Errors
=== RUN   TestCommentTask
=== PAUSE TestCommentTask
=== RUN   TestCommentTask_Errors
=== PAUSE TestCommentTask_Errors
=== RUN   TestCreateTask
=== PAUSE TestCreateTask
=== RUN   TestDeleteTask_Integration
=== PAUSE TestDeleteTask_Integration
=== RUN   TestDeleteTask_Integration_Errors
=== PAUSE TestDeleteTask_Integration_Errors
=== RUN   TestDoneTask_Integration
=== PAUSE TestDoneTask_Integration
=== RUN   TestDoneTask_Integration_Errors
=== PAUSE TestDoneTask_Integration_Errors
=== RUN   TestInProgressTask
=== PAUSE TestInProgressTask
=== RUN   TestLinkTask
=== PAUSE TestLinkTask
=== RUN   TestLinkTask_Errors
=== PAUSE TestLinkTask_Errors
=== RUN   TestListTask_Integration
=== PAUSE TestListTask_Integration
=== RUN   TestListTask_PositionalArgVsFlag
=== PAUSE TestListTask_PositionalArgVsFlag
=== RUN   TestListTask_PositionalArgEdgeCases
=== PAUSE TestListTask_PositionalArgEdgeCases
=== RUN   TestMoveTask_Integration
=== PAUSE TestMoveTask_Integration
=== RUN   TestMoveTask_Integration_Errors
=== PAUSE TestMoveTask_Integration_Errors
=== RUN   TestReadyTask_Integration
=== PAUSE TestReadyTask_Integration
=== RUN   TestReadyTask_Integration_Errors
=== PAUSE TestReadyTask_Integration_Errors
=== RUN   TestReadyMoveTask
=== PAUSE TestReadyMoveTask
=== RUN   TestReadyMoveTask_Errors
=== PAUSE TestReadyMoveTask_Errors
=== RUN   TestShowTask_Integration
=== PAUSE TestShowTask_Integration
=== RUN   TestShowTask_Integration_Errors
=== PAUSE TestShowTask_Integration_Errors
=== RUN   TestUpdateTask_Integration
=== PAUSE TestUpdateTask_Integration
=== RUN   TestUpdateTask_Integration_Errors
=== PAUSE TestUpdateTask_Integration_Errors
=== CONT  TestAssignTask
=== CONT  TestListTask_Integration
=== CONT  TestUpdateTask_Integration_Errors
=== CONT  TestUpdateTask_Integration
=== CONT  TestShowTask_Integration_Errors
=== CONT  TestShowTask_Integration
2026/02/11 20:56:51 OK   00001_initial_schema.sql (2.56ms)
2026/02/11 20:56:51 OK   00002_add_performance_indexes.sql (1.16ms)
2026/02/11 20:56:51 OK   00003_add_git_branch_to_projects.sql (663.35µs)
2026/02/11 20:56:51 OK   00005_add_task_events.sql (269.45µs)
2026/02/11 20:56:51 OK   00006_add_assignees.sql (286.04µs)
2026/02/11 20:56:51 OK   00007_add_task_assignee.sql (472.99µs)
2026/02/11 20:56:51 OK   00008_fix_assignee_name_uniqueness.sql (1.97ms)
2026/02/11 20:56:51 goose: successfully migrated database to version: 8
=== RUN   TestAssignTask/assign_user_to_task
=== PAUSE TestAssignTask/assign_user_to_task
=== RUN   TestAssignTask/assign_with_--quiet
=== PAUSE TestAssignTask/assign_with_--quiet
=== RUN   TestAssignTask/assign_with_--json
=== PAUSE TestAssignTask/assign_with_--json
=== RUN   TestAssignTask/clear_assignee_with_--clear
=== PAUSE TestAssignTask/clear_assignee_with_--clear
=== RUN   TestAssignTask/clear_assignee_with_--json
=== PAUSE TestAssignTask/clear_assignee_with_--json
=== RUN   TestAssignTask/assign_without_name_defaults_to_system_user
=== PAUSE TestAssignTask/assign_without_name_defaults_to_system_user
=== RUN   TestAssignTask/reassign_task_to_different_user
=== PAUSE TestAssignTask/reassign_task_to_different_user
=== CONT  TestReadyMoveTask_Errors
2026/02/11 20:56:51 OK   00001_initial_schema.sql (2.1ms)
2026/02/11 20:56:51 OK   00002_add_performance_indexes.sql (946.2µs)
2026/02/11 20:56:51 OK   00003_add_git_branch_to_projects.sql (494.27µs)
2026/02/11 20:56:51 OK   00005_add_task_events.sql (206.75µs)
2026/02/11 20:56:51 OK   00006_add_assignees.sql (241.89µs)
2026/02/11 20:56:51 OK   00007_add_task_assignee.sql (448.14µs)
2026/02/11 20:56:51 OK   00008_fix_assignee_name_uniqueness.sql (1.91ms)
2026/02/11 20:56:51 goose: successfully migrated database to version: 8
=== RUN   TestListTask_Integration/list_tasks_human_readable
=== PAUSE TestListTask_Integration/list_tasks_human_readable
=== RUN   TestListTask_Integration/list_tasks_quiet_mode
=== PAUSE TestListTask_Integration/list_tasks_quiet_mode
=== RUN   TestListTask_Integration/list_tasks_JSON_mode
=== PAUSE TestListTask_Integration/list_tasks_JSON_mode
=== CONT  TestReadyMoveTask
2026/02/11 20:56:51 OK   00001_initial_schema.sql (2.11ms)
2026/02/11 20:56:51 OK   00002_add_performance_indexes.sql (1.32ms)
2026/02/11 20:56:51 OK   00003_add_git_branch_to_projects.sql (646.88µs)
2026/02/11 20:56:51 OK   00005_add_task_events.sql (242.41µs)
2026/02/11 20:56:51 OK   00006_add_assignees.sql (222.55µs)
2026/02/11 20:56:51 OK   00007_add_task_assignee.sql (466.35µs)
2026/02/11 20:56:51 OK   00008_fix_assignee_name_uniqueness.sql (2.52ms)
2026/02/11 20:56:51 goose: successfully migrated database to version: 8
=== RUN   TestShowTask_Integration/show_task_with_ID_flag
=== PAUSE TestShowTask_Integration/show_task_with_ID_flag
=== RUN   TestShowTask_Integration/show_task_with_positional_argument
=== PAUSE TestShowTask_Integration/show_task_with_positional_argument
=== RUN   TestShowTask_Integration/show_task_in_quiet_mode
=== PAUSE TestShowTask_Integration/show_task_in_quiet_mode
=== RUN   TestShowTask_Integration/show_task_in_JSON_mode
=== PAUSE TestShowTask_Integration/show_task_in_JSON_mode
=== RUN   TestShowTask_Integration/show_task_with_labels
=== PAUSE TestShowTask_Integration/show_task_with_labels
=== RUN   TestShowTask_Integration/show_task_with_parent_relationship
=== PAUSE TestShowTask_Integration/show_task_with_parent_relationship
=== RUN   TestShowTask_Integration/show_task_with_blocking_relationship
=== PAUSE TestShowTask_Integration/show_task_with_blocking_relationship
=== RUN   TestShowTask_Integration/show_task_with_all_metadata
=== PAUSE TestShowTask_Integration/show_task_with_all_metadata
=== RUN   TestShowTask_Integration/show_task_in_JSON_mode_with_complete_structure
=== PAUSE TestShowTask_Integration/show_task_in_JSON_mode_with_complete_structure
=== RUN   TestShowTask_Integration/show_task_with_multi-line_description
=== PAUSE TestShowTask_Integration/show_task_with_multi-line_description
=== RUN   TestShowTask_Integration/show_task_with_position_information
=== PAUSE TestShowTask_Integration/show_task_with_position_information
=== RUN   TestShowTask_Integration/show_task_with_empty_description
=== PAUSE TestShowTask_Integration/show_task_with_empty_description
=== RUN   TestShowTask_Integration/show_task_with_both_parent_and_child_relationships
=== PAUSE TestShowTask_Integration/show_task_with_both_parent_and_child_relationships
=== CONT  TestReadyTask_Integration_Errors
2026/02/11 20:56:51 OK   00001_initial_schema.sql (2.14ms)
2026/02/11 20:56:51 OK   00002_add_performance_indexes.sql (969.07µs)
2026/02/11 20:56:51 OK   00003_add_git_branch_to_projects.sql (547.07µs)
2026/02/11 20:56:51 OK   00005_add_task_events.sql (255.32µs)
2026/02/11 20:56:51 OK   00006_add_assignees.sql (354.39µs)
2026/02/11 20:56:51 OK   00007_add_task_assignee.sql (660.49µs)
2026/02/11 20:56:51 OK   00008_fix_assignee_name_uniqueness.sql (1.83ms)
2026/02/11 20:56:51 goose: successfully migrated database to version: 8
=== RUN   TestShowTask_Integration_Errors/missing_task_ID
=== PAUSE TestShowTask_Integration_Errors/missing_task_ID
=== RUN   TestShowTask_Integration_Errors/invalid_task_ID_'abc'
=== PAUSE TestShowTask_Integration_Errors/invalid_task_ID_'abc'
=== RUN   TestShowTask_Integration_Errors/non-existent_task_ID_999999
=== PAUSE TestShowTask_Integration_Errors/non-existent_task_ID_999999
=== RUN   TestShowTask_Integration_Errors/negative_task_ID_-1
=== PAUSE TestShowTask_Integration_Errors/negative_task_ID_-1
=== CONT  TestReadyTask_Integration
2026/02/11 20:56:51 OK   00001_initial_schema.sql (2.13ms)
2026/02/11 20:56:51 OK   00002_add_performance_indexes.sql (1.11ms)
2026/02/11 20:56:51 OK   00003_add_git_branch_to_projects.sql (509.88µs)
2026/02/11 20:56:51 OK   00005_add_task_events.sql (206.65µs)
2026/02/11 20:56:51 OK   00006_add_assignees.sql (237.24µs)
2026/02/11 20:56:51 OK   00007_add_task_assignee.sql (445.35µs)
2026/02/11 20:56:51 OK   00008_fix_assignee_name_uniqueness.sql (1.74ms)
2026/02/11 20:56:51 goose: successfully migrated database to version: 8
2026/02/11 20:56:51 OK   00001_initial_schema.sql (1.94ms)
=== RUN   TestUpdateTask_Integration_Errors/error_with_non-existent_task_ID
=== PAUSE TestUpdateTask_Integration_Errors/error_with_non-existent_task_ID
=== RUN   TestUpdateTask_Integration_Errors/error_with_negative_task_ID
=== PAUSE TestUpdateTask_Integration_Errors/error_with_negative_task_ID
=== RUN   TestUpdateTask_Integration_Errors/error_with_zero_task_ID
=== PAUSE TestUpdateTask_Integration_Errors/error_with_zero_task_ID
=== CONT  TestMoveTask_Integration_Errors
2026/02/11 20:56:51 OK   00002_add_performance_indexes.sql (935.48µs)
2026/02/11 20:56:51 OK   00003_add_git_branch_to_projects.sql (532.35µs)
2026/02/11 20:56:51 OK   00005_add_task_events.sql (260.99µs)
2026/02/11 20:56:51 OK   00006_add_assignees.sql (298.23µs)
2026/02/11 20:56:51 OK   00007_add_task_assignee.sql (491.69µs)
2026/02/11 20:56:51 OK   00008_fix_assignee_name_uniqueness.sql (1.87ms)
2026/02/11 20:56:51 goose: successfully migrated database to version: 8
=== RUN   TestUpdateTask_Integration/update_title_only
=== PAUSE TestUpdateTask_Integration/update_title_only
=== RUN   TestUpdateTask_Integration/update_description_only
=== PAUSE TestUpdateTask_Integration/update_description_only
=== RUN   TestUpdateTask_Integration/update_priority_to_trivial
=== PAUSE TestUpdateTask_Integration/update_priority_to_trivial
=== RUN   TestUpdateTask_Integration/update_priority_to_low
=== PAUSE TestUpdateTask_Integration/update_priority_to_low
=== RUN   TestUpdateTask_Integration/update_priority_to_medium
=== PAUSE TestUpdateTask_Integration/update_priority_to_medium
=== RUN   TestUpdateTask_Integration/update_priority_to_high
=== PAUSE TestUpdateTask_Integration/update_priority_to_high
=== RUN   TestUpdateTask_Integration/update_priority_to_critical
=== PAUSE TestUpdateTask_Integration/update_priority_to_critical
=== RUN   TestUpdateTask_Integration/update_multiple_fields_at_once
=== PAUSE TestUpdateTask_Integration/update_multiple_fields_at_once
=== RUN   TestUpdateTask_Integration/quiet_mode_output
=== PAUSE TestUpdateTask_Integration/quiet_mode_output
=== RUN   TestUpdateTask_Integration/jSON_mode_output
=== PAUSE TestUpdateTask_Integration/jSON_mode_output
=== RUN   TestUpdateTask_Integration/default_human-readable_output
=== PAUSE TestUpdateTask_Integration/default_human-readable_output
=== RUN   TestUpdateTask_Integration/verify_unchanged_fields_remain_intact
=== PAUSE TestUpdateTask_Integration/verify_unchanged_fields_remain_intact
=== RUN   TestUpdateTask_Integration/update_empty_description
=== PAUSE TestUpdateTask_Integration/update_empty_description
=== RUN   TestUpdateTask_Integration/update_title_and_description_separately_preserves_both
=== PAUSE TestUpdateTask_Integration/update_title_and_description_separately_preserves_both
=== CONT  TestMoveTask_Integration
2026/02/11 20:56:51 OK   00001_initial_schema.sql (2.38ms)
2026/02/11 20:56:51 OK   00002_add_performance_indexes.sql (904.3µs)
2026/02/11 20:56:51 OK   00003_add_git_branch_to_projects.sql (541.22µs)
2026/02/11 20:56:51 OK   00005_add_task_events.sql (266.83µs)
2026/02/11 20:56:51 OK   00006_add_assignees.sql (252.84µs)
2026/02/11 20:56:51 OK   00007_add_task_assignee.sql (458.16µs)
2026/02/11 20:56:51 OK   00008_fix_assignee_name_uniqueness.sql (1.83ms)
2026/02/11 20:56:51 goose: successfully migrated database to version: 8
2026/02/11 20:56:51 OK   00001_initial_schema.sql (2.07ms)
=== RUN   TestReadyMoveTask_Errors/invalid_task_ID_-_non-numeric
=== PAUSE TestReadyMoveTask_Errors/invalid_task_ID_-_non-numeric
=== RUN   TestReadyMoveTask_Errors/missing_task_ID_argument
=== PAUSE TestReadyMoveTask_Errors/missing_task_ID_argument
=== RUN   TestReadyMoveTask_Errors/non-existent_task_ID
=== PAUSE TestReadyMoveTask_Errors/non-existent_task_ID
=== RUN   TestReadyMoveTask_Errors/project_with_no_ready_column_configured
=== PAUSE TestReadyMoveTask_Errors/project_with_no_ready_column_configured
=== RUN   TestReadyMoveTask_Errors/invalid_task_ID_-_zero
=== PAUSE TestReadyMoveTask_Errors/invalid_task_ID_-_zero
=== RUN   TestReadyMoveTask_Errors/invalid_task_ID_-_negative
=== PAUSE TestReadyMoveTask_Errors/invalid_task_ID_-_negative
=== RUN   TestReadyMoveTask_Errors/too_many_arguments
=== PAUSE TestReadyMoveTask_Errors/too_many_arguments
=== RUN   TestReadyMoveTask_Errors/invalid_flag_combination_-_json_and_quiet
=== PAUSE TestReadyMoveTask_Errors/invalid_flag_combination_-_json_and_quiet
=== CONT  TestListTask_PositionalArgEdgeCases
=== RUN   TestListTask_PositionalArgEdgeCases/multiple_positional_args_not_allowed
=== PAUSE TestListTask_PositionalArgEdgeCases/multiple_positional_args_not_allowed
=== RUN   TestListTask_PositionalArgEdgeCases/positional_arg_with_zero_value
=== PAUSE TestListTask_PositionalArgEdgeCases/positional_arg_with_zero_value
=== RUN   TestListTask_PositionalArgEdgeCases/positional_arg_with_negative_value
=== PAUSE TestListTask_PositionalArgEdgeCases/positional_arg_with_negative_value
=== CONT  TestListTask_PositionalArgVsFlag
=== RUN   TestListTask_PositionalArgVsFlag/positional_arg_and_flag_produce_same_JSON_output
=== PAUSE TestListTask_PositionalArgVsFlag/positional_arg_and_flag_produce_same_JSON_output
=== RUN   TestListTask_PositionalArgVsFlag/positional_arg_and_flag_produce_same_quiet_output
=== PAUSE TestListTask_PositionalArgVsFlag/positional_arg_and_flag_produce_same_quiet_output
=== RUN   TestListTask_PositionalArgVsFlag/positional_arg_and_flag_produce_same_human-readable_output
=== PAUSE TestListTask_PositionalArgVsFlag/positional_arg_and_flag_produce_same_human-readable_output
=== RUN   TestListTask_PositionalArgVsFlag/positional_arg_takes_precedence_over_flag
=== PAUSE TestListTask_PositionalArgVsFlag/positional_arg_takes_precedence_over_flag
=== RUN   TestListTask_PositionalArgVsFlag/invalid_positional_arg_shows_clear_error
=== PAUSE TestListTask_PositionalArgVsFlag/invalid_positional_arg_shows_clear_error
=== RUN   TestListTask_PositionalArgVsFlag/positional_arg_works_for_valid_project
=== PAUSE TestListTask_PositionalArgVsFlag/positional_arg_works_for_valid_project
=== RUN   TestListTask_PositionalArgVsFlag/empty_args_falls_back_to_flag_or_git_detection
=== PAUSE TestListTask_PositionalArgVsFlag/empty_args_falls_back_to_flag_or_git_detection
=== CONT  TestCommentTask_Errors
2026/02/11 20:56:51 OK   00002_add_performance_indexes.sql (915.91µs)
2026/02/11 20:56:51 OK   00003_add_git_branch_to_projects.sql (512.88µs)
2026/02/11 20:56:51 OK   00005_add_task_events.sql (209.56µs)
2026/02/11 20:56:51 OK   00006_add_assignees.sql (245.35µs)
2026/02/11 20:56:51 OK   00007_add_task_assignee.sql (2.9ms)
2026/02/11 20:56:51 OK   00008_fix_assignee_name_uniqueness.sql (4.5ms)
2026/02/11 20:56:51 goose: successfully migrated database to version: 8
=== RUN   TestReadyMoveTask/move_task_from_In_Progress_to_ready_column_-_default_output
=== PAUSE TestReadyMoveTask/move_task_from_In_Progress_to_ready_column_-_default_output
=== RUN   TestReadyMoveTask/move_task_from_Done_to_ready_column_-_default_output
=== PAUSE TestReadyMoveTask/move_task_from_Done_to_ready_column_-_default_output
=== RUN   TestReadyMoveTask/move_task_to_ready_column_-_quiet_mode_output
=== PAUSE TestReadyMoveTask/move_task_to_ready_column_-_quiet_mode_output
=== RUN   TestReadyMoveTask/move_task_to_ready_column_-_JSON_mode_output
=== PAUSE TestReadyMoveTask/move_task_to_ready_column_-_JSON_mode_output
=== RUN   TestReadyMoveTask/verify_column_transition_from_Done_to_ready_in_JSON
=== PAUSE TestReadyMoveTask/verify_column_transition_from_Done_to_ready_in_JSON
=== RUN   TestReadyMoveTask/task_already_in_ready_column_-_warning_to_stderr
=== PAUSE TestReadyMoveTask/task_already_in_ready_column_-_warning_to_stderr
=== RUN   TestReadyMoveTask/task_already_in_ready_column_-_default_output
=== PAUSE TestReadyMoveTask/task_already_in_ready_column_-_default_output
=== RUN   TestReadyMoveTask/verify_task_metadata_preserved_after_move
=== PAUSE TestReadyMoveTask/verify_task_metadata_preserved_after_move
=== RUN   TestReadyMoveTask/move_task_with_labels_-_labels_preserved
=== PAUSE TestReadyMoveTask/move_task_with_labels_-_labels_preserved
=== RUN   TestReadyMoveTask/move_task_with_relationships_-_relationships_preserved
=== PAUSE TestReadyMoveTask/move_task_with_relationships_-_relationships_preserved
=== RUN   TestReadyMoveTask/move_multiple_tasks_to_ready_column_in_sequence
=== PAUSE TestReadyMoveTask/move_multiple_tasks_to_ready_column_in_sequence
=== RUN   TestReadyMoveTask/move_task_with_blocking_relationship_preserved
=== PAUSE TestReadyMoveTask/move_task_with_blocking_relationship_preserved
=== RUN   TestReadyMoveTask/move_task_with_comments_preserved
=== PAUSE TestReadyMoveTask/move_task_with_comments_preserved
=== RUN   TestReadyMoveTask/verify_position_updated_when_moving_to_ready_column
=== PAUSE TestReadyMoveTask/verify_position_updated_when_moving_to_ready_column
=== CONT  TestLinkTask_Errors
2026/02/11 20:56:51 OK   00001_initial_schema.sql (1.96ms)
2026/02/11 20:56:51 OK   00002_add_performance_indexes.sql (1ms)
2026/02/11 20:56:51 OK   00003_add_git_branch_to_projects.sql (534.62µs)
2026/02/11 20:56:51 OK   00005_add_task_events.sql (244.06µs)
2026/02/11 20:56:51 OK   00006_add_assignees.sql (272.33µs)
2026/02/11 20:56:51 OK   00007_add_task_assignee.sql (489.54µs)
2026/02/11 20:56:51 OK   00008_fix_assignee_name_uniqueness.sql (1.96ms)
2026/02/11 20:56:51 goose: successfully migrated database to version: 8
=== RUN   TestReadyTask_Integration_Errors/missing_project_ID_-_no_flag_and_no_env_var
=== PAUSE TestReadyTask_Integration_Errors/missing_project_ID_-_no_flag_and_no_env_var
=== RUN   TestReadyTask_Integration_Errors/invalid_project_ID_-_non-existent_project
=== PAUSE TestReadyTask_Integration_Errors/invalid_project_ID_-_non-existent_project
=== RUN   TestReadyTask_Integration_Errors/project_with_no_ready_column
=== PAUSE TestReadyTask_Integration_Errors/project_with_no_ready_column
=== RUN   TestReadyTask_Integration_Errors/all_tasks_in_ready_column_are_blocked
=== PAUSE TestReadyTask_Integration_Errors/all_tasks_in_ready_column_are_blocked
=== CONT  TestLinkTask
2026/02/11 20:56:51 OK   00001_initial_schema.sql (2.02ms)
2026/02/11 20:56:51 OK   00002_add_performance_indexes.sql (826.16µs)
2026/02/11 20:56:51 OK   00003_add_git_branch_to_projects.sql (492.96µs)
2026/02/11 20:56:51 OK   00005_add_task_events.sql (215.15µs)
2026/02/11 20:56:51 OK   00006_add_assignees.sql (232.32µs)
2026/02/11 20:56:51 OK   00007_add_task_assignee.sql (478.24µs)
2026/02/11 20:56:51 OK   00008_fix_assignee_name_uniqueness.sql (1.81ms)
2026/02/11 20:56:51 goose: successfully migrated database to version: 8
=== RUN   TestReadyTask_Integration/list_ready_tasks_in_project_-_human-readable_mode
=== PAUSE TestReadyTask_Integration/list_ready_tasks_in_project_-_human-readable_mode
=== RUN   TestReadyTask_Integration/list_ready_tasks_-_no_ready_tasks_found
=== PAUSE TestReadyTask_Integration/list_ready_tasks_-_no_ready_tasks_found
=== RUN   TestReadyTask_Integration/list_ready_tasks_-_JSON_mode
=== PAUSE TestReadyTask_Integration/list_ready_tasks_-_JSON_mode
=== RUN   TestReadyTask_Integration/list_ready_tasks_-_quiet_mode
=== PAUSE TestReadyTask_Integration/list_ready_tasks_-_quiet_mode
=== RUN   TestReadyTask_Integration/blocked_tasks_do_NOT_appear_in_ready_list
=== PAUSE TestReadyTask_Integration/blocked_tasks_do_NOT_appear_in_ready_list
=== RUN   TestReadyTask_Integration/priority_display_in_human-readable_mode
=== PAUSE TestReadyTask_Integration/priority_display_in_human-readable_mode
=== RUN   TestReadyTask_Integration/ready_tasks_must_be_in_columns_with_holds_ready_tasks=true
=== PAUSE TestReadyTask_Integration/ready_tasks_must_be_in_columns_with_holds_ready_tasks=true
=== RUN   TestReadyTask_Integration/multiple_ready_tasks_with_labels
=== PAUSE TestReadyTask_Integration/multiple_ready_tasks_with_labels
=== RUN   TestReadyTask_Integration/jSON_output_contains_complete_task_structure
=== PAUSE TestReadyTask_Integration/jSON_output_contains_complete_task_structure
=== RUN   TestReadyTask_Integration/empty_JSON_response_with_no_ready_tasks
=== PAUSE TestReadyTask_Integration/empty_JSON_response_with_no_ready_tasks
=== RUN   TestReadyTask_Integration/empty_quiet_response_with_no_ready_tasks
=== PAUSE TestReadyTask_Integration/empty_quiet_response_with_no_ready_tasks
=== RUN   TestReadyTask_Integration/multiple_ready_tasks_ordered_by_position
=== PAUSE TestReadyTask_Integration/multiple_ready_tasks_ordered_by_position
=== RUN   TestReadyTask_Integration/complex_blocking_scenario_-_multiple_blockers
=== PAUSE TestReadyTask_Integration/complex_blocking_scenario_-_multiple_blockers
=== CONT  TestInProgressTask
2026/02/11 20:56:51 OK   00001_initial_schema.sql (2.66ms)
2026/02/11 20:56:51 OK   00002_add_performance_indexes.sql (855.38µs)
2026/02/11 20:56:51 OK   00003_add_git_branch_to_projects.sql (532.36µs)
2026/02/11 20:56:51 OK   00005_add_task_events.sql (255.87µs)
2026/02/11 20:56:51 OK   00006_add_assignees.sql (262.85µs)
2026/02/11 20:56:51 OK   00007_add_task_assignee.sql (510.42µs)
2026/02/11 20:56:51 OK   00008_fix_assignee_name_uniqueness.sql (1.84ms)
2026/02/11 20:56:51 goose: successfully migrated database to version: 8
2026/02/11 20:56:51 OK   00001_initial_schema.sql (1.85ms)
=== RUN   TestMoveTask_Integration_Errors/move_to_next_column_when_already_in_last_column
=== PAUSE TestMoveTask_Integration_Errors/move_to_next_column_when_already_in_last_column
=== RUN   TestMoveTask_Integration_Errors/move_to_prev_column_when_already_in_first_column
=== PAUSE TestMoveTask_Integration_Errors/move_to_prev_column_when_already_in_first_column
=== RUN   TestMoveTask_Integration_Errors/move_to_non-existent_column_by_name
=== PAUSE TestMoveTask_Integration_Errors/move_to_non-existent_column_by_name
=== RUN   TestMoveTask_Integration_Errors/move_non-existent_task
=== PAUSE TestMoveTask_Integration_Errors/move_non-existent_task
=== RUN   TestMoveTask_Integration_Errors/move_without_providing_task_ID_flag
=== PAUSE TestMoveTask_Integration_Errors/move_without_providing_task_ID_flag
=== RUN   TestMoveTask_Integration_Errors/move_without_providing_target_argument
=== PAUSE TestMoveTask_Integration_Errors/move_without_providing_target_argument
=== CONT  TestDoneTask_Integration_Errors
2026/02/11 20:56:51 OK   00002_add_performance_indexes.sql (928.28µs)
2026/02/11 20:56:51 OK   00003_add_git_branch_to_projects.sql (492.6µs)
2026/02/11 20:56:51 OK   00005_add_task_events.sql (237.27µs)
2026/02/11 20:56:51 OK   00006_add_assignees.sql (227.02µs)
2026/02/11 20:56:51 OK   00007_add_task_assignee.sql (424.64µs)
2026/02/11 20:56:51 OK   00008_fix_assignee_name_uniqueness.sql (1.93ms)
2026/02/11 20:56:51 goose: successfully migrated database to version: 8
=== RUN   TestMoveTask_Integration/move_to_next_column
=== PAUSE TestMoveTask_Integration/move_to_next_column
=== RUN   TestMoveTask_Integration/move_to_previous_column
=== PAUSE TestMoveTask_Integration/move_to_previous_column
=== RUN   TestMoveTask_Integration/move_to_specific_column_by_name
=== PAUSE TestMoveTask_Integration/move_to_specific_column_by_name
=== RUN   TestMoveTask_Integration/move_with_case-insensitive_column_name_-_lowercase
=== PAUSE TestMoveTask_Integration/move_with_case-insensitive_column_name_-_lowercase
=== RUN   TestMoveTask_Integration/move_with_case-insensitive_column_name_-_uppercase
=== PAUSE TestMoveTask_Integration/move_with_case-insensitive_column_name_-_uppercase
=== RUN   TestMoveTask_Integration/move_with_case-insensitive_column_name_-_mixed_case
=== PAUSE TestMoveTask_Integration/move_with_case-insensitive_column_name_-_mixed_case
=== RUN   TestMoveTask_Integration/quiet_mode_output
=== PAUSE TestMoveTask_Integration/quiet_mode_output
=== RUN   TestMoveTask_Integration/jSON_mode_output
=== PAUSE TestMoveTask_Integration/jSON_mode_output
=== RUN   TestMoveTask_Integration/verify_position_changes_when_moving_between_columns
=== PAUSE TestMoveTask_Integration/verify_position_changes_when_moving_between_columns
=== RUN   TestMoveTask_Integration/move_to_same_column_-_already_in_target
=== PAUSE TestMoveTask_Integration/move_to_same_column_-_already_in_target
=== RUN   TestMoveTask_Integration/move_multiple_times_in_sequence
=== PAUSE TestMoveTask_Integration/move_multiple_times_in_sequence
=== CONT  TestDoneTask_Integration
2026/02/11 20:56:51 OK   00001_initial_schema.sql (3.85ms)
2026/02/11 20:56:51 OK   00002_add_performance_indexes.sql (867.07µs)
2026/02/11 20:56:51 OK   00003_add_git_branch_to_projects.sql (537.67µs)
2026/02/11 20:56:51 OK   00005_add_task_events.sql (271.52µs)
2026/02/11 20:56:51 OK   00006_add_assignees.sql (268.98µs)
2026/02/11 20:56:51 OK   00007_add_task_assignee.sql (504.34µs)
2026/02/11 20:56:51 OK   00008_fix_assignee_name_uniqueness.sql (2.22ms)
2026/02/11 20:56:51 goose: successfully migrated database to version: 8
2026/02/11 20:56:51 OK   00001_initial_schema.sql (1.92ms)
=== RUN   TestCommentTask_Errors/missing_--id_flag
=== PAUSE TestCommentTask_Errors/missing_--id_flag
=== RUN   TestCommentTask_Errors/missing_--message_flag
=== PAUSE TestCommentTask_Errors/missing_--message_flag
=== RUN   TestCommentTask_Errors/invalid_task_ID_-_non-existent
=== PAUSE TestCommentTask_Errors/invalid_task_ID_-_non-existent
=== RUN   TestCommentTask_Errors/zero_task_ID
=== PAUSE TestCommentTask_Errors/zero_task_ID
=== RUN   TestCommentTask_Errors/negative_task_ID
=== PAUSE TestCommentTask_Errors/negative_task_ID
=== RUN   TestCommentTask_Errors/message_exceeds_1000_characters_-_1001_chars
=== PAUSE TestCommentTask_Errors/message_exceeds_1000_characters_-_1001_chars
=== RUN   TestCommentTask_Errors/message_exceeds_1000_characters_-_1500_chars
=== PAUSE TestCommentTask_Errors/message_exceeds_1000_characters_-_1500_chars
=== RUN   TestCommentTask_Errors/empty_author_string_is_valid
=== PAUSE TestCommentTask_Errors/empty_author_string_is_valid
=== RUN   TestCommentTask_Errors/both_JSON_and_quiet_flags_-_quiet_takes_precedence
=== PAUSE TestCommentTask_Errors/both_JSON_and_quiet_flags_-_quiet_takes_precedence
=== CONT  TestDeleteTask_Integration_Errors
2026/02/11 20:56:51 OK   00002_add_performance_indexes.sql (866.27µs)
2026/02/11 20:56:51 OK   00003_add_git_branch_to_projects.sql (485.32µs)
2026/02/11 20:56:51 OK   00005_add_task_events.sql (228.95µs)
2026/02/11 20:56:51 OK   00006_add_assignees.sql (218.58µs)
2026/02/11 20:56:51 OK   00007_add_task_assignee.sql (460.4µs)
2026/02/11 20:56:51 OK   00008_fix_assignee_name_uniqueness.sql (1.92ms)
2026/02/11 20:56:51 goose: successfully migrated database to version: 8
2026/02/11 20:56:51 OK   00001_initial_schema.sql (2ms)
=== RUN   TestLinkTask_Errors/missing_parent_flag
=== PAUSE TestLinkTask_Errors/missing_parent_flag
=== RUN   TestLinkTask_Errors/missing_child_flag
=== PAUSE TestLinkTask_Errors/missing_child_flag
=== RUN   TestLinkTask_Errors/both_blocker_and_related_flags_(mutually_exclusive)
=== PAUSE TestLinkTask_Errors/both_blocker_and_related_flags_(mutually_exclusive)
=== RUN   TestLinkTask_Errors/invalid_parent_ID_(non-existent_task)
=== PAUSE TestLinkTask_Errors/invalid_parent_ID_(non-existent_task)
=== RUN   TestLinkTask_Errors/invalid_child_ID_(non-existent_task)
=== PAUSE TestLinkTask_Errors/invalid_child_ID_(non-existent_task)
=== RUN   TestLinkTask_Errors/self-reference_(parent_equals_child)
=== PAUSE TestLinkTask_Errors/self-reference_(parent_equals_child)
=== RUN   TestLinkTask_Errors/circular_dependency_prevention
=== PAUSE TestLinkTask_Errors/circular_dependency_prevention
=== RUN   TestLinkTask_Errors/zero_parent_ID
=== PAUSE TestLinkTask_Errors/zero_parent_ID
=== RUN   TestLinkTask_Errors/zero_child_ID
=== PAUSE TestLinkTask_Errors/zero_child_ID
=== RUN   TestLinkTask_Errors/negative_parent_ID
=== PAUSE TestLinkTask_Errors/negative_parent_ID
=== RUN   TestLinkTask_Errors/negative_child_ID
=== PAUSE TestLinkTask_Errors/negative_child_ID
=== RUN   TestLinkTask_Errors/duplicate_link_(same_parent-child_pair)_-_idempotent
=== PAUSE TestLinkTask_Errors/duplicate_link_(same_parent-child_pair)_-_idempotent
=== CONT  TestDeleteTask_Integration
2026/02/11 20:56:51 OK   00002_add_performance_indexes.sql (1.41ms)
2026/02/11 20:56:51 OK   00003_add_git_branch_to_projects.sql (562.65µs)
2026/02/11 20:56:51 OK   00005_add_task_events.sql (244.36µs)
2026/02/11 20:56:51 OK   00006_add_assignees.sql (278.4µs)
2026/02/11 20:56:51 OK   00007_add_task_assignee.sql (584.66µs)
2026/02/11 20:56:51 OK   00008_fix_assignee_name_uniqueness.sql (1.78ms)
2026/02/11 20:56:51 goose: successfully migrated database to version: 8
2026/02/11 20:56:51 OK   00001_initial_schema.sql (2.01ms)
=== RUN   TestLinkTask/create_parent-child_relationship_(default)
=== PAUSE TestLinkTask/create_parent-child_relationship_(default)
=== RUN   TestLinkTask/create_blocking_relationship
=== PAUSE TestLinkTask/create_blocking_relationship
=== RUN   TestLinkTask/create_related_relationship
=== PAUSE TestLinkTask/create_related_relationship
=== RUN   TestLinkTask/link_with_JSON_output
=== PAUSE TestLinkTask/link_with_JSON_output
=== RUN   TestLinkTask/link_with_JSON_output_-_blocking_relationship
=== PAUSE TestLinkTask/link_with_JSON_output_-_blocking_relationship
=== RUN   TestLinkTask/link_with_JSON_output_-_related_relationship
=== PAUSE TestLinkTask/link_with_JSON_output_-_related_relationship
=== RUN   TestLinkTask/link_with_quiet_mode
=== PAUSE TestLinkTask/link_with_quiet_mode
=== RUN   TestLinkTask/multiple_links_from_same_parent
=== PAUSE TestLinkTask/multiple_links_from_same_parent
=== RUN   TestLinkTask/multiple_links_to_same_child
=== PAUSE TestLinkTask/multiple_links_to_same_child
=== RUN   TestLinkTask/verify_task_metadata_preserved_after_linking
=== PAUSE TestLinkTask/verify_task_metadata_preserved_after_linking
=== RUN   TestLinkTask/link_tasks_in_different_columns
=== PAUSE TestLinkTask/link_tasks_in_different_columns
=== RUN   TestLinkTask/link_with_mixed_relationship_types_to_same_parent
=== PAUSE TestLinkTask/link_with_mixed_relationship_types_to_same_parent
=== CONT  TestCreateTask
2026/02/11 20:56:51 OK   00002_add_performance_indexes.sql (919.85µs)
2026/02/11 20:56:51 OK   00003_add_git_branch_to_projects.sql (508.55µs)
2026/02/11 20:56:51 OK   00005_add_task_events.sql (258.52µs)
2026/02/11 20:56:52 OK   00006_add_assignees.sql (292.66µs)
2026/02/11 20:56:52 OK   00007_add_task_assignee.sql (461.94µs)
2026/02/11 20:56:52 OK   00008_fix_assignee_name_uniqueness.sql (1.8ms)
2026/02/11 20:56:52 goose: successfully migrated database to version: 8
=== RUN   TestInProgressTask/mark_task_as_in-progress
=== PAUSE TestInProgressTask/mark_task_as_in-progress
=== RUN   TestInProgressTask/mark_task_as_in-progress_-_quiet_mode
=== PAUSE TestInProgressTask/mark_task_as_in-progress_-_quiet_mode
=== RUN   TestInProgressTask/mark_task_as_in-progress_-_JSON_mode
=== PAUSE TestInProgressTask/mark_task_as_in-progress_-_JSON_mode
=== RUN   TestInProgressTask/list_in-progress_tasks
=== PAUSE TestInProgressTask/list_in-progress_tasks
=== RUN   TestInProgressTask/list_in-progress_tasks_-_quiet_mode
=== PAUSE TestInProgressTask/list_in-progress_tasks_-_quiet_mode
=== RUN   TestInProgressTask/list_in-progress_tasks_-_JSON_mode
=== PAUSE TestInProgressTask/list_in-progress_tasks_-_JSON_mode
=== RUN   TestInProgressTask/task_already_in_in-progress_column
=== PAUSE TestInProgressTask/task_already_in_in-progress_column
=== RUN   TestInProgressTask/multiple_tasks_moved_to_in-progress
=== PAUSE TestInProgressTask/multiple_tasks_moved_to_in-progress
=== RUN   TestInProgressTask/list_in-progress_tasks_with_different_priorities
=== PAUSE TestInProgressTask/list_in-progress_tasks_with_different_priorities
=== RUN   TestInProgressTask/list_in-progress_tasks_with_blocked_status
=== PAUSE TestInProgressTask/list_in-progress_tasks_with_blocked_status
=== RUN   TestInProgressTask/list_empty_in-progress_tasks
=== PAUSE TestInProgressTask/list_empty_in-progress_tasks
=== RUN   TestInProgressTask/move_task_with_labels_to_in-progress
=== PAUSE TestInProgressTask/move_task_with_labels_to_in-progress
=== RUN   TestInProgressTask/move_task_from_different_column_to_in-progress
=== PAUSE TestInProgressTask/move_task_from_different_column_to_in-progress
=== RUN   TestInProgressTask/move_task_with_description_to_in-progress
=== PAUSE TestInProgressTask/move_task_with_description_to_in-progress
=== RUN   TestInProgressTask/list_in-progress_tasks_in_JSON_with_complete_structure
=== PAUSE TestInProgressTask/list_in-progress_tasks_in_JSON_with_complete_structure
=== CONT  TestCommentTask
2026/02/11 20:56:52 OK   00001_initial_schema.sql (3.55ms)
2026/02/11 20:56:52 OK   00002_add_performance_indexes.sql (1ms)
2026/02/11 20:56:52 OK   00003_add_git_branch_to_projects.sql (582.6µs)
2026/02/11 20:56:52 OK   00005_add_task_events.sql (278.83µs)
2026/02/11 20:56:52 OK   00006_add_assignees.sql (251.19µs)
2026/02/11 20:56:52 OK   00007_add_task_assignee.sql (528.29µs)
2026/02/11 20:56:52 OK   00008_fix_assignee_name_uniqueness.sql (1.83ms)
2026/02/11 20:56:52 goose: successfully migrated database to version: 8
=== RUN   TestDoneTask_Integration_Errors/invalid_task_ID_-_non-numeric
=== PAUSE TestDoneTask_Integration_Errors/invalid_task_ID_-_non-numeric
2026/02/11 20:56:52 OK   00001_initial_schema.sql (1.95ms)
2026/02/11 20:56:52 OK   00002_add_performance_indexes.sql (814.06µs)
2026/02/11 20:56:52 OK   00003_add_git_branch_to_projects.sql (472.98µs)
2026/02/11 20:56:52 OK   00005_add_task_events.sql (221.86µs)
=== CONT  TestBlockedTask_Errors
2026/02/11 20:56:52 OK   00006_add_assignees.sql (505.26µs)
2026/02/11 20:56:52 OK   00007_add_task_assignee.sql (554.8µs)
2026/02/11 20:56:52 OK   00008_fix_assignee_name_uniqueness.sql (2.06ms)
2026/02/11 20:56:52 goose: successfully migrated database to version: 8
2026/02/11 20:56:52 OK   00001_initial_schema.sql (2.02ms)
=== RUN   TestDoneTask_Integration/mark_task_as_done_-_default_output
2026/02/11 20:56:52 OK   00002_add_performance_indexes.sql (1.33ms)
=== PAUSE TestDoneTask_Integration/mark_task_as_done_-_default_output
=== RUN   TestDoneTask_Integration/mark_task_as_done_-_quiet_mode_output
=== PAUSE TestDoneTask_Integration/mark_task_as_done_-_quiet_mode_output
=== RUN   TestDoneTask_Integration/mark_task_as_done_-_JSON_mode_output
=== PAUSE TestDoneTask_Integration/mark_task_as_done_-_JSON_mode_output
=== RUN   TestDoneTask_Integration/verify_column_transition_from_In_Progress_to_Done
2026/02/11 20:56:52 OK   00003_add_git_branch_to_projects.sql (825.41µs)
2026/02/11 20:56:52 OK   00005_add_task_events.sql (208.68µs)
2026/02/11 20:56:52 OK   00006_add_assignees.sql (245.35µs)
=== PAUSE TestDoneTask_Integration/verify_column_transition_from_In_Progress_to_Done
=== RUN   TestDoneTask_Integration/task_already_in_completed_column
=== PAUSE TestDoneTask_Integration/task_already_in_completed_column
=== RUN   TestDoneTask_Integration/multiple_tasks_marked_done
=== PAUSE TestDoneTask_Integration/multiple_tasks_marked_done
=== CONT  TestBlockedTask
2026/02/11 20:56:52 OK   00007_add_task_assignee.sql (679.72µs)
2026/02/11 20:56:52 OK   00008_fix_assignee_name_uniqueness.sql (1.79ms)
2026/02/11 20:56:52 goose: successfully migrated database to version: 8
=== RUN   TestDeleteTask_Integration_Errors/missing_task_ID
2026/02/11 20:56:52 OK   00001_initial_schema.sql (1.95ms)
=== PAUSE TestDeleteTask_Integration_Errors/missing_task_ID
=== RUN   TestDeleteTask_Integration_Errors/invalid_task_ID_'abc'
=== PAUSE TestDeleteTask_Integration_Errors/invalid_task_ID_'abc'
=== RUN   TestDeleteTask_Integration_Errors/non-existent_ID_999999
=== PAUSE TestDeleteTask_Integration_Errors/non-existent_ID_999999
=== RUN   TestDeleteTask_Integration_Errors/negative_task_ID_-1
=== PAUSE TestDeleteTask_Integration_Errors/negative_task_ID_-1
=== CONT  TestAssignTask_Errors
2026/02/11 20:56:52 OK   00002_add_performance_indexes.sql (1.06ms)
2026/02/11 20:56:52 OK   00003_add_git_branch_to_projects.sql (456.25µs)
2026/02/11 20:56:52 OK   00005_add_task_events.sql (208.56µs)
2026/02/11 20:56:52 OK   00006_add_assignees.sql (235.2µs)
2026/02/11 20:56:52 OK   00007_add_task_assignee.sql (453.23µs)
2026/02/11 20:56:52 OK   00008_fix_assignee_name_uniqueness.sql (6.84ms)
2026/02/11 20:56:52 goose: successfully migrated database to version: 8
=== RUN   TestDeleteTask_Integration/delete_task_with_force_flag
=== PAUSE TestDeleteTask_Integration/delete_task_with_force_flag
=== RUN   TestDeleteTask_Integration/delete_task_with_quiet_flag
=== PAUSE TestDeleteTask_Integration/delete_task_with_quiet_flag
=== RUN   TestDeleteTask_Integration/delete_task_with_json_flag
=== PAUSE TestDeleteTask_Integration/delete_task_with_json_flag
=== RUN   TestDeleteTask_Integration/delete_task_with_parent-child_relationships
=== PAUSE TestDeleteTask_Integration/delete_task_with_parent-child_relationships
=== RUN   TestDeleteTask_Integration/delete_task_with_blocking_relationships
=== PAUSE TestDeleteTask_Integration/delete_task_with_blocking_relationships
=== RUN   TestDeleteTask_Integration/delete_task_with_labels
=== PAUSE TestDeleteTask_Integration/delete_task_with_labels
=== RUN   TestDeleteTask_Integration/delete_multiple_tasks
=== PAUSE TestDeleteTask_Integration/delete_multiple_tasks
=== RUN   TestDeleteTask_Integration/delete_task_with_comments
=== PAUSE TestDeleteTask_Integration/delete_task_with_comments
=== RUN   TestDeleteTask_Integration/delete_task_with_complex_relationships
=== PAUSE TestDeleteTask_Integration/delete_task_with_complex_relationships
=== CONT  TestAssignTask/assign_user_to_task
--- FAIL: TestAssignTask (0.18s)
    --- FAIL: TestAssignTask/assign_user_to_task (0.00s)
panic: testing: t.Parallel called multiple times [recovered, repanicked]

goroutine 72 [running]:
testing.tRunner.func1.2({0xa88920, 0xc2ce30})
	/usr/lib/go/src/testing/testing.go:1872 +0x237
testing.tRunner.func1()
	/usr/lib/go/src/testing/testing.go:1875 +0x35b
panic({0xa88920?, 0xc2ce30?})
	/usr/lib/go/src/runtime/panic.go:783 +0x132
testing.(*T).Parallel(0xc000103180?)
	/usr/lib/go/src/testing/testing.go:1665 +0x3e5
github.com/thenoetrevino/paso/internal/cli/task/integration_test.TestAssignTask.func1(0xc000103180)
	/home/noetrevino/projects/new-paso/tests/internal/cli/task/integration/assign_integration_test.go:28 +0x6a
testing.tRunner(0xc000103180, 0xc0001b45d0)
	/usr/lib/go/src/testing/testing.go:1934 +0xea
created by testing.(*T).Run in goroutine 8
	/usr/lib/go/src/testing/testing.go:1997 +0x465
FAIL	github.com/thenoetrevino/paso/internal/cli/task/integration	0.180s
=== RUN   TestCreateTask_Errors
=== PAUSE TestCreateTask_Errors
=== CONT  TestCreateTask_Errors
2026/02/11 20:56:51 OK   00001_initial_schema.sql (2.19ms)
2026/02/11 20:56:51 OK   00002_add_performance_indexes.sql (873.64µs)
2026/02/11 20:56:51 OK   00003_add_git_branch_to_projects.sql (542.71µs)
2026/02/11 20:56:51 OK   00005_add_task_events.sql (249.44µs)
2026/02/11 20:56:51 OK   00006_add_assignees.sql (266.53µs)
2026/02/11 20:56:51 OK   00007_add_task_assignee.sql (576.58µs)
2026/02/11 20:56:51 OK   00008_fix_assignee_name_uniqueness.sql (2.28ms)
2026/02/11 20:56:51 goose: successfully migrated database to version: 8
=== RUN   TestCreateTask_Errors/create_task_with_invalid_column
=== PAUSE TestCreateTask_Errors/create_task_with_invalid_column
=== RUN   TestCreateTask_Errors/create_task_missing_title
=== PAUSE TestCreateTask_Errors/create_task_missing_title
=== CONT  TestCreateTask_Errors/create_task_with_invalid_column
=== CONT  TestCreateTask_Errors/create_task_missing_title
--- FAIL: TestCreateTask_Errors (0.02s)
    --- FAIL: TestCreateTask_Errors/create_task_with_invalid_column (0.00s)
    --- FAIL: TestCreateTask_Errors/create_task_missing_title (0.00s)
panic: testing: t.Parallel called multiple times [recovered, repanicked]

goroutine 26 [running]:
testing.tRunner.func1.2({0x9ee900, 0xb6d320})
	/usr/lib/go/src/testing/testing.go:1872 +0x237
testing.tRunner.func1()
	/usr/lib/go/src/testing/testing.go:1875 +0x35b
panic({0x9ee900?, 0xb6d320?})
	/usr/lib/go/src/runtime/panic.go:783 +0x132
testing.(*T).Parallel(0xc000102a80?)
	/usr/lib/go/src/testing/testing.go:1665 +0x3e5
github.com/thenoetrevino/paso/internal/cli/task/negative_test.TestCreateTask_Errors.func2(0xc000102a80)
	/home/noetrevino/projects/new-paso/tests/internal/cli/task/negative/create_negative_test.go:44 +0x46
testing.tRunner(0xc000102a80, 0xc0000122a0)
	/usr/lib/go/src/testing/testing.go:1934 +0xea
created by testing.(*T).Run in goroutine 8
	/usr/lib/go/src/testing/testing.go:1997 +0x465
FAIL	github.com/thenoetrevino/paso/internal/cli/task/negative	0.015s
=== RUN   TestCommentTask_BasicCreate
=== PAUSE TestCommentTask_BasicCreate
=== RUN   TestCommentTask_Quiet
=== PAUSE TestCommentTask_Quiet
=== RUN   TestCommentTask_JSON
=== PAUSE TestCommentTask_JSON
=== RUN   TestCommentTask_CustomAuthor
=== PAUSE TestCommentTask_CustomAuthor
=== RUN   TestCommentTask_TaskNotFound
=== PAUSE TestCommentTask_TaskNotFound
=== RUN   TestCommentTask_MissingTaskID
=== PAUSE TestCommentTask_MissingTaskID
=== RUN   TestCommentTask_MissingMessage
=== PAUSE TestCommentTask_MissingMessage
=== RUN   TestCreateTask_BasicCreate
=== PAUSE TestCreateTask_BasicCreate
=== RUN   TestCreateTask_Quiet
=== PAUSE TestCreateTask_Quiet
=== RUN   TestCreateTask_JSON
=== PAUSE TestCreateTask_JSON
=== RUN   TestCreateTask_MissingTitle
=== PAUSE TestCreateTask_MissingTitle
=== RUN   TestCreateTask_ServiceError
=== PAUSE TestCreateTask_ServiceError
=== RUN   TestCreateTask_ProjectNotFound
=== PAUSE TestCreateTask_ProjectNotFound
=== RUN   TestCreateTask_WithDescription
=== PAUSE TestCreateTask_WithDescription
=== RUN   TestCreateTask_WithPriority
=== PAUSE TestCreateTask_WithPriority
=== RUN   TestDeleteTask
=== PAUSE TestDeleteTask
=== RUN   TestListTask
=== PAUSE TestListTask
=== RUN   TestMoveTask
=== PAUSE TestMoveTask
=== RUN   TestDoneTask
=== PAUSE TestDoneTask
=== RUN   TestReadyTask
=== PAUSE TestReadyTask
=== RUN   TestShowTask
=== PAUSE TestShowTask
=== RUN   TestUpdateTask
=== PAUSE TestUpdateTask
=== CONT  TestCommentTask_BasicCreate
=== CONT  TestCreateTask_ServiceError
=== CONT  TestUpdateTask
=== RUN   TestUpdateTask/Update_title
=== PAUSE TestUpdateTask/Update_title
=== RUN   TestUpdateTask/Update_description
=== PAUSE TestUpdateTask/Update_description
=== RUN   TestUpdateTask/Update_priority
=== PAUSE TestUpdateTask/Update_priority
=== RUN   TestUpdateTask/Update_with_quiet_flag
=== PAUSE TestUpdateTask/Update_with_quiet_flag
=== RUN   TestUpdateTask/Update_with_json_flag
=== PAUSE TestUpdateTask/Update_with_json_flag
=== RUN   TestUpdateTask/Missing_task_ID
=== PAUSE TestUpdateTask/Missing_task_ID
=== RUN   TestUpdateTask/Invalid_task_ID
=== PAUSE TestUpdateTask/Invalid_task_ID
=== RUN   TestUpdateTask/Service_error_on_UpdateTask
=== PAUSE TestUpdateTask/Service_error_on_UpdateTask
=== RUN   TestUpdateTask/No_flags_provided
=== PAUSE TestUpdateTask/No_flags_provided
=== CONT  TestUpdateTask/Update_title
--- FAIL: TestUpdateTask (0.00s)
    --- FAIL: TestUpdateTask/Update_title (0.00s)
=== CONT  TestCommentTask_MissingMessage
panic: testing: t.Parallel called multiple times [recovered, repanicked]

goroutine 34 [running]:
testing.tRunner.func1.2({0xa56f60, 0xbf4b10})
	/usr/lib/go/src/testing/testing.go:1872 +0x237
testing.tRunner.func1()
	/usr/lib/go/src/testing/testing.go:1875 +0x35b
panic({0xa56f60?, 0xbf4b10?})
	/usr/lib/go/src/runtime/panic.go:783 +0x132
testing.(*T).Parallel(0xc00023a000?)
	/usr/lib/go/src/testing/testing.go:1665 +0x3e5
github.com/thenoetrevino/paso/internal/cli/task/unit_test.TestUpdateTask.func8(0xc00023a000)
	/home/noetrevino/projects/new-paso/tests/internal/cli/task/unit/update_unit_test.go:116 +0x3f
testing.tRunner(0xc00023a000, 0xc00021a200)
	/usr/lib/go/src/testing/testing.go:1934 +0xea
created by testing.(*T).Run in goroutine 30
	/usr/lib/go/src/testing/testing.go:1997 +0x465
FAIL	github.com/thenoetrevino/paso/internal/cli/task/unit	0.010s
=== RUN   TestTutorialCmd
=== RUN   TestTutorialCmd/outputs_tutorial_content
=== RUN   TestTutorialCmd/command_metadata_is_correct
--- PASS: TestTutorialCmd (0.00s)
    --- PASS: TestTutorialCmd/outputs_tutorial_content (0.00s)
    --- PASS: TestTutorialCmd/command_metadata_is_correct (0.00s)
PASS
ok  	github.com/thenoetrevino/paso/internal/cli/tutorial	0.004s
=== RUN   TestDefaultKeyMappings
--- PASS: TestDefaultKeyMappings (0.00s)
=== RUN   TestLoadConfigWithoutFile
--- PASS: TestLoadConfigWithoutFile (0.00s)
=== RUN   TestLoadConfigWithFile
2026/02/11 20:56:51 WARN config file has permissive permissions path=/tmp/TestLoadConfigWithFile1965359443/001/paso/config.yaml current=644 recommended=0600 fix="chmod 600 /tmp/TestLoadConfigWithFile1965359443/001/paso/config.yaml"
--- PASS: TestLoadConfigWithFile (0.00s)
=== RUN   TestSaveConfig
--- PASS: TestSaveConfig (0.00s)
=== RUN   TestThemeFileLoading
2026/02/11 20:56:51 WARN config file has permissive permissions path=/home/noetrevino/.config/paso/config.yaml current=644 recommended=0600 fix="chmod 600 /home/noetrevino/.config/paso/config.yaml"
--- PASS: TestThemeFileLoading (0.00s)
PASS
ok  	github.com/thenoetrevino/paso/internal/config	0.004s
=== RUN   TestGetPreset
=== PAUSE TestGetPreset
=== RUN   TestGetPreset_AllPresetsFullyPopulated
=== PAUSE TestGetPreset_AllPresetsFullyPopulated
=== RUN   TestMergeFrom_NonEmptyValuesOverride
=== PAUSE TestMergeFrom_NonEmptyValuesOverride
=== RUN   TestMergeFrom_EmptyValuesDoNotOverride
=== PAUSE TestMergeFrom_EmptyValuesDoNotOverride
=== RUN   TestMergeFrom_PartialOverride
=== PAUSE TestMergeFrom_PartialOverride
=== RUN   TestApplyDefaults_EmptySchemeGetsAllDefaults
=== PAUSE TestApplyDefaults_EmptySchemeGetsAllDefaults
=== RUN   TestApplyDefaults_CustomValuesNotOverridden
=== PAUSE TestApplyDefaults_CustomValuesNotOverridden
=== RUN   TestApplyDefaults_UsesNamedPreset
=== PAUSE TestApplyDefaults_UsesNamedPreset
=== RUN   TestApplyDefaults_CustomValueWithPreset
=== PAUSE TestApplyDefaults_CustomValueWithPreset
=== RUN   TestPresetConstructors_ReturnDistinctSchemes
=== PAUSE TestPresetConstructors_ReturnDistinctSchemes
=== CONT  TestGetPreset
=== RUN   TestGetPreset/default_preset
=== PAUSE TestGetPreset/default_preset
=== RUN   TestGetPreset/empty_string_returns_default
=== PAUSE TestGetPreset/empty_string_returns_default
=== RUN   TestGetPreset/wave_preset
=== PAUSE TestGetPreset/wave_preset
=== RUN   TestGetPreset/dragon_preset
=== PAUSE TestGetPreset/dragon_preset
=== RUN   TestGetPreset/lotus_preset
=== PAUSE TestGetPreset/lotus_preset
=== RUN   TestGetPreset/monochrome_preset
=== PAUSE TestGetPreset/monochrome_preset
=== RUN   TestGetPreset/unknown_name_falls_back_to_default
=== PAUSE TestGetPreset/unknown_name_falls_back_to_default
=== RUN   TestGetPreset/random_string_falls_back_to_default
=== PAUSE TestGetPreset/random_string_falls_back_to_default
=== CONT  TestGetPreset/default_preset
--- FAIL: TestGetPreset (0.00s)
    --- FAIL: TestGetPreset/default_preset (0.00s)
panic: testing: t.Parallel called multiple times [recovered, repanicked]

goroutine 33 [running]:
testing.tRunner.func1.2({0x604ba0, 0x6ac720})
	/usr/lib/go/src/testing/testing.go:1872 +0x237
testing.tRunner.func1()
	/usr/lib/go/src/testing/testing.go:1875 +0x35b
panic({0x604ba0?, 0x6ac720?})
	/usr/lib/go/src/runtime/panic.go:783 +0x132
testing.(*T).Parallel(0xc00019f880?)
	/usr/lib/go/src/testing/testing.go:1665 +0x3e5
github.com/thenoetrevino/paso/internal/config/colors.TestGetPreset.func1(0xc00019f880)
	/home/noetrevino/projects/new-paso/tests/internal/config/colors/scheme_test.go:63 +0x2f
testing.tRunner(0xc00019f880, 0xc000114cc0)
	/usr/lib/go/src/testing/testing.go:1934 +0xea
created by testing.(*T).Run in goroutine 23
	/usr/lib/go/src/testing/testing.go:1997 +0x465
FAIL	github.com/thenoetrevino/paso/internal/config/colors	0.005s
=== RUN   TestColumnToModel
=== PAUSE TestColumnToModel
=== RUN   TestColumnFromIDRowToModel
=== PAUSE TestColumnFromIDRowToModel
=== RUN   TestColumnsFromRowsToModels
=== PAUSE TestColumnsFromRowsToModels
=== RUN   TestLabelToModel
=== PAUSE TestLabelToModel
=== RUN   TestLabelsToModels
=== PAUSE TestLabelsToModels
=== RUN   TestLabelsToModels_NilSlice
=== PAUSE TestLabelsToModels_NilSlice
=== RUN   TestLabelsToModels_PreservesOrder
=== PAUSE TestLabelsToModels_PreservesOrder
=== RUN   TestLabelToModel_TypeConversion
=== PAUSE TestLabelToModel_TypeConversion
=== RUN   TestTaskToModel
=== PAUSE TestTaskToModel
=== RUN   TestParentTasksToReferences
=== PAUSE TestParentTasksToReferences
=== RUN   TestChildTasksToReferences
=== PAUSE TestChildTasksToReferences
=== RUN   TestCommentsToModels
=== PAUSE TestCommentsToModels
=== RUN   TestParseLabelsFromConcatenated
=== PAUSE TestParseLabelsFromConcatenated
=== RUN   TestTaskSummaryFromRowToModel
=== PAUSE TestTaskSummaryFromRowToModel
=== RUN   TestReadyTaskSummaryFromRowToModel
=== PAUSE TestReadyTaskSummaryFromRowToModel
=== RUN   TestFilteredTaskSummaryFromRowToModel
=== PAUSE TestFilteredTaskSummaryFromRowToModel
=== CONT  TestColumnToModel
=== RUN   TestColumnToModel/basic_column_with_all_flags_false
=== PAUSE TestColumnToModel/basic_column_with_all_flags_false
=== RUN   TestColumnToModel/column_with_prev_id_only
=== PAUSE TestColumnToModel/column_with_prev_id_only
=== RUN   TestColumnToModel/column_with_next_id_only
=== PAUSE TestColumnToModel/column_with_next_id_only
=== RUN   TestColumnToModel/column_with_both_prev_id_and_next_id
=== PAUSE TestColumnToModel/column_with_both_prev_id_and_next_id
=== RUN   TestColumnToModel/completed_column_with_holds_completed_tasks_flag
=== PAUSE TestColumnToModel/completed_column_with_holds_completed_tasks_flag
=== RUN   TestColumnToModel/column_with_all_flags_true
=== PAUSE TestColumnToModel/column_with_all_flags_true
=== RUN   TestColumnToModel/empty_name_column
=== PAUSE TestColumnToModel/empty_name_column
=== RUN   TestColumnToModel/column_with_max_int64_values
=== PAUSE TestColumnToModel/column_with_max_int64_values
=== RUN   TestColumnToModel/column_with_zero_IDs
=== PAUSE TestColumnToModel/column_with_zero_IDs
=== CONT  TestColumnToModel/basic_column_with_all_flags_false
--- FAIL: TestColumnToModel (0.00s)
    --- FAIL: TestColumnToModel/basic_column_with_all_flags_false (0.00s)
=== CONT  TestLabelsToModels_PreservesOrder
--- PASS: TestLabelsToModels_PreservesOrder (0.00s)
panic: testing: t.Parallel called multiple times [recovered, repanicked]

goroutine 25 [running]:
testing.tRunner.func1.2({0x616e20, 0x6c4fe0})
	/usr/lib/go/src/testing/testing.go:1872 +0x237
testing.tRunner.func1()
	/usr/lib/go/src/testing/testing.go:1875 +0x35b
panic({0x616e20?, 0x6c4fe0?})
	/usr/lib/go/src/runtime/panic.go:783 +0x132
testing.(*T).Parallel(0xc00017e1c0?)
	/usr/lib/go/src/testing/testing.go:1665 +0x3e5
github.com/thenoetrevino/paso/internal/converters.TestColumnToModel.func1(0xc00017e1c0)
	/home/noetrevino/projects/new-paso/tests/internal/converters/column_test.go:233 +0x3c
testing.tRunner(0xc00017e1c0, 0xc000145ea0)
	/usr/lib/go/src/testing/testing.go:1934 +0xea
created by testing.(*T).Run in goroutine 8
	/usr/lib/go/src/testing/testing.go:1997 +0x465
FAIL	github.com/thenoetrevino/paso/internal/converters	0.006s
=== RUN   TestNewMetrics
=== PAUSE TestNewMetrics
=== RUN   TestIncEventsSent
=== PAUSE TestIncEventsSent
=== RUN   TestIncEventsReceived
=== PAUSE TestIncEventsReceived
=== RUN   TestIncReconnections
=== PAUSE TestIncReconnections
=== RUN   TestIncRefreshesTotal
=== PAUSE TestIncRefreshesTotal
=== RUN   TestSetConnectedClients
=== PAUSE TestSetConnectedClients
=== RUN   TestGetSnapshot
=== PAUSE TestGetSnapshot
=== RUN   TestMetricsConcurrency_AllOperations
=== PAUSE TestMetricsConcurrency_AllOperations
=== RUN   TestMetricsConcurrency_ReadWhileWrite
=== PAUSE TestMetricsConcurrency_ReadWhileWrite
=== RUN   TestMetricsSnapshot_IsImmutable
=== PAUSE TestMetricsSnapshot_IsImmutable
=== RUN   TestBroadcast_SingleClient
=== PAUSE TestBroadcast_SingleClient
=== RUN   TestBroadcast_MultipleClients
=== PAUSE TestBroadcast_MultipleClients
=== RUN   TestBroadcast_SubscriptionFiltering
=== PAUSE TestBroadcast_SubscriptionFiltering
=== RUN   TestBroadcast_AllProjects
=== PAUSE TestBroadcast_AllProjects
=== RUN   TestBroadcast_SequenceNumbers
=== PAUSE TestBroadcast_SequenceNumbers
=== RUN   TestClientConnection_Single
=== PAUSE TestClientConnection_Single
=== RUN   TestClientConnection_Multiple
=== PAUSE TestClientConnection_Multiple
=== RUN   TestClientDisconnection
=== PAUSE TestClientDisconnection
=== RUN   TestNewServer_Success
=== PAUSE TestNewServer_Success
=== RUN   TestNewServer_DirectoryCreation
=== PAUSE TestNewServer_DirectoryCreation
=== RUN   TestNewServer_StaleSocketCleanup
=== PAUSE TestNewServer_StaleSocketCleanup
=== RUN   TestNewServer_EnvVarConfiguration
    server_init_test.go:88: Server created with custom buffer sizes from env vars
2026/02/11 20:56:52 INFO shutting down daemon
--- PASS: TestNewServer_EnvVarConfiguration (0.00s)
=== RUN   TestShutdown_GracefulClose
=== PAUSE TestShutdown_GracefulClose
=== RUN   TestShutdown_Idempotent
=== PAUSE TestShutdown_Idempotent
=== RUN   TestSubscription_Switching
=== PAUSE TestSubscription_Switching
=== RUN   TestSubscription_ProjectZeroHandling
=== PAUSE TestSubscription_ProjectZeroHandling
=== CONT  TestNewMetrics
    metrics_test.go:28: Metrics initialized correctly: {EventsSent:0 EventsReceived:0 Reconnections:0 RefreshesTotal:0 ConnectedClients:0 StartTime:2026-02-11 20:56:52.210773211 -0600 CST m=+0.000988857 Uptime:4.941µs}
--- PASS: TestNewMetrics (0.00s)
=== CONT  TestSubscription_ProjectZeroHandling
2026/02/11 20:56:52 INFO daemon starting, listening on socketPath=/tmp/TestSubscription_ProjectZeroHandling4233055213/001/test-paso.sock
=== CONT  TestSubscription_Switching
2026/02/11 20:56:52 INFO daemon starting, listening on socketPath=/tmp/TestSubscription_Switching103400014/001/test-paso.sock
=== CONT  TestShutdown_Idempotent
2026/02/11 20:56:52 INFO shutting down daemon
    server_shutdown_test.go:53: Shutdown is idempotent
--- PASS: TestShutdown_Idempotent (0.00s)
=== CONT  TestShutdown_GracefulClose
2026/02/11 20:56:52 INFO daemon starting, listening on socketPath=/tmp/TestShutdown_GracefulClose4247538797/001/test-paso.sock
=== CONT  TestNewServer_StaleSocketCleanup
    server_init_test.go:74: Stale socket cleaned up successfully
2026/02/11 20:56:52 INFO shutting down daemon
--- PASS: TestNewServer_StaleSocketCleanup (0.00s)
=== CONT  TestNewServer_DirectoryCreation
    server_init_test.go:49: Nested directories created successfully: /tmp/TestNewServer_DirectoryCreation2342556522/001/nested/subdirs/paso.sock
2026/02/11 20:56:52 INFO shutting down daemon
--- PASS: TestNewServer_DirectoryCreation (0.00s)
=== CONT  TestNewServer_Success
    server_init_test.go:27: Server created successfully at /tmp/TestNewServer_Success2269770026/001/test-paso.sock
2026/02/11 20:56:52 INFO shutting down daemon
--- PASS: TestNewServer_Success (0.00s)
=== CONT  TestClientDisconnection
2026/02/11 20:56:52 INFO daemon starting, listening on socketPath=/tmp/TestClientDisconnection2234640212/001/test-paso.sock
=== CONT  TestClientConnection_Multiple
2026/02/11 20:56:52 INFO daemon starting, listening on socketPath=/tmp/TestClientConnection_Multiple2375167636/001/test-paso.sock
=== CONT  TestClientConnection_Single
2026/02/11 20:56:52 INFO daemon starting, listening on socketPath=/tmp/TestClientConnection_Single2048711895/001/test-paso.sock
=== NAME  TestSubscription_ProjectZeroHandling
    server_subscription_test.go:104: === Server State: initial ===
    server_subscription_test.go:104:   Server: 0xc00012c2c0
    server_subscription_test.go:104: ========================
=== NAME  TestSubscription_Switching
    server_subscription_test.go:22: === Server State: initial ===
    server_subscription_test.go:22:   Server: 0xc00012c370
    server_subscription_test.go:22: ========================
2026/02/11 20:56:52 INFO client connected total_clients=1
2026/02/11 20:56:52 INFO client connected total_clients=1
2026/02/11 20:56:52 INFO client connected total_clients=1
2026/02/11 20:56:52 INFO client connected total_clients=2
2026/02/11 20:56:52 INFO client connected total_clients=1
2026/02/11 20:56:52 INFO client subscribed to project projectID=0
2026/02/11 20:56:52 INFO client connected total_clients=2
2026/02/11 20:56:52 INFO client connected total_clients=1
2026/02/11 20:56:52 INFO client subscribed to project projectID=0
2026/02/11 20:56:52 INFO client subscribed to project projectID=1
2026/02/11 20:56:52 INFO client subscribed to project projectID=0
2026/02/11 20:56:52 INFO client subscribed to project projectID=0
2026/02/11 20:56:52 INFO client subscribed to project projectID=0
2026/02/11 20:56:52 INFO client subscribed to project projectID=1
2026/02/11 20:56:52 INFO client connected total_clients=1
2026/02/11 20:56:52 INFO client subscribed to project projectID=0
2026/02/11 20:56:52 INFO client subscribed to project projectID=2
2026/02/11 20:56:52 INFO client connected total_clients=2
2026/02/11 20:56:52 INFO client connected total_clients=3
2026/02/11 20:56:52 INFO client subscribed to project projectID=0
2026/02/11 20:56:52 INFO client connected total_clients=4
    server_subscription_test.go:50: Received event for subscribed project 1
2026/02/11 20:56:52 INFO client connected total_clients=5
2026/02/11 20:56:52 INFO client subscribed to project projectID=0
2026/02/11 20:56:52 INFO client subscribed to project projectID=0
2026/02/11 20:56:52 INFO client subscribed to project projectID=0
2026/02/11 20:56:52 INFO client subscribed to project projectID=0
=== NAME  TestSubscription_ProjectZeroHandling
    server_subscription_test.go:139: Client1 (subscribed to project 1) received broadcast event
    server_subscription_test.go:143: Client2 (subscribed to project 2) received broadcast event
    server_subscription_test.go:156: Client1 received project-specific event
2026/02/11 20:56:52 INFO client subscribed to project projectID=0
=== NAME  TestClientDisconnection
    server_client_test.go:70: === Server State: after connection ===
    server_client_test.go:70:   Server: 0xc00012c790
    server_client_test.go:70: ========================
2026/02/11 20:56:52 INFO client disconnected total_clients=0
=== NAME  TestClientConnection_Multiple
    server_client_test.go:57: Successfully connected 5 clients
=== NAME  TestShutdown_GracefulClose
    server_shutdown_test.go:22: === Server State: before shutdown ===
=== NAME  TestClientConnection_Multiple
    server_client_test.go:58: === Server State: after multiple connections ===
=== NAME  TestShutdown_GracefulClose
    server_shutdown_test.go:22:   Server: 0xc00012c4d0
=== NAME  TestClientConnection_Multiple
    server_client_test.go:58:   Server: 0xc00012c840
    server_client_test.go:58: ========================
=== NAME  TestShutdown_GracefulClose
    server_shutdown_test.go:22: ========================
2026/02/11 20:56:52 INFO shutting down daemon
2026/02/11 20:56:52 INFO daemon context cancelled, shutting down
2026/02/11 20:56:52 INFO shutting down daemon
2026/02/11 20:56:52 INFO daemon context cancelled, shutting down
    server_shutdown_test.go:35: Note: Event queued after shutdown (might be flushed before close)
    server_shutdown_test.go:38: Server shutdown gracefully
2026/02/11 20:56:52 ERROR failed to close client connection error="close unix /tmp/TestShutdown_GracefulClose4247538797/001/test-paso.sock->@: use of closed network connection"
2026/02/11 20:56:52 INFO client disconnected total_clients=0
2026/02/11 20:56:52 ERROR failed to close client connection error="close unix /tmp/TestShutdown_GracefulClose4247538797/001/test-paso.sock->@: use of closed network connection"
2026/02/11 20:56:52 INFO client disconnected total_clients=0
--- PASS: TestClientConnection_Multiple (0.11s)
=== CONT  TestBroadcast_SequenceNumbers
2026/02/11 20:56:52 ERROR failed to close client connection error="close unix /tmp/TestClientConnection_Multiple2375167636/001/test-paso.sock->@: use of closed network connection"
2026/02/11 20:56:52 INFO client disconnected total_clients=0
2026/02/11 20:56:52 ERROR failed to close client connection error="close unix /tmp/TestClientConnection_Multiple2375167636/001/test-paso.sock->@: use of closed network connection"
2026/02/11 20:56:52 INFO client disconnected total_clients=0
2026/02/11 20:56:52 ERROR failed to close client connection error="close unix /tmp/TestClientConnection_Multiple2375167636/001/test-paso.sock->@: use of closed network connection"
2026/02/11 20:56:52 INFO client disconnected total_clients=0
2026/02/11 20:56:52 ERROR failed to close client connection error="close unix /tmp/TestClientConnection_Multiple2375167636/001/test-paso.sock->@: use of closed network connection"
2026/02/11 20:56:52 INFO client disconnected total_clients=0
2026/02/11 20:56:52 ERROR failed to close client connection error="close unix /tmp/TestClientConnection_Multiple2375167636/001/test-paso.sock->@: use of closed network connection"
--- PASS: TestShutdown_GracefulClose (0.11s)
=== CONT  TestBroadcast_AllProjects
2026/02/11 20:56:52 INFO client disconnected total_clients=0
2026/02/11 20:56:52 INFO daemon starting, listening on socketPath=/tmp/TestBroadcast_SequenceNumbers1193522207/001/test-paso.sock
2026/02/11 20:56:52 INFO daemon starting, listening on socketPath=/tmp/TestBroadcast_AllProjects1778055456/001/test-paso.sock
2026/02/11 20:56:52 INFO client connected total_clients=1
2026/02/11 20:56:52 INFO client subscribed to project projectID=0
2026/02/11 20:56:52 INFO client connected total_clients=1
2026/02/11 20:56:52 INFO client subscribed to project projectID=1
2026/02/11 20:56:52 INFO client subscribed to project projectID=0
2026/02/11 20:56:52 INFO client subscribed to project projectID=1
2026/02/11 20:56:52 INFO client connected total_clients=2
2026/02/11 20:56:52 INFO client subscribed to project projectID=0
2026/02/11 20:56:52 INFO client subscribed to project projectID=2
=== NAME  TestBroadcast_SequenceNumbers
    server_broadcast_test.go:209: Sequence numbers are monotonically increasing: [1 2 3 4 5 6 7 8 9 10]
2026/02/11 20:56:52 INFO connection lost, reconnecting error="failed to decode message: read unix @->/tmp/TestBroadcast_SequenceNumbers1193522207/001/test-paso.sock: use of closed network connection"
=== NAME  TestBroadcast_AllProjects
2026/02/11 20:56:52 INFO shutting down daemon
    server_broadcast_test.go:170: Broadcast to all projects works correctly
2026/02/11 20:56:52 INFO client disconnected total_clients=0
2026/02/11 20:56:52 INFO daemon context cancelled, shutting down
2026/02/11 20:56:52 INFO connection lost, reconnecting error="failed to decode message: read unix @->/tmp/TestBroadcast_AllProjects1778055456/001/test-paso.sock: use of closed network connection"
2026/02/11 20:56:52 INFO client disconnected total_clients=1
2026/02/11 20:56:52 INFO connection lost, reconnecting error="failed to decode message: read unix @->/tmp/TestBroadcast_AllProjects1778055456/001/test-paso.sock: use of closed network connection"
2026/02/11 20:56:52 INFO shutting down daemon
2026/02/11 20:56:52 INFO client disconnected total_clients=0
2026/02/11 20:56:52 INFO daemon context cancelled, shutting down
--- PASS: TestBroadcast_SequenceNumbers (0.01s)
=== CONT  TestBroadcast_SubscriptionFiltering
--- PASS: TestBroadcast_AllProjects (0.01s)
=== CONT  TestBroadcast_MultipleClients
2026/02/11 20:56:52 INFO daemon starting, listening on socketPath=/tmp/TestBroadcast_SubscriptionFiltering3239503380/001/test-paso.sock
2026/02/11 20:56:52 INFO daemon starting, listening on socketPath=/tmp/TestBroadcast_MultipleClients3015644659/001/test-paso.sock
2026/02/11 20:56:52 INFO client connected total_clients=1
2026/02/11 20:56:52 INFO client connected total_clients=1
2026/02/11 20:56:52 INFO client subscribed to project projectID=0
2026/02/11 20:56:52 INFO client subscribed to project projectID=0
2026/02/11 20:56:52 INFO client subscribed to project projectID=1
2026/02/11 20:56:52 INFO client subscribed to project projectID=1
2026/02/11 20:56:52 INFO client connected total_clients=2
2026/02/11 20:56:52 INFO client connected total_clients=3
2026/02/11 20:56:52 INFO client subscribed to project projectID=0
2026/02/11 20:56:52 INFO client subscribed to project projectID=1
2026/02/11 20:56:52 INFO client connected total_clients=2
2026/02/11 20:56:52 INFO client subscribed to project projectID=0
2026/02/11 20:56:52 INFO client subscribed to project projectID=1
2026/02/11 20:56:52 INFO client subscribed to project projectID=0
2026/02/11 20:56:52 INFO client subscribed to project projectID=2
    server_broadcast_test.go:89: Client 0 received event (sequence: 1)
    server_broadcast_test.go:89: Client 1 received event (sequence: 1)
    server_broadcast_test.go:89: Client 2 received event (sequence: 1)
2026/02/11 20:56:52 INFO connection lost, reconnecting error="failed to decode message: read unix @->/tmp/TestBroadcast_MultipleClients3015644659/001/test-paso.sock: use of closed network connection"
2026/02/11 20:56:52 INFO connection lost, reconnecting error="failed to decode message: read unix @->/tmp/TestBroadcast_MultipleClients3015644659/001/test-paso.sock: use of closed network connection"
2026/02/11 20:56:52 INFO connection lost, reconnecting error="failed to decode message: read unix @->/tmp/TestBroadcast_MultipleClients3015644659/001/test-paso.sock: use of closed network connection"
2026/02/11 20:56:52 INFO shutting down daemon
2026/02/11 20:56:52 INFO client disconnected total_clients=1
2026/02/11 20:56:52 INFO client disconnected total_clients=1
2026/02/11 20:56:52 INFO daemon context cancelled, shutting down
2026/02/11 20:56:52 INFO client disconnected total_clients=0
--- PASS: TestBroadcast_MultipleClients (0.01s)
=== CONT  TestBroadcast_SingleClient
2026/02/11 20:56:52 INFO daemon starting, listening on socketPath=/tmp/TestBroadcast_SingleClient2785861214/001/test-paso.sock
2026/02/11 20:56:52 INFO client connected total_clients=1
2026/02/11 20:56:52 INFO client subscribed to project projectID=0
2026/02/11 20:56:52 INFO client subscribed to project projectID=1
    server_broadcast_test.go:48: Event broadcast and received successfully (sequence: 1)
2026/02/11 20:56:52 INFO connection lost, reconnecting error="failed to decode message: read unix @->/tmp/TestBroadcast_SingleClient2785861214/001/test-paso.sock: use of closed network connection"
2026/02/11 20:56:52 INFO shutting down daemon
2026/02/11 20:56:52 INFO daemon context cancelled, shutting down
--- PASS: TestBroadcast_SingleClient (0.01s)
=== CONT  TestMetricsSnapshot_IsImmutable
    metrics_test.go:307: Snapshots are immutable and independent
--- PASS: TestMetricsSnapshot_IsImmutable (0.00s)
=== CONT  TestMetricsConcurrency_ReadWhileWrite
=== NAME  TestClientConnection_Single
    server_client_test.go:39: Client connected successfully
2026/02/11 20:56:52 INFO shutting down daemon
--- PASS: TestClientConnection_Single (0.18s)
=== CONT  TestMetricsConcurrency_AllOperations
2026/02/11 20:56:52 INFO daemon context cancelled, shutting down
2026/02/11 20:56:52 ERROR failed to close client connection error="close unix /tmp/TestClientConnection_Single2048711895/001/test-paso.sock->@: use of closed network connection"
2026/02/11 20:56:52 INFO client disconnected total_clients=0
    metrics_test.go:223: Concurrent operations completed successfully
    metrics_test.go:224:   Final counts: EventsSent=10000, EventsReceived=10000, Reconnections=10000, RefreshesTotal=10000, ConnectedClients=98
--- PASS: TestMetricsConcurrency_AllOperations (0.04s)
=== CONT  TestGetSnapshot
    metrics_test.go:139: Uptime: 10.963713ms
    metrics_test.go:146: Snapshot captured correctly: {EventsSent:2 EventsReceived:1 Reconnections:1 RefreshesTotal:1 ConnectedClients:3 StartTime:2026-02-11 20:56:52.434605433 -0600 CST m=+0.224821080 Uptime:10.963713ms}
--- PASS: TestGetSnapshot (0.01s)
=== CONT  TestSetConnectedClients
    metrics_test.go:107: ConnectedClients set correctly: 100
--- PASS: TestSetConnectedClients (0.00s)
=== CONT  TestIncRefreshesTotal
    metrics_test.go:90: RefreshesTotal incremented correctly: 21
--- PASS: TestIncRefreshesTotal (0.00s)
=== CONT  TestIncReconnections
    metrics_test.go:75: Reconnections incremented correctly: 4
--- PASS: TestIncReconnections (0.00s)
=== CONT  TestIncEventsReceived
    metrics_test.go:60: EventsReceived incremented correctly: 6
--- PASS: TestIncEventsReceived (0.00s)
=== CONT  TestIncEventsSent
    metrics_test.go:45: EventsSent incremented correctly: 11
--- PASS: TestIncEventsSent (0.00s)
2026/02/11 20:56:52 ERROR failed to close client connection error="close unix /tmp/TestBroadcast_SingleClient2785861214/001/test-paso.sock->@: use of closed network connection"
2026/02/11 20:56:52 INFO client disconnected total_clients=0
=== NAME  TestClientDisconnection
    server_client_test.go:80: === Server State: after disconnection ===
    server_client_test.go:80:   Server: 0xc00012c790
    server_client_test.go:80: ========================
=== NAME  TestMetricsConcurrency_ReadWhileWrite
    metrics_test.go:280: Concurrent read/write operations completed successfully
=== NAME  TestClientDisconnection
    server_client_test.go:81: Client disconnected and cleaned up
2026/02/11 20:56:52 INFO shutting down daemon
=== NAME  TestMetricsConcurrency_ReadWhileWrite
    metrics_test.go:281:   Final snapshot: {EventsSent:2043277 EventsReceived:2043277 Reconnections:0 RefreshesTotal:2043277 ConnectedClients:5 StartTime:2026-02-11 20:56:52.354998305 -0600 CST m=+0.145213953 Uptime:113.091103ms}
--- PASS: TestMetricsConcurrency_ReadWhileWrite (0.11s)
2026/02/11 20:56:52 INFO daemon context cancelled, shutting down
--- PASS: TestClientDisconnection (0.26s)
=== NAME  TestSubscription_Switching
    server_subscription_test.go:62: Correctly did not receive event for unsubscribed project 2
=== NAME  TestSubscription_ProjectZeroHandling
    server_subscription_test.go:159: Client2 correctly did not receive project 1 event
2026/02/11 20:56:52 INFO client subscribed to project projectID=2
2026/02/11 20:56:52 INFO connection lost, reconnecting error="failed to decode message: read unix @->/tmp/TestSubscription_ProjectZeroHandling4233055213/001/test-paso.sock: use of closed network connection"
2026/02/11 20:56:52 INFO connection lost, reconnecting error="failed to decode message: read unix @->/tmp/TestSubscription_ProjectZeroHandling4233055213/001/test-paso.sock: use of closed network connection"
2026/02/11 20:56:52 INFO shutting down daemon
2026/02/11 20:56:52 ERROR failed to reconnect after max attempts attempts=5
2026/02/11 20:56:52 ERROR failed to reconnect after max attempts attempts=5
2026/02/11 20:56:52 INFO daemon context cancelled, shutting down
2026/02/11 20:56:52 ERROR failed to close client connection error="close unix /tmp/TestSubscription_ProjectZeroHandling4233055213/001/test-paso.sock->@: use of closed network connection"
2026/02/11 20:56:52 INFO client disconnected total_clients=0
2026/02/11 20:56:52 ERROR failed to close client connection error="close unix /tmp/TestSubscription_ProjectZeroHandling4233055213/001/test-paso.sock->@: use of closed network connection"
2026/02/11 20:56:52 INFO client disconnected total_clients=0
--- PASS: TestSubscription_ProjectZeroHandling (0.31s)
=== NAME  TestSubscription_Switching
    server_subscription_test.go:81: Received event after switching to project 2
    server_subscription_test.go:93: Correctly did not receive event for previous project 1 after switch
2026/02/11 20:56:52 INFO connection lost, reconnecting error="failed to decode message: read unix @->/tmp/TestSubscription_Switching103400014/001/test-paso.sock: use of closed network connection"
2026/02/11 20:56:52 INFO client disconnected total_clients=0
2026/02/11 20:56:52 ERROR failed to reconnect after max attempts attempts=5
2026/02/11 20:56:52 INFO shutting down daemon
2026/02/11 20:56:52 INFO daemon context cancelled, shutting down
--- PASS: TestSubscription_Switching (0.61s)
=== NAME  TestBroadcast_SubscriptionFiltering
    server_broadcast_test.go:130: Subscription filtering works correctly
2026/02/11 20:56:52 INFO connection lost, reconnecting error="failed to decode message: read unix @->/tmp/TestBroadcast_SubscriptionFiltering3239503380/001/test-paso.sock: use of closed network connection"
2026/02/11 20:56:52 INFO connection lost, reconnecting error="failed to decode message: read unix @->/tmp/TestBroadcast_SubscriptionFiltering3239503380/001/test-paso.sock: use of closed network connection"
2026/02/11 20:56:52 INFO shutting down daemon
2026/02/11 20:56:52 INFO daemon context cancelled, shutting down
2026/02/11 20:56:52 INFO client disconnected total_clients=1
2026/02/11 20:56:52 INFO client disconnected total_clients=0
--- PASS: TestBroadcast_SubscriptionFiltering (0.51s)
PASS
ok  	github.com/thenoetrevino/paso/internal/daemon	0.639s
=== RUN   TestConnection_SQLite
=== PAUSE TestConnection_SQLite
=== RUN   TestConnection_SQLite_NonExistent
=== PAUSE TestConnection_SQLite_NonExistent
=== RUN   TestConnection_PostgreSQL_Invalid
=== PAUSE TestConnection_PostgreSQL_Invalid
=== RUN   TestConnection_UnsupportedType
=== PAUSE TestConnection_UnsupportedType
=== RUN   TestConnection_PasswordSanitization
=== PAUSE TestConnection_PasswordSanitization
=== RUN   TestSanitizeConnectionString
=== PAUSE TestSanitizeConnectionString
=== RUN   TestParseConnectionString
=== PAUSE TestParseConnectionString
=== RUN   TestParseURLConnectionString
=== PAUSE TestParseURLConnectionString
=== RUN   TestParseKeyValueConnectionString
=== PAUSE TestParseKeyValueConnectionString
=== RUN   TestWithTx_Success_Commit
=== PAUSE TestWithTx_Success_Commit
=== RUN   TestWithTx_Error_Rollback
=== PAUSE TestWithTx_Error_Rollback
=== RUN   TestWithTx_Error_BeginFails
=== PAUSE TestWithTx_Error_BeginFails
=== RUN   TestNullInt64ToPtr_Valid
=== PAUSE TestNullInt64ToPtr_Valid
=== RUN   TestNullInt64ToPtr_Null
=== PAUSE TestNullInt64ToPtr_Null
=== RUN   TestNullStringToString_Valid
=== PAUSE TestNullStringToString_Valid
=== RUN   TestNullStringToString_Null
=== PAUSE TestNullStringToString_Null
=== RUN   TestNullTimeToTime_Valid
=== PAUSE TestNullTimeToTime_Valid
=== RUN   TestNullTimeToTime_Null
=== PAUSE TestNullTimeToTime_Null
=== RUN   TestAnyToIntPtr_Int64
=== PAUSE TestAnyToIntPtr_Int64
=== RUN   TestAnyToIntPtr_Int
=== PAUSE TestAnyToIntPtr_Int
=== RUN   TestAnyToIntPtr_Nil
=== PAUSE TestAnyToIntPtr_Nil
=== RUN   TestAnyToIntPtr_InvalidType
=== PAUSE TestAnyToIntPtr_InvalidType
=== RUN   TestSendEvent_WithClient
=== PAUSE TestSendEvent_WithClient
=== RUN   TestSendEvent_NilClient
=== PAUSE TestSendEvent_NilClient
=== RUN   TestSendEvent_Error
=== PAUSE TestSendEvent_Error
=== RUN   TestSwitchDatabaseWithDataIntegrity
=== PAUSE TestSwitchDatabaseWithDataIntegrity
=== RUN   TestLocalDatabasePersistence
=== PAUSE TestLocalDatabasePersistence
=== RUN   TestRemoteDatabaseConfiguration
=== PAUSE TestRemoteDatabaseConfiguration
=== RUN   TestDatabaseConfigIsLocalVsRemote
=== PAUSE TestDatabaseConfigIsLocalVsRemote
=== RUN   TestSwitchBetweenDatabases
=== PAUSE TestSwitchBetweenDatabases
=== RUN   TestDatabaseInitializationWithDifferentTypes
=== PAUSE TestDatabaseInitializationWithDifferentTypes
=== RUN   TestDataIntegrityAcrossConnections
=== PAUSE TestDataIntegrityAcrossConnections
=== RUN   TestConcurrentDatabaseAccess
=== PAUSE TestConcurrentDatabaseAccess
=== CONT  TestConnection_SQLite
=== CONT  TestWithTx_Success_Commit
=== CONT  TestSanitizeConnectionString
=== CONT  TestNullStringToString_Valid
--- PASS: TestNullStringToString_Valid (0.00s)
=== CONT  TestWithTx_Error_BeginFails
=== RUN   TestSanitizeConnectionString/URL_with_password
=== CONT  TestNullTimeToTime_Valid
--- PASS: TestNullTimeToTime_Valid (0.00s)
=== CONT  TestWithTx_Error_Rollback
=== CONT  TestNullStringToString_Null
--- PASS: TestNullStringToString_Null (0.00s)
=== CONT  TestConnection_PostgreSQL_Invalid
=== PAUSE TestSanitizeConnectionString/URL_with_password
=== RUN   TestSanitizeConnectionString/URL_without_password
=== PAUSE TestSanitizeConnectionString/URL_without_password
=== RUN   TestSanitizeConnectionString/postgresql_prefix_with_password
=== PAUSE TestSanitizeConnectionString/postgresql_prefix_with_password
=== RUN   TestSanitizeConnectionString/key-value_with_password
=== PAUSE TestSanitizeConnectionString/key-value_with_password
=== RUN   TestSanitizeConnectionString/key-value_without_password
=== PAUSE TestSanitizeConnectionString/key-value_without_password
=== RUN   TestSanitizeConnectionString/password_with_special_characters
=== PAUSE TestSanitizeConnectionString/password_with_special_characters
=== RUN   TestSanitizeConnectionString/key-value_password_with_special_chars
=== PAUSE TestSanitizeConnectionString/key-value_password_with_special_chars
=== RUN   TestSanitizeConnectionString/empty_string
=== PAUSE TestSanitizeConnectionString/empty_string
=== RUN   TestSanitizeConnectionString/no_credentials
=== PAUSE TestSanitizeConnectionString/no_credentials
=== RUN   TestSanitizeConnectionString/multiple_spaces_between_key-value_pairs
=== PAUSE TestSanitizeConnectionString/multiple_spaces_between_key-value_pairs
=== CONT  TestConnection_PasswordSanitization
--- PASS: TestConnection_PostgreSQL_Invalid (0.01s)
=== CONT  TestConnection_UnsupportedType
--- PASS: TestConnection_UnsupportedType (0.00s)
=== CONT  TestNullInt64ToPtr_Null
--- PASS: TestNullInt64ToPtr_Null (0.00s)
=== CONT  TestParseURLConnectionString
=== RUN   TestParseURLConnectionString/complete_URL_with_all_parts
=== PAUSE TestParseURLConnectionString/complete_URL_with_all_parts
=== RUN   TestParseURLConnectionString/postgresql_prefix
=== PAUSE TestParseURLConnectionString/postgresql_prefix
=== RUN   TestParseURLConnectionString/missing_port_uses_default_5432
=== PAUSE TestParseURLConnectionString/missing_port_uses_default_5432
=== RUN   TestParseURLConnectionString/missing_password_empty_string
=== PAUSE TestParseURLConnectionString/missing_password_empty_string
=== RUN   TestParseURLConnectionString/missing_user
=== PAUSE TestParseURLConnectionString/missing_user
=== RUN   TestParseURLConnectionString/missing_host
=== PAUSE TestParseURLConnectionString/missing_host
=== RUN   TestParseURLConnectionString/missing_database_name
=== PAUSE TestParseURLConnectionString/missing_database_name
=== CONT  TestParseKeyValueConnectionString
--- PASS: TestConnection_SQLite (0.01s)
=== RUN   TestParseKeyValueConnectionString/complete_key-value_string
=== PAUSE TestParseKeyValueConnectionString/complete_key-value_string
=== RUN   TestParseKeyValueConnectionString/missing_host
=== PAUSE TestParseKeyValueConnectionString/missing_host
=== RUN   TestParseKeyValueConnectionString/missing_user
=== PAUSE TestParseKeyValueConnectionString/missing_user
=== RUN   TestParseKeyValueConnectionString/missing_dbname
=== PAUSE TestParseKeyValueConnectionString/missing_dbname
=== RUN   TestParseKeyValueConnectionString/missing_port_defaults_to_5432
=== PAUSE TestParseKeyValueConnectionString/missing_port_defaults_to_5432
=== RUN   TestParseKeyValueConnectionString/missing_sslmode_defaults_to_require
=== PAUSE TestParseKeyValueConnectionString/missing_sslmode_defaults_to_require
=== RUN   TestParseKeyValueConnectionString/missing_password_defaults_to_empty
=== PAUSE TestParseKeyValueConnectionString/missing_password_defaults_to_empty
=== RUN   TestParseKeyValueConnectionString/custom_sslmode_preserved
=== PAUSE TestParseKeyValueConnectionString/custom_sslmode_preserved
=== RUN   TestParseURLConnectionString/missing_database_slash_only
=== RUN   TestParseKeyValueConnectionString/custom_port
=== PAUSE TestParseURLConnectionString/missing_database_slash_only
=== RUN   TestParseURLConnectionString/custom_port
=== PAUSE TestParseURLConnectionString/custom_port
=== PAUSE TestParseKeyValueConnectionString/custom_port
=== RUN   TestParseKeyValueConnectionString/malformed_pair_no_equals
=== RUN   TestParseURLConnectionString/URL_with_query_params_application_name
=== PAUSE TestParseKeyValueConnectionString/malformed_pair_no_equals
=== PAUSE TestParseURLConnectionString/URL_with_query_params_application_name
=== RUN   TestParseKeyValueConnectionString/value_containing_equals_sign
=== PAUSE TestParseKeyValueConnectionString/value_containing_equals_sign
=== RUN   TestParseURLConnectionString/URL_with_sslmode_query_param_is_overridden
=== RUN   TestParseKeyValueConnectionString/extra_whitespace_between_pairs
=== PAUSE TestParseURLConnectionString/URL_with_sslmode_query_param_is_overridden
=== PAUSE TestParseKeyValueConnectionString/extra_whitespace_between_pairs
=== RUN   TestParseKeyValueConnectionString/minimal_required_fields_only
=== PAUSE TestParseKeyValueConnectionString/minimal_required_fields_only
=== RUN   TestParseURLConnectionString/password_with_special_characters
=== PAUSE TestParseURLConnectionString/password_with_special_characters
=== RUN   TestParseURLConnectionString/IPv4_host
=== CONT  TestSwitchDatabaseWithDataIntegrity
=== PAUSE TestParseURLConnectionString/IPv4_host
=== RUN   TestParseURLConnectionString/domain_name_host
=== PAUSE TestParseURLConnectionString/domain_name_host
=== CONT  TestConcurrentDatabaseAccess
--- PASS: TestConnection_PasswordSanitization (0.01s)
=== CONT  TestDataIntegrityAcrossConnections
2026/02/11 20:56:52 INFO initializing database type=sqlite name=concurrent_test
2026/02/11 20:56:52 INFO initializing database type=sqlite name=connection1
2026/02/11 20:56:52 INFO database connection established successfully type=sqlite name=concurrent_test
2026/02/11 20:56:52 INFO starting database migrations type=sqlite name=concurrent_test
2026/02/11 20:56:52 INFO running database migrations type=sqlite
2026/02/11 20:56:52 INFO database connection established successfully type=sqlite name=connection1
2026/02/11 20:56:52 INFO starting database migrations type=sqlite name=connection1
2026/02/11 20:56:52 INFO running database migrations type=sqlite
2026/02/11 20:56:52 OK   00001_initial_schema.sql (2.14ms)
2026/02/11 20:56:52 OK   00002_add_performance_indexes.sql (3.49ms)
2026/02/11 20:56:52 OK   00003_add_git_branch_to_projects.sql (615.28µs)
2026/02/11 20:56:52 OK   00005_add_task_events.sql (322.6µs)
2026/02/11 20:56:52 OK   00006_add_assignees.sql (322.31µs)
2026/02/11 20:56:52 OK   00007_add_task_assignee.sql (517.71µs)
2026/02/11 20:56:52 OK   00008_fix_assignee_name_uniqueness.sql (1.99ms)
2026/02/11 20:56:52 goose: successfully migrated database to version: 8
--- PASS: TestWithTx_Error_BeginFails (0.03s)
=== CONT  TestDatabaseInitializationWithDifferentTypes
2026/02/11 20:56:52 INFO initializing database type=sqlite name=test
2026/02/11 20:56:52 INFO database connection established successfully type=sqlite name=test
2026/02/11 20:56:52 INFO starting database migrations type=sqlite name=test
2026/02/11 20:56:52 INFO running database migrations type=sqlite
2026/02/11 20:56:52 OK   00001_initial_schema.sql (1.99ms)
2026/02/11 20:56:52 OK   00002_add_performance_indexes.sql (1.04ms)
2026/02/11 20:56:52 OK   00003_add_git_branch_to_projects.sql (581.17µs)
2026/02/11 20:56:52 OK   00005_add_task_events.sql (267.49µs)
2026/02/11 20:56:52 OK   00006_add_assignees.sql (313.04µs)
2026/02/11 20:56:52 OK   00007_add_task_assignee.sql (531.77µs)
2026/02/11 20:56:52 OK   00008_fix_assignee_name_uniqueness.sql (1.87ms)
2026/02/11 20:56:52 goose: successfully migrated database to version: 8
--- PASS: TestWithTx_Success_Commit (0.04s)
=== CONT  TestSwitchBetweenDatabases
--- PASS: TestSwitchBetweenDatabases (0.00s)
=== CONT  TestDatabaseConfigIsLocalVsRemote
--- PASS: TestDatabaseConfigIsLocalVsRemote (0.00s)
=== CONT  TestRemoteDatabaseConfiguration
--- PASS: TestRemoteDatabaseConfiguration (0.00s)
=== CONT  TestLocalDatabasePersistence
2026/02/11 20:56:52 INFO initializing database type=sqlite name=persistence_test_first
2026/02/11 20:56:52 OK   00001_initial_schema.sql (2.13ms)
2026/02/11 20:56:52 INFO database connection established successfully type=sqlite name=persistence_test_first
2026/02/11 20:56:52 INFO starting database migrations type=sqlite name=persistence_test_first
2026/02/11 20:56:52 INFO running database migrations type=sqlite
2026/02/11 20:56:52 OK   00002_add_performance_indexes.sql (3.25ms)
2026/02/11 20:56:52 OK   00003_add_git_branch_to_projects.sql (577.42µs)
2026/02/11 20:56:52 OK   00005_add_task_events.sql (263.35µs)
2026/02/11 20:56:52 OK   00006_add_assignees.sql (271.77µs)
2026/02/11 20:56:52 OK   00007_add_task_assignee.sql (463.14µs)
2026/02/11 20:56:52 OK   00008_fix_assignee_name_uniqueness.sql (7.92ms)
2026/02/11 20:56:52 goose: successfully migrated database to version: 8
--- PASS: TestWithTx_Error_Rollback (0.05s)
=== CONT  TestConnection_SQLite_NonExistent
--- PASS: TestConnection_SQLite_NonExistent (0.00s)
=== CONT  TestParseConnectionString
=== RUN   TestParseConnectionString/empty_string
=== PAUSE TestParseConnectionString/empty_string
=== RUN   TestParseConnectionString/whitespace_only
=== PAUSE TestParseConnectionString/whitespace_only
=== RUN   TestParseConnectionString/postgres_URL_format
=== PAUSE TestParseConnectionString/postgres_URL_format
=== RUN   TestParseConnectionString/postgresql_URL_format
=== PAUSE TestParseConnectionString/postgresql_URL_format
=== RUN   TestParseConnectionString/key-value_format
=== PAUSE TestParseConnectionString/key-value_format
=== RUN   TestParseConnectionString/invalid_format_no_equals_no_prefix
=== PAUSE TestParseConnectionString/invalid_format_no_equals_no_prefix
=== RUN   TestParseConnectionString/random_text
=== PAUSE TestParseConnectionString/random_text
=== CONT  TestAnyToIntPtr_InvalidType
--- PASS: TestAnyToIntPtr_InvalidType (0.00s)
=== CONT  TestSendEvent_Error
2026/02/11 20:56:52 ERROR failed to send event for project project_id=42 error="mock send error"
--- PASS: TestSendEvent_Error (0.00s)
=== CONT  TestSendEvent_NilClient
--- PASS: TestSendEvent_NilClient (0.00s)
=== CONT  TestSendEvent_WithClient
--- PASS: TestSendEvent_WithClient (0.00s)
=== CONT  TestAnyToIntPtr_Int
--- PASS: TestAnyToIntPtr_Int (0.00s)
=== CONT  TestAnyToIntPtr_Nil
--- PASS: TestAnyToIntPtr_Nil (0.00s)
=== CONT  TestAnyToIntPtr_Int64
--- PASS: TestAnyToIntPtr_Int64 (0.00s)
=== CONT  TestNullTimeToTime_Null
--- PASS: TestNullTimeToTime_Null (0.00s)
=== CONT  TestSanitizeConnectionString/URL_with_password
--- FAIL: TestSanitizeConnectionString (0.06s)
    --- FAIL: TestSanitizeConnectionString/URL_with_password (0.00s)
panic: testing: t.Parallel called multiple times [recovered, repanicked]

goroutine 66 [running]:
testing.tRunner.func1.2({0x9742e0, 0xac1910})
	/usr/lib/go/src/testing/testing.go:1872 +0x237
testing.tRunner.func1()
	/usr/lib/go/src/testing/testing.go:1875 +0x35b
panic({0x9742e0?, 0xac1910?})
	/usr/lib/go/src/runtime/panic.go:783 +0x132
testing.(*T).Parallel(0xc00021c000?)
	/usr/lib/go/src/testing/testing.go:1665 +0x3e5
github.com/thenoetrevino/paso/internal/database.TestSanitizeConnectionString.func1(0xc00021c000)
	/home/noetrevino/projects/new-paso/tests/internal/database/connection_test.go:140 +0x2f
testing.tRunner(0xc00021c000, 0xc00020c000)
	/usr/lib/go/src/testing/testing.go:1934 +0xea
created by testing.(*T).Run in goroutine 13
	/usr/lib/go/src/testing/testing.go:1997 +0x465
FAIL	github.com/thenoetrevino/paso/internal/database	0.076s
?   	github.com/thenoetrevino/paso/internal/database/adapters/postgres	[no test files]
=== RUN   TestDeleteAssigneeSetNullBehavior
=== PAUSE TestDeleteAssigneeSetNullBehavior
=== CONT  TestDeleteAssigneeSetNullBehavior
2026/02/11 20:56:52 OK   00001_initial_schema.sql (4.79ms)
2026/02/11 20:56:52 OK   00002_add_performance_indexes.sql (920.04µs)
2026/02/11 20:56:52 OK   00003_add_git_branch_to_projects.sql (514.88µs)
2026/02/11 20:56:52 OK   00005_add_task_events.sql (253.98µs)
2026/02/11 20:56:52 OK   00006_add_assignees.sql (270.23µs)
2026/02/11 20:56:52 OK   00007_add_task_assignee.sql (424.76µs)
2026/02/11 20:56:52 OK   00008_fix_assignee_name_uniqueness.sql (5.22ms)
2026/02/11 20:56:52 goose: successfully migrated database to version: 8
--- PASS: TestDeleteAssigneeSetNullBehavior (0.02s)
PASS
ok  	github.com/thenoetrevino/paso/internal/database/adapters/sqlite	0.024s
?   	github.com/thenoetrevino/paso/internal/database/generated_postgres	[no test files]
?   	github.com/thenoetrevino/paso/internal/database/generated_sqlite	[no test files]
=== RUN   TestFromSQLNullInt64
=== PAUSE TestFromSQLNullInt64
=== RUN   TestFromSQLNullInt32
=== PAUSE TestFromSQLNullInt32
=== RUN   TestNullInt64FromInterface
=== PAUSE TestNullInt64FromInterface
=== RUN   TestNullInt64_ToSQLNullInt64
=== PAUSE TestNullInt64_ToSQLNullInt64
=== RUN   TestNullInt64_ToSQLNullInt32
=== PAUSE TestNullInt64_ToSQLNullInt32
=== RUN   TestNullInt64_ToInterface
=== PAUSE TestNullInt64_ToInterface
=== RUN   TestNullInt64_RoundTrip
=== PAUSE TestNullInt64_RoundTrip
=== RUN   TestFromSQLNullString
=== PAUSE TestFromSQLNullString
=== RUN   TestNullStringFromInterface
=== PAUSE TestNullStringFromInterface
=== RUN   TestNullString_ToSQLNullString
=== PAUSE TestNullString_ToSQLNullString
=== RUN   TestNullString_RoundTrip
=== PAUSE TestNullString_RoundTrip
=== RUN   TestFromSQLNullTime
=== PAUSE TestFromSQLNullTime
=== RUN   TestNullTime_ToSQLNullTime
=== PAUSE TestNullTime_ToSQLNullTime
=== RUN   TestNullTime_RoundTrip
=== PAUSE TestNullTime_RoundTrip
=== RUN   TestConvertSlice
=== PAUSE TestConvertSlice
=== CONT  TestFromSQLNullInt64
=== RUN   TestFromSQLNullInt64/valid_value
=== CONT  TestNullStringFromInterface
=== RUN   TestNullStringFromInterface/nil_returns_invalid
=== PAUSE TestNullStringFromInterface/nil_returns_invalid
=== RUN   TestNullStringFromInterface/string_value
=== PAUSE TestNullStringFromInterface/string_value
=== PAUSE TestFromSQLNullInt64/valid_value
=== CONT  TestNullInt64_ToSQLNullInt64
=== CONT  TestNullInt64FromInterface
=== CONT  TestFromSQLNullInt32
=== RUN   TestFromSQLNullInt32/valid_value_widens_to_int64
=== PAUSE TestFromSQLNullInt32/valid_value_widens_to_int64
=== RUN   TestFromSQLNullInt32/null_value
=== RUN   TestFromSQLNullInt64/null_value
=== RUN   TestNullInt64_ToSQLNullInt64/valid_value
=== PAUSE TestNullInt64_ToSQLNullInt64/valid_value
=== PAUSE TestFromSQLNullInt64/null_value
=== RUN   TestNullInt64FromInterface/nil_returns_invalid
=== PAUSE TestNullInt64FromInterface/nil_returns_invalid
=== RUN   TestNullInt64FromInterface/int64_value
=== RUN   TestNullInt64_ToSQLNullInt64/invalid_value
=== PAUSE TestNullInt64_ToSQLNullInt64/invalid_value
=== PAUSE TestFromSQLNullInt32/null_value
=== CONT  TestFromSQLNullString
=== RUN   TestFromSQLNullInt64/zero_valid_value
=== RUN   TestFromSQLNullInt32/negative_value
=== RUN   TestFromSQLNullString/valid_string
=== RUN   TestNullStringFromInterface/byte_slice_value
=== PAUSE TestFromSQLNullInt64/zero_valid_value
=== PAUSE TestFromSQLNullInt32/negative_value
=== PAUSE TestFromSQLNullString/valid_string
=== RUN   TestFromSQLNullInt64/negative_value
=== RUN   TestFromSQLNullString/null_string
=== PAUSE TestFromSQLNullInt64/negative_value
=== PAUSE TestNullInt64FromInterface/int64_value
=== RUN   TestNullInt64FromInterface/int32_value_widens
=== PAUSE TestNullInt64FromInterface/int32_value_widens
=== RUN   TestNullInt64FromInterface/int_value_widens
=== PAUSE TestNullStringFromInterface/byte_slice_value
=== CONT  TestNullInt64_RoundTrip
--- PASS: TestNullInt64_RoundTrip (0.00s)
=== PAUSE TestFromSQLNullString/null_string
=== CONT  TestConvertSlice
=== RUN   TestFromSQLNullString/empty_valid_string
=== PAUSE TestFromSQLNullString/empty_valid_string
=== CONT  TestNullTime_RoundTrip
--- PASS: TestNullTime_RoundTrip (0.00s)
=== CONT  TestNullString_RoundTrip
=== RUN   TestConvertSlice/nil_input_returns_nil
=== PAUSE TestConvertSlice/nil_input_returns_nil
=== RUN   TestConvertSlice/empty_slice_returns_empty_slice
=== PAUSE TestConvertSlice/empty_slice_returns_empty_slice
=== CONT  TestNullInt64_ToInterface
=== RUN   TestNullInt64_ToInterface/valid_returns_int64_value
=== PAUSE TestNullInt64_ToInterface/valid_returns_int64_value
=== RUN   TestNullInt64_ToInterface/invalid_returns_nil
--- PASS: TestNullString_RoundTrip (0.00s)
=== PAUSE TestNullInt64_ToInterface/invalid_returns_nil
=== RUN   TestNullInt64_ToInterface/valid_zero_returns_int64_zero
=== CONT  TestNullTime_ToSQLNullTime
=== PAUSE TestNullInt64_ToInterface/valid_zero_returns_int64_zero
=== RUN   TestNullTime_ToSQLNullTime/valid_time
=== PAUSE TestNullTime_ToSQLNullTime/valid_time
=== RUN   TestNullTime_ToSQLNullTime/invalid_time
=== PAUSE TestNullTime_ToSQLNullTime/invalid_time
=== PAUSE TestNullInt64FromInterface/int_value_widens
=== RUN   TestNullInt64FromInterface/unsupported_type_returns_invalid
=== CONT  TestNullInt64_ToSQLNullInt32
=== RUN   TestNullInt64_ToSQLNullInt32/valid_value_narrows_to_int32
=== PAUSE TestNullInt64_ToSQLNullInt32/valid_value_narrows_to_int32
=== RUN   TestNullInt64_ToSQLNullInt32/invalid_value
=== PAUSE TestNullInt64_ToSQLNullInt32/invalid_value
=== CONT  TestNullInt64_ToSQLNullInt64/valid_value
--- FAIL: TestNullInt64_ToSQLNullInt64 (0.00s)
    --- FAIL: TestNullInt64_ToSQLNullInt64/valid_value (0.00s)
panic: testing: t.Parallel called multiple times [recovered, repanicked]

goroutine 38 [running]:
testing.tRunner.func1.2({0x5ffb00, 0x6a8540})
	/usr/lib/go/src/testing/testing.go:1872 +0x237
testing.tRunner.func1()
	/usr/lib/go/src/testing/testing.go:1875 +0x35b
panic({0x5ffb00?, 0x6a8540?})
	/usr/lib/go/src/runtime/panic.go:783 +0x132
testing.(*T).Parallel(0xc000103340?)
	/usr/lib/go/src/testing/testing.go:1665 +0x3e5
github.com/thenoetrevino/paso/internal/database/types.TestNullInt64_ToSQLNullInt64.func1(0xc000103340)
	/home/noetrevino/projects/new-paso/tests/internal/database/types/nullable_test.go:168 +0x2f
testing.tRunner(0xc000103340, 0xc00011c0c0)
	/usr/lib/go/src/testing/testing.go:1934 +0xea
created by testing.(*T).Run in goroutine 11
	/usr/lib/go/src/testing/testing.go:1997 +0x465
FAIL	github.com/thenoetrevino/paso/internal/database/types	0.006s
=== RUN   TestSendEvent_QueueFullWithBackpressure
=== PAUSE TestSendEvent_QueueFullWithBackpressure
=== RUN   TestSendEvent_HighThroughputReliability
=== PAUSE TestSendEvent_HighThroughputReliability
=== RUN   TestSendEvent_BackpressureQueueRecovery
    client_backpressure_test.go:215: Queue recovered: 30/30 succeeded after drain
--- PASS: TestSendEvent_BackpressureQueueRecovery (0.00s)
=== RUN   TestSendEvent_ErrorMessageClarity
=== PAUSE TestSendEvent_ErrorMessageClarity
=== RUN   TestClient_EventBatchingDuringNetworkFailure
    client_batching_test.go:47: Client connected and subscribed to project 0
    client_batching_test.go:68: Initial event sent successfully before network failure
    client_batching_test.go:74: Simulating network failure: closing daemon...
    client_batching_test.go:84: Queueing 5 events while daemon is down...
    client_batching_test.go:100: All 5 events queued while daemon was down
    client_batching_test.go:107: Restoring network: starting new daemon...
    client_batching_test.go:155: Reconnecting client to restored daemon...
    client_batching_test.go:179: Client reconnected successfully
    client_batching_test.go:224: No events received from pre-reconnection queue (expected - batcher attempted send while disconnected)
    client_batching_test.go:251: Testing debounce timing with new events...
    client_batching_test.go:276: Debounce timing respected (elapsed: 101.144339ms, debounce: 50ms)
    client_batching_test.go:283: Testing queue capacity handling...
    client_batching_test.go:301: Queue handled 50 events successfully (capacity: 100)
    client_batching_test.go:328: Test completed successfully: event batching during network failure works correctly
--- PASS: TestClient_EventBatchingDuringNetworkFailure (0.30s)
=== RUN   TestClose_BeforeConnect
=== PAUSE TestClose_BeforeConnect
=== RUN   TestClose_AfterConnect
=== PAUSE TestClose_AfterConnect
=== RUN   TestClose_Idempotent
=== PAUSE TestClose_Idempotent
=== RUN   TestSetNotifyFunc
=== PAUSE TestSetNotifyFunc
=== RUN   TestConnect_InvalidSocketPath
=== PAUSE TestConnect_InvalidSocketPath
=== RUN   TestNewClient_Success
=== PAUSE TestNewClient_Success
=== RUN   TestNewClient_CustomDebounce
    client_connection_test.go:41: Custom debounce set correctly: 250ms
--- PASS: TestNewClient_CustomDebounce (0.00s)
=== RUN   TestConnect_Success
=== PAUSE TestConnect_Success
=== RUN   TestConnect_NoServer
=== PAUSE TestConnect_NoServer
=== RUN   TestConnect_ContextTimeout
=== PAUSE TestConnect_ContextTimeout
=== RUN   TestSubscribe_AfterLongDelay
=== PAUSE TestSubscribe_AfterLongDelay
=== RUN   TestSubscribe_ClearsWriteDeadline
=== PAUSE TestSubscribe_ClearsWriteDeadline
=== RUN   TestSubscribe_MultipleRapidChanges
=== PAUSE TestSubscribe_MultipleRapidChanges
=== RUN   TestSendEvent_ClearsDeadline
=== PAUSE TestSendEvent_ClearsDeadline
=== RUN   TestClient_DetectsDaemonDisconnect
=== PAUSE TestClient_DetectsDaemonDisconnect
=== RUN   TestClient_ReconnectsAfterDaemonRestart
=== PAUSE TestClient_ReconnectsAfterDaemonRestart
=== RUN   TestNilClientMethods
=== PAUSE TestNilClientMethods
=== RUN   TestClient_EventReceiverHandlesMalformedJSON
=== PAUSE TestClient_EventReceiverHandlesMalformedJSON
=== RUN   TestClient_EventReceiverHandlesInvalidEventType
=== PAUSE TestClient_EventReceiverHandlesInvalidEventType
=== RUN   TestClient_EventReceiverTracksSequenceNumbers
=== PAUSE TestClient_EventReceiverTracksSequenceNumbers
=== RUN   TestClient_EventReceiverHandlesMissingSequenceNumbers
=== PAUSE TestClient_EventReceiverHandlesMissingSequenceNumbers
=== RUN   TestClient_NotificationCallbackRouting
=== PAUSE TestClient_NotificationCallbackRouting
=== RUN   TestClient_EventReceiverPingPongHandling
=== PAUSE TestClient_EventReceiverPingPongHandling
=== RUN   TestClient_EventReceiverContinuesAfterErrors
=== PAUSE TestClient_EventReceiverContinuesAfterErrors
=== RUN   TestClient_ContextCancellationDuringReconnection
    client_reconnection_test.go:45: Initial connection established
    client_reconnection_test.go:58: Stopping daemon to trigger reconnection...
2026/02/11 20:56:53 INFO connection lost, reconnecting error="failed to decode message: EOF"
2026/02/11 20:56:53 INFO reconnection attempt failed attempt=1 max_retries=20 retry_delay=100ms
    client_reconnection_test.go:79: Client should now be attempting reconnection
    client_reconnection_test.go:83: Calling Close() during reconnection...
    client_reconnection_test.go:89: Close returned error (may be acceptable): close unix @->/tmp/TestClient_ContextCancellationDuringReconnection201596387/001/test.sock: use of closed network connection
    client_reconnection_test.go:91: Close() completed in 4.126µs
    client_reconnection_test.go:100: batcherDone channel closed successfully
    client_reconnection_test.go:108: Client context cancelled successfully
2026/02/11 20:56:53 ERROR failed to reconnect after max attempts attempts=20
    client_reconnection_test.go:73: Event channel closed
    client_reconnection_test.go:118: Listen loop exited cleanly
    client_reconnection_test.go:126: Close() is idempotent
    client_reconnection_test.go:135: Test completed: graceful shutdown during reconnection verified
--- PASS: TestClient_ContextCancellationDuringReconnection (0.22s)
=== RUN   TestClient_ExponentialBackoffDuringReconnection
=== PAUSE TestClient_ExponentialBackoffDuringReconnection
=== RUN   TestClient_RestoresSubscriptionAfterReconnect
=== PAUSE TestClient_RestoresSubscriptionAfterReconnect
=== RUN   TestSendEvent_Success
=== PAUSE TestSendEvent_Success
=== RUN   TestSendEvent_BeforeConnect
=== PAUSE TestSendEvent_BeforeConnect
=== RUN   TestSendEvent_Batching
    client_send_test.go:123: Batched events sent successfully
--- PASS: TestSendEvent_Batching (0.00s)
=== RUN   TestSubscribe_BeforeConnect
=== PAUSE TestSubscribe_BeforeConnect
=== RUN   TestSubscribe_AfterConnect
=== PAUSE TestSubscribe_AfterConnect
=== RUN   TestSubscribe_MultipleProjects
=== PAUSE TestSubscribe_MultipleProjects
=== RUN   TestEventPublisherNilCheck
=== PAUSE TestEventPublisherNilCheck
=== RUN   TestEventPublisherImplementation
=== PAUSE TestEventPublisherImplementation
=== RUN   TestProtocolVersion
=== PAUSE TestProtocolVersion
=== RUN   TestEventTypes
=== PAUSE TestEventTypes
=== RUN   TestEvent_Creation
=== PAUSE TestEvent_Creation
=== RUN   TestSubscribeMessage_Creation
=== PAUSE TestSubscribeMessage_Creation
=== RUN   TestMessage_EventMessage
=== PAUSE TestMessage_EventMessage
=== RUN   TestMessage_SubscribeMessage
=== PAUSE TestMessage_SubscribeMessage
=== RUN   TestMessage_PingPong
=== PAUSE TestMessage_PingPong
=== RUN   TestNotificationMsg_Levels
=== PAUSE TestNotificationMsg_Levels
=== RUN   TestPublishWithRetry_Success
=== PAUSE TestPublishWithRetry_Success
=== RUN   TestPublishWithRetry_SuccessAfterRetries
=== PAUSE TestPublishWithRetry_SuccessAfterRetries
=== RUN   TestPublishWithRetry_FailureAfterAllRetries
=== PAUSE TestPublishWithRetry_FailureAfterAllRetries
=== RUN   TestPublishWithRetry_NilClient
=== PAUSE TestPublishWithRetry_NilClient
=== RUN   TestPublishWithRetry_ExponentialBackoff
=== PAUSE TestPublishWithRetry_ExponentialBackoff
=== RUN   TestPublishWithRetry_ZeroRetries
=== PAUSE TestPublishWithRetry_ZeroRetries
=== CONT  TestSendEvent_QueueFullWithBackpressure
=== CONT  TestPublishWithRetry_ZeroRetries
2026/02/11 20:56:53 WARN event publish failed after all retries attempts=0 event_type=db_changed project_id=5 error=<nil>
--- PASS: TestPublishWithRetry_ZeroRetries (0.00s)
=== CONT  TestPublishWithRetry_ExponentialBackoff
=== CONT  TestPublishWithRetry_NilClient
--- PASS: TestPublishWithRetry_NilClient (0.00s)
=== CONT  TestPublishWithRetry_FailureAfterAllRetries
=== CONT  TestPublishWithRetry_SuccessAfterRetries
=== CONT  TestPublishWithRetry_Success
--- PASS: TestPublishWithRetry_Success (0.00s)
=== CONT  TestNotificationMsg_Levels
=== RUN   TestNotificationMsg_Levels/info
=== PAUSE TestNotificationMsg_Levels/info
=== RUN   TestNotificationMsg_Levels/warning
=== PAUSE TestNotificationMsg_Levels/warning
=== RUN   TestNotificationMsg_Levels/error
=== PAUSE TestNotificationMsg_Levels/error
=== CONT  TestNotificationMsg_Levels/info
--- FAIL: TestNotificationMsg_Levels (0.00s)
    --- FAIL: TestNotificationMsg_Levels/info (0.00s)
panic: testing: t.Parallel called multiple times [recovered, repanicked]

goroutine 93 [running]:
testing.tRunner.func1.2({0x861280, 0x959a90})
	/usr/lib/go/src/testing/testing.go:1872 +0x237
testing.tRunner.func1()
	/usr/lib/go/src/testing/testing.go:1875 +0x35b
panic({0x861280?, 0x959a90?})
	/usr/lib/go/src/runtime/panic.go:783 +0x132
testing.(*T).Parallel(0xc00029aa80?)
	/usr/lib/go/src/testing/testing.go:1665 +0x3e5
github.com/thenoetrevino/paso/internal/events.TestNotificationMsg_Levels.func1(0xc00029aa80)
	/home/noetrevino/projects/new-paso/tests/internal/events/types_test.go:127 +0x52
testing.tRunner(0xc00029aa80, 0xc0002078c0)
	/usr/lib/go/src/testing/testing.go:1934 +0xea
created by testing.(*T).Run in goroutine 84
	/usr/lib/go/src/testing/testing.go:1997 +0x465
FAIL	github.com/thenoetrevino/paso/internal/events	0.537s
=== RUN   TestCache_Get_Miss
=== PAUSE TestCache_Get_Miss
=== RUN   TestCache_Get_Hit
=== PAUSE TestCache_Get_Hit
=== RUN   TestCache_Get_Expired
=== PAUSE TestCache_Get_Expired
=== RUN   TestCache_Set
=== PAUSE TestCache_Set
=== RUN   TestCache_Invalidate
=== PAUSE TestCache_Invalidate
=== RUN   TestCache_InvalidateAll
=== PAUSE TestCache_InvalidateAll
=== RUN   TestCache_Concurrent
=== PAUSE TestCache_Concurrent
=== RUN   TestCache_ConcurrentDifferentKeys
=== PAUSE TestCache_ConcurrentDifferentKeys
=== RUN   TestDetectGitInfo_NormalRepo
--- PASS: TestDetectGitInfo_NormalRepo (0.02s)
=== RUN   TestDetectGitInfo_FeatureBranch
--- PASS: TestDetectGitInfo_FeatureBranch (0.02s)
=== RUN   TestDetectGitInfo_DetachedHead
--- PASS: TestDetectGitInfo_DetachedHead (0.02s)
=== RUN   TestDetectGitInfo_EmptyRepo
--- PASS: TestDetectGitInfo_EmptyRepo (0.01s)
=== RUN   TestDetectGitInfo_NotARepo
--- PASS: TestDetectGitInfo_NotARepo (0.00s)
=== RUN   TestDetectGitInfo_BareRepository
--- PASS: TestDetectGitInfo_BareRepository (0.01s)
=== RUN   TestDetectGitInfo_Timeout
--- PASS: TestDetectGitInfo_Timeout (0.04s)
=== RUN   TestDetectGitInfo_BranchWithSpecialChars
=== RUN   TestDetectGitInfo_BranchWithSpecialChars/feature/AUTH-123-user-login
=== RUN   TestDetectGitInfo_BranchWithSpecialChars/fix/bug-in-parser
=== RUN   TestDetectGitInfo_BranchWithSpecialChars/release/v1.0.0
=== RUN   TestDetectGitInfo_BranchWithSpecialChars/feature/user_authentication
=== RUN   TestDetectGitInfo_BranchWithSpecialChars/hotfix/critical-bug
--- PASS: TestDetectGitInfo_BranchWithSpecialChars (0.05s)
    --- PASS: TestDetectGitInfo_BranchWithSpecialChars/feature/AUTH-123-user-login (0.01s)
    --- PASS: TestDetectGitInfo_BranchWithSpecialChars/fix/bug-in-parser (0.01s)
    --- PASS: TestDetectGitInfo_BranchWithSpecialChars/release/v1.0.0 (0.01s)
    --- PASS: TestDetectGitInfo_BranchWithSpecialChars/feature/user_authentication (0.01s)
    --- PASS: TestDetectGitInfo_BranchWithSpecialChars/hotfix/critical-bug (0.01s)
=== RUN   TestDetectGitInfo_Subdirectory
--- PASS: TestDetectGitInfo_Subdirectory (0.02s)
=== RUN   TestDetectGitInfo_MultipleWorktrees
--- PASS: TestDetectGitInfo_MultipleWorktrees (0.03s)
=== RUN   TestDetectGitInfo_VeryLongBranchName
--- PASS: TestDetectGitInfo_VeryLongBranchName (0.02s)
=== RUN   TestDetectGitInfo_CorruptedRepo
--- PASS: TestDetectGitInfo_CorruptedRepo (0.01s)
=== RUN   TestSanitizeBranchName_ValidBranches
=== PAUSE TestSanitizeBranchName_ValidBranches
=== RUN   TestSanitizeBranchName_EdgeCases
=== PAUSE TestSanitizeBranchName_EdgeCases
=== RUN   TestSanitizeBranchName_SpecialCharacters
=== PAUSE TestSanitizeBranchName_SpecialCharacters
=== RUN   TestSanitizeBranchName_SecurityVulnerabilities
=== PAUSE TestSanitizeBranchName_SecurityVulnerabilities
=== RUN   TestSanitizeBranchName_LongBranches
=== PAUSE TestSanitizeBranchName_LongBranches
=== RUN   TestSanitizeBranchName_Unicode
=== PAUSE TestSanitizeBranchName_Unicode
=== RUN   TestGitInfo_Validation
=== PAUSE TestGitInfo_Validation
=== RUN   TestSanitizeBranchName_TableDriven
=== PAUSE TestSanitizeBranchName_TableDriven
=== CONT  TestCache_Get_Miss
--- PASS: TestCache_Get_Miss (0.00s)
=== CONT  TestSanitizeBranchName_TableDriven
=== RUN   TestSanitizeBranchName_TableDriven/normal_main
=== PAUSE TestSanitizeBranchName_TableDriven/normal_main
=== RUN   TestSanitizeBranchName_TableDriven/normal_develop
=== PAUSE TestSanitizeBranchName_TableDriven/normal_develop
=== RUN   TestSanitizeBranchName_TableDriven/with_prefix
=== PAUSE TestSanitizeBranchName_TableDriven/with_prefix
=== RUN   TestSanitizeBranchName_TableDriven/release_branch
=== PAUSE TestSanitizeBranchName_TableDriven/release_branch
=== RUN   TestSanitizeBranchName_TableDriven/hotfix_branch
=== PAUSE TestSanitizeBranchName_TableDriven/hotfix_branch
=== RUN   TestSanitizeBranchName_TableDriven/empty_after_trim
=== PAUSE TestSanitizeBranchName_TableDriven/empty_after_trim
=== CONT  TestSanitizeBranchName_TableDriven/normal_main
--- FAIL: TestSanitizeBranchName_TableDriven (0.00s)
    --- FAIL: TestSanitizeBranchName_TableDriven/normal_main (0.00s)
panic: testing: t.Parallel called multiple times [recovered, repanicked]

goroutine 191 [running]:
testing.tRunner.func1.2({0x844d60, 0x9378a0})
	/usr/lib/go/src/testing/testing.go:1872 +0x237
testing.tRunner.func1()
	/usr/lib/go/src/testing/testing.go:1875 +0x35b
panic({0x844d60?, 0x9378a0?})
	/usr/lib/go/src/runtime/panic.go:783 +0x132
testing.(*T).Parallel(0xc000413880?)
	/usr/lib/go/src/testing/testing.go:1665 +0x3e5
github.com/thenoetrevino/paso/internal/git.TestSanitizeBranchName_TableDriven.func1(0xc000413880)
	/home/noetrevino/projects/new-paso/tests/internal/git/git_test.go:621 +0x36
testing.tRunner(0xc000413880, 0xc000016370)
	/usr/lib/go/src/testing/testing.go:1934 +0xea
created by testing.(*T).Run in goroutine 190
	/usr/lib/go/src/testing/testing.go:1997 +0x465
FAIL	github.com/thenoetrevino/paso/internal/git	0.250s
?   	github.com/thenoetrevino/paso/internal/launcher	[no test files]
?   	github.com/thenoetrevino/paso/internal/logging	[no test files]
=== RUN   TestActivityType_String
=== PAUSE TestActivityType_String
=== RUN   TestNewActivityItemFromEvent
=== PAUSE TestNewActivityItemFromEvent
=== RUN   TestNewActivityItemFromComment
=== PAUSE TestNewActivityItemFromComment
=== RUN   TestMergeActivities
=== PAUSE TestMergeActivities
=== RUN   TestPriority_Creation
=== PAUSE TestPriority_Creation
=== RUN   TestType_Creation
=== PAUSE TestType_Creation
=== RUN   TestRelationType_Creation
=== PAUSE TestRelationType_Creation
=== RUN   TestRelationType_NonBlocking
=== PAUSE TestRelationType_NonBlocking
=== CONT  TestActivityType_String
=== RUN   TestActivityType_String/event_type
=== PAUSE TestActivityType_String/event_type
=== RUN   TestActivityType_String/comment_type
=== PAUSE TestActivityType_String/comment_type
=== RUN   TestActivityType_String/unknown_type
=== PAUSE TestActivityType_String/unknown_type
=== CONT  TestActivityType_String/event_type
--- FAIL: TestActivityType_String (0.00s)
    --- FAIL: TestActivityType_String/event_type (0.00s)
=== CONT  TestNewActivityItemFromEvent
panic: testing: t.Parallel called multiple times [recovered, repanicked]

goroutine 29 [running]:
testing.tRunner.func1.2({0x603bc0, 0x6ab310})
	/usr/lib/go/src/testing/testing.go:1872 +0x237
testing.tRunner.func1()
	/usr/lib/go/src/testing/testing.go:1875 +0x35b
panic({0x603bc0?, 0x6ab310?})
	/usr/lib/go/src/runtime/panic.go:783 +0x132
testing.(*T).Parallel(0xc00019ee00?)
	/usr/lib/go/src/testing/testing.go:1665 +0x3e5
github.com/thenoetrevino/paso/internal/models.TestActivityType_String.func1(0xc00019ee00)
	/home/noetrevino/projects/new-paso/tests/internal/models/activity_test.go:39 +0x2f
testing.tRunner(0xc00019ee00, 0xc000125500)
	/usr/lib/go/src/testing/testing.go:1934 +0xea
created by testing.(*T).Run in goroutine 21
	/usr/lib/go/src/testing/testing.go:1997 +0x465
FAIL	github.com/thenoetrevino/paso/internal/models	0.010s
=== RUN   TestGetOrCreate
=== PAUSE TestGetOrCreate
=== RUN   TestGetOrCreateConcurrent
=== PAUSE TestGetOrCreateConcurrent
=== RUN   TestCreateTrimsWhitespace
=== PAUSE TestCreateTrimsWhitespace
=== RUN   TestGetByNameTrimsWhitespace
=== PAUSE TestGetByNameTrimsWhitespace
=== CONT  TestGetOrCreate
=== CONT  TestCreateTrimsWhitespace
=== CONT  TestGetOrCreateConcurrent
=== CONT  TestGetByNameTrimsWhitespace
2026/02/11 20:56:53 OK   00001_initial_schema.sql (3ms)
2026/02/11 20:56:53 OK   00002_add_performance_indexes.sql (889.16µs)
2026/02/11 20:56:53 OK   00003_add_git_branch_to_projects.sql (591.06µs)
2026/02/11 20:56:53 OK   00005_add_task_events.sql (270.79µs)
2026/02/11 20:56:53 OK   00006_add_assignees.sql (301µs)
2026/02/11 20:56:53 OK   00007_add_task_assignee.sql (475.28µs)
2026/02/11 20:56:53 OK   00008_fix_assignee_name_uniqueness.sql (1.79ms)
2026/02/11 20:56:53 goose: successfully migrated database to version: 8
--- PASS: TestGetOrCreate (0.01s)
2026/02/11 20:56:53 OK   00001_initial_schema.sql (2.91ms)
2026/02/11 20:56:53 OK   00002_add_performance_indexes.sql (979.08µs)
2026/02/11 20:56:53 OK   00003_add_git_branch_to_projects.sql (535.54µs)
2026/02/11 20:56:53 OK   00005_add_task_events.sql (274.79µs)
2026/02/11 20:56:53 OK   00006_add_assignees.sql (266.94µs)
2026/02/11 20:56:53 OK   00007_add_task_assignee.sql (512.63µs)
2026/02/11 20:56:53 OK   00008_fix_assignee_name_uniqueness.sql (1.76ms)
2026/02/11 20:56:53 goose: successfully migrated database to version: 8
2026/02/11 20:56:53 OK   00001_initial_schema.sql (1.95ms)
--- PASS: TestCreateTrimsWhitespace (0.02s)
2026/02/11 20:56:53 OK   00002_add_performance_indexes.sql (931.95µs)
2026/02/11 20:56:53 OK   00003_add_git_branch_to_projects.sql (502.23µs)
2026/02/11 20:56:53 OK   00005_add_task_events.sql (323.35µs)
2026/02/11 20:56:53 OK   00006_add_assignees.sql (281.51µs)
2026/02/11 20:56:53 OK   00007_add_task_assignee.sql (431.71µs)
2026/02/11 20:56:53 OK   00008_fix_assignee_name_uniqueness.sql (1.76ms)
2026/02/11 20:56:53 goose: successfully migrated database to version: 8
2026/02/11 20:56:53 OK   00001_initial_schema.sql (3.29ms)
2026/02/11 20:56:53 OK   00002_add_performance_indexes.sql (980.74µs)
2026/02/11 20:56:53 OK   00003_add_git_branch_to_projects.sql (500.9µs)
2026/02/11 20:56:53 OK   00005_add_task_events.sql (218.59µs)
2026/02/11 20:56:53 OK   00006_add_assignees.sql (268.92µs)
--- PASS: TestGetOrCreateConcurrent (0.03s)
2026/02/11 20:56:53 OK   00007_add_task_assignee.sql (648.92µs)
2026/02/11 20:56:53 OK   00008_fix_assignee_name_uniqueness.sql (2.58ms)
2026/02/11 20:56:53 goose: successfully migrated database to version: 8
--- PASS: TestGetByNameTrimsWhitespace (0.04s)
PASS
ok  	github.com/thenoetrevino/paso/internal/services/assignee	0.042s
=== RUN   TestCreateColumn
=== PAUSE TestCreateColumn
=== RUN   TestCreateColumn_Validation
=== PAUSE TestCreateColumn_Validation
=== RUN   TestCreateColumn_LinkedList
=== PAUSE TestCreateColumn_LinkedList
=== RUN   TestCreateColumn_InsertAfter
=== PAUSE TestCreateColumn_InsertAfter
=== RUN   TestGetColumnsByProject
=== PAUSE TestGetColumnsByProject
=== RUN   TestGetColumnsByProject_Empty
=== PAUSE TestGetColumnsByProject_Empty
=== RUN   TestGetColumnsByProject_InvalidProjectID
=== PAUSE TestGetColumnsByProject_InvalidProjectID
=== RUN   TestGetColumnByID
=== PAUSE TestGetColumnByID
=== RUN   TestGetColumnByID_NotFound
=== PAUSE TestGetColumnByID_NotFound
=== RUN   TestGetColumnByID_InvalidID
=== PAUSE TestGetColumnByID_InvalidID
=== RUN   TestUpdateColumnName
=== PAUSE TestUpdateColumnName
=== RUN   TestUpdateColumnName_Validation
=== PAUSE TestUpdateColumnName_Validation
=== RUN   TestDeleteColumn
=== PAUSE TestDeleteColumn
=== RUN   TestDeleteColumn_Validation
=== PAUSE TestDeleteColumn_Validation
=== RUN   TestDeleteColumn_LinkedListIntegrity
=== PAUSE TestDeleteColumn_LinkedListIntegrity
=== RUN   TestCreateColumn_WithHoldsReadyTasks
=== PAUSE TestCreateColumn_WithHoldsReadyTasks
=== RUN   TestCreateColumn_HoldsReadyTasks_ClearsPrevious
=== PAUSE TestCreateColumn_HoldsReadyTasks_ClearsPrevious
=== RUN   TestSetHoldsReadyTasks_Success
=== PAUSE TestSetHoldsReadyTasks_Success
=== RUN   TestSetHoldsReadyTasks_TransfersFromPrevious
=== PAUSE TestSetHoldsReadyTasks_TransfersFromPrevious
=== RUN   TestGetColumnByID_IncludesHoldsReadyTasks
=== PAUSE TestGetColumnByID_IncludesHoldsReadyTasks
=== RUN   TestGetColumnsByProject_IncludesHoldsReadyTasks
=== PAUSE TestGetColumnsByProject_IncludesHoldsReadyTasks
=== RUN   TestSetHoldsReadyTasks_InvalidColumnID
=== PAUSE TestSetHoldsReadyTasks_InvalidColumnID
=== RUN   TestSetHoldsReadyTasks_ColumnNotFound
=== PAUSE TestSetHoldsReadyTasks_ColumnNotFound
=== RUN   TestCreateColumn_OnlyOneReadyPerProject
=== PAUSE TestCreateColumn_OnlyOneReadyPerProject
=== RUN   TestGetColumnByID_NegativeID
=== PAUSE TestGetColumnByID_NegativeID
=== RUN   TestGetColumnsByProject_NegativeProjectID
=== PAUSE TestGetColumnsByProject_NegativeProjectID
=== RUN   TestGetColumnsByProject_NonExistentProject
=== PAUSE TestGetColumnsByProject_NonExistentProject
=== RUN   TestUpdateColumnName_NegativeID
=== PAUSE TestUpdateColumnName_NegativeID
=== RUN   TestUpdateColumnName_NonExistentColumn
=== PAUSE TestUpdateColumnName_NonExistentColumn
=== RUN   TestUpdateColumnName_NameTooLong
=== PAUSE TestUpdateColumnName_NameTooLong
=== RUN   TestDeleteColumn_NegativeID
=== PAUSE TestDeleteColumn_NegativeID
=== RUN   TestDeleteColumn_NonExistentColumn
=== PAUSE TestDeleteColumn_NonExistentColumn
=== RUN   TestCreateColumn_InvalidAfterID
=== PAUSE TestCreateColumn_InvalidAfterID
=== RUN   TestCreateColumn_AfterColumnFromDifferentProject
=== PAUSE TestCreateColumn_AfterColumnFromDifferentProject
=== RUN   TestDeleteColumn_FirstColumn
=== PAUSE TestDeleteColumn_FirstColumn
=== RUN   TestDeleteColumn_LastColumn
=== PAUSE TestDeleteColumn_LastColumn
=== RUN   TestDeleteColumn_OnlyColumn
=== PAUSE TestDeleteColumn_OnlyColumn
=== RUN   TestSetHoldsReadyTasks_NegativeColumnID
=== PAUSE TestSetHoldsReadyTasks_NegativeColumnID
=== RUN   TestCreateColumn_MultipleReadyColumns_DifferentProjects
=== PAUSE TestCreateColumn_MultipleReadyColumns_DifferentProjects
=== RUN   TestSetHoldsCompletedTasks_NegativeColumnID
=== PAUSE TestSetHoldsCompletedTasks_NegativeColumnID
=== RUN   TestCreateColumn_MultipleCompletedColumns_DifferentProjects
=== PAUSE TestCreateColumn_MultipleCompletedColumns_DifferentProjects
=== RUN   TestCreateColumn_WithHoldsInProgressTasks
=== PAUSE TestCreateColumn_WithHoldsInProgressTasks
=== RUN   TestCreateColumn_HoldsInProgressTasks_ClearsPrevious
=== PAUSE TestCreateColumn_HoldsInProgressTasks_ClearsPrevious
=== RUN   TestSetHoldsInProgressTasks_Success
=== PAUSE TestSetHoldsInProgressTasks_Success
=== RUN   TestSetHoldsInProgressTasks_FailsWhenExists
=== PAUSE TestSetHoldsInProgressTasks_FailsWhenExists
=== RUN   TestSetHoldsInProgressTasks_InvalidColumnID
=== PAUSE TestSetHoldsInProgressTasks_InvalidColumnID
=== RUN   TestSetHoldsInProgressTasks_NegativeColumnID
=== PAUSE TestSetHoldsInProgressTasks_NegativeColumnID
=== RUN   TestSetHoldsInProgressTasks_ColumnNotFound
=== PAUSE TestSetHoldsInProgressTasks_ColumnNotFound
=== RUN   TestGetColumnByID_IncludesHoldsInProgressTasks
=== PAUSE TestGetColumnByID_IncludesHoldsInProgressTasks
=== RUN   TestGetColumnsByProject_IncludesHoldsInProgressTasks
=== PAUSE TestGetColumnsByProject_IncludesHoldsInProgressTasks
=== RUN   TestCreateColumn_MultipleInProgressColumns_DifferentProjects
=== PAUSE TestCreateColumn_MultipleInProgressColumns_DifferentProjects
=== RUN   TestCreateColumn_NameExactly50Characters
=== PAUSE TestCreateColumn_NameExactly50Characters
=== RUN   TestCreateColumn_NonExistentProject
=== PAUSE TestCreateColumn_NonExistentProject
=== RUN   TestUpdateColumnName_Exact50Characters
=== PAUSE TestUpdateColumnName_Exact50Characters
=== RUN   TestCreateColumn_AllSpecialFlagsTrue
=== PAUSE TestCreateColumn_AllSpecialFlagsTrue
=== RUN   TestCreateColumn_ProjectIDMaxInt
=== PAUSE TestCreateColumn_ProjectIDMaxInt
=== RUN   TestCreateColumn_WithHoldsCompletedTasks
=== PAUSE TestCreateColumn_WithHoldsCompletedTasks
=== RUN   TestCreateColumn_HoldsCompletedTasks_FailsWhenExists
=== PAUSE TestCreateColumn_HoldsCompletedTasks_FailsWhenExists
=== RUN   TestSetHoldsCompletedTasks_Success
=== PAUSE TestSetHoldsCompletedTasks_Success
=== RUN   TestSetHoldsCompletedTasks_FailsWhenExistsWithoutForce
=== PAUSE TestSetHoldsCompletedTasks_FailsWhenExistsWithoutForce
=== RUN   TestSetHoldsCompletedTasks_SucceedsWithForce
=== PAUSE TestSetHoldsCompletedTasks_SucceedsWithForce
=== RUN   TestGetColumnByID_IncludesHoldsCompletedTasks
=== PAUSE TestGetColumnByID_IncludesHoldsCompletedTasks
=== RUN   TestGetColumnsByProject_IncludesHoldsCompletedTasks
=== PAUSE TestGetColumnsByProject_IncludesHoldsCompletedTasks
=== RUN   TestSetHoldsCompletedTasks_InvalidColumnID
=== PAUSE TestSetHoldsCompletedTasks_InvalidColumnID
=== RUN   TestSetHoldsCompletedTasks_ColumnNotFound
=== PAUSE TestSetHoldsCompletedTasks_ColumnNotFound
=== RUN   TestCreateColumn_OnlyOneCompletedPerProject
=== PAUSE TestCreateColumn_OnlyOneCompletedPerProject
=== CONT  TestCreateColumn
=== CONT  TestCreateColumn_OnlyOneCompletedPerProject
=== CONT  TestSetHoldsCompletedTasks_InvalidColumnID
=== CONT  TestDeleteColumn_NonExistentColumn
=== CONT  TestSetHoldsCompletedTasks_ColumnNotFound
=== CONT  TestGetColumnsByProject_IncludesHoldsCompletedTasks
2026/02/11 20:56:53 OK   00001_initial_schema.sql (3.23ms)
2026/02/11 20:56:53 OK   00002_add_performance_indexes.sql (892.01µs)
2026/02/11 20:56:53 OK   00003_add_git_branch_to_projects.sql (2.13ms)
2026/02/11 20:56:53 OK   00005_add_task_events.sql (406.17µs)
2026/02/11 20:56:53 OK   00006_add_assignees.sql (416.89µs)
2026/02/11 20:56:53 OK   00007_add_task_assignee.sql (908.18µs)
2026/02/11 20:56:53 OK   00008_fix_assignee_name_uniqueness.sql (2.54ms)
2026/02/11 20:56:53 goose: successfully migrated database to version: 8
--- PASS: TestCreateColumn (0.02s)
=== CONT  TestGetColumnByID_IncludesHoldsCompletedTasks
2026/02/11 20:56:53 OK   00001_initial_schema.sql (2.58ms)
2026/02/11 20:56:53 OK   00002_add_performance_indexes.sql (956.02µs)
2026/02/11 20:56:53 OK   00003_add_git_branch_to_projects.sql (4.14ms)
2026/02/11 20:56:53 OK   00005_add_task_events.sql (285.68µs)
2026/02/11 20:56:53 OK   00006_add_assignees.sql (303.71µs)
2026/02/11 20:56:53 OK   00007_add_task_assignee.sql (520.4µs)
2026/02/11 20:56:53 OK   00008_fix_assignee_name_uniqueness.sql (1.88ms)
2026/02/11 20:56:53 goose: successfully migrated database to version: 8
--- PASS: TestCreateColumn_OnlyOneCompletedPerProject (0.03s)
=== CONT  TestSetHoldsCompletedTasks_SucceedsWithForce
2026/02/11 20:56:53 OK   00001_initial_schema.sql (1.91ms)
2026/02/11 20:56:53 OK   00002_add_performance_indexes.sql (1.01ms)
2026/02/11 20:56:53 OK   00003_add_git_branch_to_projects.sql (3.18ms)
2026/02/11 20:56:53 OK   00005_add_task_events.sql (277.93µs)
2026/02/11 20:56:53 OK   00006_add_assignees.sql (311.28µs)
2026/02/11 20:56:53 OK   00007_add_task_assignee.sql (495.89µs)
2026/02/11 20:56:53 OK   00008_fix_assignee_name_uniqueness.sql (1.77ms)
2026/02/11 20:56:53 goose: successfully migrated database to version: 8
--- PASS: TestSetHoldsCompletedTasks_InvalidColumnID (0.04s)
=== CONT  TestSetHoldsCompletedTasks_FailsWhenExistsWithoutForce
2026/02/11 20:56:53 OK   00001_initial_schema.sql (2ms)
2026/02/11 20:56:53 OK   00002_add_performance_indexes.sql (930.5µs)
2026/02/11 20:56:53 OK   00003_add_git_branch_to_projects.sql (562.61µs)
2026/02/11 20:56:53 OK   00005_add_task_events.sql (275.56µs)
2026/02/11 20:56:53 OK   00006_add_assignees.sql (296.68µs)
2026/02/11 20:56:53 OK   00007_add_task_assignee.sql (512.21µs)
2026/02/11 20:56:53 OK   00008_fix_assignee_name_uniqueness.sql (2ms)
2026/02/11 20:56:53 goose: successfully migrated database to version: 8
--- PASS: TestGetColumnsByProject_IncludesHoldsCompletedTasks (0.05s)
=== CONT  TestSetHoldsCompletedTasks_Success
2026/02/11 20:56:53 OK   00001_initial_schema.sql (2.33ms)
2026/02/11 20:56:53 OK   00002_add_performance_indexes.sql (1.06ms)
2026/02/11 20:56:53 OK   00003_add_git_branch_to_projects.sql (520.1µs)
2026/02/11 20:56:53 OK   00005_add_task_events.sql (285.56µs)
2026/02/11 20:56:53 OK   00006_add_assignees.sql (248.33µs)
2026/02/11 20:56:53 OK   00007_add_task_assignee.sql (413.12µs)
2026/02/11 20:56:53 OK   00008_fix_assignee_name_uniqueness.sql (1.77ms)
2026/02/11 20:56:53 goose: successfully migrated database to version: 8
--- PASS: TestSetHoldsCompletedTasks_ColumnNotFound (0.05s)
=== CONT  TestCreateColumn_HoldsCompletedTasks_FailsWhenExists
2026/02/11 20:56:53 OK   00001_initial_schema.sql (1.87ms)
2026/02/11 20:56:53 OK   00002_add_performance_indexes.sql (878.66µs)
2026/02/11 20:56:53 OK   00003_add_git_branch_to_projects.sql (565.55µs)
2026/02/11 20:56:53 OK   00005_add_task_events.sql (279.73µs)
2026/02/11 20:56:53 OK   00006_add_assignees.sql (294.52µs)
2026/02/11 20:56:53 OK   00007_add_task_assignee.sql (475.62µs)
2026/02/11 20:56:53 OK   00008_fix_assignee_name_uniqueness.sql (1.78ms)
2026/02/11 20:56:53 goose: successfully migrated database to version: 8
--- PASS: TestDeleteColumn_NonExistentColumn (0.06s)
=== CONT  TestCreateColumn_WithHoldsCompletedTasks
2026/02/11 20:56:53 OK   00001_initial_schema.sql (1.91ms)
2026/02/11 20:56:53 OK   00002_add_performance_indexes.sql (881.53µs)
2026/02/11 20:56:53 OK   00003_add_git_branch_to_projects.sql (560.9µs)
2026/02/11 20:56:53 OK   00005_add_task_events.sql (291.85µs)
2026/02/11 20:56:53 OK   00006_add_assignees.sql (289.59µs)
2026/02/11 20:56:53 OK   00007_add_task_assignee.sql (474.33µs)
2026/02/11 20:56:53 OK   00008_fix_assignee_name_uniqueness.sql (1.94ms)
2026/02/11 20:56:53 goose: successfully migrated database to version: 8
--- PASS: TestCreateColumn_WithHoldsCompletedTasks (0.01s)
=== CONT  TestCreateColumn_ProjectIDMaxInt
2026/02/11 20:56:53 OK   00001_initial_schema.sql (1.99ms)
2026/02/11 20:56:53 OK   00002_add_performance_indexes.sql (956.7µs)
2026/02/11 20:56:53 OK   00003_add_git_branch_to_projects.sql (621.55µs)
2026/02/11 20:56:53 OK   00005_add_task_events.sql (264.18µs)
2026/02/11 20:56:53 OK   00006_add_assignees.sql (301.85µs)
2026/02/11 20:56:53 OK   00007_add_task_assignee.sql (464.3µs)
2026/02/11 20:56:53 OK   00008_fix_assignee_name_uniqueness.sql (1.9ms)
2026/02/11 20:56:53 goose: successfully migrated database to version: 8
--- PASS: TestGetColumnByID_IncludesHoldsCompletedTasks (0.06s)
=== CONT  TestCreateColumn_AllSpecialFlagsTrue
2026/02/11 20:56:53 OK   00001_initial_schema.sql (2.25ms)
2026/02/11 20:56:53 OK   00002_add_performance_indexes.sql (883.61µs)
2026/02/11 20:56:53 OK   00003_add_git_branch_to_projects.sql (546.2µs)
2026/02/11 20:56:53 OK   00005_add_task_events.sql (272.26µs)
2026/02/11 20:56:53 OK   00006_add_assignees.sql (334.71µs)
2026/02/11 20:56:53 OK   00007_add_task_assignee.sql (630.2µs)
2026/02/11 20:56:53 OK   00008_fix_assignee_name_uniqueness.sql (2.54ms)
2026/02/11 20:56:53 goose: successfully migrated database to version: 8
--- PASS: TestSetHoldsCompletedTasks_SucceedsWithForce (0.06s)
2026/02/11 20:56:53 OK   00001_initial_schema.sql (2.12ms)
=== CONT  TestUpdateColumnName_Exact50Characters
2026/02/11 20:56:53 OK   00002_add_performance_indexes.sql (958.06µs)
2026/02/11 20:56:53 OK   00003_add_git_branch_to_projects.sql (577.16µs)
2026/02/11 20:56:53 OK   00005_add_task_events.sql (266.49µs)
2026/02/11 20:56:53 OK   00006_add_assignees.sql (308.4µs)
2026/02/11 20:56:53 OK   00007_add_task_assignee.sql (502.96µs)
2026/02/11 20:56:53 OK   00008_fix_assignee_name_uniqueness.sql (1.94ms)
2026/02/11 20:56:53 goose: successfully migrated database to version: 8
--- PASS: TestSetHoldsCompletedTasks_FailsWhenExistsWithoutForce (0.05s)
=== CONT  TestCreateColumn_NonExistentProject
2026/02/11 20:56:53 OK   00001_initial_schema.sql (2.44ms)
2026/02/11 20:56:53 OK   00002_add_performance_indexes.sql (961.89µs)
2026/02/11 20:56:53 OK   00003_add_git_branch_to_projects.sql (551.14µs)
2026/02/11 20:56:53 OK   00005_add_task_events.sql (302.71µs)
2026/02/11 20:56:53 OK   00006_add_assignees.sql (325.26µs)
2026/02/11 20:56:53 OK   00007_add_task_assignee.sql (569.05µs)
2026/02/11 20:56:53 OK   00008_fix_assignee_name_uniqueness.sql (1.9ms)
2026/02/11 20:56:53 goose: successfully migrated database to version: 8
--- PASS: TestSetHoldsCompletedTasks_Success (0.05s)
=== CONT  TestCreateColumn_NameExactly50Characters
2026/02/11 20:56:53 OK   00001_initial_schema.sql (1.94ms)
2026/02/11 20:56:53 OK   00002_add_performance_indexes.sql (921.64µs)
2026/02/11 20:56:53 OK   00003_add_git_branch_to_projects.sql (572.61µs)
2026/02/11 20:56:53 OK   00005_add_task_events.sql (292.36µs)
2026/02/11 20:56:53 OK   00006_add_assignees.sql (348.33µs)
2026/02/11 20:56:53 OK   00007_add_task_assignee.sql (521.13µs)
2026/02/11 20:56:53 OK   00008_fix_assignee_name_uniqueness.sql (1.81ms)
2026/02/11 20:56:53 goose: successfully migrated database to version: 8
--- PASS: TestCreateColumn_HoldsCompletedTasks_FailsWhenExists (0.06s)
=== CONT  TestCreateColumn_MultipleInProgressColumns_DifferentProjects
2026/02/11 20:56:53 OK   00001_initial_schema.sql (1.84ms)
2026/02/11 20:56:53 OK   00002_add_performance_indexes.sql (938.01µs)
2026/02/11 20:56:53 OK   00003_add_git_branch_to_projects.sql (539.76µs)
2026/02/11 20:56:53 OK   00005_add_task_events.sql (272.83µs)
2026/02/11 20:56:53 OK   00006_add_assignees.sql (293.85µs)
2026/02/11 20:56:53 OK   00007_add_task_assignee.sql (469.69µs)
2026/02/11 20:56:53 OK   00008_fix_assignee_name_uniqueness.sql (1.76ms)
2026/02/11 20:56:53 goose: successfully migrated database to version: 8
--- PASS: TestCreateColumn_ProjectIDMaxInt (0.05s)
=== CONT  TestGetColumnsByProject_IncludesHoldsInProgressTasks
2026/02/11 20:56:53 OK   00001_initial_schema.sql (1.9ms)
2026/02/11 20:56:53 OK   00002_add_performance_indexes.sql (919.13µs)
2026/02/11 20:56:53 OK   00003_add_git_branch_to_projects.sql (577.56µs)
2026/02/11 20:56:53 OK   00005_add_task_events.sql (273.64µs)
2026/02/11 20:56:53 OK   00006_add_assignees.sql (292.75µs)
2026/02/11 20:56:53 OK   00007_add_task_assignee.sql (470.32µs)
2026/02/11 20:56:53 OK   00008_fix_assignee_name_uniqueness.sql (1.79ms)
2026/02/11 20:56:53 goose: successfully migrated database to version: 8
--- PASS: TestCreateColumn_AllSpecialFlagsTrue (0.05s)
=== CONT  TestGetColumnByID_IncludesHoldsInProgressTasks
2026/02/11 20:56:53 OK   00001_initial_schema.sql (2.27ms)
2026/02/11 20:56:53 OK   00002_add_performance_indexes.sql (783.96µs)
2026/02/11 20:56:53 OK   00003_add_git_branch_to_projects.sql (502.26µs)
2026/02/11 20:56:53 OK   00005_add_task_events.sql (262.25µs)
2026/02/11 20:56:53 OK   00006_add_assignees.sql (286.16µs)
2026/02/11 20:56:53 OK   00007_add_task_assignee.sql (457.98µs)
2026/02/11 20:56:53 OK   00008_fix_assignee_name_uniqueness.sql (1.76ms)
2026/02/11 20:56:53 goose: successfully migrated database to version: 8
--- PASS: TestUpdateColumnName_Exact50Characters (0.05s)
=== CONT  TestSetHoldsInProgressTasks_ColumnNotFound
2026/02/11 20:56:53 OK   00001_initial_schema.sql (1.84ms)
2026/02/11 20:56:53 OK   00002_add_performance_indexes.sql (862.61µs)
2026/02/11 20:56:53 OK   00003_add_git_branch_to_projects.sql (538.34µs)
2026/02/11 20:56:53 OK   00005_add_task_events.sql (262µs)
2026/02/11 20:56:53 OK   00006_add_assignees.sql (281.43µs)
2026/02/11 20:56:53 OK   00007_add_task_assignee.sql (458.77µs)
2026/02/11 20:56:53 OK   00008_fix_assignee_name_uniqueness.sql (1.82ms)
2026/02/11 20:56:53 goose: successfully migrated database to version: 8
--- PASS: TestCreateColumn_NonExistentProject (0.05s)
=== CONT  TestSetHoldsInProgressTasks_NegativeColumnID
2026/02/11 20:56:53 OK   00001_initial_schema.sql (2.14ms)
2026/02/11 20:56:53 OK   00002_add_performance_indexes.sql (777.06µs)
2026/02/11 20:56:53 OK   00003_add_git_branch_to_projects.sql (494.87µs)
2026/02/11 20:56:53 OK   00005_add_task_events.sql (235.56µs)
2026/02/11 20:56:53 OK   00006_add_assignees.sql (292.94µs)
2026/02/11 20:56:53 OK   00007_add_task_assignee.sql (408.47µs)
2026/02/11 20:56:53 OK   00008_fix_assignee_name_uniqueness.sql (1.71ms)
2026/02/11 20:56:53 goose: successfully migrated database to version: 8
--- PASS: TestCreateColumn_NameExactly50Characters (0.04s)
=== CONT  TestSetHoldsInProgressTasks_InvalidColumnID
2026/02/11 20:56:53 OK   00001_initial_schema.sql (1.89ms)
2026/02/11 20:56:53 OK   00002_add_performance_indexes.sql (854.6µs)
2026/02/11 20:56:53 OK   00003_add_git_branch_to_projects.sql (530.92µs)
2026/02/11 20:56:53 OK   00005_add_task_events.sql (252.24µs)
2026/02/11 20:56:53 OK   00006_add_assignees.sql (279µs)
2026/02/11 20:56:53 OK   00007_add_task_assignee.sql (471.48µs)
2026/02/11 20:56:53 OK   00008_fix_assignee_name_uniqueness.sql (1.86ms)
2026/02/11 20:56:53 goose: successfully migrated database to version: 8
--- PASS: TestCreateColumn_MultipleInProgressColumns_DifferentProjects (0.04s)
=== CONT  TestSetHoldsInProgressTasks_FailsWhenExists
2026/02/11 20:56:53 OK   00001_initial_schema.sql (2.36ms)
2026/02/11 20:56:53 OK   00002_add_performance_indexes.sql (807.74µs)
2026/02/11 20:56:53 OK   00003_add_git_branch_to_projects.sql (538.98µs)
2026/02/11 20:56:53 OK   00005_add_task_events.sql (263.74µs)
2026/02/11 20:56:53 OK   00006_add_assignees.sql (280.3µs)
2026/02/11 20:56:53 OK   00007_add_task_assignee.sql (476.04µs)
2026/02/11 20:56:53 OK   00008_fix_assignee_name_uniqueness.sql (1.78ms)
2026/02/11 20:56:53 goose: successfully migrated database to version: 8
--- PASS: TestGetColumnsByProject_IncludesHoldsInProgressTasks (0.04s)
=== CONT  TestSetHoldsInProgressTasks_Success
2026/02/11 20:56:53 OK   00001_initial_schema.sql (2.41ms)
2026/02/11 20:56:53 OK   00002_add_performance_indexes.sql (851.21µs)
2026/02/11 20:56:53 OK   00003_add_git_branch_to_projects.sql (539.63µs)
2026/02/11 20:56:53 OK   00005_add_task_events.sql (262.1µs)
2026/02/11 20:56:53 OK   00006_add_assignees.sql (293.01µs)
2026/02/11 20:56:53 OK   00007_add_task_assignee.sql (464.8µs)
2026/02/11 20:56:53 OK   00008_fix_assignee_name_uniqueness.sql (1.76ms)
2026/02/11 20:56:53 goose: successfully migrated database to version: 8
--- PASS: TestGetColumnByID_IncludesHoldsInProgressTasks (0.04s)
=== CONT  TestCreateColumn_HoldsInProgressTasks_ClearsPrevious
2026/02/11 20:56:53 OK   00001_initial_schema.sql (1.89ms)
2026/02/11 20:56:53 OK   00002_add_performance_indexes.sql (920.77µs)
2026/02/11 20:56:53 OK   00003_add_git_branch_to_projects.sql (535.84µs)
2026/02/11 20:56:53 OK   00005_add_task_events.sql (255.77µs)
2026/02/11 20:56:53 OK   00006_add_assignees.sql (286.08µs)
2026/02/11 20:56:53 OK   00007_add_task_assignee.sql (467.55µs)
2026/02/11 20:56:53 OK   00008_fix_assignee_name_uniqueness.sql (1.75ms)
2026/02/11 20:56:53 goose: successfully migrated database to version: 8
--- PASS: TestSetHoldsInProgressTasks_ColumnNotFound (0.04s)
=== CONT  TestCreateColumn_WithHoldsInProgressTasks
2026/02/11 20:56:53 OK   00001_initial_schema.sql (1.91ms)
2026/02/11 20:56:53 OK   00002_add_performance_indexes.sql (803.69µs)
2026/02/11 20:56:53 OK   00003_add_git_branch_to_projects.sql (525.19µs)
2026/02/11 20:56:53 OK   00005_add_task_events.sql (257.59µs)
2026/02/11 20:56:53 OK   00006_add_assignees.sql (289.71µs)
2026/02/11 20:56:53 OK   00007_add_task_assignee.sql (452.11µs)
2026/02/11 20:56:53 OK   00008_fix_assignee_name_uniqueness.sql (1.74ms)
2026/02/11 20:56:53 goose: successfully migrated database to version: 8
--- PASS: TestSetHoldsInProgressTasks_NegativeColumnID (0.04s)
=== CONT  TestCreateColumn_MultipleCompletedColumns_DifferentProjects
2026/02/11 20:56:53 OK   00001_initial_schema.sql (1.81ms)
2026/02/11 20:56:53 OK   00002_add_performance_indexes.sql (877.31µs)
2026/02/11 20:56:53 OK   00003_add_git_branch_to_projects.sql (539.77µs)
2026/02/11 20:56:53 OK   00005_add_task_events.sql (257.95µs)
2026/02/11 20:56:53 OK   00006_add_assignees.sql (283.53µs)
2026/02/11 20:56:53 OK   00007_add_task_assignee.sql (465.3µs)
2026/02/11 20:56:53 OK   00008_fix_assignee_name_uniqueness.sql (1.79ms)
2026/02/11 20:56:53 goose: successfully migrated database to version: 8
--- PASS: TestSetHoldsInProgressTasks_InvalidColumnID (0.04s)
=== CONT  TestSetHoldsCompletedTasks_NegativeColumnID
2026/02/11 20:56:53 OK   00001_initial_schema.sql (1.87ms)
2026/02/11 20:56:53 OK   00002_add_performance_indexes.sql (848.81µs)
2026/02/11 20:56:53 OK   00003_add_git_branch_to_projects.sql (541.14µs)
2026/02/11 20:56:53 OK   00005_add_task_events.sql (259.68µs)
2026/02/11 20:56:53 OK   00006_add_assignees.sql (291.08µs)
2026/02/11 20:56:53 OK   00007_add_task_assignee.sql (465.97µs)
2026/02/11 20:56:53 OK   00008_fix_assignee_name_uniqueness.sql (1.86ms)
2026/02/11 20:56:53 goose: successfully migrated database to version: 8
--- PASS: TestSetHoldsInProgressTasks_FailsWhenExists (0.04s)
=== CONT  TestCreateColumn_MultipleReadyColumns_DifferentProjects
2026/02/11 20:56:53 OK   00001_initial_schema.sql (2.28ms)
2026/02/11 20:56:53 OK   00002_add_performance_indexes.sql (794.12µs)
2026/02/11 20:56:53 OK   00003_add_git_branch_to_projects.sql (544.72µs)
2026/02/11 20:56:53 OK   00005_add_task_events.sql (257.26µs)
2026/02/11 20:56:53 OK   00006_add_assignees.sql (277.94µs)
2026/02/11 20:56:53 OK   00007_add_task_assignee.sql (465.78µs)
2026/02/11 20:56:53 OK   00008_fix_assignee_name_uniqueness.sql (1.8ms)
2026/02/11 20:56:53 goose: successfully migrated database to version: 8
--- PASS: TestSetHoldsInProgressTasks_Success (0.04s)
=== CONT  TestSetHoldsReadyTasks_NegativeColumnID
2026/02/11 20:56:53 OK   00001_initial_schema.sql (2.35ms)
2026/02/11 20:56:53 OK   00002_add_performance_indexes.sql (870µs)
2026/02/11 20:56:53 OK   00003_add_git_branch_to_projects.sql (543.99µs)
2026/02/11 20:56:53 OK   00005_add_task_events.sql (251.54µs)
2026/02/11 20:56:53 OK   00006_add_assignees.sql (283.02µs)
2026/02/11 20:56:53 OK   00007_add_task_assignee.sql (474.63µs)
2026/02/11 20:56:53 OK   00008_fix_assignee_name_uniqueness.sql (1.82ms)
2026/02/11 20:56:53 goose: successfully migrated database to version: 8
--- PASS: TestCreateColumn_HoldsInProgressTasks_ClearsPrevious (0.04s)
=== CONT  TestDeleteColumn_OnlyColumn
2026/02/11 20:56:53 OK   00001_initial_schema.sql (2.25ms)
2026/02/11 20:56:53 OK   00002_add_performance_indexes.sql (788.2µs)
2026/02/11 20:56:53 OK   00003_add_git_branch_to_projects.sql (527.48µs)
2026/02/11 20:56:53 OK   00005_add_task_events.sql (250.56µs)
2026/02/11 20:56:53 OK   00006_add_assignees.sql (281.16µs)
2026/02/11 20:56:53 OK   00007_add_task_assignee.sql (461.69µs)
2026/02/11 20:56:53 OK   00008_fix_assignee_name_uniqueness.sql (1.69ms)
2026/02/11 20:56:53 goose: successfully migrated database to version: 8
--- PASS: TestCreateColumn_WithHoldsInProgressTasks (0.04s)
=== CONT  TestDeleteColumn_LastColumn
2026/02/11 20:56:53 OK   00001_initial_schema.sql (1.95ms)
2026/02/11 20:56:53 OK   00002_add_performance_indexes.sql (788.87µs)
2026/02/11 20:56:53 OK   00003_add_git_branch_to_projects.sql (534.81µs)
2026/02/11 20:56:53 OK   00005_add_task_events.sql (255.04µs)
2026/02/11 20:56:53 OK   00006_add_assignees.sql (289.17µs)
2026/02/11 20:56:53 OK   00007_add_task_assignee.sql (457.4µs)
2026/02/11 20:56:53 OK   00008_fix_assignee_name_uniqueness.sql (1.77ms)
2026/02/11 20:56:53 goose: successfully migrated database to version: 8
--- PASS: TestCreateColumn_MultipleCompletedColumns_DifferentProjects (0.04s)
=== CONT  TestDeleteColumn_FirstColumn
2026/02/11 20:56:53 OK   00001_initial_schema.sql (2.22ms)
2026/02/11 20:56:53 OK   00002_add_performance_indexes.sql (791.33µs)
2026/02/11 20:56:53 OK   00003_add_git_branch_to_projects.sql (513.36µs)
2026/02/11 20:56:53 OK   00005_add_task_events.sql (251.42µs)
2026/02/11 20:56:53 OK   00006_add_assignees.sql (281.79µs)
2026/02/11 20:56:53 OK   00007_add_task_assignee.sql (470.3µs)
2026/02/11 20:56:53 OK   00008_fix_assignee_name_uniqueness.sql (1.73ms)
2026/02/11 20:56:53 goose: successfully migrated database to version: 8
--- PASS: TestSetHoldsCompletedTasks_NegativeColumnID (0.04s)
=== CONT  TestCreateColumn_AfterColumnFromDifferentProject
2026/02/11 20:56:53 OK   00001_initial_schema.sql (1.8ms)
2026/02/11 20:56:53 OK   00002_add_performance_indexes.sql (792.51µs)
2026/02/11 20:56:53 OK   00003_add_git_branch_to_projects.sql (529.98µs)
2026/02/11 20:56:53 OK   00005_add_task_events.sql (267.43µs)
2026/02/11 20:56:53 OK   00006_add_assignees.sql (284.17µs)
2026/02/11 20:56:53 OK   00007_add_task_assignee.sql (461.61µs)
2026/02/11 20:56:53 OK   00008_fix_assignee_name_uniqueness.sql (1.73ms)
2026/02/11 20:56:53 goose: successfully migrated database to version: 8
--- PASS: TestCreateColumn_MultipleReadyColumns_DifferentProjects (0.04s)
=== CONT  TestCreateColumn_InvalidAfterID
=== RUN   TestCreateColumn_InvalidAfterID/zero_after_ID
=== PAUSE TestCreateColumn_InvalidAfterID/zero_after_ID
=== RUN   TestCreateColumn_InvalidAfterID/negative_after_ID
=== PAUSE TestCreateColumn_InvalidAfterID/negative_after_ID
=== RUN   TestCreateColumn_InvalidAfterID/non-existent_after_ID
=== PAUSE TestCreateColumn_InvalidAfterID/non-existent_after_ID
=== CONT  TestCreateColumn_OnlyOneReadyPerProject
2026/02/11 20:56:53 OK   00001_initial_schema.sql (2.15ms)
2026/02/11 20:56:53 OK   00002_add_performance_indexes.sql (782.81µs)
2026/02/11 20:56:53 OK   00003_add_git_branch_to_projects.sql (530.67µs)
2026/02/11 20:56:53 OK   00005_add_task_events.sql (254.1µs)
2026/02/11 20:56:53 OK   00006_add_assignees.sql (299.67µs)
2026/02/11 20:56:53 OK   00007_add_task_assignee.sql (453.43µs)
2026/02/11 20:56:53 OK   00008_fix_assignee_name_uniqueness.sql (1.74ms)
2026/02/11 20:56:53 goose: successfully migrated database to version: 8
--- PASS: TestSetHoldsReadyTasks_NegativeColumnID (0.04s)
=== CONT  TestDeleteColumn_NegativeID
2026/02/11 20:56:53 OK   00001_initial_schema.sql (1.76ms)
2026/02/11 20:56:53 OK   00002_add_performance_indexes.sql (792.31µs)
2026/02/11 20:56:53 OK   00003_add_git_branch_to_projects.sql (528.43µs)
2026/02/11 20:56:53 OK   00005_add_task_events.sql (252.76µs)
2026/02/11 20:56:53 OK   00006_add_assignees.sql (277.47µs)
2026/02/11 20:56:53 OK   00007_add_task_assignee.sql (466.14µs)
2026/02/11 20:56:53 OK   00008_fix_assignee_name_uniqueness.sql (1.71ms)
2026/02/11 20:56:53 goose: successfully migrated database to version: 8
--- PASS: TestDeleteColumn_OnlyColumn (0.04s)
=== CONT  TestUpdateColumnName_NameTooLong
2026/02/11 20:56:53 OK   00001_initial_schema.sql (1.86ms)
2026/02/11 20:56:53 OK   00002_add_performance_indexes.sql (785.97µs)
2026/02/11 20:56:53 OK   00003_add_git_branch_to_projects.sql (530.47µs)
2026/02/11 20:56:53 OK   00005_add_task_events.sql (255.82µs)
2026/02/11 20:56:53 OK   00006_add_assignees.sql (288.92µs)
2026/02/11 20:56:53 OK   00007_add_task_assignee.sql (471.75µs)
2026/02/11 20:56:53 OK   00008_fix_assignee_name_uniqueness.sql (1.85ms)
2026/02/11 20:56:53 goose: successfully migrated database to version: 8
--- PASS: TestDeleteColumn_LastColumn (0.04s)
=== CONT  TestUpdateColumnName_NonExistentColumn
2026/02/11 20:56:53 OK   00001_initial_schema.sql (2.1ms)
2026/02/11 20:56:53 OK   00002_add_performance_indexes.sql (808.38µs)
2026/02/11 20:56:53 OK   00003_add_git_branch_to_projects.sql (550.74µs)
2026/02/11 20:56:53 OK   00005_add_task_events.sql (261.73µs)
2026/02/11 20:56:53 OK   00006_add_assignees.sql (292.72µs)
2026/02/11 20:56:53 OK   00007_add_task_assignee.sql (1.13ms)
2026/02/11 20:56:53 OK   00008_fix_assignee_name_uniqueness.sql (1.86ms)
2026/02/11 20:56:53 goose: successfully migrated database to version: 8
--- PASS: TestDeleteColumn_FirstColumn (0.04s)
=== CONT  TestUpdateColumnName_NegativeID
2026/02/11 20:56:53 OK   00001_initial_schema.sql (2.26ms)
2026/02/11 20:56:53 OK   00002_add_performance_indexes.sql (773.98µs)
2026/02/11 20:56:53 OK   00003_add_git_branch_to_projects.sql (493.92µs)
2026/02/11 20:56:53 OK   00005_add_task_events.sql (285.5µs)
2026/02/11 20:56:53 OK   00006_add_assignees.sql (253.41µs)
2026/02/11 20:56:53 OK   00007_add_task_assignee.sql (406.11µs)
2026/02/11 20:56:53 OK   00008_fix_assignee_name_uniqueness.sql (1.8ms)
2026/02/11 20:56:53 goose: successfully migrated database to version: 8
--- PASS: TestCreateColumn_AfterColumnFromDifferentProject (0.04s)
=== CONT  TestGetColumnsByProject_NonExistentProject
2026/02/11 20:56:53 OK   00001_initial_schema.sql (2.08ms)
2026/02/11 20:56:53 OK   00002_add_performance_indexes.sql (838.73µs)
2026/02/11 20:56:53 OK   00003_add_git_branch_to_projects.sql (544.88µs)
2026/02/11 20:56:53 OK   00005_add_task_events.sql (254.51µs)
2026/02/11 20:56:53 OK   00006_add_assignees.sql (284.49µs)
2026/02/11 20:56:53 OK   00007_add_task_assignee.sql (461.74µs)
2026/02/11 20:56:53 OK   00008_fix_assignee_name_uniqueness.sql (1.76ms)
2026/02/11 20:56:53 goose: successfully migrated database to version: 8
--- PASS: TestCreateColumn_OnlyOneReadyPerProject (0.04s)
=== CONT  TestGetColumnsByProject_NegativeProjectID
2026/02/11 20:56:53 OK   00001_initial_schema.sql (1.89ms)
2026/02/11 20:56:53 OK   00002_add_performance_indexes.sql (801.71µs)
2026/02/11 20:56:53 OK   00003_add_git_branch_to_projects.sql (541.66µs)
2026/02/11 20:56:53 OK   00005_add_task_events.sql (263.61µs)
2026/02/11 20:56:53 OK   00006_add_assignees.sql (283.52µs)
2026/02/11 20:56:53 OK   00007_add_task_assignee.sql (463.45µs)
2026/02/11 20:56:53 OK   00008_fix_assignee_name_uniqueness.sql (1.91ms)
2026/02/11 20:56:53 goose: successfully migrated database to version: 8
--- PASS: TestDeleteColumn_NegativeID (0.04s)
=== CONT  TestGetColumnByID_NegativeID
2026/02/11 20:56:53 OK   00001_initial_schema.sql (1.84ms)
2026/02/11 20:56:53 OK   00002_add_performance_indexes.sql (818.91µs)
2026/02/11 20:56:53 OK   00003_add_git_branch_to_projects.sql (554.26µs)
2026/02/11 20:56:53 OK   00005_add_task_events.sql (266.37µs)
2026/02/11 20:56:53 OK   00006_add_assignees.sql (295.81µs)
2026/02/11 20:56:53 OK   00007_add_task_assignee.sql (473.63µs)
2026/02/11 20:56:53 OK   00008_fix_assignee_name_uniqueness.sql (1.76ms)
2026/02/11 20:56:53 goose: successfully migrated database to version: 8
--- PASS: TestUpdateColumnName_NameTooLong (0.04s)
=== CONT  TestGetColumnsByProject_InvalidProjectID
2026/02/11 20:56:53 OK   00001_initial_schema.sql (1.87ms)
2026/02/11 20:56:53 OK   00002_add_performance_indexes.sql (799.8µs)
2026/02/11 20:56:53 OK   00003_add_git_branch_to_projects.sql (533.89µs)
2026/02/11 20:56:53 OK   00005_add_task_events.sql (253.59µs)
2026/02/11 20:56:53 OK   00006_add_assignees.sql (295.4µs)
2026/02/11 20:56:53 OK   00007_add_task_assignee.sql (462.1µs)
2026/02/11 20:56:53 OK   00008_fix_assignee_name_uniqueness.sql (1.86ms)
2026/02/11 20:56:53 goose: successfully migrated database to version: 8
--- PASS: TestUpdateColumnName_NonExistentColumn (0.04s)
=== CONT  TestDeleteColumn_Validation
=== RUN   TestDeleteColumn_Validation/invalid_ID
=== PAUSE TestDeleteColumn_Validation/invalid_ID
=== RUN   TestDeleteColumn_Validation/column_has_tasks
=== PAUSE TestDeleteColumn_Validation/column_has_tasks
=== CONT  TestDeleteColumn
2026/02/11 20:56:53 OK   00001_initial_schema.sql (1.91ms)
2026/02/11 20:56:53 OK   00002_add_performance_indexes.sql (807.56µs)
2026/02/11 20:56:53 OK   00003_add_git_branch_to_projects.sql (535.68µs)
2026/02/11 20:56:53 OK   00005_add_task_events.sql (258.42µs)
2026/02/11 20:56:53 OK   00006_add_assignees.sql (285.92µs)
2026/02/11 20:56:53 OK   00007_add_task_assignee.sql (468.51µs)
2026/02/11 20:56:53 OK   00008_fix_assignee_name_uniqueness.sql (1.86ms)
2026/02/11 20:56:53 goose: successfully migrated database to version: 8
--- PASS: TestUpdateColumnName_NegativeID (0.04s)
=== CONT  TestUpdateColumnName_Validation
=== RUN   TestUpdateColumnName_Validation/empty_name
=== PAUSE TestUpdateColumnName_Validation/empty_name
=== RUN   TestUpdateColumnName_Validation/invalid_ID
=== PAUSE TestUpdateColumnName_Validation/invalid_ID
=== CONT  TestUpdateColumnName
2026/02/11 20:56:53 OK   00001_initial_schema.sql (1.93ms)
2026/02/11 20:56:53 OK   00002_add_performance_indexes.sql (797.5µs)
2026/02/11 20:56:53 OK   00003_add_git_branch_to_projects.sql (525.01µs)
2026/02/11 20:56:53 OK   00005_add_task_events.sql (257.1µs)
2026/02/11 20:56:53 OK   00006_add_assignees.sql (281.21µs)
2026/02/11 20:56:53 OK   00007_add_task_assignee.sql (479.25µs)
2026/02/11 20:56:53 OK   00008_fix_assignee_name_uniqueness.sql (1.83ms)
2026/02/11 20:56:53 goose: successfully migrated database to version: 8
--- PASS: TestGetColumnsByProject_NonExistentProject (0.04s)
=== CONT  TestGetColumnByID_InvalidID
2026/02/11 20:56:53 OK   00001_initial_schema.sql (1.87ms)
2026/02/11 20:56:53 OK   00002_add_performance_indexes.sql (775.48µs)
2026/02/11 20:56:53 OK   00003_add_git_branch_to_projects.sql (530.73µs)
2026/02/11 20:56:53 OK   00005_add_task_events.sql (252.36µs)
2026/02/11 20:56:53 OK   00006_add_assignees.sql (309.49µs)
2026/02/11 20:56:53 OK   00007_add_task_assignee.sql (460.86µs)
2026/02/11 20:56:53 OK   00008_fix_assignee_name_uniqueness.sql (1.87ms)
2026/02/11 20:56:53 goose: successfully migrated database to version: 8
--- PASS: TestGetColumnsByProject_NegativeProjectID (0.04s)
=== CONT  TestGetColumnByID_NotFound
2026/02/11 20:56:53 OK   00001_initial_schema.sql (1.9ms)
2026/02/11 20:56:53 OK   00002_add_performance_indexes.sql (813.45µs)
2026/02/11 20:56:53 OK   00003_add_git_branch_to_projects.sql (690.34µs)
2026/02/11 20:56:53 OK   00005_add_task_events.sql (266.18µs)
2026/02/11 20:56:53 OK   00006_add_assignees.sql (299.98µs)
2026/02/11 20:56:53 OK   00007_add_task_assignee.sql (472.53µs)
2026/02/11 20:56:53 OK   00008_fix_assignee_name_uniqueness.sql (5.27ms)
2026/02/11 20:56:53 goose: successfully migrated database to version: 8
--- PASS: TestGetColumnByID_NegativeID (0.04s)
=== CONT  TestGetColumnByID
2026/02/11 20:56:53 OK   00001_initial_schema.sql (1.84ms)
2026/02/11 20:56:53 OK   00002_add_performance_indexes.sql (1.44ms)
2026/02/11 20:56:53 OK   00003_add_git_branch_to_projects.sql (557.11µs)
2026/02/11 20:56:53 OK   00005_add_task_events.sql (257.66µs)
2026/02/11 20:56:53 OK   00006_add_assignees.sql (280.49µs)
2026/02/11 20:56:53 OK   00007_add_task_assignee.sql (469.7µs)
2026/02/11 20:56:53 OK   00008_fix_assignee_name_uniqueness.sql (1.74ms)
2026/02/11 20:56:53 goose: successfully migrated database to version: 8
--- PASS: TestGetColumnsByProject_InvalidProjectID (0.04s)
=== CONT  TestGetColumnByID_IncludesHoldsReadyTasks
2026/02/11 20:56:53 OK   00001_initial_schema.sql (1.89ms)
2026/02/11 20:56:53 OK   00002_add_performance_indexes.sql (818.06µs)
2026/02/11 20:56:53 OK   00003_add_git_branch_to_projects.sql (538.53µs)
2026/02/11 20:56:53 OK   00005_add_task_events.sql (262.51µs)
2026/02/11 20:56:53 OK   00006_add_assignees.sql (287.7µs)
2026/02/11 20:56:53 OK   00007_add_task_assignee.sql (467.95µs)
2026/02/11 20:56:53 OK   00008_fix_assignee_name_uniqueness.sql (1.87ms)
2026/02/11 20:56:53 goose: successfully migrated database to version: 8
--- PASS: TestDeleteColumn (0.05s)
=== CONT  TestSetHoldsReadyTasks_ColumnNotFound
2026/02/11 20:56:53 OK   00001_initial_schema.sql (2.16ms)
2026/02/11 20:56:53 OK   00002_add_performance_indexes.sql (786.08µs)
2026/02/11 20:56:53 OK   00003_add_git_branch_to_projects.sql (498.55µs)
2026/02/11 20:56:53 OK   00005_add_task_events.sql (248.79µs)
2026/02/11 20:56:53 OK   00006_add_assignees.sql (278.16µs)
2026/02/11 20:56:53 OK   00007_add_task_assignee.sql (452.16µs)
2026/02/11 20:56:53 OK   00008_fix_assignee_name_uniqueness.sql (1.74ms)
2026/02/11 20:56:53 goose: successfully migrated database to version: 8
--- PASS: TestUpdateColumnName (0.04s)
=== CONT  TestSetHoldsReadyTasks_InvalidColumnID
2026/02/11 20:56:53 OK   00001_initial_schema.sql (1.95ms)
2026/02/11 20:56:53 OK   00002_add_performance_indexes.sql (760.76µs)
2026/02/11 20:56:53 OK   00003_add_git_branch_to_projects.sql (513.93µs)
2026/02/11 20:56:53 OK   00005_add_task_events.sql (249.8µs)
2026/02/11 20:56:53 OK   00006_add_assignees.sql (271.21µs)
2026/02/11 20:56:53 OK   00007_add_task_assignee.sql (471.18µs)
2026/02/11 20:56:53 OK   00008_fix_assignee_name_uniqueness.sql (1.73ms)
2026/02/11 20:56:53 goose: successfully migrated database to version: 8
--- PASS: TestGetColumnByID_InvalidID (0.04s)
=== CONT  TestGetColumnsByProject_IncludesHoldsReadyTasks
2026/02/11 20:56:53 OK   00001_initial_schema.sql (1.75ms)
2026/02/11 20:56:53 OK   00002_add_performance_indexes.sql (824.06µs)
2026/02/11 20:56:53 OK   00003_add_git_branch_to_projects.sql (522.21µs)
2026/02/11 20:56:53 OK   00005_add_task_events.sql (274.95µs)
2026/02/11 20:56:53 OK   00006_add_assignees.sql (286.79µs)
2026/02/11 20:56:53 OK   00007_add_task_assignee.sql (466.74µs)
2026/02/11 20:56:53 OK   00008_fix_assignee_name_uniqueness.sql (1.86ms)
2026/02/11 20:56:53 goose: successfully migrated database to version: 8
--- PASS: TestGetColumnByID_NotFound (0.04s)
=== CONT  TestSetHoldsReadyTasks_Success
2026/02/11 20:56:53 OK   00001_initial_schema.sql (1.89ms)
2026/02/11 20:56:53 OK   00002_add_performance_indexes.sql (786.84µs)
2026/02/11 20:56:53 OK   00003_add_git_branch_to_projects.sql (536.03µs)
2026/02/11 20:56:53 OK   00005_add_task_events.sql (260.3µs)
2026/02/11 20:56:53 OK   00006_add_assignees.sql (292.65µs)
2026/02/11 20:56:53 OK   00007_add_task_assignee.sql (481.38µs)
2026/02/11 20:56:53 OK   00008_fix_assignee_name_uniqueness.sql (1.86ms)
2026/02/11 20:56:53 goose: successfully migrated database to version: 8
--- PASS: TestGetColumnByID (0.04s)
=== CONT  TestSetHoldsReadyTasks_TransfersFromPrevious
2026/02/11 20:56:53 OK   00001_initial_schema.sql (5.06ms)
2026/02/11 20:56:53 OK   00002_add_performance_indexes.sql (870.07µs)
2026/02/11 20:56:53 OK   00003_add_git_branch_to_projects.sql (549.76µs)
2026/02/11 20:56:53 OK   00005_add_task_events.sql (253.72µs)
2026/02/11 20:56:53 OK   00006_add_assignees.sql (286.53µs)
2026/02/11 20:56:53 OK   00007_add_task_assignee.sql (461.58µs)
2026/02/11 20:56:53 OK   00008_fix_assignee_name_uniqueness.sql (2.7ms)
2026/02/11 20:56:53 goose: successfully migrated database to version: 8
--- PASS: TestGetColumnByID_IncludesHoldsReadyTasks (0.04s)
=== CONT  TestCreateColumn_LinkedList
2026/02/11 20:56:53 OK   00001_initial_schema.sql (2.03ms)
2026/02/11 20:56:53 OK   00002_add_performance_indexes.sql (847.42µs)
2026/02/11 20:56:53 OK   00003_add_git_branch_to_projects.sql (598.9µs)
2026/02/11 20:56:53 OK   00005_add_task_events.sql (390.43µs)
2026/02/11 20:56:53 OK   00006_add_assignees.sql (383.18µs)
2026/02/11 20:56:53 OK   00007_add_task_assignee.sql (472.21µs)
2026/02/11 20:56:53 OK   00008_fix_assignee_name_uniqueness.sql (1.77ms)
2026/02/11 20:56:53 goose: successfully migrated database to version: 8
--- PASS: TestSetHoldsReadyTasks_ColumnNotFound (0.04s)
=== CONT  TestGetColumnsByProject_Empty
2026/02/11 20:56:53 OK   00001_initial_schema.sql (1.82ms)
2026/02/11 20:56:53 OK   00002_add_performance_indexes.sql (1.14ms)
2026/02/11 20:56:53 OK   00003_add_git_branch_to_projects.sql (599.33µs)
2026/02/11 20:56:53 OK   00005_add_task_events.sql (303.49µs)
2026/02/11 20:56:53 OK   00006_add_assignees.sql (361.02µs)
2026/02/11 20:56:53 OK   00007_add_task_assignee.sql (508.47µs)
2026/02/11 20:56:53 OK   00008_fix_assignee_name_uniqueness.sql (2.13ms)
2026/02/11 20:56:53 goose: successfully migrated database to version: 8
--- PASS: TestSetHoldsReadyTasks_InvalidColumnID (0.05s)
=== CONT  TestGetColumnsByProject
2026/02/11 20:56:53 OK   00001_initial_schema.sql (2.01ms)
2026/02/11 20:56:53 OK   00002_add_performance_indexes.sql (953.35µs)
2026/02/11 20:56:53 OK   00003_add_git_branch_to_projects.sql (626.2µs)
2026/02/11 20:56:53 OK   00005_add_task_events.sql (340.54µs)
2026/02/11 20:56:53 OK   00006_add_assignees.sql (378.12µs)
2026/02/11 20:56:53 OK   00007_add_task_assignee.sql (695.65µs)
2026/02/11 20:56:53 OK   00008_fix_assignee_name_uniqueness.sql (1.83ms)
2026/02/11 20:56:53 goose: successfully migrated database to version: 8
--- PASS: TestGetColumnsByProject_IncludesHoldsReadyTasks (0.05s)
=== CONT  TestCreateColumn_InsertAfter
2026/02/11 20:56:53 OK   00001_initial_schema.sql (4.42ms)
2026/02/11 20:56:53 OK   00002_add_performance_indexes.sql (936.72µs)
2026/02/11 20:56:53 OK   00003_add_git_branch_to_projects.sql (564.53µs)
2026/02/11 20:56:53 OK   00005_add_task_events.sql (278.3µs)
2026/02/11 20:56:53 OK   00006_add_assignees.sql (335.92µs)
2026/02/11 20:56:53 OK   00007_add_task_assignee.sql (561.7µs)
2026/02/11 20:56:53 OK   00008_fix_assignee_name_uniqueness.sql (1.84ms)
2026/02/11 20:56:53 goose: successfully migrated database to version: 8
2026/02/11 20:56:53 OK   00001_initial_schema.sql (2.06ms)
--- PASS: TestSetHoldsReadyTasks_Success (0.05s)
=== CONT  TestCreateColumn_HoldsReadyTasks_ClearsPrevious
2026/02/11 20:56:53 OK   00002_add_performance_indexes.sql (1.62ms)
2026/02/11 20:56:53 OK   00003_add_git_branch_to_projects.sql (505.98µs)
2026/02/11 20:56:53 OK   00005_add_task_events.sql (268.92µs)
2026/02/11 20:56:53 OK   00006_add_assignees.sql (273.78µs)
2026/02/11 20:56:53 OK   00007_add_task_assignee.sql (435.17µs)
2026/02/11 20:56:53 OK   00008_fix_assignee_name_uniqueness.sql (1.9ms)
2026/02/11 20:56:53 goose: successfully migrated database to version: 8
--- PASS: TestSetHoldsReadyTasks_TransfersFromPrevious (0.05s)
=== CONT  TestCreateColumn_Validation
=== RUN   TestCreateColumn_Validation/empty_name
=== PAUSE TestCreateColumn_Validation/empty_name
=== RUN   TestCreateColumn_Validation/name_too_long
=== PAUSE TestCreateColumn_Validation/name_too_long
=== RUN   TestCreateColumn_Validation/invalid_project_ID
=== PAUSE TestCreateColumn_Validation/invalid_project_ID
=== CONT  TestCreateColumn_WithHoldsReadyTasks
2026/02/11 20:56:53 OK   00001_initial_schema.sql (2.09ms)
2026/02/11 20:56:53 OK   00002_add_performance_indexes.sql (964.75µs)
2026/02/11 20:56:53 OK   00003_add_git_branch_to_projects.sql (674.56µs)
2026/02/11 20:56:53 OK   00005_add_task_events.sql (321.38µs)
2026/02/11 20:56:53 OK   00006_add_assignees.sql (336.28µs)
2026/02/11 20:56:53 OK   00007_add_task_assignee.sql (621.59µs)
2026/02/11 20:56:53 OK   00008_fix_assignee_name_uniqueness.sql (2.02ms)
2026/02/11 20:56:53 goose: successfully migrated database to version: 8
2026/02/11 20:56:53 OK   00001_initial_schema.sql (1.94ms)
--- PASS: TestCreateColumn_LinkedList (0.05s)
=== CONT  TestDeleteColumn_LinkedListIntegrity
2026/02/11 20:56:53 OK   00002_add_performance_indexes.sql (1.91ms)
2026/02/11 20:56:53 OK   00003_add_git_branch_to_projects.sql (672.04µs)
2026/02/11 20:56:53 OK   00005_add_task_events.sql (386.14µs)
2026/02/11 20:56:53 OK   00006_add_assignees.sql (353.95µs)
2026/02/11 20:56:53 OK   00007_add_task_assignee.sql (552.38µs)
2026/02/11 20:56:53 OK   00008_fix_assignee_name_uniqueness.sql (1.89ms)
2026/02/11 20:56:53 goose: successfully migrated database to version: 8
--- PASS: TestGetColumnsByProject_Empty (0.05s)
=== CONT  TestCreateColumn_InvalidAfterID/zero_after_ID
--- FAIL: TestCreateColumn_InvalidAfterID (0.20s)
    --- FAIL: TestCreateColumn_InvalidAfterID/zero_after_ID (0.00s)
panic: testing: t.Parallel called multiple times [recovered, repanicked]

goroutine 634 [running]:
testing.tRunner.func1.2({0x96e540, 0xab8aa0})
	/usr/lib/go/src/testing/testing.go:1872 +0x237
testing.tRunner.func1()
	/usr/lib/go/src/testing/testing.go:1875 +0x35b
panic({0x96e540?, 0xab8aa0?})
	/usr/lib/go/src/runtime/panic.go:783 +0x132
testing.(*T).Parallel(0xc00022e000?)
	/usr/lib/go/src/testing/testing.go:1665 +0x3e5
github.com/thenoetrevino/paso/internal/services/column.TestCreateColumn_InvalidAfterID.func4(0xc00022e000)
	/home/noetrevino/projects/new-paso/tests/internal/services/column/service_test.go:907 +0x35
testing.tRunner(0xc00022e000, 0xc00002d340)
	/usr/lib/go/src/testing/testing.go:1934 +0xea
created by testing.(*T).Run in goroutine 41
	/usr/lib/go/src/testing/testing.go:1997 +0x465
FAIL	github.com/thenoetrevino/paso/internal/services/column	0.457s
=== RUN   TestCreateLabel
=== PAUSE TestCreateLabel
=== RUN   TestCreateLabel_Validation
=== PAUSE TestCreateLabel_Validation
=== RUN   TestCreateLabel_InvalidColor
=== PAUSE TestCreateLabel_InvalidColor
=== RUN   TestCreateLabel_InvalidProjectID
=== PAUSE TestCreateLabel_InvalidProjectID
=== RUN   TestGetLabelsByProject
=== PAUSE TestGetLabelsByProject
=== RUN   TestGetLabelsByProject_Empty
=== PAUSE TestGetLabelsByProject_Empty
=== RUN   TestGetLabelsByProject_InvalidProjectID
=== PAUSE TestGetLabelsByProject_InvalidProjectID
=== RUN   TestGetLabelsForTask
=== PAUSE TestGetLabelsForTask
=== RUN   TestGetLabelsForTask_Empty
=== PAUSE TestGetLabelsForTask_Empty
=== RUN   TestGetLabelsForTask_InvalidTaskID
=== PAUSE TestGetLabelsForTask_InvalidTaskID
=== RUN   TestUpdateLabel
=== PAUSE TestUpdateLabel
=== RUN   TestUpdateLabel_OnlyName
=== PAUSE TestUpdateLabel_OnlyName
=== RUN   TestUpdateLabel_Validation
=== PAUSE TestUpdateLabel_Validation
=== RUN   TestDeleteLabel
=== PAUSE TestDeleteLabel
=== RUN   TestDeleteLabel_Validation
=== PAUSE TestDeleteLabel_Validation
=== RUN   TestDeleteLabel_CascadeToTaskLabels
=== PAUSE TestDeleteLabel_CascadeToTaskLabels
=== RUN   TestCreateLabel_InvalidLabelID_Errors
=== PAUSE TestCreateLabel_InvalidLabelID_Errors
=== RUN   TestCreateLabel_DuplicateNames
=== PAUSE TestCreateLabel_DuplicateNames
=== RUN   TestCreateLabel_DuplicateNames_DifferentProjects
=== PAUSE TestCreateLabel_DuplicateNames_DifferentProjects
=== RUN   TestCreateLabel_SpecialCharacters
=== PAUSE TestCreateLabel_SpecialCharacters
=== RUN   TestGetLabelsByProject_NegativeProjectID
=== PAUSE TestGetLabelsByProject_NegativeProjectID
=== RUN   TestGetLabelsByProject_NonExistentProject
=== PAUSE TestGetLabelsByProject_NonExistentProject
=== RUN   TestGetLabelsForTask_NegativeTaskID
=== PAUSE TestGetLabelsForTask_NegativeTaskID
=== RUN   TestGetLabelsForTask_NonExistentTask
=== PAUSE TestGetLabelsForTask_NonExistentTask
=== RUN   TestUpdateLabel_InvalidLabelID_Errors
=== PAUSE TestUpdateLabel_InvalidLabelID_Errors
=== RUN   TestUpdateLabel_NonExistentLabel
=== PAUSE TestUpdateLabel_NonExistentLabel
=== RUN   TestUpdateLabel_NameTooLong
=== PAUSE TestUpdateLabel_NameTooLong
=== RUN   TestUpdateLabel_InvalidColorFormats
=== PAUSE TestUpdateLabel_InvalidColorFormats
=== RUN   TestUpdateLabel_NoFieldsToUpdate
=== PAUSE TestUpdateLabel_NoFieldsToUpdate
=== RUN   TestDeleteLabel_InvalidLabelID_Errors
=== PAUSE TestDeleteLabel_InvalidLabelID_Errors
=== RUN   TestDeleteLabel_NonExistentLabel
=== PAUSE TestDeleteLabel_NonExistentLabel
=== RUN   TestDeleteLabel_AlreadyDeleted
=== PAUSE TestDeleteLabel_AlreadyDeleted
=== RUN   TestCreateLabel_BoundaryValues
=== PAUSE TestCreateLabel_BoundaryValues
=== RUN   TestCreateLabel_ValidColorFormats
=== PAUSE TestCreateLabel_ValidColorFormats
=== RUN   TestUpdateLabel_DuplicateNameInProject
=== PAUSE TestUpdateLabel_DuplicateNameInProject
=== RUN   TestUpdateLabel_DuplicateName_DifferentProjects
=== PAUSE TestUpdateLabel_DuplicateName_DifferentProjects
=== RUN   TestUpdateLabel_SameNameNoChange
=== PAUSE TestUpdateLabel_SameNameNoChange
=== RUN   TestUpdateLabel_CaseVariation
=== PAUSE TestUpdateLabel_CaseVariation
=== CONT  TestCreateLabel
=== CONT  TestCreateLabel_SpecialCharacters
=== RUN   TestCreateLabel_SpecialCharacters/unicode_characters
=== PAUSE TestCreateLabel_SpecialCharacters/unicode_characters
=== RUN   TestCreateLabel_SpecialCharacters/emoji
=== PAUSE TestCreateLabel_SpecialCharacters/emoji
=== RUN   TestCreateLabel_SpecialCharacters/special_symbols
=== PAUSE TestCreateLabel_SpecialCharacters/special_symbols
=== RUN   TestCreateLabel_SpecialCharacters/mixed_unicode_and_emoji
=== PAUSE TestCreateLabel_SpecialCharacters/mixed_unicode_and_emoji
=== RUN   TestCreateLabel_SpecialCharacters/newline_character
=== PAUSE TestCreateLabel_SpecialCharacters/newline_character
=== RUN   TestCreateLabel_SpecialCharacters/tab_character
=== PAUSE TestCreateLabel_SpecialCharacters/tab_character
=== CONT  TestCreateLabel_SpecialCharacters/unicode_characters
--- FAIL: TestCreateLabel_SpecialCharacters (0.00s)
    --- FAIL: TestCreateLabel_SpecialCharacters/unicode_characters (0.00s)
panic: testing: t.Parallel called multiple times [recovered, repanicked]

goroutine 66 [running]:
testing.tRunner.func1.2({0x963f20, 0xaab940})
	/usr/lib/go/src/testing/testing.go:1872 +0x237
testing.tRunner.func1()
	/usr/lib/go/src/testing/testing.go:1875 +0x35b
panic({0x963f20?, 0xaab940?})
	/usr/lib/go/src/runtime/panic.go:783 +0x132
testing.(*T).Parallel(0xc00021c000?)
	/usr/lib/go/src/testing/testing.go:1665 +0x3e5
github.com/thenoetrevino/paso/internal/services/label.TestCreateLabel_SpecialCharacters.func1(0xc00021c000)
	/home/noetrevino/projects/new-paso/tests/internal/services/label/service_test.go:728 +0x3c
testing.tRunner(0xc00021c000, 0xc00020a030)
	/usr/lib/go/src/testing/testing.go:1934 +0xea
created by testing.(*T).Run in goroutine 42
	/usr/lib/go/src/testing/testing.go:1997 +0x465
FAIL	github.com/thenoetrevino/paso/internal/services/label	0.014s
=== RUN   TestCreateProject
=== PAUSE TestCreateProject
=== RUN   TestCreateProject_EmptyName
=== PAUSE TestCreateProject_EmptyName
=== RUN   TestCreateProject_NameTooLong
=== PAUSE TestCreateProject_NameTooLong
=== RUN   TestGetAllProjects
=== PAUSE TestGetAllProjects
=== RUN   TestGetAllProjects_Empty
=== PAUSE TestGetAllProjects_Empty
=== RUN   TestGetProjectByID
=== PAUSE TestGetProjectByID
=== RUN   TestGetProjectByID_NotFound
=== PAUSE TestGetProjectByID_NotFound
=== RUN   TestGetProjectByID_InvalidID
=== PAUSE TestGetProjectByID_InvalidID
=== RUN   TestUpdateProject
=== PAUSE TestUpdateProject
=== RUN   TestUpdateProject_EmptyName
=== PAUSE TestUpdateProject_EmptyName
=== RUN   TestUpdateProject_InvalidID
=== PAUSE TestUpdateProject_InvalidID
=== RUN   TestDeleteProject
=== PAUSE TestDeleteProject
=== RUN   TestDeleteProject_WithTasks
=== PAUSE TestDeleteProject_WithTasks
=== RUN   TestDeleteProject_WithTasksForce
=== PAUSE TestDeleteProject_WithTasksForce
=== RUN   TestDeleteProject_InvalidID
=== PAUSE TestDeleteProject_InvalidID
=== RUN   TestGetTaskCount
=== PAUSE TestGetTaskCount
=== RUN   TestGetTaskCount_InvalidID
=== PAUSE TestGetTaskCount_InvalidID
=== RUN   TestCreateProject_ErrorCases
=== PAUSE TestCreateProject_ErrorCases
=== RUN   TestGetProjectByID_NegativeID
=== PAUSE TestGetProjectByID_NegativeID
=== RUN   TestGetProjectByID_VeryLargeID
=== PAUSE TestGetProjectByID_VeryLargeID
=== RUN   TestUpdateProject_ErrorCases
2026/02/11 20:56:53 OK   00001_initial_schema.sql (2.17ms)
2026/02/11 20:56:53 OK   00002_add_performance_indexes.sql (926.74µs)
2026/02/11 20:56:53 OK   00003_add_git_branch_to_projects.sql (658.28µs)
2026/02/11 20:56:53 OK   00005_add_task_events.sql (313.19µs)
2026/02/11 20:56:53 OK   00006_add_assignees.sql (275.53µs)
2026/02/11 20:56:53 OK   00007_add_task_assignee.sql (452.52µs)
2026/02/11 20:56:53 OK   00008_fix_assignee_name_uniqueness.sql (4.09ms)
2026/02/11 20:56:53 goose: successfully migrated database to version: 8
=== RUN   TestUpdateProject_ErrorCases/negative_id
=== RUN   TestUpdateProject_ErrorCases/nonexistent_project
=== RUN   TestUpdateProject_ErrorCases/name_too_long
=== RUN   TestUpdateProject_ErrorCases/unicode_name
=== RUN   TestUpdateProject_ErrorCases/empty_description
=== RUN   TestUpdateProject_ErrorCases/very_long_description
--- PASS: TestUpdateProject_ErrorCases (0.02s)
    --- PASS: TestUpdateProject_ErrorCases/negative_id (0.00s)
    --- PASS: TestUpdateProject_ErrorCases/nonexistent_project (0.00s)
    --- PASS: TestUpdateProject_ErrorCases/name_too_long (0.00s)
    --- PASS: TestUpdateProject_ErrorCases/unicode_name (0.00s)
    --- PASS: TestUpdateProject_ErrorCases/empty_description (0.00s)
    --- PASS: TestUpdateProject_ErrorCases/very_long_description (0.00s)
=== RUN   TestUpdateProject_NonExistentProject
=== PAUSE TestUpdateProject_NonExistentProject
=== RUN   TestDeleteProject_ErrorCases
=== PAUSE TestDeleteProject_ErrorCases
=== RUN   TestDeleteProject_NonExistentProject
=== PAUSE TestDeleteProject_NonExistentProject
=== RUN   TestGetTaskCount_ErrorCases
=== PAUSE TestGetTaskCount_ErrorCases
=== RUN   TestGetTaskCount_NonExistentProject
=== PAUSE TestGetTaskCount_NonExistentProject
=== RUN   TestGetAllProjects_AfterDelete
=== PAUSE TestGetAllProjects_AfterDelete
=== RUN   TestGetProjectByGitBranch_Found
=== PAUSE TestGetProjectByGitBranch_Found
=== RUN   TestGetProjectByGitBranch_NotFound
=== PAUSE TestGetProjectByGitBranch_NotFound
=== RUN   TestGetProjectByGitBranch_EmptyBranch
=== PAUSE TestGetProjectByGitBranch_EmptyBranch
=== RUN   TestGetProjectByGitBranch_MultipleProjectsOneWithBranch
=== PAUSE TestGetProjectByGitBranch_MultipleProjectsOneWithBranch
=== RUN   TestCreateProject_WithGitBranch
=== PAUSE TestCreateProject_WithGitBranch
=== RUN   TestCreateProject_WithoutGitBranch
=== PAUSE TestCreateProject_WithoutGitBranch
=== RUN   TestCreateProject_DuplicateGitBranch
=== PAUSE TestCreateProject_DuplicateGitBranch
=== RUN   TestCreateProject_MultipleProjectsWithoutBranch
=== PAUSE TestCreateProject_MultipleProjectsWithoutBranch
=== RUN   TestCreateProject_VeryLongGitBranch
=== PAUSE TestCreateProject_VeryLongGitBranch
=== RUN   TestCreateProject_GitBranchWithSpecialChars
=== PAUSE TestCreateProject_GitBranchWithSpecialChars
=== RUN   TestUpdateProject_SetGitBranch
=== PAUSE TestUpdateProject_SetGitBranch
=== RUN   TestUpdateProject_ClearGitBranch
=== PAUSE TestUpdateProject_ClearGitBranch
=== RUN   TestUpdateProject_ChangeGitBranch
=== PAUSE TestUpdateProject_ChangeGitBranch
=== RUN   TestUpdateProject_DuplicateGitBranch
=== PAUSE TestUpdateProject_DuplicateGitBranch
=== RUN   TestUpdateProject_SameGitBranchNoChange
=== PAUSE TestUpdateProject_SameGitBranchNoChange
=== RUN   TestGetAllProjects_IncludesGitBranch
=== PAUSE TestGetAllProjects_IncludesGitBranch
=== RUN   TestGetProjectByID_IncludesGitBranch
=== PAUSE TestGetProjectByID_IncludesGitBranch
=== CONT  TestCreateProject
=== CONT  TestCreateProject_MultipleProjectsWithoutBranch
=== CONT  TestGetProjectByID_IncludesGitBranch
=== CONT  TestGetAllProjects_IncludesGitBranch
=== CONT  TestUpdateProject_SameGitBranchNoChange
=== CONT  TestUpdateProject_DuplicateGitBranch
2026/02/11 20:56:53 OK   00001_initial_schema.sql (3.57ms)
2026/02/11 20:56:53 OK   00002_add_performance_indexes.sql (1.15ms)
2026/02/11 20:56:53 OK   00003_add_git_branch_to_projects.sql (590.09µs)
2026/02/11 20:56:53 OK   00005_add_task_events.sql (320.65µs)
2026/02/11 20:56:53 OK   00006_add_assignees.sql (318.29µs)
2026/02/11 20:56:53 OK   00007_add_task_assignee.sql (507.66µs)
2026/02/11 20:56:53 OK   00008_fix_assignee_name_uniqueness.sql (1.84ms)
2026/02/11 20:56:53 goose: successfully migrated database to version: 8
--- PASS: TestCreateProject (0.01s)
=== CONT  TestUpdateProject_ChangeGitBranch
2026/02/11 20:56:53 OK   00001_initial_schema.sql (2.06ms)
2026/02/11 20:56:53 OK   00002_add_performance_indexes.sql (898.23µs)
2026/02/11 20:56:53 OK   00003_add_git_branch_to_projects.sql (530.82µs)
2026/02/11 20:56:53 OK   00005_add_task_events.sql (279.04µs)
2026/02/11 20:56:53 OK   00006_add_assignees.sql (284.71µs)
2026/02/11 20:56:53 OK   00007_add_task_assignee.sql (640.7µs)
2026/02/11 20:56:53 OK   00008_fix_assignee_name_uniqueness.sql (1.72ms)
2026/02/11 20:56:53 goose: successfully migrated database to version: 8
--- PASS: TestCreateProject_MultipleProjectsWithoutBranch (0.02s)
=== CONT  TestUpdateProject_ClearGitBranch
2026/02/11 20:56:53 OK   00001_initial_schema.sql (4.07ms)
2026/02/11 20:56:53 OK   00002_add_performance_indexes.sql (790.11µs)
2026/02/11 20:56:53 OK   00003_add_git_branch_to_projects.sql (523.11µs)
2026/02/11 20:56:53 OK   00005_add_task_events.sql (258.49µs)
2026/02/11 20:56:53 OK   00006_add_assignees.sql (317.76µs)
2026/02/11 20:56:53 OK   00007_add_task_assignee.sql (459.4µs)
2026/02/11 20:56:53 OK   00008_fix_assignee_name_uniqueness.sql (1.78ms)
2026/02/11 20:56:53 goose: successfully migrated database to version: 8
--- PASS: TestGetProjectByID_IncludesGitBranch (0.03s)
=== CONT  TestUpdateProject_SetGitBranch
2026/02/11 20:56:53 OK   00001_initial_schema.sql (1.96ms)
2026/02/11 20:56:53 OK   00002_add_performance_indexes.sql (859.07µs)
2026/02/11 20:56:53 OK   00003_add_git_branch_to_projects.sql (527.06µs)
2026/02/11 20:56:53 OK   00005_add_task_events.sql (255.88µs)
2026/02/11 20:56:53 OK   00006_add_assignees.sql (326.79µs)
2026/02/11 20:56:53 OK   00007_add_task_assignee.sql (458.57µs)
2026/02/11 20:56:53 OK   00008_fix_assignee_name_uniqueness.sql (1.97ms)
2026/02/11 20:56:53 goose: successfully migrated database to version: 8
2026/02/11 20:56:53 OK   00001_initial_schema.sql (2.13ms)
2026/02/11 20:56:53 OK   00002_add_performance_indexes.sql (825.46µs)
--- PASS: TestGetAllProjects_IncludesGitBranch (0.04s)
=== CONT  TestCreateProject_GitBranchWithSpecialChars
=== RUN   TestCreateProject_GitBranchWithSpecialChars/branch_with_slashes
=== PAUSE TestCreateProject_GitBranchWithSpecialChars/branch_with_slashes
=== RUN   TestCreateProject_GitBranchWithSpecialChars/branch_with_hyphens
=== PAUSE TestCreateProject_GitBranchWithSpecialChars/branch_with_hyphens
=== RUN   TestCreateProject_GitBranchWithSpecialChars/branch_with_underscores
=== PAUSE TestCreateProject_GitBranchWithSpecialChars/branch_with_underscores
=== RUN   TestCreateProject_GitBranchWithSpecialChars/branch_with_dots
=== PAUSE TestCreateProject_GitBranchWithSpecialChars/branch_with_dots
=== RUN   TestCreateProject_GitBranchWithSpecialChars/branch_with_unicode
=== PAUSE TestCreateProject_GitBranchWithSpecialChars/branch_with_unicode
=== CONT  TestCreateProject_VeryLongGitBranch
2026/02/11 20:56:53 OK   00003_add_git_branch_to_projects.sql (1.28ms)
2026/02/11 20:56:53 OK   00005_add_task_events.sql (323.08µs)
2026/02/11 20:56:53 OK   00006_add_assignees.sql (322.18µs)
2026/02/11 20:56:53 OK   00007_add_task_assignee.sql (424.58µs)
2026/02/11 20:56:53 OK   00008_fix_assignee_name_uniqueness.sql (1.69ms)
2026/02/11 20:56:53 goose: successfully migrated database to version: 8
--- PASS: TestUpdateProject_SameGitBranchNoChange (0.05s)
=== CONT  TestGetProjectByGitBranch_EmptyBranch
2026/02/11 20:56:53 OK   00001_initial_schema.sql (2.72ms)
2026/02/11 20:56:53 OK   00002_add_performance_indexes.sql (830.12µs)
2026/02/11 20:56:53 OK   00003_add_git_branch_to_projects.sql (541.57µs)
2026/02/11 20:56:53 OK   00005_add_task_events.sql (269.78µs)
2026/02/11 20:56:53 OK   00006_add_assignees.sql (319.08µs)
2026/02/11 20:56:53 OK   00007_add_task_assignee.sql (494.21µs)
2026/02/11 20:56:53 OK   00008_fix_assignee_name_uniqueness.sql (1.93ms)
2026/02/11 20:56:53 goose: successfully migrated database to version: 8
--- PASS: TestUpdateProject_DuplicateGitBranch (0.05s)
=== CONT  TestCreateProject_DuplicateGitBranch
2026/02/11 20:56:53 OK   00001_initial_schema.sql (1.86ms)
2026/02/11 20:56:53 OK   00002_add_performance_indexes.sql (866.63µs)
2026/02/11 20:56:53 OK   00003_add_git_branch_to_projects.sql (558.93µs)
2026/02/11 20:56:53 OK   00005_add_task_events.sql (260.65µs)
2026/02/11 20:56:53 OK   00006_add_assignees.sql (286.99µs)
2026/02/11 20:56:53 OK   00007_add_task_assignee.sql (472.2µs)
2026/02/11 20:56:53 OK   00008_fix_assignee_name_uniqueness.sql (1.79ms)
2026/02/11 20:56:53 goose: successfully migrated database to version: 8
--- PASS: TestUpdateProject_ChangeGitBranch (0.05s)
2026/02/11 20:56:53 OK   00001_initial_schema.sql (2.48ms)
=== CONT  TestCreateProject_WithoutGitBranch
2026/02/11 20:56:53 OK   00002_add_performance_indexes.sql (779.81µs)
2026/02/11 20:56:53 OK   00003_add_git_branch_to_projects.sql (517.25µs)
2026/02/11 20:56:53 OK   00005_add_task_events.sql (272.9µs)
2026/02/11 20:56:53 OK   00006_add_assignees.sql (302.16µs)
2026/02/11 20:56:53 OK   00007_add_task_assignee.sql (497.15µs)
2026/02/11 20:56:53 OK   00008_fix_assignee_name_uniqueness.sql (1.78ms)
2026/02/11 20:56:53 goose: successfully migrated database to version: 8
--- PASS: TestUpdateProject_ClearGitBranch (0.05s)
=== CONT  TestCreateProject_WithGitBranch
2026/02/11 20:56:53 OK   00001_initial_schema.sql (2.64ms)
2026/02/11 20:56:53 OK   00002_add_performance_indexes.sql (926.83µs)
2026/02/11 20:56:53 OK   00003_add_git_branch_to_projects.sql (588.16µs)
2026/02/11 20:56:53 OK   00005_add_task_events.sql (304.46µs)
2026/02/11 20:56:53 OK   00006_add_assignees.sql (279.94µs)
2026/02/11 20:56:53 OK   00007_add_task_assignee.sql (462.33µs)
2026/02/11 20:56:53 OK   00008_fix_assignee_name_uniqueness.sql (1.79ms)
2026/02/11 20:56:53 goose: successfully migrated database to version: 8
--- PASS: TestUpdateProject_SetGitBranch (0.05s)
=== CONT  TestGetProjectByGitBranch_MultipleProjectsOneWithBranch
2026/02/11 20:56:53 OK   00001_initial_schema.sql (2.91ms)
2026/02/11 20:56:53 OK   00002_add_performance_indexes.sql (873.59µs)
2026/02/11 20:56:53 OK   00003_add_git_branch_to_projects.sql (551.8µs)
2026/02/11 20:56:53 OK   00005_add_task_events.sql (286.52µs)
2026/02/11 20:56:53 OK   00006_add_assignees.sql (285.02µs)
2026/02/11 20:56:53 OK   00007_add_task_assignee.sql (463.39µs)
2026/02/11 20:56:53 OK   00008_fix_assignee_name_uniqueness.sql (1.73ms)
2026/02/11 20:56:53 goose: successfully migrated database to version: 8
--- PASS: TestCreateProject_VeryLongGitBranch (0.04s)
=== CONT  TestDeleteProject
2026/02/11 20:56:53 OK   00001_initial_schema.sql (1.87ms)
2026/02/11 20:56:53 OK   00002_add_performance_indexes.sql (851.29µs)
2026/02/11 20:56:53 OK   00003_add_git_branch_to_projects.sql (559.85µs)
2026/02/11 20:56:53 OK   00005_add_task_events.sql (272.47µs)
2026/02/11 20:56:53 OK   00006_add_assignees.sql (275.37µs)
2026/02/11 20:56:53 OK   00007_add_task_assignee.sql (467.51µs)
2026/02/11 20:56:53 OK   00008_fix_assignee_name_uniqueness.sql (1.89ms)
2026/02/11 20:56:53 goose: successfully migrated database to version: 8
--- PASS: TestGetProjectByGitBranch_EmptyBranch (0.04s)
=== CONT  TestDeleteProject_ErrorCases
2026/02/11 20:56:53 OK   00001_initial_schema.sql (1.86ms)
=== RUN   TestDeleteProject_ErrorCases/negative_id
=== PAUSE TestDeleteProject_ErrorCases/negative_id
=== RUN   TestDeleteProject_ErrorCases/negative_id_with_force
=== PAUSE TestDeleteProject_ErrorCases/negative_id_with_force
=== RUN   TestDeleteProject_ErrorCases/very_large_nonexistent_id
=== PAUSE TestDeleteProject_ErrorCases/very_large_nonexistent_id
=== CONT  TestUpdateProject_NonExistentProject
2026/02/11 20:56:53 OK   00002_add_performance_indexes.sql (1.17ms)
2026/02/11 20:56:53 OK   00003_add_git_branch_to_projects.sql (604.21µs)
2026/02/11 20:56:53 OK   00005_add_task_events.sql (288.95µs)
2026/02/11 20:56:53 OK   00006_add_assignees.sql (325.67µs)
2026/02/11 20:56:53 OK   00007_add_task_assignee.sql (508.43µs)
2026/02/11 20:56:53 OK   00008_fix_assignee_name_uniqueness.sql (1.81ms)
2026/02/11 20:56:53 goose: successfully migrated database to version: 8
2026/02/11 20:56:53 OK   00001_initial_schema.sql (1.92ms)
2026/02/11 20:56:53 OK   00002_add_performance_indexes.sql (1.02ms)
--- PASS: TestCreateProject_DuplicateGitBranch (0.05s)
=== CONT  TestGetProjectByID_VeryLargeID
2026/02/11 20:56:53 OK   00003_add_git_branch_to_projects.sql (1.01ms)
2026/02/11 20:56:53 OK   00005_add_task_events.sql (250.71µs)
2026/02/11 20:56:53 OK   00006_add_assignees.sql (263.57µs)
2026/02/11 20:56:53 OK   00007_add_task_assignee.sql (411.12µs)
2026/02/11 20:56:53 OK   00008_fix_assignee_name_uniqueness.sql (1.97ms)
2026/02/11 20:56:53 goose: successfully migrated database to version: 8
--- PASS: TestCreateProject_WithoutGitBranch (0.04s)
=== CONT  TestGetProjectByID_NegativeID
=== RUN   TestGetProjectByID_NegativeID/negative_one
=== PAUSE TestGetProjectByID_NegativeID/negative_one
=== RUN   TestGetProjectByID_NegativeID/negative_hundred
=== PAUSE TestGetProjectByID_NegativeID/negative_hundred
=== RUN   TestGetProjectByID_NegativeID/negative_max_int
=== PAUSE TestGetProjectByID_NegativeID/negative_max_int
=== CONT  TestCreateProject_ErrorCases
=== RUN   TestCreateProject_ErrorCases/name_with_unicode
=== PAUSE TestCreateProject_ErrorCases/name_with_unicode
=== RUN   TestCreateProject_ErrorCases/name_with_special_chars
=== PAUSE TestCreateProject_ErrorCases/name_with_special_chars
=== RUN   TestCreateProject_ErrorCases/name_with_emojis
=== PAUSE TestCreateProject_ErrorCases/name_with_emojis
=== RUN   TestCreateProject_ErrorCases/name_exactly_100_chars
=== PAUSE TestCreateProject_ErrorCases/name_exactly_100_chars
=== RUN   TestCreateProject_ErrorCases/name_101_chars
=== PAUSE TestCreateProject_ErrorCases/name_101_chars
=== RUN   TestCreateProject_ErrorCases/empty_description
=== PAUSE TestCreateProject_ErrorCases/empty_description
=== RUN   TestCreateProject_ErrorCases/very_long_description
=== PAUSE TestCreateProject_ErrorCases/very_long_description
=== CONT  TestGetTaskCount_InvalidID
2026/02/11 20:56:53 OK   00001_initial_schema.sql (2.12ms)
2026/02/11 20:56:53 OK   00002_add_performance_indexes.sql (852.34µs)
2026/02/11 20:56:53 OK   00003_add_git_branch_to_projects.sql (533.43µs)
2026/02/11 20:56:53 OK   00005_add_task_events.sql (283.6µs)
2026/02/11 20:56:53 OK   00006_add_assignees.sql (277.39µs)
2026/02/11 20:56:53 OK   00007_add_task_assignee.sql (457.56µs)
2026/02/11 20:56:53 OK   00008_fix_assignee_name_uniqueness.sql (1.71ms)
2026/02/11 20:56:53 goose: successfully migrated database to version: 8
--- PASS: TestCreateProject_WithGitBranch (0.04s)
=== CONT  TestGetTaskCount
2026/02/11 20:56:53 OK   00001_initial_schema.sql (2.38ms)
2026/02/11 20:56:53 OK   00002_add_performance_indexes.sql (792.78µs)
2026/02/11 20:56:53 OK   00003_add_git_branch_to_projects.sql (538.98µs)
2026/02/11 20:56:53 OK   00005_add_task_events.sql (261.48µs)
2026/02/11 20:56:53 OK   00006_add_assignees.sql (286.06µs)
2026/02/11 20:56:53 OK   00007_add_task_assignee.sql (467.37µs)
2026/02/11 20:56:53 OK   00008_fix_assignee_name_uniqueness.sql (1.76ms)
2026/02/11 20:56:53 goose: successfully migrated database to version: 8
--- PASS: TestGetProjectByGitBranch_MultipleProjectsOneWithBranch (0.04s)
=== CONT  TestDeleteProject_InvalidID
2026/02/11 20:56:53 OK   00001_initial_schema.sql (3.2ms)
2026/02/11 20:56:53 OK   00002_add_performance_indexes.sql (801.06µs)
2026/02/11 20:56:53 OK   00003_add_git_branch_to_projects.sql (488.89µs)
2026/02/11 20:56:53 OK   00005_add_task_events.sql (271.31µs)
2026/02/11 20:56:53 OK   00006_add_assignees.sql (248.3µs)
2026/02/11 20:56:53 OK   00007_add_task_assignee.sql (408.89µs)
2026/02/11 20:56:53 OK   00008_fix_assignee_name_uniqueness.sql (1.82ms)
2026/02/11 20:56:53 goose: successfully migrated database to version: 8
2026/02/11 20:56:53 OK   00001_initial_schema.sql (1.81ms)
--- PASS: TestDeleteProject (0.04s)
=== CONT  TestDeleteProject_WithTasksForce
2026/02/11 20:56:53 OK   00002_add_performance_indexes.sql (949.42µs)
2026/02/11 20:56:53 OK   00003_add_git_branch_to_projects.sql (531.77µs)
2026/02/11 20:56:53 OK   00005_add_task_events.sql (253.59µs)
2026/02/11 20:56:53 OK   00006_add_assignees.sql (281µs)
2026/02/11 20:56:53 OK   00007_add_task_assignee.sql (470.82µs)
2026/02/11 20:56:53 OK   00008_fix_assignee_name_uniqueness.sql (1.76ms)
2026/02/11 20:56:53 goose: successfully migrated database to version: 8
--- PASS: TestUpdateProject_NonExistentProject (0.04s)
=== CONT  TestDeleteProject_WithTasks
2026/02/11 20:56:53 OK   00001_initial_schema.sql (1.86ms)
2026/02/11 20:56:53 OK   00002_add_performance_indexes.sql (860.41µs)
2026/02/11 20:56:53 OK   00003_add_git_branch_to_projects.sql (538.9µs)
2026/02/11 20:56:53 OK   00005_add_task_events.sql (247.89µs)
2026/02/11 20:56:53 OK   00006_add_assignees.sql (279.71µs)
2026/02/11 20:56:53 OK   00007_add_task_assignee.sql (468.29µs)
2026/02/11 20:56:53 OK   00008_fix_assignee_name_uniqueness.sql (1.75ms)
2026/02/11 20:56:53 goose: successfully migrated database to version: 8
--- PASS: TestDeleteProject_WithTasks (0.01s)
=== CONT  TestGetProjectByID
2026/02/11 20:56:53 OK   00001_initial_schema.sql (2.24ms)
2026/02/11 20:56:53 OK   00002_add_performance_indexes.sql (769.36µs)
2026/02/11 20:56:53 OK   00003_add_git_branch_to_projects.sql (493.47µs)
2026/02/11 20:56:53 OK   00005_add_task_events.sql (266.1µs)
2026/02/11 20:56:53 OK   00006_add_assignees.sql (290.47µs)
2026/02/11 20:56:53 OK   00007_add_task_assignee.sql (455.56µs)
2026/02/11 20:56:53 OK   00008_fix_assignee_name_uniqueness.sql (1.74ms)
2026/02/11 20:56:53 goose: successfully migrated database to version: 8
--- PASS: TestGetProjectByID_VeryLargeID (0.05s)
=== CONT  TestUpdateProject_InvalidID
2026/02/11 20:56:53 OK   00001_initial_schema.sql (2ms)
2026/02/11 20:56:53 OK   00002_add_performance_indexes.sql (771.25µs)
2026/02/11 20:56:53 OK   00003_add_git_branch_to_projects.sql (511.54µs)
2026/02/11 20:56:53 OK   00005_add_task_events.sql (240.9µs)
2026/02/11 20:56:53 OK   00006_add_assignees.sql (250.98µs)
2026/02/11 20:56:53 OK   00007_add_task_assignee.sql (414.25µs)
2026/02/11 20:56:53 OK   00008_fix_assignee_name_uniqueness.sql (1.72ms)
2026/02/11 20:56:53 goose: successfully migrated database to version: 8
--- PASS: TestGetTaskCount_InvalidID (0.05s)
=== CONT  TestUpdateProject_EmptyName
2026/02/11 20:56:53 OK   00001_initial_schema.sql (1.83ms)
2026/02/11 20:56:53 OK   00002_add_performance_indexes.sql (847.25µs)
2026/02/11 20:56:53 OK   00003_add_git_branch_to_projects.sql (546.63µs)
2026/02/11 20:56:53 OK   00005_add_task_events.sql (253.5µs)
2026/02/11 20:56:53 OK   00006_add_assignees.sql (289.09µs)
2026/02/11 20:56:53 OK   00007_add_task_assignee.sql (461.13µs)
2026/02/11 20:56:53 OK   00008_fix_assignee_name_uniqueness.sql (1.73ms)
2026/02/11 20:56:53 goose: successfully migrated database to version: 8
--- PASS: TestGetTaskCount (0.05s)
=== CONT  TestUpdateProject
2026/02/11 20:56:53 OK   00001_initial_schema.sql (2.24ms)
2026/02/11 20:56:53 OK   00002_add_performance_indexes.sql (847.62µs)
2026/02/11 20:56:53 OK   00003_add_git_branch_to_projects.sql (531.1µs)
2026/02/11 20:56:53 OK   00005_add_task_events.sql (266.89µs)
2026/02/11 20:56:53 OK   00006_add_assignees.sql (283.4µs)
2026/02/11 20:56:53 OK   00007_add_task_assignee.sql (450.99µs)
2026/02/11 20:56:53 OK   00008_fix_assignee_name_uniqueness.sql (1.74ms)
2026/02/11 20:56:53 goose: successfully migrated database to version: 8
--- PASS: TestDeleteProject_InvalidID (0.05s)
=== CONT  TestGetProjectByID_InvalidID
2026/02/11 20:56:53 OK   00001_initial_schema.sql (1.84ms)
2026/02/11 20:56:53 OK   00002_add_performance_indexes.sql (859.36µs)
2026/02/11 20:56:53 OK   00003_add_git_branch_to_projects.sql (521.32µs)
2026/02/11 20:56:53 OK   00005_add_task_events.sql (246.92µs)
2026/02/11 20:56:53 OK   00006_add_assignees.sql (282.67µs)
2026/02/11 20:56:53 OK   00007_add_task_assignee.sql (452.75µs)
2026/02/11 20:56:53 OK   00008_fix_assignee_name_uniqueness.sql (1.71ms)
2026/02/11 20:56:53 goose: successfully migrated database to version: 8
--- PASS: TestDeleteProject_WithTasksForce (0.05s)
=== CONT  TestGetProjectByID_NotFound
2026/02/11 20:56:53 OK   00001_initial_schema.sql (2.63ms)
2026/02/11 20:56:53 OK   00002_add_performance_indexes.sql (795.16µs)
2026/02/11 20:56:53 OK   00003_add_git_branch_to_projects.sql (494.59µs)
2026/02/11 20:56:53 OK   00005_add_task_events.sql (250.5µs)
2026/02/11 20:56:53 OK   00006_add_assignees.sql (254.08µs)
2026/02/11 20:56:53 OK   00007_add_task_assignee.sql (407.37µs)
2026/02/11 20:56:53 OK   00008_fix_assignee_name_uniqueness.sql (1.87ms)
2026/02/11 20:56:53 goose: successfully migrated database to version: 8
--- PASS: TestGetProjectByID (0.04s)
=== CONT  TestCreateProject_NameTooLong
2026/02/11 20:56:53 OK   00001_initial_schema.sql (2.26ms)
2026/02/11 20:56:53 OK   00002_add_performance_indexes.sql (780.35µs)
2026/02/11 20:56:53 OK   00003_add_git_branch_to_projects.sql (527.01µs)
2026/02/11 20:56:53 OK   00005_add_task_events.sql (269.94µs)
2026/02/11 20:56:53 OK   00006_add_assignees.sql (274.41µs)
2026/02/11 20:56:53 OK   00007_add_task_assignee.sql (456.13µs)
2026/02/11 20:56:53 OK   00008_fix_assignee_name_uniqueness.sql (1.74ms)
2026/02/11 20:56:53 goose: successfully migrated database to version: 8
--- PASS: TestUpdateProject_InvalidID (0.04s)
=== CONT  TestGetAllProjects_Empty
2026/02/11 20:56:53 OK   00001_initial_schema.sql (1.89ms)
2026/02/11 20:56:53 OK   00002_add_performance_indexes.sql (983.21µs)
2026/02/11 20:56:53 OK   00003_add_git_branch_to_projects.sql (528.84µs)
2026/02/11 20:56:53 OK   00005_add_task_events.sql (262.39µs)
2026/02/11 20:56:53 OK   00006_add_assignees.sql (288.85µs)
2026/02/11 20:56:53 OK   00007_add_task_assignee.sql (457.31µs)
2026/02/11 20:56:53 OK   00008_fix_assignee_name_uniqueness.sql (1.8ms)
2026/02/11 20:56:53 goose: successfully migrated database to version: 8
--- PASS: TestUpdateProject_EmptyName (0.04s)
=== CONT  TestGetAllProjects
2026/02/11 20:56:53 OK   00001_initial_schema.sql (2.31ms)
2026/02/11 20:56:53 OK   00002_add_performance_indexes.sql (849.09µs)
2026/02/11 20:56:53 OK   00003_add_git_branch_to_projects.sql (531µs)
2026/02/11 20:56:53 OK   00005_add_task_events.sql (266.12µs)
2026/02/11 20:56:53 OK   00006_add_assignees.sql (278.23µs)
2026/02/11 20:56:53 OK   00007_add_task_assignee.sql (459.95µs)
2026/02/11 20:56:53 OK   00008_fix_assignee_name_uniqueness.sql (1.74ms)
2026/02/11 20:56:53 goose: successfully migrated database to version: 8
--- PASS: TestUpdateProject (0.04s)
=== CONT  TestCreateProject_EmptyName
2026/02/11 20:56:53 OK   00001_initial_schema.sql (2.31ms)
2026/02/11 20:56:53 OK   00002_add_performance_indexes.sql (774.16µs)
2026/02/11 20:56:53 OK   00003_add_git_branch_to_projects.sql (535.12µs)
2026/02/11 20:56:53 OK   00005_add_task_events.sql (253.1µs)
2026/02/11 20:56:53 OK   00006_add_assignees.sql (287.94µs)
2026/02/11 20:56:53 OK   00007_add_task_assignee.sql (456.84µs)
2026/02/11 20:56:53 OK   00008_fix_assignee_name_uniqueness.sql (1.77ms)
2026/02/11 20:56:53 goose: successfully migrated database to version: 8
--- PASS: TestGetProjectByID_InvalidID (0.04s)
=== CONT  TestGetAllProjects_AfterDelete
2026/02/11 20:56:53 OK   00001_initial_schema.sql (1.85ms)
2026/02/11 20:56:53 OK   00002_add_performance_indexes.sql (835.92µs)
2026/02/11 20:56:53 OK   00003_add_git_branch_to_projects.sql (528.5µs)
2026/02/11 20:56:53 OK   00005_add_task_events.sql (249.98µs)
2026/02/11 20:56:53 OK   00006_add_assignees.sql (271.1µs)
2026/02/11 20:56:53 OK   00007_add_task_assignee.sql (460.44µs)
2026/02/11 20:56:53 OK   00008_fix_assignee_name_uniqueness.sql (1.72ms)
2026/02/11 20:56:53 goose: successfully migrated database to version: 8
--- PASS: TestGetProjectByID_NotFound (0.04s)
=== CONT  TestGetProjectByGitBranch_NotFound
2026/02/11 20:56:53 OK   00001_initial_schema.sql (1.81ms)
2026/02/11 20:56:53 OK   00002_add_performance_indexes.sql (842.45µs)
2026/02/11 20:56:53 OK   00003_add_git_branch_to_projects.sql (530.52µs)
2026/02/11 20:56:53 OK   00005_add_task_events.sql (266.03µs)
2026/02/11 20:56:53 OK   00006_add_assignees.sql (290.4µs)
2026/02/11 20:56:53 OK   00007_add_task_assignee.sql (470.92µs)
2026/02/11 20:56:53 OK   00008_fix_assignee_name_uniqueness.sql (1.74ms)
2026/02/11 20:56:53 goose: successfully migrated database to version: 8
--- PASS: TestCreateProject_NameTooLong (0.04s)
=== CONT  TestGetProjectByGitBranch_Found
2026/02/11 20:56:53 OK   00001_initial_schema.sql (1.86ms)
2026/02/11 20:56:53 OK   00002_add_performance_indexes.sql (832.25µs)
2026/02/11 20:56:53 OK   00003_add_git_branch_to_projects.sql (523.52µs)
2026/02/11 20:56:53 OK   00005_add_task_events.sql (255.69µs)
2026/02/11 20:56:53 OK   00006_add_assignees.sql (293.93µs)
2026/02/11 20:56:53 OK   00007_add_task_assignee.sql (456.55µs)
2026/02/11 20:56:53 OK   00008_fix_assignee_name_uniqueness.sql (1.72ms)
2026/02/11 20:56:53 goose: successfully migrated database to version: 8
--- PASS: TestGetAllProjects_Empty (0.04s)
=== CONT  TestGetTaskCount_NonExistentProject
2026/02/11 20:56:53 OK   00001_initial_schema.sql (1.86ms)
2026/02/11 20:56:53 OK   00002_add_performance_indexes.sql (834.01µs)
2026/02/11 20:56:53 OK   00003_add_git_branch_to_projects.sql (532.37µs)
2026/02/11 20:56:53 OK   00005_add_task_events.sql (253.89µs)
2026/02/11 20:56:53 OK   00006_add_assignees.sql (283.01µs)
2026/02/11 20:56:53 OK   00007_add_task_assignee.sql (484.26µs)
2026/02/11 20:56:53 OK   00008_fix_assignee_name_uniqueness.sql (1.77ms)
2026/02/11 20:56:53 goose: successfully migrated database to version: 8
--- PASS: TestGetAllProjects (0.04s)
=== CONT  TestGetTaskCount_ErrorCases
=== RUN   TestGetTaskCount_ErrorCases/zero_id
=== PAUSE TestGetTaskCount_ErrorCases/zero_id
=== RUN   TestGetTaskCount_ErrorCases/negative_id
=== PAUSE TestGetTaskCount_ErrorCases/negative_id
=== RUN   TestGetTaskCount_ErrorCases/negative_large_id
=== PAUSE TestGetTaskCount_ErrorCases/negative_large_id
=== CONT  TestDeleteProject_NonExistentProject
2026/02/11 20:56:53 OK   00001_initial_schema.sql (2.82ms)
2026/02/11 20:56:53 OK   00002_add_performance_indexes.sql (878.66µs)
2026/02/11 20:56:53 OK   00003_add_git_branch_to_projects.sql (538.84µs)
2026/02/11 20:56:53 OK   00005_add_task_events.sql (264.03µs)
2026/02/11 20:56:53 OK   00006_add_assignees.sql (285.44µs)
2026/02/11 20:56:53 OK   00007_add_task_assignee.sql (474.91µs)
2026/02/11 20:56:53 OK   00008_fix_assignee_name_uniqueness.sql (1.77ms)
2026/02/11 20:56:53 goose: successfully migrated database to version: 8
--- PASS: TestCreateProject_EmptyName (0.04s)
=== CONT  TestCreateProject_GitBranchWithSpecialChars/branch_with_slashes
2026/02/11 20:56:53 OK   00001_initial_schema.sql (1.94ms)
2026/02/11 20:56:53 OK   00002_add_performance_indexes.sql (859.41µs)
2026/02/11 20:56:53 OK   00003_add_git_branch_to_projects.sql (531.53µs)
2026/02/11 20:56:53 OK   00005_add_task_events.sql (260.67µs)
2026/02/11 20:56:53 OK   00006_add_assignees.sql (290.19µs)
2026/02/11 20:56:53 OK   00007_add_task_assignee.sql (461.69µs)
2026/02/11 20:56:53 OK   00008_fix_assignee_name_uniqueness.sql (1.81ms)
2026/02/11 20:56:53 goose: successfully migrated database to version: 8
--- PASS: TestGetAllProjects_AfterDelete (0.04s)
=== CONT  TestCreateProject_GitBranchWithSpecialChars/branch_with_dots
2026/02/11 20:56:53 OK   00001_initial_schema.sql (1.91ms)
2026/02/11 20:56:53 OK   00002_add_performance_indexes.sql (856.78µs)
2026/02/11 20:56:53 OK   00003_add_git_branch_to_projects.sql (526.64µs)
2026/02/11 20:56:53 OK   00005_add_task_events.sql (255.45µs)
2026/02/11 20:56:53 OK   00006_add_assignees.sql (324.2µs)
2026/02/11 20:56:53 OK   00007_add_task_assignee.sql (463.79µs)
2026/02/11 20:56:53 OK   00008_fix_assignee_name_uniqueness.sql (1.76ms)
2026/02/11 20:56:53 goose: successfully migrated database to version: 8
--- PASS: TestGetProjectByGitBranch_NotFound (0.04s)
=== CONT  TestCreateProject_GitBranchWithSpecialChars/branch_with_unicode
2026/02/11 20:56:53 OK   00001_initial_schema.sql (2.23ms)
2026/02/11 20:56:53 OK   00002_add_performance_indexes.sql (832.39µs)
2026/02/11 20:56:53 OK   00003_add_git_branch_to_projects.sql (526.55µs)
2026/02/11 20:56:53 OK   00005_add_task_events.sql (260.16µs)
2026/02/11 20:56:53 OK   00006_add_assignees.sql (282.11µs)
2026/02/11 20:56:53 OK   00007_add_task_assignee.sql (451.99µs)
2026/02/11 20:56:53 OK   00008_fix_assignee_name_uniqueness.sql (1.73ms)
2026/02/11 20:56:53 goose: successfully migrated database to version: 8
--- PASS: TestGetProjectByGitBranch_Found (0.04s)
=== CONT  TestCreateProject_GitBranchWithSpecialChars/branch_with_underscores
2026/02/11 20:56:53 OK   00001_initial_schema.sql (2.19ms)
2026/02/11 20:56:53 OK   00002_add_performance_indexes.sql (849.87µs)
2026/02/11 20:56:53 OK   00003_add_git_branch_to_projects.sql (536.18µs)
2026/02/11 20:56:53 OK   00005_add_task_events.sql (264.97µs)
2026/02/11 20:56:53 OK   00006_add_assignees.sql (290.3µs)
2026/02/11 20:56:53 OK   00007_add_task_assignee.sql (467.25µs)
2026/02/11 20:56:53 OK   00008_fix_assignee_name_uniqueness.sql (1.74ms)
2026/02/11 20:56:53 goose: successfully migrated database to version: 8
--- PASS: TestGetTaskCount_NonExistentProject (0.04s)
=== CONT  TestCreateProject_GitBranchWithSpecialChars/branch_with_hyphens
2026/02/11 20:56:53 OK   00001_initial_schema.sql (1.78ms)
2026/02/11 20:56:53 OK   00002_add_performance_indexes.sql (819.26µs)
2026/02/11 20:56:53 OK   00003_add_git_branch_to_projects.sql (545.95µs)
2026/02/11 20:56:53 OK   00005_add_task_events.sql (254.82µs)
2026/02/11 20:56:53 OK   00006_add_assignees.sql (278.43µs)
2026/02/11 20:56:53 OK   00007_add_task_assignee.sql (465.21µs)
2026/02/11 20:56:53 OK   00008_fix_assignee_name_uniqueness.sql (1.82ms)
2026/02/11 20:56:53 goose: successfully migrated database to version: 8
--- PASS: TestDeleteProject_NonExistentProject (0.04s)
=== CONT  TestDeleteProject_ErrorCases/negative_id
2026/02/11 20:56:53 OK   00001_initial_schema.sql (2.08ms)
2026/02/11 20:56:53 OK   00002_add_performance_indexes.sql (766.96µs)
2026/02/11 20:56:53 OK   00003_add_git_branch_to_projects.sql (504.59µs)
2026/02/11 20:56:53 OK   00005_add_task_events.sql (251.26µs)
2026/02/11 20:56:53 OK   00006_add_assignees.sql (284.12µs)
2026/02/11 20:56:53 OK   00007_add_task_assignee.sql (493.81µs)
2026/02/11 20:56:53 OK   00008_fix_assignee_name_uniqueness.sql (1.71ms)
2026/02/11 20:56:53 goose: successfully migrated database to version: 8
=== CONT  TestDeleteProject_ErrorCases/very_large_nonexistent_id
2026/02/11 20:56:53 OK   00001_initial_schema.sql (2.35ms)
2026/02/11 20:56:53 OK   00002_add_performance_indexes.sql (781.11µs)
2026/02/11 20:56:53 OK   00003_add_git_branch_to_projects.sql (634.67µs)
2026/02/11 20:56:53 OK   00005_add_task_events.sql (260.39µs)
2026/02/11 20:56:53 OK   00006_add_assignees.sql (281.63µs)
2026/02/11 20:56:53 OK   00007_add_task_assignee.sql (457.6µs)
2026/02/11 20:56:53 OK   00008_fix_assignee_name_uniqueness.sql (1.91ms)
2026/02/11 20:56:53 goose: successfully migrated database to version: 8
=== CONT  TestDeleteProject_ErrorCases/negative_id_with_force
2026/02/11 20:56:53 OK   00001_initial_schema.sql (2.12ms)
2026/02/11 20:56:53 OK   00002_add_performance_indexes.sql (773.52µs)
2026/02/11 20:56:53 OK   00003_add_git_branch_to_projects.sql (502.11µs)
2026/02/11 20:56:53 OK   00005_add_task_events.sql (260.92µs)
2026/02/11 20:56:53 OK   00006_add_assignees.sql (281.49µs)
2026/02/11 20:56:53 OK   00007_add_task_assignee.sql (461.67µs)
2026/02/11 20:56:53 OK   00008_fix_assignee_name_uniqueness.sql (1.95ms)
2026/02/11 20:56:53 goose: successfully migrated database to version: 8
2026/02/11 20:56:53 OK   00001_initial_schema.sql (2.14ms)
2026/02/11 20:56:53 OK   00002_add_performance_indexes.sql (860.53µs)
2026/02/11 20:56:53 OK   00003_add_git_branch_to_projects.sql (486.84µs)
=== CONT  TestGetProjectByID_NegativeID/negative_one
2026/02/11 20:56:53 OK   00005_add_task_events.sql (983.08µs)
2026/02/11 20:56:53 OK   00006_add_assignees.sql (285.39µs)
2026/02/11 20:56:53 OK   00007_add_task_assignee.sql (447.65µs)
2026/02/11 20:56:53 OK   00008_fix_assignee_name_uniqueness.sql (1.67ms)
2026/02/11 20:56:53 goose: successfully migrated database to version: 8
=== CONT  TestCreateProject_ErrorCases/name_with_unicode
2026/02/11 20:56:53 OK   00001_initial_schema.sql (2.07ms)
2026/02/11 20:56:53 OK   00002_add_performance_indexes.sql (835.08µs)
2026/02/11 20:56:53 OK   00003_add_git_branch_to_projects.sql (525.83µs)
2026/02/11 20:56:53 OK   00005_add_task_events.sql (247.03µs)
2026/02/11 20:56:53 OK   00006_add_assignees.sql (284.72µs)
2026/02/11 20:56:53 OK   00007_add_task_assignee.sql (449.02µs)
2026/02/11 20:56:53 OK   00008_fix_assignee_name_uniqueness.sql (1.73ms)
2026/02/11 20:56:53 goose: successfully migrated database to version: 8
--- PASS: TestCreateProject_GitBranchWithSpecialChars (0.00s)
    --- PASS: TestCreateProject_GitBranchWithSpecialChars/branch_with_slashes (0.04s)
    --- PASS: TestCreateProject_GitBranchWithSpecialChars/branch_with_dots (0.04s)
    --- PASS: TestCreateProject_GitBranchWithSpecialChars/branch_with_unicode (0.04s)
    --- PASS: TestCreateProject_GitBranchWithSpecialChars/branch_with_underscores (0.04s)
    --- PASS: TestCreateProject_GitBranchWithSpecialChars/branch_with_hyphens (0.04s)
=== CONT  TestGetProjectByID_NegativeID/negative_max_int
2026/02/11 20:56:53 OK   00001_initial_schema.sql (2.04ms)
2026/02/11 20:56:53 OK   00002_add_performance_indexes.sql (784.87µs)
2026/02/11 20:56:53 OK   00003_add_git_branch_to_projects.sql (549.84µs)
2026/02/11 20:56:53 OK   00005_add_task_events.sql (246.98µs)
2026/02/11 20:56:53 OK   00006_add_assignees.sql (286.03µs)
2026/02/11 20:56:53 OK   00007_add_task_assignee.sql (460.08µs)
2026/02/11 20:56:53 OK   00008_fix_assignee_name_uniqueness.sql (1.75ms)
2026/02/11 20:56:53 goose: successfully migrated database to version: 8
=== CONT  TestGetProjectByID_NegativeID/negative_hundred
2026/02/11 20:56:53 OK   00001_initial_schema.sql (1.81ms)
2026/02/11 20:56:53 OK   00002_add_performance_indexes.sql (857.08µs)
2026/02/11 20:56:53 OK   00003_add_git_branch_to_projects.sql (524.52µs)
2026/02/11 20:56:53 OK   00005_add_task_events.sql (259.62µs)
2026/02/11 20:56:53 OK   00006_add_assignees.sql (282.37µs)
2026/02/11 20:56:53 OK   00007_add_task_assignee.sql (457.17µs)
2026/02/11 20:56:53 OK   00008_fix_assignee_name_uniqueness.sql (1.73ms)
2026/02/11 20:56:53 goose: successfully migrated database to version: 8
=== CONT  TestCreateProject_ErrorCases/very_long_description
2026/02/11 20:56:53 OK   00001_initial_schema.sql (1.78ms)
2026/02/11 20:56:53 OK   00002_add_performance_indexes.sql (832.31µs)
2026/02/11 20:56:53 OK   00003_add_git_branch_to_projects.sql (526.61µs)
2026/02/11 20:56:53 OK   00005_add_task_events.sql (256.82µs)
2026/02/11 20:56:53 OK   00006_add_assignees.sql (287.11µs)
2026/02/11 20:56:53 OK   00007_add_task_assignee.sql (454.12µs)
2026/02/11 20:56:53 OK   00008_fix_assignee_name_uniqueness.sql (1.72ms)
2026/02/11 20:56:53 goose: successfully migrated database to version: 8
--- PASS: TestDeleteProject_ErrorCases (0.00s)
    --- PASS: TestDeleteProject_ErrorCases/negative_id (0.04s)
    --- PASS: TestDeleteProject_ErrorCases/very_large_nonexistent_id (0.04s)
    --- PASS: TestDeleteProject_ErrorCases/negative_id_with_force (0.04s)
=== CONT  TestCreateProject_ErrorCases/empty_description
2026/02/11 20:56:53 OK   00001_initial_schema.sql (1.85ms)
2026/02/11 20:56:53 OK   00002_add_performance_indexes.sql (875.69µs)
2026/02/11 20:56:53 OK   00003_add_git_branch_to_projects.sql (548.27µs)
2026/02/11 20:56:53 OK   00005_add_task_events.sql (264.63µs)
2026/02/11 20:56:53 OK   00006_add_assignees.sql (287.78µs)
2026/02/11 20:56:53 OK   00007_add_task_assignee.sql (471.38µs)
2026/02/11 20:56:53 OK   00008_fix_assignee_name_uniqueness.sql (1.75ms)
2026/02/11 20:56:53 goose: successfully migrated database to version: 8
=== CONT  TestCreateProject_ErrorCases/name_101_chars
2026/02/11 20:56:53 OK   00001_initial_schema.sql (1.97ms)
2026/02/11 20:56:53 OK   00002_add_performance_indexes.sql (1.03ms)
2026/02/11 20:56:53 OK   00003_add_git_branch_to_projects.sql (605.63µs)
2026/02/11 20:56:53 OK   00005_add_task_events.sql (255.62µs)
2026/02/11 20:56:53 OK   00006_add_assignees.sql (295.54µs)
2026/02/11 20:56:53 OK   00007_add_task_assignee.sql (521.4µs)
2026/02/11 20:56:53 OK   00008_fix_assignee_name_uniqueness.sql (1.8ms)
2026/02/11 20:56:53 goose: successfully migrated database to version: 8
=== CONT  TestCreateProject_ErrorCases/name_exactly_100_chars
2026/02/11 20:56:53 OK   00001_initial_schema.sql (2.86ms)
2026/02/11 20:56:53 OK   00002_add_performance_indexes.sql (2.71ms)
2026/02/11 20:56:53 OK   00003_add_git_branch_to_projects.sql (563.66µs)
2026/02/11 20:56:53 OK   00005_add_task_events.sql (253.83µs)
2026/02/11 20:56:53 OK   00006_add_assignees.sql (902.89µs)
2026/02/11 20:56:53 OK   00007_add_task_assignee.sql (806.64µs)
2026/02/11 20:56:53 OK   00008_fix_assignee_name_uniqueness.sql (1.89ms)
2026/02/11 20:56:53 goose: successfully migrated database to version: 8
=== CONT  TestCreateProject_ErrorCases/name_with_emojis
2026/02/11 20:56:53 OK   00001_initial_schema.sql (2.44ms)
2026/02/11 20:56:53 OK   00002_add_performance_indexes.sql (1.02ms)
2026/02/11 20:56:53 OK   00003_add_git_branch_to_projects.sql (644.01µs)
2026/02/11 20:56:53 OK   00005_add_task_events.sql (337µs)
2026/02/11 20:56:53 OK   00006_add_assignees.sql (364.85µs)
2026/02/11 20:56:53 OK   00007_add_task_assignee.sql (553.24µs)
2026/02/11 20:56:53 OK   00008_fix_assignee_name_uniqueness.sql (1.85ms)
2026/02/11 20:56:53 goose: successfully migrated database to version: 8
--- PASS: TestGetProjectByID_NegativeID (0.00s)
    --- PASS: TestGetProjectByID_NegativeID/negative_one (0.04s)
    --- PASS: TestGetProjectByID_NegativeID/negative_max_int (0.04s)
    --- PASS: TestGetProjectByID_NegativeID/negative_hundred (0.05s)
=== CONT  TestCreateProject_ErrorCases/name_with_special_chars
2026/02/11 20:56:53 OK   00001_initial_schema.sql (2.56ms)
2026/02/11 20:56:53 OK   00002_add_performance_indexes.sql (1.13ms)
2026/02/11 20:56:53 OK   00003_add_git_branch_to_projects.sql (685.46µs)
2026/02/11 20:56:53 OK   00005_add_task_events.sql (411.82µs)
2026/02/11 20:56:53 OK   00006_add_assignees.sql (390.43µs)
2026/02/11 20:56:53 OK   00007_add_task_assignee.sql (740µs)
2026/02/11 20:56:53 OK   00008_fix_assignee_name_uniqueness.sql (2.07ms)
2026/02/11 20:56:53 goose: successfully migrated database to version: 8
=== CONT  TestGetTaskCount_ErrorCases/zero_id
2026/02/11 20:56:53 OK   00001_initial_schema.sql (2.06ms)
2026/02/11 20:56:53 OK   00002_add_performance_indexes.sql (911.77µs)
2026/02/11 20:56:53 OK   00003_add_git_branch_to_projects.sql (603.14µs)
2026/02/11 20:56:53 OK   00005_add_task_events.sql (292.09µs)
2026/02/11 20:56:53 OK   00006_add_assignees.sql (322.78µs)
2026/02/11 20:56:53 OK   00007_add_task_assignee.sql (516.51µs)
2026/02/11 20:56:53 OK   00008_fix_assignee_name_uniqueness.sql (1.86ms)
2026/02/11 20:56:53 goose: successfully migrated database to version: 8
=== CONT  TestGetTaskCount_ErrorCases/negative_large_id
2026/02/11 20:56:53 OK   00001_initial_schema.sql (2.33ms)
2026/02/11 20:56:53 OK   00002_add_performance_indexes.sql (982.88µs)
2026/02/11 20:56:53 OK   00003_add_git_branch_to_projects.sql (597.48µs)
2026/02/11 20:56:53 OK   00005_add_task_events.sql (297.89µs)
2026/02/11 20:56:53 OK   00006_add_assignees.sql (673.08µs)
2026/02/11 20:56:53 OK   00007_add_task_assignee.sql (701.98µs)
2026/02/11 20:56:53 OK   00008_fix_assignee_name_uniqueness.sql (2.76ms)
2026/02/11 20:56:53 goose: successfully migrated database to version: 8
=== CONT  TestGetTaskCount_ErrorCases/negative_id
2026/02/11 20:56:53 OK   00001_initial_schema.sql (5.18ms)
2026/02/11 20:56:53 OK   00002_add_performance_indexes.sql (2.99ms)
2026/02/11 20:56:53 OK   00003_add_git_branch_to_projects.sql (615.67µs)
2026/02/11 20:56:53 OK   00005_add_task_events.sql (264.56µs)
2026/02/11 20:56:53 OK   00006_add_assignees.sql (799.7µs)
2026/02/11 20:56:53 OK   00007_add_task_assignee.sql (491.19µs)
2026/02/11 20:56:53 OK   00008_fix_assignee_name_uniqueness.sql (5.35ms)
2026/02/11 20:56:53 goose: successfully migrated database to version: 8
2026/02/11 20:56:53 OK   00001_initial_schema.sql (4.69ms)
2026/02/11 20:56:53 OK   00002_add_performance_indexes.sql (948.15µs)
2026/02/11 20:56:53 OK   00003_add_git_branch_to_projects.sql (594.74µs)
2026/02/11 20:56:53 OK   00005_add_task_events.sql (280.28µs)
2026/02/11 20:56:53 OK   00006_add_assignees.sql (295.04µs)
2026/02/11 20:56:53 OK   00007_add_task_assignee.sql (475.83µs)
2026/02/11 20:56:53 OK   00008_fix_assignee_name_uniqueness.sql (1.81ms)
2026/02/11 20:56:53 goose: successfully migrated database to version: 8
2026/02/11 20:56:53 OK   00001_initial_schema.sql (2.69ms)
2026/02/11 20:56:53 OK   00002_add_performance_indexes.sql (2.32ms)
2026/02/11 20:56:53 OK   00003_add_git_branch_to_projects.sql (2.98ms)
2026/02/11 20:56:53 OK   00005_add_task_events.sql (328.74µs)
2026/02/11 20:56:53 OK   00006_add_assignees.sql (274.17µs)
2026/02/11 20:56:53 OK   00007_add_task_assignee.sql (538.72µs)
2026/02/11 20:56:53 OK   00008_fix_assignee_name_uniqueness.sql (1.94ms)
2026/02/11 20:56:53 goose: successfully migrated database to version: 8
--- PASS: TestCreateProject_ErrorCases (0.00s)
    --- PASS: TestCreateProject_ErrorCases/name_with_unicode (0.04s)
    --- PASS: TestCreateProject_ErrorCases/very_long_description (0.05s)
    --- PASS: TestCreateProject_ErrorCases/empty_description (0.05s)
    --- PASS: TestCreateProject_ErrorCases/name_101_chars (0.05s)
    --- PASS: TestCreateProject_ErrorCases/name_exactly_100_chars (0.06s)
    --- PASS: TestCreateProject_ErrorCases/name_with_emojis (0.06s)
    --- PASS: TestCreateProject_ErrorCases/name_with_special_chars (0.07s)
2026/02/11 20:56:53 OK   00001_initial_schema.sql (2.24ms)
2026/02/11 20:56:53 OK   00002_add_performance_indexes.sql (949.52µs)
2026/02/11 20:56:53 OK   00003_add_git_branch_to_projects.sql (641.78µs)
2026/02/11 20:56:53 OK   00005_add_task_events.sql (308.24µs)
2026/02/11 20:56:53 OK   00006_add_assignees.sql (306.16µs)
2026/02/11 20:56:53 OK   00007_add_task_assignee.sql (496.46µs)
2026/02/11 20:56:53 OK   00008_fix_assignee_name_uniqueness.sql (1.92ms)
2026/02/11 20:56:53 goose: successfully migrated database to version: 8
2026/02/11 20:56:53 OK   00001_initial_schema.sql (2.1ms)
2026/02/11 20:56:53 OK   00002_add_performance_indexes.sql (960.56µs)
2026/02/11 20:56:53 OK   00003_add_git_branch_to_projects.sql (616.24µs)
2026/02/11 20:56:53 OK   00005_add_task_events.sql (318.48µs)
2026/02/11 20:56:53 OK   00006_add_assignees.sql (362.46µs)
2026/02/11 20:56:53 OK   00007_add_task_assignee.sql (528.35µs)
2026/02/11 20:56:54 OK   00008_fix_assignee_name_uniqueness.sql (1.97ms)
2026/02/11 20:56:54 goose: successfully migrated database to version: 8
2026/02/11 20:56:54 OK   00001_initial_schema.sql (2.23ms)
2026/02/11 20:56:54 OK   00002_add_performance_indexes.sql (1.32ms)
2026/02/11 20:56:54 OK   00003_add_git_branch_to_projects.sql (713.66µs)
2026/02/11 20:56:54 OK   00005_add_task_events.sql (371.96µs)
2026/02/11 20:56:54 OK   00006_add_assignees.sql (366.3µs)
2026/02/11 20:56:54 OK   00007_add_task_assignee.sql (542.49µs)
2026/02/11 20:56:54 OK   00008_fix_assignee_name_uniqueness.sql (2.31ms)
2026/02/11 20:56:54 goose: successfully migrated database to version: 8
--- PASS: TestGetTaskCount_ErrorCases (0.00s)
    --- PASS: TestGetTaskCount_ErrorCases/zero_id (0.07s)
    --- PASS: TestGetTaskCount_ErrorCases/negative_large_id (0.07s)
    --- PASS: TestGetTaskCount_ErrorCases/negative_id (0.07s)
PASS
ok  	github.com/thenoetrevino/paso/internal/services/project	0.490s
=== RUN   TestCreateTask_EmitsTaskCreatedEvent
=== PAUSE TestCreateTask_EmitsTaskCreatedEvent
=== RUN   TestMoveTaskToColumn_EmitsTaskMovedEvent
=== PAUSE TestMoveTaskToColumn_EmitsTaskMovedEvent
=== RUN   TestMoveTaskToNextColumn_EmitsTaskMovedEvent
=== PAUSE TestMoveTaskToNextColumn_EmitsTaskMovedEvent
=== RUN   TestMoveTaskToPrevColumn_EmitsTaskMovedEvent
=== PAUSE TestMoveTaskToPrevColumn_EmitsTaskMovedEvent
=== RUN   TestMoveTaskToReadyColumn_EmitsTaskMovedEvent
=== PAUSE TestMoveTaskToReadyColumn_EmitsTaskMovedEvent
=== RUN   TestMoveTaskToCompletedColumn_EmitsTaskMovedEvent
=== PAUSE TestMoveTaskToCompletedColumn_EmitsTaskMovedEvent
=== RUN   TestAddParentRelation_EmitsTaskAssociatedEvent
=== PAUSE TestAddParentRelation_EmitsTaskAssociatedEvent
=== RUN   TestAddChildRelation_EmitsTaskAssociatedEvent
=== PAUSE TestAddChildRelation_EmitsTaskAssociatedEvent
=== RUN   TestRemoveParentRelation_EmitsTaskDisassociatedEvent
=== PAUSE TestRemoveParentRelation_EmitsTaskDisassociatedEvent
=== RUN   TestRemoveChildRelation_EmitsTaskDisassociatedEvent
=== PAUSE TestRemoveChildRelation_EmitsTaskDisassociatedEvent
=== RUN   TestAttachLabel_EmitsLabelAddedEvent
=== PAUSE TestAttachLabel_EmitsLabelAddedEvent
=== RUN   TestDetachLabel_EmitsLabelRemovedEvent
=== PAUSE TestDetachLabel_EmitsLabelRemovedEvent
=== RUN   TestUpdateTask_EmitsPriorityChangedEvent
=== PAUSE TestUpdateTask_EmitsPriorityChangedEvent
=== RUN   TestUpdateTask_EmitsTypeChangedEvent
=== PAUSE TestUpdateTask_EmitsTypeChangedEvent
=== RUN   TestUpdateTask_NoEventWhenPriorityUnchanged
=== PAUSE TestUpdateTask_NoEventWhenPriorityUnchanged
=== RUN   TestUpdateTask_NoEventWhenTypeUnchanged
=== PAUSE TestUpdateTask_NoEventWhenTypeUnchanged
=== RUN   TestUpdateTask_EmitsBothPriorityAndTypeChangedEvents
=== PAUSE TestUpdateTask_EmitsBothPriorityAndTypeChangedEvents
=== RUN   TestCreateTask_WithLabels_OnlyEmitsTaskCreatedEvent
=== PAUSE TestCreateTask_WithLabels_OnlyEmitsTaskCreatedEvent
=== RUN   TestCreateTask_WithParents_OnlyEmitsTaskCreatedEvent
=== PAUSE TestCreateTask_WithParents_OnlyEmitsTaskCreatedEvent
=== RUN   TestNoEventService_NoEventsEmitted
=== PAUSE TestNoEventService_NoEventsEmitted
=== RUN   TestMoveTask_SameColumn_NoEventEmitted
=== PAUSE TestMoveTask_SameColumn_NoEventEmitted
=== RUN   TestEventServiceError_DoesNotBreakOperation
=== PAUSE TestEventServiceError_DoesNotBreakOperation
=== RUN   TestMultipleMoveOperations_EmitCorrectEvents
=== PAUSE TestMultipleMoveOperations_EmitCorrectEvents
=== RUN   TestCreateComment
=== PAUSE TestCreateComment
=== RUN   TestCreateComment_Validation
=== PAUSE TestCreateComment_Validation
=== RUN   TestUpdateComment
=== PAUSE TestUpdateComment
=== RUN   TestUpdateComment_Validation
=== PAUSE TestUpdateComment_Validation
=== RUN   TestDeleteComment
=== PAUSE TestDeleteComment
=== RUN   TestDeleteComment_InvalidID
=== PAUSE TestDeleteComment_InvalidID
=== RUN   TestDeleteComment_NonExistentComment
=== PAUSE TestDeleteComment_NonExistentComment
=== RUN   TestGetCommentsByTask
=== PAUSE TestGetCommentsByTask
=== RUN   TestGetCommentsByTask_NoComments
=== PAUSE TestGetCommentsByTask_NoComments
=== RUN   TestGetCommentsByTask_InvalidTaskID
=== PAUSE TestGetCommentsByTask_InvalidTaskID
=== RUN   TestGetCommentsByTask_OrderedByCreatedAt
=== PAUSE TestGetCommentsByTask_OrderedByCreatedAt
=== RUN   TestDeleteTask_CascadesComments
=== PAUSE TestDeleteTask_CascadesComments
=== RUN   TestCreateTask
=== PAUSE TestCreateTask
=== RUN   TestCreateTask_Validation
=== PAUSE TestCreateTask_Validation
=== RUN   TestCreateTask_WithLabels
=== PAUSE TestCreateTask_WithLabels
=== RUN   TestGetTaskDetail
=== PAUSE TestGetTaskDetail
=== RUN   TestGetTaskDetail_NotFound
=== PAUSE TestGetTaskDetail_NotFound
=== RUN   TestGetTaskDetail_InvalidID
=== PAUSE TestGetTaskDetail_InvalidID
=== RUN   TestGetTaskSummariesByProject
=== PAUSE TestGetTaskSummariesByProject
=== RUN   TestUpdateTask
=== PAUSE TestUpdateTask
=== RUN   TestUpdateTask_Validation
=== PAUSE TestUpdateTask_Validation
=== RUN   TestDeleteTask
=== PAUSE TestDeleteTask
=== RUN   TestDeleteTask_InvalidID
=== PAUSE TestDeleteTask_InvalidID
=== RUN   TestAttachLabel
=== PAUSE TestAttachLabel
=== RUN   TestDetachLabel
=== PAUSE TestDetachLabel
=== RUN   TestGetTaskDetail_IncludesComments
=== PAUSE TestGetTaskDetail_IncludesComments
=== RUN   TestGetTaskDetail_NegativeID
=== PAUSE TestGetTaskDetail_NegativeID
=== RUN   TestCreateTask_MaxLengthTitle
=== PAUSE TestCreateTask_MaxLengthTitle
=== RUN   TestCreateTask_ErrorPaths
=== PAUSE TestCreateTask_ErrorPaths
=== RUN   TestUpdateTask_ErrorPaths
=== PAUSE TestUpdateTask_ErrorPaths
=== RUN   TestDeleteTask_ErrorPaths
=== PAUSE TestDeleteTask_ErrorPaths
=== RUN   TestAttachLabel_ErrorPaths
=== PAUSE TestAttachLabel_ErrorPaths
=== RUN   TestDetachLabel_ErrorPaths
=== PAUSE TestDetachLabel_ErrorPaths
=== RUN   TestAddParentRelation_ErrorPaths
=== PAUSE TestAddParentRelation_ErrorPaths
=== RUN   TestAddChildRelation_ErrorPaths
=== PAUSE TestAddChildRelation_ErrorPaths
=== RUN   TestRemoveParentRelation_ErrorPaths
=== PAUSE TestRemoveParentRelation_ErrorPaths
=== RUN   TestRemoveChildRelation_ErrorPaths
=== PAUSE TestRemoveChildRelation_ErrorPaths
=== RUN   TestMoveTaskToColumn_ErrorPaths
=== PAUSE TestMoveTaskToColumn_ErrorPaths
=== RUN   TestGetTaskSummariesByProject_ErrorPaths
=== PAUSE TestGetTaskSummariesByProject_ErrorPaths
=== RUN   TestGetTaskReferencesForProject_ErrorPaths
=== PAUSE TestGetTaskReferencesForProject_ErrorPaths
=== RUN   TestComment_BoundaryConditions
=== PAUSE TestComment_BoundaryConditions
=== RUN   TestMoveTaskToNextColumn
=== PAUSE TestMoveTaskToNextColumn
=== RUN   TestMoveTaskToNextColumn_LastColumn
=== PAUSE TestMoveTaskToNextColumn_LastColumn
=== RUN   TestMoveTaskToNextColumn_InvalidID
=== PAUSE TestMoveTaskToNextColumn_InvalidID
=== RUN   TestMoveTaskToPrevColumn
=== PAUSE TestMoveTaskToPrevColumn
=== RUN   TestMoveTaskToPrevColumn_FirstColumn
=== PAUSE TestMoveTaskToPrevColumn_FirstColumn
=== RUN   TestMoveTaskToPrevColumn_InvalidID
=== PAUSE TestMoveTaskToPrevColumn_InvalidID
=== RUN   TestMoveTaskToColumn
=== PAUSE TestMoveTaskToColumn
=== RUN   TestMoveTaskToColumn_InvalidColumnID
=== PAUSE TestMoveTaskToColumn_InvalidColumnID
=== RUN   TestMoveTaskToColumn_InvalidTaskID
=== PAUSE TestMoveTaskToColumn_InvalidTaskID
=== RUN   TestMoveTaskUp
=== PAUSE TestMoveTaskUp
=== RUN   TestMoveTaskUp_FirstPosition
=== PAUSE TestMoveTaskUp_FirstPosition
=== RUN   TestMoveTaskUp_InvalidID
=== PAUSE TestMoveTaskUp_InvalidID
=== RUN   TestMoveTaskDown
=== PAUSE TestMoveTaskDown
=== RUN   TestMoveTaskDown_LastPosition
=== PAUSE TestMoveTaskDown_LastPosition
=== RUN   TestMoveTaskDown_InvalidID
=== PAUSE TestMoveTaskDown_InvalidID
=== RUN   TestMoveTaskToReadyColumn
=== PAUSE TestMoveTaskToReadyColumn
=== RUN   TestMoveTaskToReadyColumn_InvalidTaskID
=== PAUSE TestMoveTaskToReadyColumn_InvalidTaskID
=== RUN   TestMoveTaskToReadyColumn_NoReadyColumn
=== PAUSE TestMoveTaskToReadyColumn_NoReadyColumn
=== RUN   TestMoveTaskToReadyColumn_AlreadyInReadyColumn
=== PAUSE TestMoveTaskToReadyColumn_AlreadyInReadyColumn
=== RUN   TestMoveTaskToReadyColumn_ZeroTaskID
=== PAUSE TestMoveTaskToReadyColumn_ZeroTaskID
=== RUN   TestMoveTaskToReadyColumn_NegativeTaskID
=== PAUSE TestMoveTaskToReadyColumn_NegativeTaskID
=== RUN   TestMoveTaskToCompletedColumn
=== PAUSE TestMoveTaskToCompletedColumn
=== RUN   TestMoveTaskToCompletedColumn_InvalidTaskID
=== PAUSE TestMoveTaskToCompletedColumn_InvalidTaskID
=== RUN   TestMoveTaskToCompletedColumn_NoCompletedColumn
=== PAUSE TestMoveTaskToCompletedColumn_NoCompletedColumn
=== RUN   TestMoveTaskToCompletedColumn_AlreadyInCompletedColumn
=== PAUSE TestMoveTaskToCompletedColumn_AlreadyInCompletedColumn
=== RUN   TestMoveTaskToCompletedColumn_ZeroTaskID
=== PAUSE TestMoveTaskToCompletedColumn_ZeroTaskID
=== RUN   TestMoveTaskToCompletedColumn_NegativeTaskID
=== PAUSE TestMoveTaskToCompletedColumn_NegativeTaskID
=== RUN   TestMoveTaskToCompletedColumn_MultipleTasksInProject
=== PAUSE TestMoveTaskToCompletedColumn_MultipleTasksInProject
=== RUN   TestMoveTaskToReadyColumn_MultipleTasksInProject
=== PAUSE TestMoveTaskToReadyColumn_MultipleTasksInProject
=== RUN   TestGetTaskSummariesByProjectFiltered
=== PAUSE TestGetTaskSummariesByProjectFiltered
=== RUN   TestGetTaskSummariesByProjectFiltered_NoResults
=== PAUSE TestGetTaskSummariesByProjectFiltered_NoResults
=== RUN   TestGetTaskSummariesByProjectFiltered_EmptyQuery
=== PAUSE TestGetTaskSummariesByProjectFiltered_EmptyQuery
=== RUN   TestGetTaskReferencesForProject
=== PAUSE TestGetTaskReferencesForProject
=== RUN   TestGetTaskReferencesForProject_EmptyProject
=== PAUSE TestGetTaskReferencesForProject_EmptyProject
=== RUN   TestGetReadyTaskSummariesByProject_OnlyReadyColumn
=== PAUSE TestGetReadyTaskSummariesByProject_OnlyReadyColumn
=== RUN   TestGetReadyTaskSummariesByProject_ExcludesBlockedTasks
=== PAUSE TestGetReadyTaskSummariesByProject_ExcludesBlockedTasks
=== RUN   TestGetReadyTaskSummariesByProject_EmptyWhenNoReadyColumn
=== PAUSE TestGetReadyTaskSummariesByProject_EmptyWhenNoReadyColumn
=== RUN   TestGetReadyTaskSummariesByProject_EmptyReadyColumn
=== PAUSE TestGetReadyTaskSummariesByProject_EmptyReadyColumn
=== RUN   TestGetReadyTaskSummariesByProject_IncludesTaskDetails
=== PAUSE TestGetReadyTaskSummariesByProject_IncludesTaskDetails
=== RUN   TestGetTaskActivities_RetrievesBothCommentsAndEvents
=== PAUSE TestGetTaskActivities_RetrievesBothCommentsAndEvents
=== RUN   TestGetTaskActivities_SortedByTimestampDescending
=== PAUSE TestGetTaskActivities_SortedByTimestampDescending
=== RUN   TestGetTaskActivities_TaskWithNoActivities
=== PAUSE TestGetTaskActivities_TaskWithNoActivities
=== RUN   TestGetTaskActivities_TaskWithOnlyComments
=== PAUSE TestGetTaskActivities_TaskWithOnlyComments
=== RUN   TestGetTaskActivities_TaskWithOnlyEvents
=== PAUSE TestGetTaskActivities_TaskWithOnlyEvents
=== RUN   TestGetTaskActivities_InvalidTaskID
=== PAUSE TestGetTaskActivities_InvalidTaskID
=== RUN   TestGetTaskActivities_NegativeTaskID
=== PAUSE TestGetTaskActivities_NegativeTaskID
=== RUN   TestGetTaskActivities_EventServiceError
=== PAUSE TestGetTaskActivities_EventServiceError
=== RUN   TestGetTaskActivities_VerifiesActivityItemFields
=== PAUSE TestGetTaskActivities_VerifiesActivityItemFields
=== RUN   TestGetTaskActivities_LargeNumberOfActivities
=== PAUSE TestGetTaskActivities_LargeNumberOfActivities
=== RUN   TestGetInProgressTasksByProject
=== PAUSE TestGetInProgressTasksByProject
=== RUN   TestGetInProgressTasksByProject_InvalidProjectID
=== PAUSE TestGetInProgressTasksByProject_InvalidProjectID
=== RUN   TestGetInProgressTasksByProject_EmptyProject
=== PAUSE TestGetInProgressTasksByProject_EmptyProject
=== RUN   TestAddParentRelation
=== PAUSE TestAddParentRelation
=== RUN   TestAddChildRelation
=== PAUSE TestAddChildRelation
=== RUN   TestRemoveParentRelation
=== PAUSE TestRemoveParentRelation
=== RUN   TestRemoveChildRelation
=== PAUSE TestRemoveChildRelation
=== RUN   TestAddParentRelation_CircularDependencyCheck
=== PAUSE TestAddParentRelation_CircularDependencyCheck
=== RUN   TestAddParentRelation_SelfRelationPrevention
=== PAUSE TestAddParentRelation_SelfRelationPrevention
=== RUN   TestRemoveParentRelation_RestructuresTree
=== PAUSE TestRemoveParentRelation_RestructuresTree
=== RUN   TestGetTaskTreeByProject_EmptyProject
=== PAUSE TestGetTaskTreeByProject_EmptyProject
=== RUN   TestGetTaskTreeByProject_SimpleHierarchy
=== PAUSE TestGetTaskTreeByProject_SimpleHierarchy
=== RUN   TestGetTaskTreeByProject_CircularDependency
=== PAUSE TestGetTaskTreeByProject_CircularDependency
=== RUN   TestGetTaskTreeByProject_DeepNesting
=== PAUSE TestGetTaskTreeByProject_DeepNesting
=== RUN   TestGetTaskTreeByProject_BlockingRelationship
=== PAUSE TestGetTaskTreeByProject_BlockingRelationship
=== RUN   TestGetTaskTreeByProject_SortedByTaskNumber
=== PAUSE TestGetTaskTreeByProject_SortedByTaskNumber
=== RUN   TestGetTaskTreeByProject_MultipleRootsWithChildren
=== PAUSE TestGetTaskTreeByProject_MultipleRootsWithChildren
=== RUN   TestGetTaskTreeByProject_SingleTask
=== PAUSE TestGetTaskTreeByProject_SingleTask
=== RUN   TestGetTaskTreeByProject_SimpleLinearTree
=== PAUSE TestGetTaskTreeByProject_SimpleLinearTree
=== RUN   TestGetTaskTreeByProject_MultipleRoots
=== PAUSE TestGetTaskTreeByProject_MultipleRoots
=== RUN   TestGetTaskTreeByProject_DiamondDependencies
=== PAUSE TestGetTaskTreeByProject_DiamondDependencies
=== RUN   TestGetTaskTreeByProject_SelfDependency
=== PAUSE TestGetTaskTreeByProject_SelfDependency
=== RUN   TestGetTaskTreeByProject_BlockingRelationships
=== PAUSE TestGetTaskTreeByProject_BlockingRelationships
=== RUN   TestGetTaskTreeByProject_MixedRelationships
=== PAUSE TestGetTaskTreeByProject_MixedRelationships
=== CONT  TestCreateTask_EmitsTaskCreatedEvent
=== CONT  TestGetTaskActivities_VerifiesActivityItemFields
=== CONT  TestGetTaskTreeByProject_MixedRelationships
=== CONT  TestGetTaskTreeByProject_BlockingRelationships
=== CONT  TestGetTaskTreeByProject_SelfDependency
=== CONT  TestGetTaskTreeByProject_DiamondDependencies
2026/02/11 20:56:53 OK   00001_initial_schema.sql (2.19ms)
2026/02/11 20:56:53 OK   00002_add_performance_indexes.sql (1.02ms)
2026/02/11 20:56:53 OK   00003_add_git_branch_to_projects.sql (2.9ms)
2026/02/11 20:56:53 OK   00005_add_task_events.sql (338.32µs)
2026/02/11 20:56:53 OK   00006_add_assignees.sql (300.95µs)
2026/02/11 20:56:53 OK   00007_add_task_assignee.sql (551.31µs)
2026/02/11 20:56:53 OK   00008_fix_assignee_name_uniqueness.sql (1.87ms)
2026/02/11 20:56:53 goose: successfully migrated database to version: 8
--- PASS: TestCreateTask_EmitsTaskCreatedEvent (0.02s)
=== CONT  TestGetTaskTreeByProject_MultipleRoots
2026/02/11 20:56:53 OK   00001_initial_schema.sql (2.2ms)
2026/02/11 20:56:53 OK   00002_add_performance_indexes.sql (1.09ms)
2026/02/11 20:56:53 OK   00003_add_git_branch_to_projects.sql (564.65µs)
2026/02/11 20:56:53 OK   00005_add_task_events.sql (264µs)
2026/02/11 20:56:53 OK   00006_add_assignees.sql (302.11µs)
2026/02/11 20:56:53 OK   00007_add_task_assignee.sql (485.49µs)
2026/02/11 20:56:53 OK   00008_fix_assignee_name_uniqueness.sql (2.1ms)
2026/02/11 20:56:53 goose: successfully migrated database to version: 8
2026/02/11 20:56:53 OK   00001_initial_schema.sql (1.98ms)
--- PASS: TestGetTaskTreeByProject_DiamondDependencies (0.03s)
=== CONT  TestGetTaskTreeByProject_SimpleLinearTree
2026/02/11 20:56:53 OK   00002_add_performance_indexes.sql (3.75ms)
2026/02/11 20:56:53 OK   00003_add_git_branch_to_projects.sql (537.65µs)
2026/02/11 20:56:53 OK   00005_add_task_events.sql (256.13µs)
2026/02/11 20:56:53 OK   00006_add_assignees.sql (313.19µs)
2026/02/11 20:56:53 OK   00007_add_task_assignee.sql (543.66µs)
2026/02/11 20:56:53 OK   00008_fix_assignee_name_uniqueness.sql (2.1ms)
2026/02/11 20:56:53 goose: successfully migrated database to version: 8
--- PASS: TestGetTaskTreeByProject_MixedRelationships (0.04s)
=== CONT  TestGetTaskTreeByProject_SingleTask
2026/02/11 20:56:53 OK   00001_initial_schema.sql (5.27ms)
2026/02/11 20:56:53 OK   00002_add_performance_indexes.sql (824.36µs)
2026/02/11 20:56:53 OK   00003_add_git_branch_to_projects.sql (515.1µs)
2026/02/11 20:56:53 OK   00005_add_task_events.sql (269.1µs)
2026/02/11 20:56:53 OK   00006_add_assignees.sql (258.04µs)
2026/02/11 20:56:53 OK   00007_add_task_assignee.sql (432.28µs)
2026/02/11 20:56:53 OK   00008_fix_assignee_name_uniqueness.sql (4.74ms)
2026/02/11 20:56:53 goose: successfully migrated database to version: 8
--- PASS: TestGetTaskTreeByProject_BlockingRelationships (0.05s)
=== CONT  TestGetTaskTreeByProject_MultipleRootsWithChildren
2026/02/11 20:56:53 OK   00001_initial_schema.sql (1.99ms)
2026/02/11 20:56:53 OK   00002_add_performance_indexes.sql (951.65µs)
2026/02/11 20:56:53 OK   00003_add_git_branch_to_projects.sql (571.28µs)
2026/02/11 20:56:53 OK   00005_add_task_events.sql (269.38µs)
2026/02/11 20:56:53 OK   00006_add_assignees.sql (778.9µs)
2026/02/11 20:56:53 OK   00007_add_task_assignee.sql (527.77µs)
2026/02/11 20:56:53 OK   00008_fix_assignee_name_uniqueness.sql (1.79ms)
2026/02/11 20:56:53 goose: successfully migrated database to version: 8
--- PASS: TestGetTaskTreeByProject_SelfDependency (0.07s)
=== CONT  TestGetTaskTreeByProject_SortedByTaskNumber
2026/02/11 20:56:53 OK   00001_initial_schema.sql (2.11ms)
2026/02/11 20:56:53 OK   00002_add_performance_indexes.sql (829.08µs)
2026/02/11 20:56:53 OK   00003_add_git_branch_to_projects.sql (540.3µs)
2026/02/11 20:56:53 OK   00005_add_task_events.sql (304.03µs)
2026/02/11 20:56:53 OK   00006_add_assignees.sql (386.3µs)
2026/02/11 20:56:53 OK   00007_add_task_assignee.sql (561.95µs)
2026/02/11 20:56:53 OK   00008_fix_assignee_name_uniqueness.sql (1.82ms)
2026/02/11 20:56:53 goose: successfully migrated database to version: 8
--- PASS: TestGetTaskActivities_VerifiesActivityItemFields (0.07s)
=== CONT  TestGetTaskTreeByProject_BlockingRelationship
2026/02/11 20:56:53 OK   00001_initial_schema.sql (2.02ms)
2026/02/11 20:56:53 OK   00002_add_performance_indexes.sql (873.31µs)
2026/02/11 20:56:53 OK   00003_add_git_branch_to_projects.sql (565.93µs)
2026/02/11 20:56:53 OK   00005_add_task_events.sql (269.82µs)
2026/02/11 20:56:53 OK   00006_add_assignees.sql (287.95µs)
2026/02/11 20:56:53 OK   00007_add_task_assignee.sql (489.38µs)
2026/02/11 20:56:53 OK   00008_fix_assignee_name_uniqueness.sql (1.77ms)
2026/02/11 20:56:53 goose: successfully migrated database to version: 8
--- PASS: TestGetTaskTreeByProject_MultipleRoots (0.06s)
=== CONT  TestGetTaskTreeByProject_DeepNesting
2026/02/11 20:56:53 OK   00001_initial_schema.sql (1.91ms)
2026/02/11 20:56:53 OK   00002_add_performance_indexes.sql (855.42µs)
2026/02/11 20:56:53 OK   00003_add_git_branch_to_projects.sql (580.76µs)
2026/02/11 20:56:53 OK   00005_add_task_events.sql (282.12µs)
2026/02/11 20:56:53 OK   00006_add_assignees.sql (348.38µs)
2026/02/11 20:56:53 OK   00007_add_task_assignee.sql (506.42µs)
2026/02/11 20:56:53 OK   00008_fix_assignee_name_uniqueness.sql (1.84ms)
2026/02/11 20:56:53 goose: successfully migrated database to version: 8
--- PASS: TestGetTaskTreeByProject_SimpleLinearTree (0.06s)
=== CONT  TestGetTaskTreeByProject_CircularDependency
2026/02/11 20:56:53 OK   00001_initial_schema.sql (2.62ms)
2026/02/11 20:56:53 OK   00002_add_performance_indexes.sql (987.98µs)
2026/02/11 20:56:53 OK   00003_add_git_branch_to_projects.sql (538.59µs)
2026/02/11 20:56:53 OK   00005_add_task_events.sql (325.04µs)
2026/02/11 20:56:53 OK   00006_add_assignees.sql (322.15µs)
2026/02/11 20:56:53 OK   00007_add_task_assignee.sql (518.39µs)
2026/02/11 20:56:53 OK   00008_fix_assignee_name_uniqueness.sql (1.86ms)
2026/02/11 20:56:53 goose: successfully migrated database to version: 8
--- PASS: TestGetTaskTreeByProject_SingleTask (0.06s)
=== CONT  TestGetTaskTreeByProject_SimpleHierarchy
2026/02/11 20:56:54 OK   00001_initial_schema.sql (2.32ms)
2026/02/11 20:56:54 OK   00002_add_performance_indexes.sql (837µs)
2026/02/11 20:56:54 OK   00003_add_git_branch_to_projects.sql (523.08µs)
2026/02/11 20:56:54 OK   00005_add_task_events.sql (244.66µs)
2026/02/11 20:56:54 OK   00006_add_assignees.sql (254.94µs)
2026/02/11 20:56:54 OK   00007_add_task_assignee.sql (510.02µs)
2026/02/11 20:56:54 OK   00008_fix_assignee_name_uniqueness.sql (1.83ms)
2026/02/11 20:56:54 goose: successfully migrated database to version: 8
--- PASS: TestGetTaskTreeByProject_MultipleRootsWithChildren (0.05s)
=== CONT  TestGetTaskTreeByProject_EmptyProject
2026/02/11 20:56:54 OK   00001_initial_schema.sql (1.99ms)
2026/02/11 20:56:54 OK   00002_add_performance_indexes.sql (893.72µs)
2026/02/11 20:56:54 OK   00003_add_git_branch_to_projects.sql (582.06µs)
2026/02/11 20:56:54 OK   00005_add_task_events.sql (288.23µs)
2026/02/11 20:56:54 OK   00006_add_assignees.sql (340.61µs)
2026/02/11 20:56:54 OK   00007_add_task_assignee.sql (526.4µs)
2026/02/11 20:56:54 OK   00008_fix_assignee_name_uniqueness.sql (1.88ms)
2026/02/11 20:56:54 goose: successfully migrated database to version: 8
--- PASS: TestGetTaskTreeByProject_EmptyProject (0.01s)
=== CONT  TestRemoveParentRelation_RestructuresTree
2026/02/11 20:56:54 OK   00001_initial_schema.sql (1.9ms)
2026/02/11 20:56:54 OK   00002_add_performance_indexes.sql (1.02ms)
2026/02/11 20:56:54 OK   00003_add_git_branch_to_projects.sql (552.31µs)
2026/02/11 20:56:54 OK   00005_add_task_events.sql (256.61µs)
2026/02/11 20:56:54 OK   00006_add_assignees.sql (281.99µs)
2026/02/11 20:56:54 OK   00007_add_task_assignee.sql (3.68ms)
2026/02/11 20:56:54 OK   00008_fix_assignee_name_uniqueness.sql (1.86ms)
2026/02/11 20:56:54 goose: successfully migrated database to version: 8
--- PASS: TestGetTaskTreeByProject_SortedByTaskNumber (0.06s)
=== CONT  TestAddParentRelation_SelfRelationPrevention
2026/02/11 20:56:54 OK   00001_initial_schema.sql (2.63ms)
2026/02/11 20:56:54 OK   00002_add_performance_indexes.sql (904.33µs)
2026/02/11 20:56:54 OK   00003_add_git_branch_to_projects.sql (565.95µs)
2026/02/11 20:56:54 OK   00005_add_task_events.sql (369.92µs)
2026/02/11 20:56:54 OK   00006_add_assignees.sql (305.09µs)
2026/02/11 20:56:54 OK   00007_add_task_assignee.sql (591.49µs)
2026/02/11 20:56:54 OK   00008_fix_assignee_name_uniqueness.sql (4.52ms)
2026/02/11 20:56:54 goose: successfully migrated database to version: 8
2026/02/11 20:56:54 OK   00001_initial_schema.sql (2.63ms)
--- PASS: TestGetTaskTreeByProject_BlockingRelationship (0.07s)
=== CONT  TestAddParentRelation_CircularDependencyCheck
2026/02/11 20:56:54 OK   00002_add_performance_indexes.sql (1.09ms)
2026/02/11 20:56:54 OK   00003_add_git_branch_to_projects.sql (698.13µs)
2026/02/11 20:56:54 OK   00005_add_task_events.sql (296.86µs)
2026/02/11 20:56:54 OK   00006_add_assignees.sql (299.96µs)
2026/02/11 20:56:54 OK   00007_add_task_assignee.sql (1.42ms)
2026/02/11 20:56:54 OK   00008_fix_assignee_name_uniqueness.sql (1.76ms)
2026/02/11 20:56:54 goose: successfully migrated database to version: 8
--- PASS: TestGetTaskTreeByProject_DeepNesting (0.07s)
=== CONT  TestRemoveChildRelation
2026/02/11 20:56:54 OK   00001_initial_schema.sql (2.56ms)
2026/02/11 20:56:54 OK   00002_add_performance_indexes.sql (889.78µs)
2026/02/11 20:56:54 OK   00003_add_git_branch_to_projects.sql (1.54ms)
2026/02/11 20:56:54 OK   00005_add_task_events.sql (265.59µs)
2026/02/11 20:56:54 OK   00006_add_assignees.sql (1.41ms)
2026/02/11 20:56:54 OK   00007_add_task_assignee.sql (1.78ms)
2026/02/11 20:56:54 OK   00008_fix_assignee_name_uniqueness.sql (6ms)
2026/02/11 20:56:54 goose: successfully migrated database to version: 8
--- PASS: TestGetTaskTreeByProject_CircularDependency (0.08s)
=== CONT  TestRemoveParentRelation
2026/02/11 20:56:54 OK   00001_initial_schema.sql (4.13ms)
2026/02/11 20:56:54 OK   00002_add_performance_indexes.sql (3.72ms)
2026/02/11 20:56:54 OK   00003_add_git_branch_to_projects.sql (730.95µs)
2026/02/11 20:56:54 OK   00005_add_task_events.sql (369.97µs)
2026/02/11 20:56:54 OK   00006_add_assignees.sql (342.75µs)
2026/02/11 20:56:54 OK   00007_add_task_assignee.sql (511.95µs)
2026/02/11 20:56:54 OK   00008_fix_assignee_name_uniqueness.sql (1.88ms)
2026/02/11 20:56:54 goose: successfully migrated database to version: 8
--- PASS: TestGetTaskTreeByProject_SimpleHierarchy (0.08s)
=== CONT  TestAddChildRelation
2026/02/11 20:56:54 OK   00001_initial_schema.sql (3.72ms)
2026/02/11 20:56:54 OK   00002_add_performance_indexes.sql (1.06ms)
2026/02/11 20:56:54 OK   00003_add_git_branch_to_projects.sql (694.18µs)
2026/02/11 20:56:54 OK   00005_add_task_events.sql (435.97µs)
2026/02/11 20:56:54 OK   00006_add_assignees.sql (386.39µs)
2026/02/11 20:56:54 OK   00007_add_task_assignee.sql (1.06ms)
2026/02/11 20:56:54 OK   00008_fix_assignee_name_uniqueness.sql (1.98ms)
2026/02/11 20:56:54 goose: successfully migrated database to version: 8
--- PASS: TestRemoveParentRelation_RestructuresTree (0.08s)
=== CONT  TestAddParentRelation
2026/02/11 20:56:54 OK   00001_initial_schema.sql (1.91ms)
2026/02/11 20:56:54 OK   00002_add_performance_indexes.sql (4.37ms)
2026/02/11 20:56:54 OK   00003_add_git_branch_to_projects.sql (574.84µs)
2026/02/11 20:56:54 OK   00005_add_task_events.sql (266.48µs)
2026/02/11 20:56:54 OK   00006_add_assignees.sql (292.09µs)
2026/02/11 20:56:54 OK   00007_add_task_assignee.sql (472.04µs)
2026/02/11 20:56:54 OK   00008_fix_assignee_name_uniqueness.sql (3.23ms)
2026/02/11 20:56:54 goose: successfully migrated database to version: 8
2026/02/11 20:56:54 OK   00001_initial_schema.sql (2.06ms)
2026/02/11 20:56:54 OK   00002_add_performance_indexes.sql (904.95µs)
--- PASS: TestAddParentRelation_SelfRelationPrevention (0.08s)
=== CONT  TestGetInProgressTasksByProject_EmptyProject
2026/02/11 20:56:54 OK   00003_add_git_branch_to_projects.sql (1.05ms)
2026/02/11 20:56:54 OK   00005_add_task_events.sql (244.37µs)
2026/02/11 20:56:54 OK   00006_add_assignees.sql (257.86µs)
2026/02/11 20:56:54 OK   00007_add_task_assignee.sql (408.85µs)
2026/02/11 20:56:54 OK   00008_fix_assignee_name_uniqueness.sql (2.3ms)
2026/02/11 20:56:54 goose: successfully migrated database to version: 8
2026/02/11 20:56:54 OK   00001_initial_schema.sql (1.85ms)
--- PASS: TestAddParentRelation_CircularDependencyCheck (0.07s)
=== CONT  TestGetInProgressTasksByProject_InvalidProjectID
2026/02/11 20:56:54 OK   00002_add_performance_indexes.sql (1.99ms)
2026/02/11 20:56:54 OK   00003_add_git_branch_to_projects.sql (501.64µs)
2026/02/11 20:56:54 OK   00005_add_task_events.sql (300.7µs)
2026/02/11 20:56:54 OK   00006_add_assignees.sql (269.37µs)
2026/02/11 20:56:54 OK   00007_add_task_assignee.sql (423.42µs)
2026/02/11 20:56:54 OK   00008_fix_assignee_name_uniqueness.sql (1.78ms)
2026/02/11 20:56:54 goose: successfully migrated database to version: 8
--- PASS: TestRemoveChildRelation (0.07s)
=== CONT  TestGetInProgressTasksByProject
2026/02/11 20:56:54 OK   00001_initial_schema.sql (2.05ms)
2026/02/11 20:56:54 OK   00002_add_performance_indexes.sql (867.39µs)
2026/02/11 20:56:54 OK   00003_add_git_branch_to_projects.sql (588.49µs)
2026/02/11 20:56:54 OK   00005_add_task_events.sql (259.88µs)
2026/02/11 20:56:54 OK   00006_add_assignees.sql (291.68µs)
2026/02/11 20:56:54 OK   00007_add_task_assignee.sql (524.45µs)
2026/02/11 20:56:54 OK   00008_fix_assignee_name_uniqueness.sql (1.84ms)
2026/02/11 20:56:54 goose: successfully migrated database to version: 8
--- PASS: TestRemoveParentRelation (0.06s)
=== CONT  TestGetTaskActivities_LargeNumberOfActivities
2026/02/11 20:56:54 OK   00001_initial_schema.sql (2.78ms)
2026/02/11 20:56:54 OK   00002_add_performance_indexes.sql (801.82µs)
2026/02/11 20:56:54 OK   00003_add_git_branch_to_projects.sql (562.24µs)
2026/02/11 20:56:54 OK   00005_add_task_events.sql (303.83µs)
2026/02/11 20:56:54 OK   00006_add_assignees.sql (305.49µs)
2026/02/11 20:56:54 OK   00007_add_task_assignee.sql (545.29µs)
2026/02/11 20:56:54 OK   00008_fix_assignee_name_uniqueness.sql (2.52ms)
2026/02/11 20:56:54 goose: successfully migrated database to version: 8
--- PASS: TestAddChildRelation (0.06s)
=== CONT  TestDetachLabel_ErrorPaths
=== RUN   TestDetachLabel_ErrorPaths/invalid_task_ID_zero
=== PAUSE TestDetachLabel_ErrorPaths/invalid_task_ID_zero
=== RUN   TestDetachLabel_ErrorPaths/negative_task_ID
=== PAUSE TestDetachLabel_ErrorPaths/negative_task_ID
=== RUN   TestDetachLabel_ErrorPaths/invalid_label_ID_zero
=== PAUSE TestDetachLabel_ErrorPaths/invalid_label_ID_zero
=== RUN   TestDetachLabel_ErrorPaths/negative_label_ID
=== PAUSE TestDetachLabel_ErrorPaths/negative_label_ID
=== RUN   TestDetachLabel_ErrorPaths/non-existent_task_ID_-_may_succeed
=== PAUSE TestDetachLabel_ErrorPaths/non-existent_task_ID_-_may_succeed
=== RUN   TestDetachLabel_ErrorPaths/non-existent_label_ID_-_may_succeed
=== PAUSE TestDetachLabel_ErrorPaths/non-existent_label_ID_-_may_succeed
=== RUN   TestDetachLabel_ErrorPaths/label_not_attached_to_task_-_may_succeed
=== PAUSE TestDetachLabel_ErrorPaths/label_not_attached_to_task_-_may_succeed
=== CONT  TestGetTaskActivities_EventServiceError
2026/02/11 20:56:54 OK   00001_initial_schema.sql (1.99ms)
2026/02/11 20:56:54 OK   00002_add_performance_indexes.sql (899.52µs)
2026/02/11 20:56:54 OK   00003_add_git_branch_to_projects.sql (580.86µs)
2026/02/11 20:56:54 OK   00005_add_task_events.sql (270.66µs)
2026/02/11 20:56:54 OK   00006_add_assignees.sql (298.33µs)
2026/02/11 20:56:54 OK   00007_add_task_assignee.sql (556.56µs)
2026/02/11 20:56:54 OK   00008_fix_assignee_name_uniqueness.sql (1.76ms)
2026/02/11 20:56:54 goose: successfully migrated database to version: 8
--- PASS: TestAddParentRelation (0.05s)
=== CONT  TestGetTaskActivities_NegativeTaskID
2026/02/11 20:56:54 OK   00001_initial_schema.sql (2.08ms)
2026/02/11 20:56:54 OK   00002_add_performance_indexes.sql (2.41ms)
2026/02/11 20:56:54 OK   00003_add_git_branch_to_projects.sql (576.9µs)
2026/02/11 20:56:54 OK   00005_add_task_events.sql (251.24µs)
2026/02/11 20:56:54 OK   00006_add_assignees.sql (286.44µs)
2026/02/11 20:56:54 OK   00007_add_task_assignee.sql (631.49µs)
2026/02/11 20:56:54 OK   00008_fix_assignee_name_uniqueness.sql (2.09ms)
2026/02/11 20:56:54 goose: successfully migrated database to version: 8
--- PASS: TestGetInProgressTasksByProject_EmptyProject (0.05s)
=== CONT  TestGetTaskActivities_InvalidTaskID
2026/02/11 20:56:54 OK   00001_initial_schema.sql (2.01ms)
2026/02/11 20:56:54 OK   00002_add_performance_indexes.sql (925.27µs)
2026/02/11 20:56:54 OK   00003_add_git_branch_to_projects.sql (663.71µs)
2026/02/11 20:56:54 OK   00005_add_task_events.sql (295.69µs)
2026/02/11 20:56:54 OK   00006_add_assignees.sql (351.42µs)
2026/02/11 20:56:54 OK   00007_add_task_assignee.sql (513.55µs)
2026/02/11 20:56:54 OK   00008_fix_assignee_name_uniqueness.sql (1.78ms)
2026/02/11 20:56:54 goose: successfully migrated database to version: 8
--- PASS: TestGetInProgressTasksByProject_InvalidProjectID (0.05s)
=== CONT  TestGetTaskActivities_TaskWithOnlyEvents
2026/02/11 20:56:54 OK   00001_initial_schema.sql (2ms)
2026/02/11 20:56:54 OK   00002_add_performance_indexes.sql (864.67µs)
2026/02/11 20:56:54 OK   00003_add_git_branch_to_projects.sql (538.5µs)
2026/02/11 20:56:54 OK   00005_add_task_events.sql (336.69µs)
2026/02/11 20:56:54 OK   00006_add_assignees.sql (503.53µs)
2026/02/11 20:56:54 OK   00007_add_task_assignee.sql (605.68µs)
2026/02/11 20:56:54 OK   00008_fix_assignee_name_uniqueness.sql (2.16ms)
2026/02/11 20:56:54 goose: successfully migrated database to version: 8
--- PASS: TestGetInProgressTasksByProject (0.05s)
2026/02/11 20:56:54 OK   00001_initial_schema.sql (2.74ms)
2026/02/11 20:56:54 OK   00002_add_performance_indexes.sql (793.81µs)
=== CONT  TestGetTaskActivities_TaskWithOnlyComments
2026/02/11 20:56:54 OK   00003_add_git_branch_to_projects.sql (635.68µs)
2026/02/11 20:56:54 OK   00005_add_task_events.sql (257.43µs)
2026/02/11 20:56:54 OK   00006_add_assignees.sql (254.02µs)
2026/02/11 20:56:54 OK   00007_add_task_assignee.sql (421.14µs)
2026/02/11 20:56:54 OK   00008_fix_assignee_name_uniqueness.sql (4.74ms)
2026/02/11 20:56:54 goose: successfully migrated database to version: 8
2026/02/11 20:56:54 OK   00001_initial_schema.sql (7.04ms)
--- PASS: TestGetTaskActivities_LargeNumberOfActivities (0.06s)
2026/02/11 20:56:54 OK   00002_add_performance_indexes.sql (1.43ms)
=== CONT  TestGetTaskActivities_TaskWithNoActivities
2026/02/11 20:56:54 OK   00003_add_git_branch_to_projects.sql (553.72µs)
2026/02/11 20:56:54 OK   00005_add_task_events.sql (287.57µs)
2026/02/11 20:56:54 OK   00006_add_assignees.sql (263.09µs)
2026/02/11 20:56:54 OK   00007_add_task_assignee.sql (422.96µs)
2026/02/11 20:56:54 OK   00008_fix_assignee_name_uniqueness.sql (1.77ms)
2026/02/11 20:56:54 goose: successfully migrated database to version: 8
--- PASS: TestGetTaskActivities_EventServiceError (0.06s)
=== CONT  TestGetTaskActivities_SortedByTimestampDescending
2026/02/11 20:56:54 OK   00001_initial_schema.sql (1.91ms)
2026/02/11 20:56:54 OK   00002_add_performance_indexes.sql (840.24µs)
2026/02/11 20:56:54 OK   00003_add_git_branch_to_projects.sql (593.58µs)
2026/02/11 20:56:54 OK   00005_add_task_events.sql (298.51µs)
2026/02/11 20:56:54 OK   00006_add_assignees.sql (340.66µs)
2026/02/11 20:56:54 OK   00007_add_task_assignee.sql (510.58µs)
2026/02/11 20:56:54 OK   00008_fix_assignee_name_uniqueness.sql (1.82ms)
2026/02/11 20:56:54 goose: successfully migrated database to version: 8
--- PASS: TestGetTaskActivities_NegativeTaskID (0.06s)
=== CONT  TestGetTaskActivities_RetrievesBothCommentsAndEvents
2026/02/11 20:56:54 OK   00001_initial_schema.sql (1.92ms)
2026/02/11 20:56:54 OK   00002_add_performance_indexes.sql (877.69µs)
2026/02/11 20:56:54 OK   00003_add_git_branch_to_projects.sql (589.25µs)
2026/02/11 20:56:54 OK   00005_add_task_events.sql (296.65µs)
2026/02/11 20:56:54 OK   00006_add_assignees.sql (337.31µs)
2026/02/11 20:56:54 OK   00007_add_task_assignee.sql (501.38µs)
2026/02/11 20:56:54 OK   00008_fix_assignee_name_uniqueness.sql (1.85ms)
2026/02/11 20:56:54 goose: successfully migrated database to version: 8
--- PASS: TestGetTaskActivities_InvalidTaskID (0.05s)
=== CONT  TestGetReadyTaskSummariesByProject_IncludesTaskDetails
2026/02/11 20:56:54 OK   00001_initial_schema.sql (1.94ms)
2026/02/11 20:56:54 OK   00002_add_performance_indexes.sql (924.46µs)
2026/02/11 20:56:54 OK   00003_add_git_branch_to_projects.sql (577.77µs)
2026/02/11 20:56:54 OK   00005_add_task_events.sql (307.28µs)
2026/02/11 20:56:54 OK   00006_add_assignees.sql (313.41µs)
2026/02/11 20:56:54 OK   00007_add_task_assignee.sql (502.62µs)
2026/02/11 20:56:54 OK   00008_fix_assignee_name_uniqueness.sql (1.86ms)
2026/02/11 20:56:54 goose: successfully migrated database to version: 8
--- PASS: TestGetTaskActivities_TaskWithOnlyEvents (0.05s)
=== CONT  TestGetReadyTaskSummariesByProject_EmptyReadyColumn
2026/02/11 20:56:54 OK   00001_initial_schema.sql (1.95ms)
2026/02/11 20:56:54 OK   00002_add_performance_indexes.sql (896.53µs)
2026/02/11 20:56:54 OK   00003_add_git_branch_to_projects.sql (580.18µs)
2026/02/11 20:56:54 OK   00005_add_task_events.sql (290.36µs)
2026/02/11 20:56:54 OK   00006_add_assignees.sql (335.57µs)
2026/02/11 20:56:54 OK   00007_add_task_assignee.sql (501.97µs)
2026/02/11 20:56:54 OK   00008_fix_assignee_name_uniqueness.sql (1.8ms)
2026/02/11 20:56:54 goose: successfully migrated database to version: 8
--- PASS: TestGetTaskActivities_TaskWithOnlyComments (0.05s)
=== CONT  TestGetReadyTaskSummariesByProject_EmptyWhenNoReadyColumn
2026/02/11 20:56:54 OK   00001_initial_schema.sql (1.95ms)
2026/02/11 20:56:54 OK   00002_add_performance_indexes.sql (873.92µs)
2026/02/11 20:56:54 OK   00003_add_git_branch_to_projects.sql (587.85µs)
2026/02/11 20:56:54 OK   00005_add_task_events.sql (254.56µs)
2026/02/11 20:56:54 OK   00006_add_assignees.sql (284.77µs)
2026/02/11 20:56:54 OK   00007_add_task_assignee.sql (480.69µs)
2026/02/11 20:56:54 OK   00008_fix_assignee_name_uniqueness.sql (1.83ms)
2026/02/11 20:56:54 goose: successfully migrated database to version: 8
--- PASS: TestGetTaskActivities_TaskWithNoActivities (0.04s)
=== CONT  TestGetReadyTaskSummariesByProject_ExcludesBlockedTasks
2026/02/11 20:56:54 OK   00001_initial_schema.sql (1.9ms)
2026/02/11 20:56:54 OK   00002_add_performance_indexes.sql (861.57µs)
2026/02/11 20:56:54 OK   00003_add_git_branch_to_projects.sql (598.15µs)
2026/02/11 20:56:54 OK   00005_add_task_events.sql (281.55µs)
2026/02/11 20:56:54 OK   00006_add_assignees.sql (287.91µs)
2026/02/11 20:56:54 OK   00007_add_task_assignee.sql (472.31µs)
2026/02/11 20:56:54 OK   00008_fix_assignee_name_uniqueness.sql (1.86ms)
2026/02/11 20:56:54 goose: successfully migrated database to version: 8
--- PASS: TestGetTaskActivities_SortedByTimestampDescending (0.05s)
=== CONT  TestGetReadyTaskSummariesByProject_OnlyReadyColumn
2026/02/11 20:56:54 OK   00001_initial_schema.sql (1.95ms)
2026/02/11 20:56:54 OK   00002_add_performance_indexes.sql (905.76µs)
2026/02/11 20:56:54 OK   00003_add_git_branch_to_projects.sql (583.62µs)
2026/02/11 20:56:54 OK   00005_add_task_events.sql (293.36µs)
2026/02/11 20:56:54 OK   00006_add_assignees.sql (369.91µs)
2026/02/11 20:56:54 OK   00007_add_task_assignee.sql (507.73µs)
2026/02/11 20:56:54 OK   00008_fix_assignee_name_uniqueness.sql (1.82ms)
2026/02/11 20:56:54 goose: successfully migrated database to version: 8
--- PASS: TestGetTaskActivities_RetrievesBothCommentsAndEvents (0.05s)
=== CONT  TestGetTaskReferencesForProject_EmptyProject
2026/02/11 20:56:54 OK   00001_initial_schema.sql (6.45ms)
2026/02/11 20:56:54 OK   00002_add_performance_indexes.sql (923.35µs)
2026/02/11 20:56:54 OK   00003_add_git_branch_to_projects.sql (542.67µs)
2026/02/11 20:56:54 OK   00005_add_task_events.sql (252.29µs)
2026/02/11 20:56:54 OK   00006_add_assignees.sql (3.41ms)
2026/02/11 20:56:54 OK   00007_add_task_assignee.sql (475.81µs)
2026/02/11 20:56:54 OK   00008_fix_assignee_name_uniqueness.sql (1.78ms)
2026/02/11 20:56:54 goose: successfully migrated database to version: 8
--- PASS: TestGetReadyTaskSummariesByProject_IncludesTaskDetails (0.05s)
=== CONT  TestGetTaskReferencesForProject
2026/02/11 20:56:54 OK   00001_initial_schema.sql (1.89ms)
2026/02/11 20:56:54 OK   00002_add_performance_indexes.sql (993.28µs)
2026/02/11 20:56:54 OK   00003_add_git_branch_to_projects.sql (1.44ms)
2026/02/11 20:56:54 OK   00005_add_task_events.sql (364.95µs)
2026/02/11 20:56:54 OK   00006_add_assignees.sql (443.08µs)
2026/02/11 20:56:54 OK   00007_add_task_assignee.sql (796.54µs)
2026/02/11 20:56:54 OK   00008_fix_assignee_name_uniqueness.sql (3.22ms)
2026/02/11 20:56:54 goose: successfully migrated database to version: 8
--- PASS: TestGetReadyTaskSummariesByProject_EmptyReadyColumn (0.06s)
=== CONT  TestGetTaskSummariesByProjectFiltered_EmptyQuery
2026/02/11 20:56:54 OK   00001_initial_schema.sql (2.62ms)
2026/02/11 20:56:54 OK   00002_add_performance_indexes.sql (833.61µs)
2026/02/11 20:56:54 OK   00003_add_git_branch_to_projects.sql (540.73µs)
2026/02/11 20:56:54 OK   00005_add_task_events.sql (284.26µs)
2026/02/11 20:56:54 OK   00006_add_assignees.sql (345.16µs)
2026/02/11 20:56:54 OK   00007_add_task_assignee.sql (495.53µs)
2026/02/11 20:56:54 OK   00008_fix_assignee_name_uniqueness.sql (1.93ms)
2026/02/11 20:56:54 goose: successfully migrated database to version: 8
--- PASS: TestGetReadyTaskSummariesByProject_EmptyWhenNoReadyColumn (0.06s)
=== CONT  TestGetTaskSummariesByProjectFiltered_NoResults
2026/02/11 20:56:54 OK   00001_initial_schema.sql (5.21ms)
2026/02/11 20:56:54 OK   00002_add_performance_indexes.sql (871.04µs)
2026/02/11 20:56:54 OK   00003_add_git_branch_to_projects.sql (549.09µs)
2026/02/11 20:56:54 OK   00005_add_task_events.sql (295.31µs)
2026/02/11 20:56:54 OK   00006_add_assignees.sql (295.55µs)
2026/02/11 20:56:54 OK   00007_add_task_assignee.sql (490.87µs)
2026/02/11 20:56:54 OK   00008_fix_assignee_name_uniqueness.sql (1.84ms)
2026/02/11 20:56:54 goose: successfully migrated database to version: 8
--- PASS: TestGetReadyTaskSummariesByProject_ExcludesBlockedTasks (0.06s)
=== CONT  TestGetTaskSummariesByProjectFiltered
2026/02/11 20:56:54 OK   00001_initial_schema.sql (1.85ms)
2026/02/11 20:56:54 OK   00002_add_performance_indexes.sql (2.96ms)
2026/02/11 20:56:54 OK   00003_add_git_branch_to_projects.sql (568.06µs)
2026/02/11 20:56:54 OK   00005_add_task_events.sql (259.22µs)
2026/02/11 20:56:54 OK   00006_add_assignees.sql (283.82µs)
2026/02/11 20:56:54 OK   00007_add_task_assignee.sql (471.61µs)
2026/02/11 20:56:54 OK   00008_fix_assignee_name_uniqueness.sql (4.93ms)
2026/02/11 20:56:54 goose: successfully migrated database to version: 8
--- PASS: TestGetReadyTaskSummariesByProject_OnlyReadyColumn (0.07s)
=== CONT  TestMoveTaskToReadyColumn_MultipleTasksInProject
2026/02/11 20:56:54 OK   00001_initial_schema.sql (1.97ms)
2026/02/11 20:56:54 OK   00002_add_performance_indexes.sql (855.86µs)
2026/02/11 20:56:54 OK   00003_add_git_branch_to_projects.sql (551.45µs)
2026/02/11 20:56:54 OK   00005_add_task_events.sql (254.12µs)
2026/02/11 20:56:54 OK   00006_add_assignees.sql (284.91µs)
2026/02/11 20:56:54 OK   00007_add_task_assignee.sql (560.91µs)
2026/02/11 20:56:54 OK   00008_fix_assignee_name_uniqueness.sql (1.83ms)
2026/02/11 20:56:54 goose: successfully migrated database to version: 8
--- PASS: TestGetTaskReferencesForProject_EmptyProject (0.07s)
=== CONT  TestMoveTaskToCompletedColumn_MultipleTasksInProject
2026/02/11 20:56:54 OK   00001_initial_schema.sql (1.99ms)
2026/02/11 20:56:54 OK   00002_add_performance_indexes.sql (927.58µs)
2026/02/11 20:56:54 OK   00003_add_git_branch_to_projects.sql (582.02µs)
2026/02/11 20:56:54 OK   00005_add_task_events.sql (296.33µs)
2026/02/11 20:56:54 OK   00006_add_assignees.sql (325.79µs)
2026/02/11 20:56:54 OK   00007_add_task_assignee.sql (481.45µs)
2026/02/11 20:56:54 OK   00008_fix_assignee_name_uniqueness.sql (1.88ms)
2026/02/11 20:56:54 goose: successfully migrated database to version: 8
--- PASS: TestGetTaskReferencesForProject (0.06s)
=== CONT  TestMoveTaskToCompletedColumn_NegativeTaskID
2026/02/11 20:56:54 OK   00001_initial_schema.sql (1.96ms)
2026/02/11 20:56:54 OK   00002_add_performance_indexes.sql (899.26µs)
2026/02/11 20:56:54 OK   00003_add_git_branch_to_projects.sql (603.06µs)
2026/02/11 20:56:54 OK   00005_add_task_events.sql (302.51µs)
2026/02/11 20:56:54 OK   00006_add_assignees.sql (345.82µs)
2026/02/11 20:56:54 OK   00007_add_task_assignee.sql (517.96µs)
2026/02/11 20:56:54 OK   00008_fix_assignee_name_uniqueness.sql (1.86ms)
2026/02/11 20:56:54 goose: successfully migrated database to version: 8
--- PASS: TestGetTaskSummariesByProjectFiltered_EmptyQuery (0.05s)
=== CONT  TestMoveTaskToCompletedColumn_ZeroTaskID
2026/02/11 20:56:54 OK   00001_initial_schema.sql (1.86ms)
2026/02/11 20:56:54 OK   00002_add_performance_indexes.sql (981.32µs)
2026/02/11 20:56:54 OK   00003_add_git_branch_to_projects.sql (540.78µs)
2026/02/11 20:56:54 OK   00005_add_task_events.sql (257.14µs)
2026/02/11 20:56:54 OK   00006_add_assignees.sql (301.81µs)
2026/02/11 20:56:54 OK   00007_add_task_assignee.sql (466.19µs)
2026/02/11 20:56:54 OK   00008_fix_assignee_name_uniqueness.sql (1.9ms)
2026/02/11 20:56:54 goose: successfully migrated database to version: 8
--- PASS: TestGetTaskSummariesByProjectFiltered_NoResults (0.06s)
=== CONT  TestMoveTaskToCompletedColumn_AlreadyInCompletedColumn
2026/02/11 20:56:54 OK   00001_initial_schema.sql (1.88ms)
2026/02/11 20:56:54 OK   00002_add_performance_indexes.sql (898.73µs)
2026/02/11 20:56:54 OK   00003_add_git_branch_to_projects.sql (579.65µs)
2026/02/11 20:56:54 OK   00005_add_task_events.sql (289.26µs)
2026/02/11 20:56:54 OK   00006_add_assignees.sql (325.29µs)
2026/02/11 20:56:54 OK   00007_add_task_assignee.sql (508µs)
2026/02/11 20:56:54 OK   00008_fix_assignee_name_uniqueness.sql (1.82ms)
2026/02/11 20:56:54 goose: successfully migrated database to version: 8
--- PASS: TestGetTaskSummariesByProjectFiltered (0.05s)
=== CONT  TestMoveTaskToCompletedColumn_NoCompletedColumn
2026/02/11 20:56:54 OK   00001_initial_schema.sql (1.89ms)
2026/02/11 20:56:54 OK   00002_add_performance_indexes.sql (909.12µs)
2026/02/11 20:56:54 OK   00003_add_git_branch_to_projects.sql (580.85µs)
2026/02/11 20:56:54 OK   00005_add_task_events.sql (308.58µs)
2026/02/11 20:56:54 OK   00006_add_assignees.sql (325.79µs)
2026/02/11 20:56:54 OK   00007_add_task_assignee.sql (510.98µs)
2026/02/11 20:56:54 OK   00008_fix_assignee_name_uniqueness.sql (1.89ms)
2026/02/11 20:56:54 goose: successfully migrated database to version: 8
2026/02/11 20:56:54 OK   00001_initial_schema.sql (1.6ms)
--- PASS: TestMoveTaskToReadyColumn_MultipleTasksInProject (0.05s)
2026/02/11 20:56:54 OK   00002_add_performance_indexes.sql (1.85ms)
2026/02/11 20:56:54 OK   00003_add_git_branch_to_projects.sql (496.72µs)
2026/02/11 20:56:54 OK   00005_add_task_events.sql (252.28µs)
2026/02/11 20:56:54 OK   00006_add_assignees.sql (243.56µs)
2026/02/11 20:56:54 OK   00007_add_task_assignee.sql (407.96µs)
=== CONT  TestMoveTaskToCompletedColumn_InvalidTaskID
2026/02/11 20:56:54 OK   00008_fix_assignee_name_uniqueness.sql (1.95ms)
2026/02/11 20:56:54 goose: successfully migrated database to version: 8
--- PASS: TestMoveTaskToCompletedColumn_MultipleTasksInProject (0.05s)
=== CONT  TestMoveTaskToCompletedColumn
2026/02/11 20:56:54 OK   00001_initial_schema.sql (1.93ms)
2026/02/11 20:56:54 OK   00002_add_performance_indexes.sql (896.45µs)
2026/02/11 20:56:54 OK   00003_add_git_branch_to_projects.sql (584.9µs)
2026/02/11 20:56:54 OK   00005_add_task_events.sql (287.84µs)
2026/02/11 20:56:54 OK   00006_add_assignees.sql (356.48µs)
2026/02/11 20:56:54 OK   00007_add_task_assignee.sql (515.4µs)
2026/02/11 20:56:54 OK   00008_fix_assignee_name_uniqueness.sql (1.83ms)
2026/02/11 20:56:54 goose: successfully migrated database to version: 8
--- PASS: TestMoveTaskToCompletedColumn_NegativeTaskID (0.05s)
=== CONT  TestMoveTaskToReadyColumn_NegativeTaskID
2026/02/11 20:56:54 OK   00001_initial_schema.sql (1.92ms)
2026/02/11 20:56:54 OK   00002_add_performance_indexes.sql (919.71µs)
2026/02/11 20:56:54 OK   00003_add_git_branch_to_projects.sql (588.15µs)
2026/02/11 20:56:54 OK   00005_add_task_events.sql (295.15µs)
2026/02/11 20:56:54 OK   00006_add_assignees.sql (353.29µs)
2026/02/11 20:56:54 OK   00007_add_task_assignee.sql (537.72µs)
2026/02/11 20:56:54 OK   00008_fix_assignee_name_uniqueness.sql (1.83ms)
2026/02/11 20:56:54 goose: successfully migrated database to version: 8
--- PASS: TestMoveTaskToCompletedColumn_ZeroTaskID (0.05s)
=== CONT  TestMoveTaskToReadyColumn_ZeroTaskID
2026/02/11 20:56:54 OK   00001_initial_schema.sql (1.95ms)
2026/02/11 20:56:54 OK   00002_add_performance_indexes.sql (915.3µs)
2026/02/11 20:56:54 OK   00003_add_git_branch_to_projects.sql (544.11µs)
2026/02/11 20:56:54 OK   00005_add_task_events.sql (248.14µs)
2026/02/11 20:56:54 OK   00006_add_assignees.sql (282.89µs)
2026/02/11 20:56:54 OK   00007_add_task_assignee.sql (467.93µs)
2026/02/11 20:56:54 OK   00008_fix_assignee_name_uniqueness.sql (1.84ms)
2026/02/11 20:56:54 goose: successfully migrated database to version: 8
--- PASS: TestMoveTaskToCompletedColumn_AlreadyInCompletedColumn (0.05s)
=== CONT  TestMoveTaskToReadyColumn_AlreadyInReadyColumn
2026/02/11 20:56:54 OK   00001_initial_schema.sql (1.92ms)
2026/02/11 20:56:54 OK   00002_add_performance_indexes.sql (899.8µs)
2026/02/11 20:56:54 OK   00003_add_git_branch_to_projects.sql (593.75µs)
2026/02/11 20:56:54 OK   00005_add_task_events.sql (310.69µs)
2026/02/11 20:56:54 OK   00006_add_assignees.sql (288.06µs)
2026/02/11 20:56:54 OK   00007_add_task_assignee.sql (467.28µs)
2026/02/11 20:56:54 OK   00008_fix_assignee_name_uniqueness.sql (1.84ms)
2026/02/11 20:56:54 goose: successfully migrated database to version: 8
--- PASS: TestMoveTaskToCompletedColumn_NoCompletedColumn (0.05s)
=== CONT  TestMoveTaskToReadyColumn_NoReadyColumn
2026/02/11 20:56:54 OK   00001_initial_schema.sql (1.96ms)
2026/02/11 20:56:54 OK   00002_add_performance_indexes.sql (916.66µs)
2026/02/11 20:56:54 OK   00003_add_git_branch_to_projects.sql (607.67µs)
2026/02/11 20:56:54 OK   00005_add_task_events.sql (307.33µs)
2026/02/11 20:56:54 OK   00006_add_assignees.sql (327.13µs)
2026/02/11 20:56:54 OK   00007_add_task_assignee.sql (524.54µs)
2026/02/11 20:56:54 OK   00008_fix_assignee_name_uniqueness.sql (1.87ms)
2026/02/11 20:56:54 goose: successfully migrated database to version: 8
--- PASS: TestMoveTaskToCompletedColumn_InvalidTaskID (0.04s)
=== CONT  TestMoveTaskToReadyColumn_InvalidTaskID
2026/02/11 20:56:54 OK   00001_initial_schema.sql (1.92ms)
2026/02/11 20:56:54 OK   00002_add_performance_indexes.sql (915.16µs)
2026/02/11 20:56:54 OK   00003_add_git_branch_to_projects.sql (605.18µs)
2026/02/11 20:56:54 OK   00005_add_task_events.sql (394.33µs)
2026/02/11 20:56:54 OK   00006_add_assignees.sql (340.33µs)
2026/02/11 20:56:54 OK   00007_add_task_assignee.sql (523.07µs)
2026/02/11 20:56:54 OK   00008_fix_assignee_name_uniqueness.sql (1.81ms)
2026/02/11 20:56:54 goose: successfully migrated database to version: 8
--- PASS: TestMoveTaskToCompletedColumn (0.05s)
=== CONT  TestMoveTaskToReadyColumn
2026/02/11 20:56:54 OK   00001_initial_schema.sql (1.93ms)
2026/02/11 20:56:54 OK   00002_add_performance_indexes.sql (903.04µs)
2026/02/11 20:56:54 OK   00003_add_git_branch_to_projects.sql (581.62µs)
2026/02/11 20:56:54 OK   00005_add_task_events.sql (301.9µs)
2026/02/11 20:56:54 OK   00006_add_assignees.sql (337.88µs)
2026/02/11 20:56:54 OK   00007_add_task_assignee.sql (505.9µs)
2026/02/11 20:56:54 OK   00008_fix_assignee_name_uniqueness.sql (1.81ms)
2026/02/11 20:56:54 goose: successfully migrated database to version: 8
--- PASS: TestMoveTaskToReadyColumn_NegativeTaskID (0.05s)
=== CONT  TestMoveTaskDown_InvalidID
2026/02/11 20:56:54 OK   00001_initial_schema.sql (1.93ms)
2026/02/11 20:56:54 OK   00002_add_performance_indexes.sql (906.7µs)
2026/02/11 20:56:54 OK   00003_add_git_branch_to_projects.sql (589.62µs)
2026/02/11 20:56:54 OK   00005_add_task_events.sql (292.36µs)
2026/02/11 20:56:54 OK   00006_add_assignees.sql (333.91µs)
2026/02/11 20:56:54 OK   00007_add_task_assignee.sql (511µs)
2026/02/11 20:56:54 OK   00008_fix_assignee_name_uniqueness.sql (1.81ms)
2026/02/11 20:56:54 goose: successfully migrated database to version: 8
--- PASS: TestMoveTaskToReadyColumn_ZeroTaskID (0.05s)
=== CONT  TestMoveTaskDown_LastPosition
2026/02/11 20:56:54 OK   00001_initial_schema.sql (1.92ms)
2026/02/11 20:56:54 OK   00002_add_performance_indexes.sql (899.67µs)
2026/02/11 20:56:54 OK   00003_add_git_branch_to_projects.sql (578.9µs)
2026/02/11 20:56:54 OK   00005_add_task_events.sql (291µs)
2026/02/11 20:56:54 OK   00006_add_assignees.sql (328.3µs)
2026/02/11 20:56:54 OK   00007_add_task_assignee.sql (515.84µs)
2026/02/11 20:56:54 OK   00008_fix_assignee_name_uniqueness.sql (1.77ms)
2026/02/11 20:56:54 goose: successfully migrated database to version: 8
--- PASS: TestMoveTaskToReadyColumn_AlreadyInReadyColumn (0.05s)
=== CONT  TestMoveTaskDown
2026/02/11 20:56:54 OK   00001_initial_schema.sql (1.92ms)
2026/02/11 20:56:54 OK   00002_add_performance_indexes.sql (899.65µs)
2026/02/11 20:56:54 OK   00003_add_git_branch_to_projects.sql (545.96µs)
2026/02/11 20:56:54 OK   00005_add_task_events.sql (305.79µs)
2026/02/11 20:56:54 OK   00006_add_assignees.sql (327.43µs)
2026/02/11 20:56:54 OK   00007_add_task_assignee.sql (519.94µs)
2026/02/11 20:56:54 OK   00008_fix_assignee_name_uniqueness.sql (1.84ms)
2026/02/11 20:56:54 goose: successfully migrated database to version: 8
--- PASS: TestMoveTaskToReadyColumn_NoReadyColumn (0.05s)
=== CONT  TestMoveTaskUp_InvalidID
2026/02/11 20:56:54 OK   00001_initial_schema.sql (1.92ms)
2026/02/11 20:56:54 OK   00002_add_performance_indexes.sql (910.35µs)
2026/02/11 20:56:54 OK   00003_add_git_branch_to_projects.sql (590.62µs)
2026/02/11 20:56:54 OK   00005_add_task_events.sql (256.16µs)
2026/02/11 20:56:54 OK   00006_add_assignees.sql (298.23µs)
2026/02/11 20:56:54 OK   00007_add_task_assignee.sql (460.75µs)
2026/02/11 20:56:54 OK   00008_fix_assignee_name_uniqueness.sql (1.85ms)
2026/02/11 20:56:54 goose: successfully migrated database to version: 8
--- PASS: TestMoveTaskToReadyColumn_InvalidTaskID (0.05s)
=== CONT  TestMoveTaskUp_FirstPosition
2026/02/11 20:56:54 OK   00001_initial_schema.sql (1.95ms)
2026/02/11 20:56:54 OK   00002_add_performance_indexes.sql (898.7µs)
2026/02/11 20:56:54 OK   00003_add_git_branch_to_projects.sql (595.24µs)
2026/02/11 20:56:54 OK   00005_add_task_events.sql (299.57µs)
2026/02/11 20:56:54 OK   00006_add_assignees.sql (323.64µs)
2026/02/11 20:56:54 OK   00007_add_task_assignee.sql (506.66µs)
2026/02/11 20:56:54 OK   00008_fix_assignee_name_uniqueness.sql (1.78ms)
2026/02/11 20:56:54 goose: successfully migrated database to version: 8
--- PASS: TestMoveTaskToReadyColumn (0.05s)
=== CONT  TestMoveTaskUp
2026/02/11 20:56:54 OK   00001_initial_schema.sql (2.87ms)
2026/02/11 20:56:54 OK   00002_add_performance_indexes.sql (857.76µs)
2026/02/11 20:56:54 OK   00003_add_git_branch_to_projects.sql (577.49µs)
2026/02/11 20:56:54 OK   00005_add_task_events.sql (257.38µs)
2026/02/11 20:56:54 OK   00006_add_assignees.sql (318.64µs)
2026/02/11 20:56:54 OK   00007_add_task_assignee.sql (528.82µs)
2026/02/11 20:56:54 OK   00008_fix_assignee_name_uniqueness.sql (1.88ms)
2026/02/11 20:56:54 goose: successfully migrated database to version: 8
--- PASS: TestMoveTaskDown_InvalidID (0.05s)
=== CONT  TestMoveTaskToColumn_InvalidTaskID
2026/02/11 20:56:54 OK   00001_initial_schema.sql (4.95ms)
2026/02/11 20:56:54 OK   00002_add_performance_indexes.sql (816.8µs)
2026/02/11 20:56:54 OK   00003_add_git_branch_to_projects.sql (540.38µs)
2026/02/11 20:56:54 OK   00005_add_task_events.sql (2.36ms)
2026/02/11 20:56:54 OK   00006_add_assignees.sql (294.9µs)
2026/02/11 20:56:54 OK   00007_add_task_assignee.sql (510.8µs)
2026/02/11 20:56:54 OK   00008_fix_assignee_name_uniqueness.sql (4.25ms)
2026/02/11 20:56:54 goose: successfully migrated database to version: 8
--- PASS: TestMoveTaskDown_LastPosition (0.05s)
=== CONT  TestMoveTaskToColumn_InvalidColumnID
2026/02/11 20:56:54 OK   00001_initial_schema.sql (2.5ms)
2026/02/11 20:56:54 OK   00002_add_performance_indexes.sql (891.6µs)
2026/02/11 20:56:54 OK   00003_add_git_branch_to_projects.sql (546.65µs)
2026/02/11 20:56:54 OK   00005_add_task_events.sql (277.08µs)
2026/02/11 20:56:54 OK   00006_add_assignees.sql (440.65µs)
2026/02/11 20:56:54 OK   00007_add_task_assignee.sql (509.91µs)
2026/02/11 20:56:54 OK   00008_fix_assignee_name_uniqueness.sql (1.84ms)
2026/02/11 20:56:54 goose: successfully migrated database to version: 8
--- PASS: TestMoveTaskDown (0.06s)
=== CONT  TestMoveTaskToColumn
2026/02/11 20:56:54 OK   00001_initial_schema.sql (4.02ms)
2026/02/11 20:56:54 OK   00002_add_performance_indexes.sql (1.65ms)
2026/02/11 20:56:54 OK   00003_add_git_branch_to_projects.sql (1.15ms)
2026/02/11 20:56:54 OK   00005_add_task_events.sql (386.58µs)
2026/02/11 20:56:54 OK   00006_add_assignees.sql (1.52ms)
2026/02/11 20:56:54 OK   00007_add_task_assignee.sql (540.67µs)
2026/02/11 20:56:54 OK   00008_fix_assignee_name_uniqueness.sql (2.08ms)
2026/02/11 20:56:54 goose: successfully migrated database to version: 8
--- PASS: TestMoveTaskUp_InvalidID (0.06s)
=== CONT  TestMoveTaskToPrevColumn_InvalidID
2026/02/11 20:56:54 OK   00001_initial_schema.sql (4.09ms)
2026/02/11 20:56:54 OK   00002_add_performance_indexes.sql (982.01µs)
2026/02/11 20:56:54 OK   00003_add_git_branch_to_projects.sql (588.82µs)
2026/02/11 20:56:54 OK   00005_add_task_events.sql (292.53µs)
2026/02/11 20:56:54 OK   00006_add_assignees.sql (339.1µs)
2026/02/11 20:56:54 OK   00007_add_task_assignee.sql (549.49µs)
2026/02/11 20:56:54 OK   00008_fix_assignee_name_uniqueness.sql (1.83ms)
2026/02/11 20:56:54 goose: successfully migrated database to version: 8
--- PASS: TestMoveTaskUp_FirstPosition (0.07s)
=== CONT  TestMoveTaskToPrevColumn_FirstColumn
2026/02/11 20:56:54 OK   00001_initial_schema.sql (1.87ms)
2026/02/11 20:56:54 OK   00002_add_performance_indexes.sql (875.34µs)
2026/02/11 20:56:54 OK   00003_add_git_branch_to_projects.sql (593.35µs)
2026/02/11 20:56:54 OK   00005_add_task_events.sql (318.48µs)
2026/02/11 20:56:54 OK   00006_add_assignees.sql (324.85µs)
2026/02/11 20:56:54 OK   00007_add_task_assignee.sql (504.09µs)
2026/02/11 20:56:54 OK   00008_fix_assignee_name_uniqueness.sql (1.81ms)
2026/02/11 20:56:54 goose: successfully migrated database to version: 8
--- PASS: TestMoveTaskUp (0.07s)
=== CONT  TestMoveTaskToPrevColumn
2026/02/11 20:56:54 OK   00001_initial_schema.sql (2.34ms)
2026/02/11 20:56:54 OK   00002_add_performance_indexes.sql (915.22µs)
2026/02/11 20:56:54 OK   00003_add_git_branch_to_projects.sql (570.14µs)
2026/02/11 20:56:54 OK   00005_add_task_events.sql (318.2µs)
2026/02/11 20:56:54 OK   00006_add_assignees.sql (337.25µs)
2026/02/11 20:56:54 OK   00007_add_task_assignee.sql (502µs)
2026/02/11 20:56:54 OK   00008_fix_assignee_name_uniqueness.sql (1.79ms)
2026/02/11 20:56:54 goose: successfully migrated database to version: 8
--- PASS: TestMoveTaskToColumn_InvalidTaskID (0.07s)
=== CONT  TestMoveTaskToNextColumn_InvalidID
2026/02/11 20:56:54 OK   00001_initial_schema.sql (1.97ms)
2026/02/11 20:56:54 OK   00002_add_performance_indexes.sql (889.8µs)
2026/02/11 20:56:54 OK   00003_add_git_branch_to_projects.sql (576.31µs)
2026/02/11 20:56:54 OK   00005_add_task_events.sql (280.97µs)
2026/02/11 20:56:54 OK   00006_add_assignees.sql (320.22µs)
2026/02/11 20:56:54 OK   00007_add_task_assignee.sql (502.59µs)
2026/02/11 20:56:54 OK   00008_fix_assignee_name_uniqueness.sql (1.81ms)
2026/02/11 20:56:54 goose: successfully migrated database to version: 8
--- PASS: TestMoveTaskToColumn_InvalidColumnID (0.06s)
=== CONT  TestMoveTaskToNextColumn_LastColumn
2026/02/11 20:56:54 OK   00001_initial_schema.sql (2.29ms)
2026/02/11 20:56:54 OK   00002_add_performance_indexes.sql (790.21µs)
2026/02/11 20:56:54 OK   00003_add_git_branch_to_projects.sql (628.34µs)
2026/02/11 20:56:54 OK   00005_add_task_events.sql (294.78µs)
2026/02/11 20:56:54 OK   00006_add_assignees.sql (332.64µs)
2026/02/11 20:56:54 OK   00007_add_task_assignee.sql (467.5µs)
2026/02/11 20:56:54 OK   00008_fix_assignee_name_uniqueness.sql (1.84ms)
2026/02/11 20:56:54 goose: successfully migrated database to version: 8
--- PASS: TestMoveTaskToColumn (0.06s)
=== CONT  TestMoveTaskToNextColumn
2026/02/11 20:56:54 OK   00001_initial_schema.sql (1.79ms)
2026/02/11 20:56:54 OK   00002_add_performance_indexes.sql (890.34µs)
2026/02/11 20:56:54 OK   00003_add_git_branch_to_projects.sql (541.79µs)
2026/02/11 20:56:54 OK   00005_add_task_events.sql (279.17µs)
2026/02/11 20:56:54 OK   00006_add_assignees.sql (280.25µs)
2026/02/11 20:56:54 OK   00007_add_task_assignee.sql (492.55µs)
2026/02/11 20:56:54 OK   00008_fix_assignee_name_uniqueness.sql (1.74ms)
2026/02/11 20:56:54 goose: successfully migrated database to version: 8
--- PASS: TestMoveTaskToPrevColumn_InvalidID (0.05s)
=== CONT  TestComment_BoundaryConditions
2026/02/11 20:56:54 OK   00001_initial_schema.sql (1.86ms)
2026/02/11 20:56:54 OK   00002_add_performance_indexes.sql (813.78µs)
2026/02/11 20:56:54 OK   00003_add_git_branch_to_projects.sql (547.28µs)
2026/02/11 20:56:54 OK   00005_add_task_events.sql (264.57µs)
2026/02/11 20:56:54 OK   00006_add_assignees.sql (318.91µs)
2026/02/11 20:56:54 OK   00007_add_task_assignee.sql (483.24µs)
2026/02/11 20:56:54 OK   00008_fix_assignee_name_uniqueness.sql (1.77ms)
2026/02/11 20:56:54 goose: successfully migrated database to version: 8
--- PASS: TestMoveTaskToPrevColumn_FirstColumn (0.05s)
=== CONT  TestGetTaskReferencesForProject_ErrorPaths
=== RUN   TestGetTaskReferencesForProject_ErrorPaths/negative_project_ID_-_may_not_validate
=== PAUSE TestGetTaskReferencesForProject_ErrorPaths/negative_project_ID_-_may_not_validate
=== RUN   TestGetTaskReferencesForProject_ErrorPaths/zero_project_ID_-_may_not_validate
=== PAUSE TestGetTaskReferencesForProject_ErrorPaths/zero_project_ID_-_may_not_validate
=== CONT  TestGetTaskSummariesByProject_ErrorPaths
=== RUN   TestGetTaskSummariesByProject_ErrorPaths/negative_project_ID_-_may_not_validate
=== PAUSE TestGetTaskSummariesByProject_ErrorPaths/negative_project_ID_-_may_not_validate
=== RUN   TestGetTaskSummariesByProject_ErrorPaths/zero_project_ID_-_may_not_validate
=== PAUSE TestGetTaskSummariesByProject_ErrorPaths/zero_project_ID_-_may_not_validate
=== RUN   TestGetTaskSummariesByProject_ErrorPaths/non-existent_project_ID
=== PAUSE TestGetTaskSummariesByProject_ErrorPaths/non-existent_project_ID
=== CONT  TestMoveTaskToColumn_ErrorPaths
=== RUN   TestMoveTaskToColumn_ErrorPaths/invalid_task_ID_zero
=== PAUSE TestMoveTaskToColumn_ErrorPaths/invalid_task_ID_zero
=== RUN   TestMoveTaskToColumn_ErrorPaths/negative_task_ID
=== PAUSE TestMoveTaskToColumn_ErrorPaths/negative_task_ID
=== RUN   TestMoveTaskToColumn_ErrorPaths/invalid_column_ID_zero
=== PAUSE TestMoveTaskToColumn_ErrorPaths/invalid_column_ID_zero
=== RUN   TestMoveTaskToColumn_ErrorPaths/negative_column_ID
=== PAUSE TestMoveTaskToColumn_ErrorPaths/negative_column_ID
=== RUN   TestMoveTaskToColumn_ErrorPaths/both_task_and_column_non-existent
=== PAUSE TestMoveTaskToColumn_ErrorPaths/both_task_and_column_non-existent
=== CONT  TestRemoveChildRelation_ErrorPaths
=== RUN   TestRemoveChildRelation_ErrorPaths/invalid_parent_ID_zero
=== PAUSE TestRemoveChildRelation_ErrorPaths/invalid_parent_ID_zero
=== RUN   TestRemoveChildRelation_ErrorPaths/negative_parent_ID
=== PAUSE TestRemoveChildRelation_ErrorPaths/negative_parent_ID
=== RUN   TestRemoveChildRelation_ErrorPaths/invalid_child_ID_zero
=== PAUSE TestRemoveChildRelation_ErrorPaths/invalid_child_ID_zero
=== RUN   TestRemoveChildRelation_ErrorPaths/negative_child_ID
=== PAUSE TestRemoveChildRelation_ErrorPaths/negative_child_ID
=== RUN   TestRemoveChildRelation_ErrorPaths/non-existent_relationship_-_may_succeed_silently
=== PAUSE TestRemoveChildRelation_ErrorPaths/non-existent_relationship_-_may_succeed_silently
=== CONT  TestRemoveParentRelation_ErrorPaths
=== RUN   TestRemoveParentRelation_ErrorPaths/invalid_child_ID_zero
=== PAUSE TestRemoveParentRelation_ErrorPaths/invalid_child_ID_zero
=== RUN   TestRemoveParentRelation_ErrorPaths/negative_child_ID
=== PAUSE TestRemoveParentRelation_ErrorPaths/negative_child_ID
=== RUN   TestRemoveParentRelation_ErrorPaths/invalid_parent_ID_zero
=== PAUSE TestRemoveParentRelation_ErrorPaths/invalid_parent_ID_zero
=== RUN   TestRemoveParentRelation_ErrorPaths/negative_parent_ID
=== PAUSE TestRemoveParentRelation_ErrorPaths/negative_parent_ID
=== RUN   TestRemoveParentRelation_ErrorPaths/non-existent_relationship_-_may_succeed_silently
=== PAUSE TestRemoveParentRelation_ErrorPaths/non-existent_relationship_-_may_succeed_silently
=== RUN   TestRemoveParentRelation_ErrorPaths/non-existent_child_task_-_may_succeed_silently
=== PAUSE TestRemoveParentRelation_ErrorPaths/non-existent_child_task_-_may_succeed_silently
2026/02/11 20:56:54 OK   00001_initial_schema.sql (2.36ms)
=== RUN   TestRemoveParentRelation_ErrorPaths/non-existent_parent_task_-_may_succeed_silently
=== PAUSE TestRemoveParentRelation_ErrorPaths/non-existent_parent_task_-_may_succeed_silently
=== CONT  TestAddChildRelation_ErrorPaths
=== RUN   TestAddChildRelation_ErrorPaths/invalid_parent_ID_zero
=== PAUSE TestAddChildRelation_ErrorPaths/invalid_parent_ID_zero
=== RUN   TestAddChildRelation_ErrorPaths/negative_parent_ID
=== PAUSE TestAddChildRelation_ErrorPaths/negative_parent_ID
=== RUN   TestAddChildRelation_ErrorPaths/invalid_child_ID_zero
=== PAUSE TestAddChildRelation_ErrorPaths/invalid_child_ID_zero
=== RUN   TestAddChildRelation_ErrorPaths/negative_child_ID
=== PAUSE TestAddChildRelation_ErrorPaths/negative_child_ID
=== RUN   TestAddChildRelation_ErrorPaths/non-existent_parent_task
=== PAUSE TestAddChildRelation_ErrorPaths/non-existent_parent_task
=== RUN   TestAddChildRelation_ErrorPaths/non-existent_child_task
=== PAUSE TestAddChildRelation_ErrorPaths/non-existent_child_task
=== CONT  TestAddParentRelation_ErrorPaths
=== RUN   TestAddParentRelation_ErrorPaths/invalid_child_ID_zero
=== PAUSE TestAddParentRelation_ErrorPaths/invalid_child_ID_zero
=== RUN   TestAddParentRelation_ErrorPaths/negative_child_ID
=== PAUSE TestAddParentRelation_ErrorPaths/negative_child_ID
=== RUN   TestAddParentRelation_ErrorPaths/invalid_parent_ID_zero
=== PAUSE TestAddParentRelation_ErrorPaths/invalid_parent_ID_zero
=== RUN   TestAddParentRelation_ErrorPaths/negative_parent_ID
=== PAUSE TestAddParentRelation_ErrorPaths/negative_parent_ID
=== RUN   TestAddParentRelation_ErrorPaths/non-existent_child_task
=== PAUSE TestAddParentRelation_ErrorPaths/non-existent_child_task
=== RUN   TestAddParentRelation_ErrorPaths/non-existent_parent_task
=== PAUSE TestAddParentRelation_ErrorPaths/non-existent_parent_task
=== RUN   TestAddParentRelation_ErrorPaths/duplicate_parent_relation_-_may_succeed_silently
=== PAUSE TestAddParentRelation_ErrorPaths/duplicate_parent_relation_-_may_succeed_silently
=== CONT  TestUpdateComment_Validation
=== RUN   TestUpdateComment_Validation/empty_message
=== PAUSE TestUpdateComment_Validation/empty_message
=== RUN   TestUpdateComment_Validation/message_too_long
=== PAUSE TestUpdateComment_Validation/message_too_long
=== RUN   TestUpdateComment_Validation/invalid_ID
=== PAUSE TestUpdateComment_Validation/invalid_ID
=== RUN   TestUpdateComment_Validation/non-existent_comment
=== PAUSE TestUpdateComment_Validation/non-existent_comment
=== CONT  TestAttachLabel_ErrorPaths
=== RUN   TestAttachLabel_ErrorPaths/invalid_task_ID_zero
=== PAUSE TestAttachLabel_ErrorPaths/invalid_task_ID_zero
=== RUN   TestAttachLabel_ErrorPaths/negative_task_ID
=== PAUSE TestAttachLabel_ErrorPaths/negative_task_ID
=== RUN   TestAttachLabel_ErrorPaths/invalid_label_ID_zero
=== PAUSE TestAttachLabel_ErrorPaths/invalid_label_ID_zero
=== RUN   TestAttachLabel_ErrorPaths/negative_label_ID
=== PAUSE TestAttachLabel_ErrorPaths/negative_label_ID
=== RUN   TestAttachLabel_ErrorPaths/non-existent_task_ID
=== PAUSE TestAttachLabel_ErrorPaths/non-existent_task_ID
=== RUN   TestAttachLabel_ErrorPaths/non-existent_label_ID
=== PAUSE TestAttachLabel_ErrorPaths/non-existent_label_ID
=== RUN   TestAttachLabel_ErrorPaths/duplicate_label_attachment_-_may_succeed_silently
=== PAUSE TestAttachLabel_ErrorPaths/duplicate_label_attachment_-_may_succeed_silently
=== CONT  TestDeleteTask_ErrorPaths
=== RUN   TestDeleteTask_ErrorPaths/negative_task_ID
=== PAUSE TestDeleteTask_ErrorPaths/negative_task_ID
=== RUN   TestDeleteTask_ErrorPaths/non-existent_task_ID
=== PAUSE TestDeleteTask_ErrorPaths/non-existent_task_ID
=== RUN   TestDeleteTask_ErrorPaths/very_large_task_ID
=== PAUSE TestDeleteTask_ErrorPaths/very_large_task_ID
=== CONT  TestUpdateTask_ErrorPaths
=== RUN   TestUpdateTask_ErrorPaths/negative_task_ID
=== PAUSE TestUpdateTask_ErrorPaths/negative_task_ID
=== RUN   TestUpdateTask_ErrorPaths/non-existent_task_ID
=== PAUSE TestUpdateTask_ErrorPaths/non-existent_task_ID
=== RUN   TestUpdateTask_ErrorPaths/title_too_long_(exactly_256_chars)
=== PAUSE TestUpdateTask_ErrorPaths/title_too_long_(exactly_256_chars)
=== RUN   TestUpdateTask_ErrorPaths/update_with_invalid_priority_ID_-_database_constraint
=== PAUSE TestUpdateTask_ErrorPaths/update_with_invalid_priority_ID_-_database_constraint
=== RUN   TestUpdateTask_ErrorPaths/update_with_invalid_type_ID_-_database_constraint
=== PAUSE TestUpdateTask_ErrorPaths/update_with_invalid_type_ID_-_database_constraint
=== RUN   TestUpdateTask_ErrorPaths/whitespace-only_title_-_may_or_may_not_be_validated
=== PAUSE TestUpdateTask_ErrorPaths/whitespace-only_title_-_may_or_may_not_be_validated
=== CONT  TestCreateTask_ErrorPaths
=== RUN   TestCreateTask_ErrorPaths/negative_column_ID
=== PAUSE TestCreateTask_ErrorPaths/negative_column_ID
=== RUN   TestCreateTask_ErrorPaths/non-existent_column_ID
=== PAUSE TestCreateTask_ErrorPaths/non-existent_column_ID
=== RUN   TestCreateTask_ErrorPaths/position_exceeds_int64_max
=== PAUSE TestCreateTask_ErrorPaths/position_exceeds_int64_max
=== RUN   TestCreateTask_ErrorPaths/non-existent_label_IDs
=== PAUSE TestCreateTask_ErrorPaths/non-existent_label_IDs
=== RUN   TestCreateTask_ErrorPaths/mixed_valid_and_invalid_label_IDs
=== PAUSE TestCreateTask_ErrorPaths/mixed_valid_and_invalid_label_IDs
=== RUN   TestCreateTask_ErrorPaths/zero_label_ID
=== PAUSE TestCreateTask_ErrorPaths/zero_label_ID
=== RUN   TestCreateTask_ErrorPaths/negative_label_ID
=== PAUSE TestCreateTask_ErrorPaths/negative_label_ID
=== RUN   TestCreateTask_ErrorPaths/non-existent_parent_IDs
=== PAUSE TestCreateTask_ErrorPaths/non-existent_parent_IDs
=== RUN   TestCreateTask_ErrorPaths/zero_parent_ID
=== PAUSE TestCreateTask_ErrorPaths/zero_parent_ID
=== RUN   TestCreateTask_ErrorPaths/negative_parent_ID
=== PAUSE TestCreateTask_ErrorPaths/negative_parent_ID
=== RUN   TestCreateTask_ErrorPaths/invalid_priority_ID_negative
=== PAUSE TestCreateTask_ErrorPaths/invalid_priority_ID_negative
=== RUN   TestCreateTask_ErrorPaths/invalid_priority_ID_too_high_-_database_constraint
=== PAUSE TestCreateTask_ErrorPaths/invalid_priority_ID_too_high_-_database_constraint
=== RUN   TestCreateTask_ErrorPaths/invalid_type_ID_negative
=== PAUSE TestCreateTask_ErrorPaths/invalid_type_ID_negative
=== RUN   TestCreateTask_ErrorPaths/invalid_type_ID_too_high_-_database_constraint
=== PAUSE TestCreateTask_ErrorPaths/invalid_type_ID_too_high_-_database_constraint
=== CONT  TestCreateTask_MaxLengthTitle
2026/02/11 20:56:54 OK   00002_add_performance_indexes.sql (846.94µs)
2026/02/11 20:56:54 OK   00003_add_git_branch_to_projects.sql (517.47µs)
2026/02/11 20:56:54 OK   00005_add_task_events.sql (263.17µs)
2026/02/11 20:56:54 OK   00006_add_assignees.sql (258.72µs)
2026/02/11 20:56:54 OK   00007_add_task_assignee.sql (432.45µs)
2026/02/11 20:56:54 OK   00008_fix_assignee_name_uniqueness.sql (1.8ms)
2026/02/11 20:56:54 goose: successfully migrated database to version: 8
--- PASS: TestMoveTaskToPrevColumn (0.04s)
=== CONT  TestGetTaskDetail_NegativeID
2026/02/11 20:56:54 OK   00001_initial_schema.sql (2.01ms)
2026/02/11 20:56:54 OK   00002_add_performance_indexes.sql (857.52µs)
2026/02/11 20:56:54 OK   00003_add_git_branch_to_projects.sql (558.35µs)
2026/02/11 20:56:54 OK   00005_add_task_events.sql (297.73µs)
2026/02/11 20:56:54 OK   00006_add_assignees.sql (327.35µs)
2026/02/11 20:56:54 OK   00007_add_task_assignee.sql (486.94µs)
2026/02/11 20:56:54 OK   00008_fix_assignee_name_uniqueness.sql (1.74ms)
2026/02/11 20:56:54 goose: successfully migrated database to version: 8
--- PASS: TestMoveTaskToNextColumn_InvalidID (0.04s)
=== CONT  TestGetTaskDetail_IncludesComments
2026/02/11 20:56:54 OK   00001_initial_schema.sql (2.1ms)
2026/02/11 20:56:54 OK   00002_add_performance_indexes.sql (868.97µs)
2026/02/11 20:56:54 OK   00003_add_git_branch_to_projects.sql (547.76µs)
2026/02/11 20:56:54 OK   00005_add_task_events.sql (255.32µs)
2026/02/11 20:56:54 OK   00006_add_assignees.sql (291.7µs)
2026/02/11 20:56:54 OK   00007_add_task_assignee.sql (454.17µs)
2026/02/11 20:56:54 OK   00008_fix_assignee_name_uniqueness.sql (1.75ms)
2026/02/11 20:56:54 goose: successfully migrated database to version: 8
--- PASS: TestMoveTaskToNextColumn_LastColumn (0.04s)
=== CONT  TestDetachLabel
2026/02/11 20:56:54 OK   00001_initial_schema.sql (2.15ms)
2026/02/11 20:56:54 OK   00002_add_performance_indexes.sql (796.51µs)
2026/02/11 20:56:54 OK   00003_add_git_branch_to_projects.sql (512.75µs)
2026/02/11 20:56:54 OK   00005_add_task_events.sql (252.29µs)
2026/02/11 20:56:54 OK   00006_add_assignees.sql (280.42µs)
2026/02/11 20:56:54 OK   00007_add_task_assignee.sql (476.64µs)
2026/02/11 20:56:54 OK   00008_fix_assignee_name_uniqueness.sql (1.77ms)
2026/02/11 20:56:54 goose: successfully migrated database to version: 8
--- PASS: TestMoveTaskToNextColumn (0.04s)
=== CONT  TestAttachLabel
2026/02/11 20:56:54 OK   00001_initial_schema.sql (2.24ms)
2026/02/11 20:56:54 OK   00002_add_performance_indexes.sql (817.98µs)
2026/02/11 20:56:54 OK   00003_add_git_branch_to_projects.sql (511.42µs)
2026/02/11 20:56:54 OK   00005_add_task_events.sql (253.94µs)
2026/02/11 20:56:54 OK   00006_add_assignees.sql (284.57µs)
2026/02/11 20:56:54 OK   00007_add_task_assignee.sql (471.73µs)
2026/02/11 20:56:54 OK   00008_fix_assignee_name_uniqueness.sql (1.75ms)
2026/02/11 20:56:54 goose: successfully migrated database to version: 8
--- PASS: TestComment_BoundaryConditions (0.04s)
=== CONT  TestDeleteTask_InvalidID
2026/02/11 20:56:54 OK   00001_initial_schema.sql (2.01ms)
2026/02/11 20:56:54 OK   00002_add_performance_indexes.sql (783.76µs)
2026/02/11 20:56:54 OK   00003_add_git_branch_to_projects.sql (526.04µs)
2026/02/11 20:56:54 OK   00005_add_task_events.sql (248.18µs)
2026/02/11 20:56:54 OK   00006_add_assignees.sql (301.12µs)
2026/02/11 20:56:54 OK   00007_add_task_assignee.sql (476.34µs)
2026/02/11 20:56:54 OK   00008_fix_assignee_name_uniqueness.sql (1.71ms)
2026/02/11 20:56:54 goose: successfully migrated database to version: 8
--- PASS: TestCreateTask_MaxLengthTitle (0.04s)
=== CONT  TestDeleteTask
2026/02/11 20:56:54 OK   00001_initial_schema.sql (2.07ms)
2026/02/11 20:56:54 OK   00002_add_performance_indexes.sql (793.68µs)
2026/02/11 20:56:54 OK   00003_add_git_branch_to_projects.sql (535.33µs)
2026/02/11 20:56:54 OK   00005_add_task_events.sql (258.22µs)
2026/02/11 20:56:54 OK   00006_add_assignees.sql (289.7µs)
2026/02/11 20:56:54 OK   00007_add_task_assignee.sql (465.38µs)
2026/02/11 20:56:54 OK   00008_fix_assignee_name_uniqueness.sql (1.71ms)
2026/02/11 20:56:54 goose: successfully migrated database to version: 8
--- PASS: TestGetTaskDetail_NegativeID (0.04s)
=== CONT  TestUpdateTask_Validation
=== RUN   TestUpdateTask_Validation/empty_title
=== PAUSE TestUpdateTask_Validation/empty_title
=== RUN   TestUpdateTask_Validation/invalid_ID
=== PAUSE TestUpdateTask_Validation/invalid_ID
=== CONT  TestUpdateTask
2026/02/11 20:56:54 OK   00001_initial_schema.sql (1.82ms)
2026/02/11 20:56:54 OK   00002_add_performance_indexes.sql (835.69µs)
2026/02/11 20:56:54 OK   00003_add_git_branch_to_projects.sql (525.73µs)
2026/02/11 20:56:54 OK   00005_add_task_events.sql (257.02µs)
2026/02/11 20:56:54 OK   00006_add_assignees.sql (286.46µs)
2026/02/11 20:56:54 OK   00007_add_task_assignee.sql (453.41µs)
2026/02/11 20:56:54 OK   00008_fix_assignee_name_uniqueness.sql (1.73ms)
2026/02/11 20:56:54 goose: successfully migrated database to version: 8
--- PASS: TestGetTaskDetail_IncludesComments (0.04s)
=== CONT  TestGetTaskSummariesByProject
2026/02/11 20:56:54 OK   00001_initial_schema.sql (2.19ms)
2026/02/11 20:56:54 OK   00002_add_performance_indexes.sql (754.11µs)
2026/02/11 20:56:54 OK   00003_add_git_branch_to_projects.sql (488.75µs)
2026/02/11 20:56:54 OK   00005_add_task_events.sql (252.51µs)
2026/02/11 20:56:54 OK   00006_add_assignees.sql (244.17µs)
2026/02/11 20:56:54 OK   00007_add_task_assignee.sql (424.5µs)
2026/02/11 20:56:54 OK   00008_fix_assignee_name_uniqueness.sql (1.7ms)
2026/02/11 20:56:54 goose: successfully migrated database to version: 8
--- PASS: TestDetachLabel (0.04s)
=== CONT  TestGetTaskDetail_InvalidID
2026/02/11 20:56:54 OK   00001_initial_schema.sql (2.12ms)
2026/02/11 20:56:54 OK   00002_add_performance_indexes.sql (787.7µs)
2026/02/11 20:56:54 OK   00003_add_git_branch_to_projects.sql (527.87µs)
2026/02/11 20:56:54 OK   00005_add_task_events.sql (255.93µs)
2026/02/11 20:56:54 OK   00006_add_assignees.sql (278.74µs)
2026/02/11 20:56:54 OK   00007_add_task_assignee.sql (464.83µs)
2026/02/11 20:56:54 OK   00008_fix_assignee_name_uniqueness.sql (1.76ms)
2026/02/11 20:56:54 goose: successfully migrated database to version: 8
--- PASS: TestAttachLabel (0.04s)
=== CONT  TestGetTaskDetail_NotFound
2026/02/11 20:56:54 OK   00001_initial_schema.sql (2.11ms)
2026/02/11 20:56:54 OK   00002_add_performance_indexes.sql (795.56µs)
2026/02/11 20:56:54 OK   00003_add_git_branch_to_projects.sql (532.3µs)
2026/02/11 20:56:54 OK   00005_add_task_events.sql (251.43µs)
2026/02/11 20:56:54 OK   00006_add_assignees.sql (286.06µs)
2026/02/11 20:56:54 OK   00007_add_task_assignee.sql (464.02µs)
2026/02/11 20:56:54 OK   00008_fix_assignee_name_uniqueness.sql (1.74ms)
2026/02/11 20:56:54 goose: successfully migrated database to version: 8
--- PASS: TestDeleteTask_InvalidID (0.04s)
=== CONT  TestGetTaskDetail
2026/02/11 20:56:54 OK   00001_initial_schema.sql (2.16ms)
2026/02/11 20:56:54 OK   00002_add_performance_indexes.sql (856.05µs)
2026/02/11 20:56:54 OK   00003_add_git_branch_to_projects.sql (591.48µs)
2026/02/11 20:56:54 OK   00005_add_task_events.sql (260.88µs)
2026/02/11 20:56:54 OK   00006_add_assignees.sql (357.58µs)
2026/02/11 20:56:54 OK   00007_add_task_assignee.sql (473.65µs)
2026/02/11 20:56:54 OK   00008_fix_assignee_name_uniqueness.sql (1.88ms)
2026/02/11 20:56:54 goose: successfully migrated database to version: 8
--- PASS: TestDeleteTask (0.04s)
=== CONT  TestCreateTask_WithLabels
2026/02/11 20:56:54 OK   00001_initial_schema.sql (2.18ms)
2026/02/11 20:56:54 OK   00002_add_performance_indexes.sql (797.44µs)
2026/02/11 20:56:54 OK   00003_add_git_branch_to_projects.sql (541.98µs)
2026/02/11 20:56:54 OK   00005_add_task_events.sql (250.99µs)
2026/02/11 20:56:54 OK   00006_add_assignees.sql (285.87µs)
2026/02/11 20:56:54 OK   00007_add_task_assignee.sql (462.65µs)
2026/02/11 20:56:54 OK   00008_fix_assignee_name_uniqueness.sql (1.77ms)
2026/02/11 20:56:54 goose: successfully migrated database to version: 8
--- PASS: TestUpdateTask (0.04s)
=== CONT  TestCreateTask_Validation
=== RUN   TestCreateTask_Validation/empty_title
=== PAUSE TestCreateTask_Validation/empty_title
=== RUN   TestCreateTask_Validation/title_too_long
=== PAUSE TestCreateTask_Validation/title_too_long
=== RUN   TestCreateTask_Validation/invalid_column_ID
=== PAUSE TestCreateTask_Validation/invalid_column_ID
=== RUN   TestCreateTask_Validation/invalid_position
=== PAUSE TestCreateTask_Validation/invalid_position
=== CONT  TestCreateTask
2026/02/11 20:56:54 OK   00001_initial_schema.sql (2.16ms)
2026/02/11 20:56:54 OK   00002_add_performance_indexes.sql (772.19µs)
2026/02/11 20:56:54 OK   00003_add_git_branch_to_projects.sql (503.44µs)
2026/02/11 20:56:54 OK   00005_add_task_events.sql (249.56µs)
2026/02/11 20:56:54 OK   00006_add_assignees.sql (273.56µs)
2026/02/11 20:56:54 OK   00007_add_task_assignee.sql (460.47µs)
2026/02/11 20:56:54 OK   00008_fix_assignee_name_uniqueness.sql (1.72ms)
2026/02/11 20:56:54 goose: successfully migrated database to version: 8
--- PASS: TestGetTaskSummariesByProject (0.04s)
=== CONT  TestDeleteTask_CascadesComments
2026/02/11 20:56:54 OK   00001_initial_schema.sql (2.39ms)
2026/02/11 20:56:54 OK   00002_add_performance_indexes.sql (759µs)
2026/02/11 20:56:54 OK   00003_add_git_branch_to_projects.sql (495.55µs)
2026/02/11 20:56:54 OK   00005_add_task_events.sql (244.07µs)
2026/02/11 20:56:54 OK   00006_add_assignees.sql (284.98µs)
2026/02/11 20:56:54 OK   00007_add_task_assignee.sql (465.35µs)
2026/02/11 20:56:54 OK   00008_fix_assignee_name_uniqueness.sql (1.72ms)
2026/02/11 20:56:54 goose: successfully migrated database to version: 8
--- PASS: TestGetTaskDetail_InvalidID (0.04s)
=== CONT  TestGetCommentsByTask_OrderedByCreatedAt
2026/02/11 20:56:54 OK   00001_initial_schema.sql (1.88ms)
2026/02/11 20:56:54 OK   00002_add_performance_indexes.sql (808.35µs)
2026/02/11 20:56:54 OK   00003_add_git_branch_to_projects.sql (541.41µs)
2026/02/11 20:56:54 OK   00005_add_task_events.sql (258.95µs)
2026/02/11 20:56:54 OK   00006_add_assignees.sql (289.92µs)
2026/02/11 20:56:54 OK   00007_add_task_assignee.sql (458.42µs)
2026/02/11 20:56:54 OK   00008_fix_assignee_name_uniqueness.sql (1.75ms)
2026/02/11 20:56:54 goose: successfully migrated database to version: 8
--- PASS: TestGetTaskDetail_NotFound (0.04s)
=== CONT  TestGetCommentsByTask_InvalidTaskID
2026/02/11 20:56:54 OK   00001_initial_schema.sql (1.93ms)
2026/02/11 20:56:54 OK   00002_add_performance_indexes.sql (780.31µs)
2026/02/11 20:56:54 OK   00003_add_git_branch_to_projects.sql (524.72µs)
2026/02/11 20:56:54 OK   00005_add_task_events.sql (251.34µs)
2026/02/11 20:56:54 OK   00006_add_assignees.sql (274.18µs)
2026/02/11 20:56:54 OK   00007_add_task_assignee.sql (465.17µs)
2026/02/11 20:56:54 OK   00008_fix_assignee_name_uniqueness.sql (1.74ms)
2026/02/11 20:56:54 goose: successfully migrated database to version: 8
--- PASS: TestGetTaskDetail (0.04s)
=== CONT  TestGetCommentsByTask_NoComments
2026/02/11 20:56:54 OK   00001_initial_schema.sql (2.23ms)
2026/02/11 20:56:54 OK   00002_add_performance_indexes.sql (778.91µs)
2026/02/11 20:56:54 OK   00003_add_git_branch_to_projects.sql (487.12µs)
2026/02/11 20:56:54 OK   00005_add_task_events.sql (257.27µs)
2026/02/11 20:56:54 OK   00006_add_assignees.sql (282.61µs)
2026/02/11 20:56:54 OK   00007_add_task_assignee.sql (460.38µs)
2026/02/11 20:56:54 OK   00008_fix_assignee_name_uniqueness.sql (1.83ms)
2026/02/11 20:56:54 goose: successfully migrated database to version: 8
--- PASS: TestCreateTask_WithLabels (0.04s)
=== CONT  TestGetCommentsByTask
2026/02/11 20:56:54 OK   00001_initial_schema.sql (2.24ms)
2026/02/11 20:56:54 OK   00002_add_performance_indexes.sql (782.19µs)
2026/02/11 20:56:54 OK   00003_add_git_branch_to_projects.sql (487.82µs)
2026/02/11 20:56:54 OK   00005_add_task_events.sql (249.97µs)
2026/02/11 20:56:54 OK   00006_add_assignees.sql (287.56µs)
2026/02/11 20:56:54 OK   00007_add_task_assignee.sql (457.23µs)
2026/02/11 20:56:54 OK   00008_fix_assignee_name_uniqueness.sql (1.74ms)
2026/02/11 20:56:54 goose: successfully migrated database to version: 8
--- PASS: TestCreateTask (0.04s)
=== CONT  TestDeleteComment_NonExistentComment
2026/02/11 20:56:54 OK   00001_initial_schema.sql (2.07ms)
2026/02/11 20:56:54 OK   00002_add_performance_indexes.sql (771.29µs)
2026/02/11 20:56:54 OK   00003_add_git_branch_to_projects.sql (506.48µs)
2026/02/11 20:56:54 OK   00005_add_task_events.sql (241.74µs)
2026/02/11 20:56:54 OK   00006_add_assignees.sql (281.61µs)
2026/02/11 20:56:54 OK   00007_add_task_assignee.sql (467.93µs)
2026/02/11 20:56:54 OK   00008_fix_assignee_name_uniqueness.sql (1.73ms)
2026/02/11 20:56:54 goose: successfully migrated database to version: 8
--- PASS: TestDeleteTask_CascadesComments (0.04s)
=== CONT  TestDeleteComment_InvalidID
2026/02/11 20:56:54 OK   00001_initial_schema.sql (2.19ms)
2026/02/11 20:56:54 OK   00002_add_performance_indexes.sql (774.85µs)
2026/02/11 20:56:54 OK   00003_add_git_branch_to_projects.sql (487.99µs)
2026/02/11 20:56:54 OK   00005_add_task_events.sql (256.45µs)
2026/02/11 20:56:54 OK   00006_add_assignees.sql (279.48µs)
2026/02/11 20:56:54 OK   00007_add_task_assignee.sql (453.49µs)
2026/02/11 20:56:54 OK   00008_fix_assignee_name_uniqueness.sql (1.73ms)
2026/02/11 20:56:54 goose: successfully migrated database to version: 8
--- PASS: TestGetCommentsByTask_OrderedByCreatedAt (0.04s)
=== CONT  TestDeleteComment
2026/02/11 20:56:54 OK   00001_initial_schema.sql (2.02ms)
2026/02/11 20:56:54 OK   00002_add_performance_indexes.sql (760.55µs)
2026/02/11 20:56:54 OK   00003_add_git_branch_to_projects.sql (487.67µs)
2026/02/11 20:56:54 OK   00005_add_task_events.sql (242.95µs)
2026/02/11 20:56:54 OK   00006_add_assignees.sql (273.05µs)
2026/02/11 20:56:54 OK   00007_add_task_assignee.sql (460.16µs)
2026/02/11 20:56:54 OK   00008_fix_assignee_name_uniqueness.sql (1.73ms)
2026/02/11 20:56:54 goose: successfully migrated database to version: 8
--- PASS: TestGetCommentsByTask_InvalidTaskID (0.04s)
=== CONT  TestUpdateTask_EmitsPriorityChangedEvent
2026/02/11 20:56:54 OK   00001_initial_schema.sql (1.92ms)
2026/02/11 20:56:54 OK   00002_add_performance_indexes.sql (786.93µs)
2026/02/11 20:56:54 OK   00003_add_git_branch_to_projects.sql (527.82µs)
2026/02/11 20:56:54 OK   00005_add_task_events.sql (263.15µs)
2026/02/11 20:56:54 OK   00006_add_assignees.sql (278.43µs)
2026/02/11 20:56:54 OK   00007_add_task_assignee.sql (459.81µs)
2026/02/11 20:56:54 OK   00008_fix_assignee_name_uniqueness.sql (1.73ms)
2026/02/11 20:56:54 goose: successfully migrated database to version: 8
--- PASS: TestGetCommentsByTask_NoComments (0.04s)
=== CONT  TestUpdateComment
2026/02/11 20:56:54 OK   00001_initial_schema.sql (1.98ms)
2026/02/11 20:56:54 OK   00002_add_performance_indexes.sql (878.59µs)
2026/02/11 20:56:54 OK   00003_add_git_branch_to_projects.sql (545.45µs)
2026/02/11 20:56:54 OK   00005_add_task_events.sql (261.66µs)
2026/02/11 20:56:54 OK   00006_add_assignees.sql (353.93µs)
2026/02/11 20:56:54 OK   00007_add_task_assignee.sql (464.88µs)
2026/02/11 20:56:54 OK   00008_fix_assignee_name_uniqueness.sql (1.88ms)
2026/02/11 20:56:54 goose: successfully migrated database to version: 8
--- PASS: TestGetCommentsByTask (0.04s)
=== CONT  TestCreateComment_Validation
=== RUN   TestCreateComment_Validation/empty_message
=== PAUSE TestCreateComment_Validation/empty_message
=== RUN   TestCreateComment_Validation/message_too_long
=== PAUSE TestCreateComment_Validation/message_too_long
=== RUN   TestCreateComment_Validation/invalid_task_ID
=== PAUSE TestCreateComment_Validation/invalid_task_ID
=== RUN   TestCreateComment_Validation/non-existent_task
=== PAUSE TestCreateComment_Validation/non-existent_task
=== CONT  TestCreateComment
2026/02/11 20:56:54 OK   00001_initial_schema.sql (2.03ms)
2026/02/11 20:56:54 OK   00002_add_performance_indexes.sql (773.95µs)
2026/02/11 20:56:54 OK   00003_add_git_branch_to_projects.sql (533.11µs)
2026/02/11 20:56:54 OK   00005_add_task_events.sql (251.05µs)
2026/02/11 20:56:54 OK   00006_add_assignees.sql (281.48µs)
2026/02/11 20:56:54 OK   00007_add_task_assignee.sql (462.17µs)
2026/02/11 20:56:54 OK   00008_fix_assignee_name_uniqueness.sql (1.84ms)
2026/02/11 20:56:54 goose: successfully migrated database to version: 8
--- PASS: TestDeleteComment_NonExistentComment (0.04s)
=== CONT  TestMultipleMoveOperations_EmitCorrectEvents
2026/02/11 20:56:54 OK   00001_initial_schema.sql (1.9ms)
2026/02/11 20:56:54 OK   00002_add_performance_indexes.sql (778.3µs)
2026/02/11 20:56:54 OK   00003_add_git_branch_to_projects.sql (524.31µs)
2026/02/11 20:56:54 OK   00005_add_task_events.sql (276.65µs)
2026/02/11 20:56:54 OK   00006_add_assignees.sql (276.52µs)
2026/02/11 20:56:54 OK   00007_add_task_assignee.sql (449.09µs)
2026/02/11 20:56:54 OK   00008_fix_assignee_name_uniqueness.sql (1.82ms)
2026/02/11 20:56:54 goose: successfully migrated database to version: 8
--- PASS: TestDeleteComment_InvalidID (0.04s)
=== CONT  TestEventServiceError_DoesNotBreakOperation
2026/02/11 20:56:54 OK   00001_initial_schema.sql (1.87ms)
2026/02/11 20:56:54 OK   00002_add_performance_indexes.sql (795.93µs)
2026/02/11 20:56:54 OK   00003_add_git_branch_to_projects.sql (535.51µs)
2026/02/11 20:56:54 OK   00005_add_task_events.sql (261.66µs)
2026/02/11 20:56:54 OK   00006_add_assignees.sql (285.18µs)
2026/02/11 20:56:54 OK   00007_add_task_assignee.sql (464.94µs)
2026/02/11 20:56:54 OK   00008_fix_assignee_name_uniqueness.sql (1.73ms)
2026/02/11 20:56:54 goose: successfully migrated database to version: 8
--- PASS: TestDeleteComment (0.04s)
=== CONT  TestMoveTask_SameColumn_NoEventEmitted
2026/02/11 20:56:54 OK   00001_initial_schema.sql (1.91ms)
2026/02/11 20:56:54 OK   00002_add_performance_indexes.sql (790.98µs)
2026/02/11 20:56:54 OK   00003_add_git_branch_to_projects.sql (527.54µs)
2026/02/11 20:56:54 OK   00005_add_task_events.sql (246.43µs)
2026/02/11 20:56:54 OK   00006_add_assignees.sql (275.91µs)
2026/02/11 20:56:54 OK   00007_add_task_assignee.sql (464.2µs)
2026/02/11 20:56:54 OK   00008_fix_assignee_name_uniqueness.sql (1.72ms)
2026/02/11 20:56:54 goose: successfully migrated database to version: 8
--- PASS: TestUpdateTask_EmitsPriorityChangedEvent (0.04s)
=== CONT  TestNoEventService_NoEventsEmitted
2026/02/11 20:56:54 OK   00001_initial_schema.sql (2.08ms)
2026/02/11 20:56:54 OK   00002_add_performance_indexes.sql (765.86µs)
2026/02/11 20:56:54 OK   00003_add_git_branch_to_projects.sql (498.43µs)
2026/02/11 20:56:54 OK   00005_add_task_events.sql (254.8µs)
2026/02/11 20:56:54 OK   00006_add_assignees.sql (270.02µs)
2026/02/11 20:56:54 OK   00007_add_task_assignee.sql (461.01µs)
2026/02/11 20:56:54 OK   00008_fix_assignee_name_uniqueness.sql (1.72ms)
2026/02/11 20:56:54 goose: successfully migrated database to version: 8
--- PASS: TestUpdateComment (0.04s)
=== CONT  TestCreateTask_WithParents_OnlyEmitsTaskCreatedEvent
2026/02/11 20:56:54 OK   00001_initial_schema.sql (2.08ms)
2026/02/11 20:56:54 OK   00002_add_performance_indexes.sql (787.81µs)
2026/02/11 20:56:54 OK   00003_add_git_branch_to_projects.sql (499.07µs)
2026/02/11 20:56:54 OK   00005_add_task_events.sql (249.73µs)
2026/02/11 20:56:54 OK   00006_add_assignees.sql (298.75µs)
2026/02/11 20:56:54 OK   00007_add_task_assignee.sql (465.78µs)
2026/02/11 20:56:54 OK   00008_fix_assignee_name_uniqueness.sql (1.85ms)
2026/02/11 20:56:54 goose: successfully migrated database to version: 8
--- PASS: TestCreateComment (0.04s)
=== CONT  TestCreateTask_WithLabels_OnlyEmitsTaskCreatedEvent
2026/02/11 20:56:54 OK   00001_initial_schema.sql (1.99ms)
2026/02/11 20:56:54 OK   00002_add_performance_indexes.sql (781.2µs)
2026/02/11 20:56:54 OK   00003_add_git_branch_to_projects.sql (528.24µs)
2026/02/11 20:56:54 OK   00005_add_task_events.sql (249.41µs)
2026/02/11 20:56:54 OK   00006_add_assignees.sql (282.09µs)
2026/02/11 20:56:54 OK   00007_add_task_assignee.sql (468.78µs)
2026/02/11 20:56:54 OK   00008_fix_assignee_name_uniqueness.sql (1.73ms)
2026/02/11 20:56:54 goose: successfully migrated database to version: 8
--- PASS: TestMultipleMoveOperations_EmitCorrectEvents (0.04s)
=== CONT  TestUpdateTask_EmitsBothPriorityAndTypeChangedEvents
2026/02/11 20:56:54 OK   00001_initial_schema.sql (2.26ms)
2026/02/11 20:56:54 OK   00002_add_performance_indexes.sql (763.63µs)
2026/02/11 20:56:54 OK   00003_add_git_branch_to_projects.sql (486.86µs)
2026/02/11 20:56:54 OK   00005_add_task_events.sql (254.74µs)
2026/02/11 20:56:54 OK   00006_add_assignees.sql (247.91µs)
2026/02/11 20:56:54 OK   00007_add_task_assignee.sql (403.71µs)
2026/02/11 20:56:54 OK   00008_fix_assignee_name_uniqueness.sql (1.79ms)
2026/02/11 20:56:54 goose: successfully migrated database to version: 8
--- PASS: TestEventServiceError_DoesNotBreakOperation (0.04s)
=== CONT  TestUpdateTask_NoEventWhenTypeUnchanged
2026/02/11 20:56:54 OK   00001_initial_schema.sql (1.97ms)
2026/02/11 20:56:54 OK   00002_add_performance_indexes.sql (838.05µs)
2026/02/11 20:56:54 OK   00003_add_git_branch_to_projects.sql (533.52µs)
2026/02/11 20:56:54 OK   00005_add_task_events.sql (248.28µs)
2026/02/11 20:56:54 OK   00006_add_assignees.sql (279.59µs)
2026/02/11 20:56:54 OK   00007_add_task_assignee.sql (465.63µs)
2026/02/11 20:56:54 OK   00008_fix_assignee_name_uniqueness.sql (1.72ms)
2026/02/11 20:56:54 goose: successfully migrated database to version: 8
--- PASS: TestMoveTask_SameColumn_NoEventEmitted (0.04s)
=== CONT  TestUpdateTask_NoEventWhenPriorityUnchanged
2026/02/11 20:56:54 OK   00001_initial_schema.sql (1.94ms)
2026/02/11 20:56:54 OK   00002_add_performance_indexes.sql (782.83µs)
2026/02/11 20:56:54 OK   00003_add_git_branch_to_projects.sql (519.42µs)
2026/02/11 20:56:54 OK   00005_add_task_events.sql (272.48µs)
2026/02/11 20:56:54 OK   00006_add_assignees.sql (277.72µs)
2026/02/11 20:56:54 OK   00007_add_task_assignee.sql (458.4µs)
2026/02/11 20:56:54 OK   00008_fix_assignee_name_uniqueness.sql (1.7ms)
2026/02/11 20:56:54 goose: successfully migrated database to version: 8
--- PASS: TestNoEventService_NoEventsEmitted (0.04s)
=== CONT  TestUpdateTask_EmitsTypeChangedEvent
2026/02/11 20:56:54 OK   00001_initial_schema.sql (2.05ms)
2026/02/11 20:56:54 OK   00002_add_performance_indexes.sql (802.41µs)
2026/02/11 20:56:54 OK   00003_add_git_branch_to_projects.sql (532.32µs)
2026/02/11 20:56:54 OK   00005_add_task_events.sql (257.79µs)
2026/02/11 20:56:54 OK   00006_add_assignees.sql (285.37µs)
2026/02/11 20:56:54 OK   00007_add_task_assignee.sql (454.24µs)
2026/02/11 20:56:54 OK   00008_fix_assignee_name_uniqueness.sql (1.76ms)
2026/02/11 20:56:54 goose: successfully migrated database to version: 8
--- PASS: TestCreateTask_WithParents_OnlyEmitsTaskCreatedEvent (0.04s)
=== CONT  TestMoveTaskToCompletedColumn_EmitsTaskMovedEvent
2026/02/11 20:56:54 OK   00001_initial_schema.sql (2.4ms)
2026/02/11 20:56:54 OK   00002_add_performance_indexes.sql (762.33µs)
2026/02/11 20:56:54 OK   00003_add_git_branch_to_projects.sql (497.51µs)
2026/02/11 20:56:54 OK   00005_add_task_events.sql (246.63µs)
2026/02/11 20:56:54 OK   00006_add_assignees.sql (275.29µs)
2026/02/11 20:56:54 OK   00007_add_task_assignee.sql (456.99µs)
2026/02/11 20:56:54 OK   00008_fix_assignee_name_uniqueness.sql (1.76ms)
2026/02/11 20:56:54 goose: successfully migrated database to version: 8
--- PASS: TestCreateTask_WithLabels_OnlyEmitsTaskCreatedEvent (0.04s)
=== CONT  TestDetachLabel_EmitsLabelRemovedEvent
2026/02/11 20:56:54 OK   00001_initial_schema.sql (2.19ms)
2026/02/11 20:56:54 OK   00002_add_performance_indexes.sql (762.06µs)
2026/02/11 20:56:54 OK   00003_add_git_branch_to_projects.sql (495.31µs)
2026/02/11 20:56:54 OK   00005_add_task_events.sql (242.33µs)
2026/02/11 20:56:54 OK   00006_add_assignees.sql (274.75µs)
2026/02/11 20:56:54 OK   00007_add_task_assignee.sql (465.77µs)
2026/02/11 20:56:54 OK   00008_fix_assignee_name_uniqueness.sql (1.71ms)
2026/02/11 20:56:54 goose: successfully migrated database to version: 8
--- PASS: TestUpdateTask_EmitsBothPriorityAndTypeChangedEvents (0.04s)
=== CONT  TestAttachLabel_EmitsLabelAddedEvent
2026/02/11 20:56:54 OK   00001_initial_schema.sql (2.2ms)
2026/02/11 20:56:54 OK   00002_add_performance_indexes.sql (785.34µs)
2026/02/11 20:56:54 OK   00003_add_git_branch_to_projects.sql (480.49µs)
2026/02/11 20:56:54 OK   00005_add_task_events.sql (253.82µs)
2026/02/11 20:56:54 OK   00006_add_assignees.sql (276.08µs)
2026/02/11 20:56:54 OK   00007_add_task_assignee.sql (452.02µs)
2026/02/11 20:56:54 OK   00008_fix_assignee_name_uniqueness.sql (1.72ms)
2026/02/11 20:56:54 goose: successfully migrated database to version: 8
--- PASS: TestUpdateTask_NoEventWhenTypeUnchanged (0.04s)
=== CONT  TestRemoveChildRelation_EmitsTaskDisassociatedEvent
2026/02/11 20:56:54 OK   00001_initial_schema.sql (2.07ms)
2026/02/11 20:56:54 OK   00002_add_performance_indexes.sql (757.05µs)
2026/02/11 20:56:54 OK   00003_add_git_branch_to_projects.sql (494.64µs)
2026/02/11 20:56:54 OK   00005_add_task_events.sql (243.02µs)
2026/02/11 20:56:54 OK   00006_add_assignees.sql (269.18µs)
2026/02/11 20:56:54 OK   00007_add_task_assignee.sql (465.91µs)
2026/02/11 20:56:54 OK   00008_fix_assignee_name_uniqueness.sql (1.73ms)
2026/02/11 20:56:54 goose: successfully migrated database to version: 8
--- PASS: TestUpdateTask_NoEventWhenPriorityUnchanged (0.04s)
=== CONT  TestRemoveParentRelation_EmitsTaskDisassociatedEvent
2026/02/11 20:56:54 OK   00001_initial_schema.sql (2.08ms)
2026/02/11 20:56:54 OK   00002_add_performance_indexes.sql (770.32µs)
2026/02/11 20:56:54 OK   00003_add_git_branch_to_projects.sql (484.85µs)
2026/02/11 20:56:54 OK   00005_add_task_events.sql (240.21µs)
2026/02/11 20:56:54 OK   00006_add_assignees.sql (274.47µs)
2026/02/11 20:56:54 OK   00007_add_task_assignee.sql (458µs)
2026/02/11 20:56:54 OK   00008_fix_assignee_name_uniqueness.sql (1.71ms)
2026/02/11 20:56:54 goose: successfully migrated database to version: 8
--- PASS: TestUpdateTask_EmitsTypeChangedEvent (0.04s)
=== CONT  TestAddChildRelation_EmitsTaskAssociatedEvent
2026/02/11 20:56:54 OK   00001_initial_schema.sql (2.04ms)
2026/02/11 20:56:54 OK   00002_add_performance_indexes.sql (751.82µs)
2026/02/11 20:56:54 OK   00003_add_git_branch_to_projects.sql (492.28µs)
2026/02/11 20:56:54 OK   00005_add_task_events.sql (240µs)
2026/02/11 20:56:54 OK   00006_add_assignees.sql (273.65µs)
2026/02/11 20:56:54 OK   00007_add_task_assignee.sql (465.57µs)
2026/02/11 20:56:54 OK   00008_fix_assignee_name_uniqueness.sql (1.74ms)
2026/02/11 20:56:54 goose: successfully migrated database to version: 8
--- PASS: TestMoveTaskToCompletedColumn_EmitsTaskMovedEvent (0.04s)
=== CONT  TestAddParentRelation_EmitsTaskAssociatedEvent
2026/02/11 20:56:54 OK   00001_initial_schema.sql (2.13ms)
2026/02/11 20:56:54 OK   00002_add_performance_indexes.sql (795.56µs)
2026/02/11 20:56:54 OK   00003_add_git_branch_to_projects.sql (502.61µs)
2026/02/11 20:56:54 OK   00005_add_task_events.sql (296.69µs)
2026/02/11 20:56:54 OK   00006_add_assignees.sql (278.69µs)
2026/02/11 20:56:54 OK   00007_add_task_assignee.sql (521.46µs)
2026/02/11 20:56:54 OK   00008_fix_assignee_name_uniqueness.sql (1.74ms)
2026/02/11 20:56:54 goose: successfully migrated database to version: 8
--- PASS: TestDetachLabel_EmitsLabelRemovedEvent (0.04s)
=== CONT  TestMoveTaskToColumn_EmitsTaskMovedEvent
2026/02/11 20:56:54 OK   00001_initial_schema.sql (2.05ms)
2026/02/11 20:56:54 OK   00002_add_performance_indexes.sql (827.79µs)
2026/02/11 20:56:54 OK   00003_add_git_branch_to_projects.sql (526.47µs)
2026/02/11 20:56:54 OK   00005_add_task_events.sql (327.69µs)
2026/02/11 20:56:54 OK   00006_add_assignees.sql (283.1µs)
2026/02/11 20:56:54 OK   00007_add_task_assignee.sql (457.01µs)
2026/02/11 20:56:54 OK   00008_fix_assignee_name_uniqueness.sql (1.74ms)
2026/02/11 20:56:54 goose: successfully migrated database to version: 8
--- PASS: TestAttachLabel_EmitsLabelAddedEvent (0.04s)
=== CONT  TestMoveTaskToReadyColumn_EmitsTaskMovedEvent
2026/02/11 20:56:54 OK   00001_initial_schema.sql (2.08ms)
2026/02/11 20:56:54 OK   00002_add_performance_indexes.sql (771.19µs)
2026/02/11 20:56:54 OK   00003_add_git_branch_to_projects.sql (530.2µs)
2026/02/11 20:56:54 OK   00005_add_task_events.sql (250.05µs)
2026/02/11 20:56:54 OK   00006_add_assignees.sql (282.44µs)
2026/02/11 20:56:54 OK   00007_add_task_assignee.sql (455.57µs)
2026/02/11 20:56:54 OK   00008_fix_assignee_name_uniqueness.sql (1.73ms)
2026/02/11 20:56:54 goose: successfully migrated database to version: 8
2026/02/11 20:56:54 OK   00001_initial_schema.sql (2.16ms)
--- PASS: TestRemoveChildRelation_EmitsTaskDisassociatedEvent (0.04s)
=== CONT  TestMoveTaskToPrevColumn_EmitsTaskMovedEvent
2026/02/11 20:56:54 OK   00002_add_performance_indexes.sql (972.55µs)
2026/02/11 20:56:54 OK   00003_add_git_branch_to_projects.sql (510.35µs)
2026/02/11 20:56:54 OK   00005_add_task_events.sql (251.45µs)
2026/02/11 20:56:54 OK   00006_add_assignees.sql (249.6µs)
2026/02/11 20:56:54 OK   00007_add_task_assignee.sql (429.56µs)
2026/02/11 20:56:54 OK   00008_fix_assignee_name_uniqueness.sql (1.68ms)
2026/02/11 20:56:54 goose: successfully migrated database to version: 8
--- PASS: TestRemoveParentRelation_EmitsTaskDisassociatedEvent (0.04s)
=== CONT  TestMoveTaskToNextColumn_EmitsTaskMovedEvent
2026/02/11 20:56:54 OK   00001_initial_schema.sql (2.08ms)
2026/02/11 20:56:54 OK   00002_add_performance_indexes.sql (780.23µs)
2026/02/11 20:56:54 OK   00003_add_git_branch_to_projects.sql (526.94µs)
2026/02/11 20:56:54 OK   00005_add_task_events.sql (262.85µs)
2026/02/11 20:56:54 OK   00006_add_assignees.sql (281.71µs)
2026/02/11 20:56:54 OK   00007_add_task_assignee.sql (461.33µs)
2026/02/11 20:56:54 OK   00008_fix_assignee_name_uniqueness.sql (1.72ms)
2026/02/11 20:56:54 goose: successfully migrated database to version: 8
--- PASS: TestAddChildRelation_EmitsTaskAssociatedEvent (0.04s)
=== CONT  TestDetachLabel_ErrorPaths/invalid_task_ID_zero
--- FAIL: TestDetachLabel_ErrorPaths (0.74s)
    --- FAIL: TestDetachLabel_ErrorPaths/invalid_task_ID_zero (0.00s)
panic: testing: t.Parallel called multiple times [recovered, repanicked]

goroutine 598 [running]:
testing.tRunner.func1.2({0x9b49e0, 0xb10210})
	/usr/lib/go/src/testing/testing.go:1872 +0x237
testing.tRunner.func1()
	/usr/lib/go/src/testing/testing.go:1875 +0x35b
panic({0x9b49e0?, 0xb10210?})
	/usr/lib/go/src/runtime/panic.go:783 +0x132
testing.(*T).Parallel(0xc0003128c0?)
	/usr/lib/go/src/testing/testing.go:1665 +0x3e5
github.com/thenoetrevino/paso/internal/services/task.TestDetachLabel_ErrorPaths.func8(0xc0003128c0)
	/home/noetrevino/projects/new-paso/tests/internal/services/task/task_error_paths_test.go:622 +0x2f
testing.tRunner(0xc0003128c0, 0xc00180ee80)
	/usr/lib/go/src/testing/testing.go:1934 +0xea
created by testing.(*T).Run in goroutine 64
	/usr/lib/go/src/testing/testing.go:1997 +0x465
FAIL	github.com/thenoetrevino/paso/internal/services/task	0.985s
=== RUN   TestCreateTaskCreatedEvent
=== PAUSE TestCreateTaskCreatedEvent
=== RUN   TestCreateTaskMovedEvent
=== PAUSE TestCreateTaskMovedEvent
=== RUN   TestCreateTaskAssociatedEvent
=== PAUSE TestCreateTaskAssociatedEvent
=== RUN   TestCreateTaskDisassociatedEvent
=== PAUSE TestCreateTaskDisassociatedEvent
=== RUN   TestCreateLabelAddedEvent
=== PAUSE TestCreateLabelAddedEvent
=== RUN   TestCreateLabelRemovedEvent
=== PAUSE TestCreateLabelRemovedEvent
=== RUN   TestCreatePriorityChangedEvent
=== PAUSE TestCreatePriorityChangedEvent
=== RUN   TestCreateTypeChangedEvent
=== PAUSE TestCreateTypeChangedEvent
=== RUN   TestGetEventsByTask_MultipleEvents
=== PAUSE TestGetEventsByTask_MultipleEvents
=== RUN   TestGetEventsByTask_EmptyList
=== PAUSE TestGetEventsByTask_EmptyList
=== RUN   TestGetEventsByTask_InvalidTaskID
=== PAUSE TestGetEventsByTask_InvalidTaskID
=== RUN   TestCreateEvent_InvalidTaskID
=== PAUSE TestCreateEvent_InvalidTaskID
=== RUN   TestCreateTaskMovedEvent_InvalidTaskID
=== PAUSE TestCreateTaskMovedEvent_InvalidTaskID
=== RUN   TestCreateTaskAssociatedEvent_InvalidTaskID
=== PAUSE TestCreateTaskAssociatedEvent_InvalidTaskID
=== RUN   TestCreateTaskDisassociatedEvent_InvalidTaskID
=== PAUSE TestCreateTaskDisassociatedEvent_InvalidTaskID
=== RUN   TestCreateLabelAddedEvent_InvalidTaskID
=== PAUSE TestCreateLabelAddedEvent_InvalidTaskID
=== RUN   TestCreateLabelRemovedEvent_InvalidTaskID
=== PAUSE TestCreateLabelRemovedEvent_InvalidTaskID
=== RUN   TestCreatePriorityChangedEvent_InvalidTaskID
=== PAUSE TestCreatePriorityChangedEvent_InvalidTaskID
=== RUN   TestCreateTypeChangedEvent_InvalidTaskID
=== PAUSE TestCreateTypeChangedEvent_InvalidTaskID
=== RUN   TestEventAuthorPreserved
=== PAUSE TestEventAuthorPreserved
=== RUN   TestEventTimestampSet
=== PAUSE TestEventTimestampSet
=== RUN   TestEventTaskIDPreserved
=== PAUSE TestEventTaskIDPreserved
=== RUN   TestEventIDAssigned
=== PAUSE TestEventIDAssigned
=== RUN   TestGetEventsByTask_OnlyReturnsEventsForSpecificTask
=== PAUSE TestGetEventsByTask_OnlyReturnsEventsForSpecificTask
=== CONT  TestCreateTaskCreatedEvent
=== CONT  TestEventIDAssigned
=== CONT  TestGetEventsByTask_OnlyReturnsEventsForSpecificTask
=== CONT  TestCreateEvent_InvalidTaskID
=== CONT  TestEventTaskIDPreserved
=== CONT  TestEventTimestampSet
2026/02/11 20:56:53 OK   00001_initial_schema.sql (5.37ms)
2026/02/11 20:56:53 OK   00002_add_performance_indexes.sql (1.14ms)
2026/02/11 20:56:53 OK   00003_add_git_branch_to_projects.sql (700.36µs)
2026/02/11 20:56:53 OK   00005_add_task_events.sql (353.45µs)
2026/02/11 20:56:53 OK   00006_add_assignees.sql (375.05µs)
2026/02/11 20:56:53 OK   00007_add_task_assignee.sql (563.57µs)
2026/02/11 20:56:53 OK   00008_fix_assignee_name_uniqueness.sql (1.85ms)
2026/02/11 20:56:53 goose: successfully migrated database to version: 8
--- PASS: TestCreateTaskCreatedEvent (0.01s)
=== CONT  TestEventAuthorPreserved
2026/02/11 20:56:53 OK   00001_initial_schema.sql (2.01ms)
2026/02/11 20:56:53 OK   00002_add_performance_indexes.sql (979.64µs)
2026/02/11 20:56:53 OK   00003_add_git_branch_to_projects.sql (564.5µs)
2026/02/11 20:56:53 OK   00005_add_task_events.sql (256.4µs)
2026/02/11 20:56:53 OK   00006_add_assignees.sql (325.76µs)
2026/02/11 20:56:53 OK   00007_add_task_assignee.sql (512.6µs)
2026/02/11 20:56:53 OK   00008_fix_assignee_name_uniqueness.sql (1.81ms)
2026/02/11 20:56:53 goose: successfully migrated database to version: 8
--- PASS: TestEventIDAssigned (0.03s)
=== CONT  TestCreateTypeChangedEvent_InvalidTaskID
2026/02/11 20:56:53 OK   00001_initial_schema.sql (4.25ms)
2026/02/11 20:56:53 OK   00002_add_performance_indexes.sql (802.76µs)
2026/02/11 20:56:53 OK   00003_add_git_branch_to_projects.sql (509.18µs)
2026/02/11 20:56:53 OK   00005_add_task_events.sql (253.26µs)
2026/02/11 20:56:53 OK   00006_add_assignees.sql (254.7µs)
2026/02/11 20:56:53 OK   00007_add_task_assignee.sql (429.88µs)
2026/02/11 20:56:53 OK   00008_fix_assignee_name_uniqueness.sql (1.91ms)
2026/02/11 20:56:53 goose: successfully migrated database to version: 8
--- PASS: TestCreateEvent_InvalidTaskID (0.03s)
=== CONT  TestCreatePriorityChangedEvent_InvalidTaskID
2026/02/11 20:56:53 OK   00001_initial_schema.sql (2.25ms)
2026/02/11 20:56:53 OK   00002_add_performance_indexes.sql (925.39µs)
2026/02/11 20:56:53 OK   00003_add_git_branch_to_projects.sql (579.99µs)
2026/02/11 20:56:53 OK   00005_add_task_events.sql (296.85µs)
2026/02/11 20:56:53 OK   00006_add_assignees.sql (339.58µs)
2026/02/11 20:56:53 OK   00007_add_task_assignee.sql (520µs)
2026/02/11 20:56:53 OK   00008_fix_assignee_name_uniqueness.sql (4.57ms)
2026/02/11 20:56:53 goose: successfully migrated database to version: 8
--- PASS: TestEventTaskIDPreserved (0.05s)
=== CONT  TestCreateLabelRemovedEvent_InvalidTaskID
2026/02/11 20:56:53 OK   00001_initial_schema.sql (2.46ms)
2026/02/11 20:56:53 OK   00002_add_performance_indexes.sql (862.89µs)
2026/02/11 20:56:53 OK   00003_add_git_branch_to_projects.sql (564.16µs)
2026/02/11 20:56:53 OK   00005_add_task_events.sql (268.05µs)
2026/02/11 20:56:53 OK   00006_add_assignees.sql (304.02µs)
2026/02/11 20:56:53 OK   00007_add_task_assignee.sql (486.42µs)
2026/02/11 20:56:53 OK   00008_fix_assignee_name_uniqueness.sql (1.79ms)
2026/02/11 20:56:53 goose: successfully migrated database to version: 8
--- PASS: TestEventTimestampSet (0.06s)
=== CONT  TestCreateLabelAddedEvent_InvalidTaskID
2026/02/11 20:56:53 OK   00001_initial_schema.sql (3.41ms)
2026/02/11 20:56:53 OK   00002_add_performance_indexes.sql (967.26µs)
2026/02/11 20:56:53 OK   00003_add_git_branch_to_projects.sql (540.74µs)
2026/02/11 20:56:53 OK   00005_add_task_events.sql (256.2µs)
2026/02/11 20:56:53 OK   00006_add_assignees.sql (260.04µs)
2026/02/11 20:56:53 OK   00007_add_task_assignee.sql (1.51ms)
2026/02/11 20:56:53 OK   00008_fix_assignee_name_uniqueness.sql (3.03ms)
2026/02/11 20:56:53 goose: successfully migrated database to version: 8
2026/02/11 20:56:53 OK   00001_initial_schema.sql (1.93ms)
2026/02/11 20:56:53 OK   00002_add_performance_indexes.sql (1.47ms)
--- PASS: TestGetEventsByTask_OnlyReturnsEventsForSpecificTask (0.07s)
=== CONT  TestCreateTaskDisassociatedEvent_InvalidTaskID
2026/02/11 20:56:53 OK   00003_add_git_branch_to_projects.sql (1.13ms)
2026/02/11 20:56:53 OK   00005_add_task_events.sql (397.24µs)
2026/02/11 20:56:53 OK   00006_add_assignees.sql (262.81µs)
2026/02/11 20:56:53 OK   00007_add_task_assignee.sql (432.85µs)
2026/02/11 20:56:53 OK   00008_fix_assignee_name_uniqueness.sql (1.74ms)
2026/02/11 20:56:53 goose: successfully migrated database to version: 8
--- PASS: TestEventAuthorPreserved (0.06s)
=== CONT  TestCreateTaskAssociatedEvent_InvalidTaskID
2026/02/11 20:56:53 OK   00001_initial_schema.sql (2.61ms)
2026/02/11 20:56:53 OK   00002_add_performance_indexes.sql (845.68µs)
2026/02/11 20:56:53 OK   00003_add_git_branch_to_projects.sql (696.95µs)
2026/02/11 20:56:53 OK   00005_add_task_events.sql (320.55µs)
2026/02/11 20:56:53 OK   00006_add_assignees.sql (336.94µs)
2026/02/11 20:56:53 OK   00007_add_task_assignee.sql (689.66µs)
2026/02/11 20:56:53 OK   00008_fix_assignee_name_uniqueness.sql (2.54ms)
2026/02/11 20:56:53 goose: successfully migrated database to version: 8
--- PASS: TestCreateTypeChangedEvent_InvalidTaskID (0.05s)
=== CONT  TestCreateTaskMovedEvent_InvalidTaskID
2026/02/11 20:56:53 OK   00001_initial_schema.sql (2.2ms)
2026/02/11 20:56:53 OK   00002_add_performance_indexes.sql (977.78µs)
2026/02/11 20:56:53 OK   00003_add_git_branch_to_projects.sql (575.39µs)
2026/02/11 20:56:53 OK   00005_add_task_events.sql (293.61µs)
2026/02/11 20:56:53 OK   00006_add_assignees.sql (314.69µs)
2026/02/11 20:56:53 OK   00007_add_task_assignee.sql (651.8µs)
2026/02/11 20:56:53 OK   00008_fix_assignee_name_uniqueness.sql (1.95ms)
2026/02/11 20:56:53 goose: successfully migrated database to version: 8
--- PASS: TestCreatePriorityChangedEvent_InvalidTaskID (0.06s)
=== CONT  TestCreatePriorityChangedEvent
2026/02/11 20:56:53 OK   00001_initial_schema.sql (1.92ms)
2026/02/11 20:56:53 OK   00002_add_performance_indexes.sql (972.53µs)
2026/02/11 20:56:53 OK   00003_add_git_branch_to_projects.sql (591.82µs)
2026/02/11 20:56:53 OK   00005_add_task_events.sql (295.65µs)
2026/02/11 20:56:53 OK   00006_add_assignees.sql (332.12µs)
2026/02/11 20:56:53 OK   00007_add_task_assignee.sql (522.61µs)
2026/02/11 20:56:53 OK   00008_fix_assignee_name_uniqueness.sql (1.84ms)
2026/02/11 20:56:53 goose: successfully migrated database to version: 8
--- PASS: TestCreateLabelRemovedEvent_InvalidTaskID (0.05s)
=== CONT  TestGetEventsByTask_InvalidTaskID
2026/02/11 20:56:53 OK   00001_initial_schema.sql (4.53ms)
2026/02/11 20:56:53 OK   00002_add_performance_indexes.sql (874.81µs)
2026/02/11 20:56:53 OK   00003_add_git_branch_to_projects.sql (542.86µs)
2026/02/11 20:56:53 OK   00005_add_task_events.sql (259.35µs)
2026/02/11 20:56:53 OK   00006_add_assignees.sql (351.43µs)
2026/02/11 20:56:53 OK   00007_add_task_assignee.sql (475.13µs)
2026/02/11 20:56:54 OK   00008_fix_assignee_name_uniqueness.sql (2.06ms)
2026/02/11 20:56:54 goose: successfully migrated database to version: 8
--- PASS: TestCreateLabelAddedEvent_InvalidTaskID (0.05s)
=== CONT  TestGetEventsByTask_EmptyList
2026/02/11 20:56:54 OK   00001_initial_schema.sql (2.44ms)
2026/02/11 20:56:54 OK   00002_add_performance_indexes.sql (982.15µs)
2026/02/11 20:56:54 OK   00003_add_git_branch_to_projects.sql (599.23µs)
2026/02/11 20:56:54 OK   00005_add_task_events.sql (310.78µs)
2026/02/11 20:56:54 OK   00006_add_assignees.sql (301.33µs)
2026/02/11 20:56:54 OK   00007_add_task_assignee.sql (510.78µs)
2026/02/11 20:56:54 OK   00008_fix_assignee_name_uniqueness.sql (1.93ms)
2026/02/11 20:56:54 goose: successfully migrated database to version: 8
--- PASS: TestCreateTaskDisassociatedEvent_InvalidTaskID (0.05s)
=== CONT  TestGetEventsByTask_MultipleEvents
2026/02/11 20:56:54 OK   00001_initial_schema.sql (1.87ms)
2026/02/11 20:56:54 OK   00002_add_performance_indexes.sql (912.13µs)
2026/02/11 20:56:54 OK   00003_add_git_branch_to_projects.sql (607.72µs)
2026/02/11 20:56:54 OK   00005_add_task_events.sql (296.79µs)
2026/02/11 20:56:54 OK   00006_add_assignees.sql (346.23µs)
2026/02/11 20:56:54 OK   00007_add_task_assignee.sql (564.79µs)
2026/02/11 20:56:54 OK   00008_fix_assignee_name_uniqueness.sql (1.84ms)
2026/02/11 20:56:54 goose: successfully migrated database to version: 8
--- PASS: TestCreateTaskAssociatedEvent_InvalidTaskID (0.05s)
=== CONT  TestCreateTypeChangedEvent
2026/02/11 20:56:54 OK   00001_initial_schema.sql (2.34ms)
2026/02/11 20:56:54 OK   00002_add_performance_indexes.sql (1.05ms)
2026/02/11 20:56:54 OK   00003_add_git_branch_to_projects.sql (662.88µs)
2026/02/11 20:56:54 OK   00005_add_task_events.sql (318.26µs)
2026/02/11 20:56:54 OK   00006_add_assignees.sql (326.18µs)
2026/02/11 20:56:54 OK   00007_add_task_assignee.sql (512.24µs)
2026/02/11 20:56:54 OK   00008_fix_assignee_name_uniqueness.sql (1.93ms)
2026/02/11 20:56:54 goose: successfully migrated database to version: 8
--- PASS: TestCreateTaskMovedEvent_InvalidTaskID (0.05s)
=== CONT  TestCreateTaskDisassociatedEvent
2026/02/11 20:56:54 OK   00001_initial_schema.sql (1.84ms)
2026/02/11 20:56:54 OK   00002_add_performance_indexes.sql (1.15ms)
2026/02/11 20:56:54 OK   00003_add_git_branch_to_projects.sql (640.48µs)
2026/02/11 20:56:54 OK   00005_add_task_events.sql (314.07µs)
2026/02/11 20:56:54 OK   00006_add_assignees.sql (839.61µs)
2026/02/11 20:56:54 OK   00007_add_task_assignee.sql (650.16µs)
2026/02/11 20:56:54 OK   00008_fix_assignee_name_uniqueness.sql (1.82ms)
2026/02/11 20:56:54 goose: successfully migrated database to version: 8
--- PASS: TestCreatePriorityChangedEvent (0.05s)
=== CONT  TestCreateLabelRemovedEvent
2026/02/11 20:56:54 OK   00001_initial_schema.sql (7.05ms)
2026/02/11 20:56:54 OK   00002_add_performance_indexes.sql (978.2µs)
2026/02/11 20:56:54 OK   00003_add_git_branch_to_projects.sql (569.87µs)
2026/02/11 20:56:54 OK   00005_add_task_events.sql (260.32µs)
2026/02/11 20:56:54 OK   00006_add_assignees.sql (4.08ms)
2026/02/11 20:56:54 OK   00007_add_task_assignee.sql (567.91µs)
2026/02/11 20:56:54 OK   00008_fix_assignee_name_uniqueness.sql (1.91ms)
2026/02/11 20:56:54 goose: successfully migrated database to version: 8
--- PASS: TestCreateLabelRemovedEvent (0.02s)
=== CONT  TestCreateLabelAddedEvent
2026/02/11 20:56:54 OK   00001_initial_schema.sql (2.3ms)
2026/02/11 20:56:54 OK   00002_add_performance_indexes.sql (2.16ms)
2026/02/11 20:56:54 OK   00003_add_git_branch_to_projects.sql (1.29ms)
2026/02/11 20:56:54 OK   00005_add_task_events.sql (2.82ms)
2026/02/11 20:56:54 OK   00006_add_assignees.sql (469.06µs)
2026/02/11 20:56:54 OK   00007_add_task_assignee.sql (487.81µs)
2026/02/11 20:56:54 OK   00008_fix_assignee_name_uniqueness.sql (1.88ms)
2026/02/11 20:56:54 goose: successfully migrated database to version: 8
--- PASS: TestGetEventsByTask_InvalidTaskID (0.07s)
=== CONT  TestCreateTaskMovedEvent
2026/02/11 20:56:54 OK   00001_initial_schema.sql (1.93ms)
2026/02/11 20:56:54 OK   00002_add_performance_indexes.sql (892.71µs)
2026/02/11 20:56:54 OK   00003_add_git_branch_to_projects.sql (609.97µs)
2026/02/11 20:56:54 OK   00005_add_task_events.sql (424.69µs)
2026/02/11 20:56:54 OK   00006_add_assignees.sql (905.56µs)
2026/02/11 20:56:54 OK   00007_add_task_assignee.sql (541.13µs)
2026/02/11 20:56:54 OK   00008_fix_assignee_name_uniqueness.sql (1.82ms)
2026/02/11 20:56:54 goose: successfully migrated database to version: 8
--- PASS: TestGetEventsByTask_EmptyList (0.07s)
=== CONT  TestCreateTaskAssociatedEvent
2026/02/11 20:56:54 OK   00001_initial_schema.sql (1.97ms)
2026/02/11 20:56:54 OK   00002_add_performance_indexes.sql (951.87µs)
2026/02/11 20:56:54 OK   00003_add_git_branch_to_projects.sql (612.9µs)
2026/02/11 20:56:54 OK   00005_add_task_events.sql (306.98µs)
2026/02/11 20:56:54 OK   00006_add_assignees.sql (287.2µs)
2026/02/11 20:56:54 OK   00007_add_task_assignee.sql (562.34µs)
2026/02/11 20:56:54 OK   00008_fix_assignee_name_uniqueness.sql (1.84ms)
2026/02/11 20:56:54 goose: successfully migrated database to version: 8
--- PASS: TestGetEventsByTask_MultipleEvents (0.07s)
2026/02/11 20:56:54 OK   00001_initial_schema.sql (2.33ms)
2026/02/11 20:56:54 OK   00002_add_performance_indexes.sql (2.45ms)
2026/02/11 20:56:54 OK   00003_add_git_branch_to_projects.sql (1.19ms)
2026/02/11 20:56:54 OK   00005_add_task_events.sql (684.63µs)
2026/02/11 20:56:54 OK   00006_add_assignees.sql (1.32ms)
2026/02/11 20:56:54 OK   00007_add_task_assignee.sql (887.09µs)
2026/02/11 20:56:54 OK   00008_fix_assignee_name_uniqueness.sql (1.92ms)
2026/02/11 20:56:54 goose: successfully migrated database to version: 8
--- PASS: TestCreateTypeChangedEvent (0.08s)
2026/02/11 20:56:54 OK   00001_initial_schema.sql (1.98ms)
2026/02/11 20:56:54 OK   00002_add_performance_indexes.sql (958.96µs)
2026/02/11 20:56:54 OK   00003_add_git_branch_to_projects.sql (644.16µs)
2026/02/11 20:56:54 OK   00005_add_task_events.sql (303.56µs)
2026/02/11 20:56:54 OK   00006_add_assignees.sql (268.43µs)
2026/02/11 20:56:54 OK   00007_add_task_assignee.sql (461.08µs)
2026/02/11 20:56:54 OK   00008_fix_assignee_name_uniqueness.sql (3.36ms)
2026/02/11 20:56:54 goose: successfully migrated database to version: 8
--- PASS: TestCreateTaskDisassociatedEvent (0.08s)
2026/02/11 20:56:54 OK   00001_initial_schema.sql (2.31ms)
2026/02/11 20:56:54 OK   00002_add_performance_indexes.sql (899.73µs)
2026/02/11 20:56:54 OK   00003_add_git_branch_to_projects.sql (567.63µs)
2026/02/11 20:56:54 OK   00005_add_task_events.sql (424.49µs)
2026/02/11 20:56:54 OK   00006_add_assignees.sql (309.45µs)
2026/02/11 20:56:54 OK   00007_add_task_assignee.sql (562.69µs)
2026/02/11 20:56:54 OK   00008_fix_assignee_name_uniqueness.sql (1.94ms)
2026/02/11 20:56:54 goose: successfully migrated database to version: 8
--- PASS: TestCreateLabelAddedEvent (0.06s)
2026/02/11 20:56:54 OK   00001_initial_schema.sql (2.48ms)
2026/02/11 20:56:54 OK   00002_add_performance_indexes.sql (876.54µs)
2026/02/11 20:56:54 OK   00003_add_git_branch_to_projects.sql (685.17µs)
2026/02/11 20:56:54 OK   00005_add_task_events.sql (283.13µs)
2026/02/11 20:56:54 OK   00006_add_assignees.sql (271.89µs)
2026/02/11 20:56:54 OK   00007_add_task_assignee.sql (457.98µs)
2026/02/11 20:56:54 OK   00008_fix_assignee_name_uniqueness.sql (1.9ms)
2026/02/11 20:56:54 goose: successfully migrated database to version: 8
--- PASS: TestCreateTaskMovedEvent (0.05s)
2026/02/11 20:56:54 OK   00001_initial_schema.sql (2.09ms)
2026/02/11 20:56:54 OK   00002_add_performance_indexes.sql (925.68µs)
2026/02/11 20:56:54 OK   00003_add_git_branch_to_projects.sql (574.57µs)
2026/02/11 20:56:54 OK   00005_add_task_events.sql (368.09µs)
2026/02/11 20:56:54 OK   00006_add_assignees.sql (285.39µs)
2026/02/11 20:56:54 OK   00007_add_task_assignee.sql (430.84µs)
2026/02/11 20:56:54 OK   00008_fix_assignee_name_uniqueness.sql (2.02ms)
2026/02/11 20:56:54 goose: successfully migrated database to version: 8
--- PASS: TestCreateTaskAssociatedEvent (0.05s)
PASS
ok  	github.com/thenoetrevino/paso/internal/services/taskevent	0.237s
?   	github.com/thenoetrevino/paso/internal/testing/cli	[no test files]
?   	github.com/thenoetrevino/paso/internal/testing/fixtures	[no test files]
?   	github.com/thenoetrevino/paso/internal/testing/mocks	[no test files]
=== RUN   TestActivityView_NavigateUp
2026/02/11 20:56:54 OK   00001_initial_schema.sql (2.18ms)
2026/02/11 20:56:54 OK   00002_add_performance_indexes.sql (903.92µs)
2026/02/11 20:56:54 OK   00003_add_git_branch_to_projects.sql (683.13µs)
2026/02/11 20:56:54 OK   00005_add_task_events.sql (303.65µs)
2026/02/11 20:56:54 OK   00006_add_assignees.sql (361.34µs)
2026/02/11 20:56:54 OK   00007_add_task_assignee.sql (517.13µs)
2026/02/11 20:56:55 OK   00008_fix_assignee_name_uniqueness.sql (2.19ms)
2026/02/11 20:56:55 goose: successfully migrated database to version: 8
2026/02/11 20:56:55 WARN config file has permissive permissions path=/home/noetrevino/.config/paso/config.yaml current=644 recommended=0600 fix="chmod 600 /home/noetrevino/.config/paso/config.yaml"
2026/02/11 20:56:55 INFO current git branch has no associated project, falling back to default branch=refactor/shared-mocks-cli-tui
2026/02/11 20:56:55 INFO selected default project project_id=1 project_name="Test Project"
--- PASS: TestActivityView_NavigateUp (0.01s)
=== RUN   TestActivityView_NavigateUpWithK
=== PAUSE TestActivityView_NavigateUpWithK
=== RUN   TestActivityView_NavigateDown
=== PAUSE TestActivityView_NavigateDown
=== RUN   TestActivityView_NavigateDownWithJ
=== PAUSE TestActivityView_NavigateDownWithJ
=== RUN   TestActivityView_CursorBoundsAtTop
=== PAUSE TestActivityView_CursorBoundsAtTop
=== RUN   TestActivityView_CursorBoundsAtBottom
=== PAUSE TestActivityView_CursorBoundsAtBottom
=== RUN   TestActivityView_EditEventShowsWarning
=== PAUSE TestActivityView_EditEventShowsWarning
=== RUN   TestActivityView_DeleteEventShowsWarning
=== PAUSE TestActivityView_DeleteEventShowsWarning
=== RUN   TestActivityView_EditCommentEntersFormMode
=== PAUSE TestActivityView_EditCommentEntersFormMode
=== RUN   TestActivityView_DeleteCommentEntersDeleteMode
=== PAUSE TestActivityView_DeleteCommentEntersDeleteMode
=== RUN   TestActivityView_MixedItems_EditEventBlocked
=== PAUSE TestActivityView_MixedItems_EditEventBlocked
=== RUN   TestActivityView_MixedItems_EditCommentAllowed
=== PAUSE TestActivityView_MixedItems_EditCommentAllowed
=== RUN   TestActivityView_AddNewComment
=== PAUSE TestActivityView_AddNewComment
=== RUN   TestActivityView_EscapeClosesView
=== PAUSE TestActivityView_EscapeClosesView
=== RUN   TestActivityView_QClosesView
=== PAUSE TestActivityView_QClosesView
=== RUN   TestActivityView_EnterAlsoEdits
=== PAUSE TestActivityView_EnterAlsoEdits
=== RUN   TestActivityView_EnterOnEventBlocked
=== PAUSE TestActivityView_EnterOnEventBlocked
=== RUN   TestActivityView_EmptyList
=== PAUSE TestActivityView_EmptyList
=== RUN   TestActivityView_EditWithNoSelection
=== PAUSE TestActivityView_EditWithNoSelection
=== RUN   TestActivityView_DeleteWithNoSelection
=== PAUSE TestActivityView_DeleteWithNoSelection
=== RUN   TestActivityView_NavigationSequence
=== PAUSE TestActivityView_NavigationSequence
=== RUN   TestMergeActivities_SortedByCreatedAtDescending
=== PAUSE TestMergeActivities_SortedByCreatedAtDescending
=== RUN   TestMergeActivities_EmptyInputs
=== PAUSE TestMergeActivities_EmptyInputs
=== RUN   TestCommentState_SetActivities
=== PAUSE TestCommentState_SetActivities
=== RUN   TestCommentState_SetActivities_ResetsCursor
=== PAUSE TestCommentState_SetActivities_ResetsCursor
=== RUN   TestCommentState_GetSelectedActivity
=== PAUSE TestCommentState_GetSelectedActivity
=== RUN   TestCommentState_GetSelectedActivity_Empty
=== PAUSE TestCommentState_GetSelectedActivity_Empty
=== RUN   TestCommentState_MoveCursorUp
=== PAUSE TestCommentState_MoveCursorUp
=== RUN   TestCommentState_MoveCursorUp_AtTop
=== PAUSE TestCommentState_MoveCursorUp_AtTop
=== RUN   TestCommentState_MoveCursorDown
=== PAUSE TestCommentState_MoveCursorDown
=== RUN   TestCommentState_MoveCursorDown_AtBottom
=== PAUSE TestCommentState_MoveCursorDown_AtBottom
=== RUN   TestCommentState_EnsureCommentVisible_ScrollUp
=== PAUSE TestCommentState_EnsureCommentVisible_ScrollUp
=== RUN   TestCommentState_EnsureCommentVisible_ScrollDown
=== PAUSE TestCommentState_EnsureCommentVisible_ScrollDown
=== RUN   TestCommentState_DeleteSelected
=== PAUSE TestCommentState_DeleteSelected
=== RUN   TestCommentState_DeleteSelected_AtEnd
=== PAUSE TestCommentState_DeleteSelected_AtEnd
=== RUN   TestCommentState_DeleteSelected_LastItem
=== PAUSE TestCommentState_DeleteSelected_LastItem
=== RUN   TestCommentState_Clear
=== PAUSE TestCommentState_Clear
=== RUN   TestCommentState_IsEmpty
=== PAUSE TestCommentState_IsEmpty
=== RUN   TestActivityItem_FromEvent
=== PAUSE TestActivityItem_FromEvent
=== RUN   TestActivityItem_FromComment
=== PAUSE TestActivityItem_FromComment
=== RUN   TestActivityType_String
=== PAUSE TestActivityType_String
=== RUN   TestActivityView_DataLoading_WithRealDB
=== PAUSE TestActivityView_DataLoading_WithRealDB
=== RUN   TestUnit_BoardRendering_EmptyBoard
=== PAUSE TestUnit_BoardRendering_EmptyBoard
=== RUN   TestUnit_BoardRendering_WithColumnsShowsHeaders
=== PAUSE TestUnit_BoardRendering_WithColumnsShowsHeaders
=== RUN   TestUnit_BoardRendering_MultipleProjectsShowsActiveProjectName
=== PAUSE TestUnit_BoardRendering_MultipleProjectsShowsActiveProjectName
=== RUN   TestUnit_BoardRendering_WithTasksShowsTaskTitles
=== PAUSE TestUnit_BoardRendering_WithTasksShowsTaskTitles
=== RUN   TestConnection_InitialConnectedState
=== PAUSE TestConnection_InitialConnectedState
=== RUN   TestConnection_DisconnectNotification
=== PAUSE TestConnection_DisconnectNotification
=== RUN   TestConnection_ReconnectingState
=== PAUSE TestConnection_ReconnectingState
=== RUN   TestConnection_SuccessfulReconnect
=== PAUSE TestConnection_SuccessfulReconnect
=== RUN   TestConnection_TaskOpsWhileDisconnected
=== PAUSE TestConnection_TaskOpsWhileDisconnected
=== RUN   TestEventHandler_RefreshMsg_ReloadsData
=== PAUSE TestEventHandler_RefreshMsg_ReloadsData
=== RUN   TestEventHandler_RefreshMsg_SpecificProject
=== PAUSE TestEventHandler_RefreshMsg_SpecificProject
=== RUN   TestEventHandler_RefreshMsg_IgnoresOtherProject
=== PAUSE TestEventHandler_RefreshMsg_IgnoresOtherProject
=== RUN   TestEventHandler_NotificationMsg_AddsNotification
=== PAUSE TestEventHandler_NotificationMsg_AddsNotification
=== RUN   TestEventHandler_NotificationMsg_UpdatesConnectionState
=== PAUSE TestEventHandler_NotificationMsg_UpdatesConnectionState
=== RUN   TestEventHandler_ConnectionMessages
=== PAUSE TestEventHandler_ConnectionMessages
=== RUN   TestEventHandler_SequentialStateUpdates
=== PAUSE TestEventHandler_SequentialStateUpdates
=== RUN   TestTaskForm_FieldProgression
=== PAUSE TestTaskForm_FieldProgression
=== RUN   TestTaskForm_ShortcutToPriorityPicker
=== PAUSE TestTaskForm_ShortcutToPriorityPicker
=== RUN   TestTaskForm_ShortcutToLabelPicker
=== PAUSE TestTaskForm_ShortcutToLabelPicker
=== RUN   TestTaskForm_ShortcutToParentPicker
=== PAUSE TestTaskForm_ShortcutToParentPicker
=== RUN   TestTaskForm_SaveWithCtrlS
=== PAUSE TestTaskForm_SaveWithCtrlS
=== RUN   TestTaskForm_DiscardConfirmation
=== PAUSE TestTaskForm_DiscardConfirmation
=== RUN   TestProjectForm_Creation
=== PAUSE TestProjectForm_Creation
=== RUN   TestColumnForm_Creation
=== PAUSE TestColumnForm_Creation
=== RUN   TestCommentForm_Creation
=== PAUSE TestCommentForm_Creation
=== RUN   TestEditColumnForm_RenameColumn
=== PAUSE TestEditColumnForm_RenameColumn
=== RUN   TestProjectForm_DiscardChanges
=== PAUSE TestProjectForm_DiscardChanges
=== RUN   TestTaskForm_CharacterInput
=== PAUSE TestTaskForm_CharacterInput
=== RUN   TestHandleNavigateLeft_FirstColumn
=== PAUSE TestHandleNavigateLeft_FirstColumn
=== RUN   TestHandleNavigateRight_LastColumn
=== PAUSE TestHandleNavigateRight_LastColumn
=== RUN   TestHandleNavigateUp_FirstTask
=== PAUSE TestHandleNavigateUp_FirstTask
=== RUN   TestHandleNavigateDown_LastTask
=== PAUSE TestHandleNavigateDown_LastTask
=== RUN   TestHandleNavigateRight_ResetsTaskSelection
=== PAUSE TestHandleNavigateRight_ResetsTaskSelection
=== RUN   TestHandleAddTask_NoColumns
=== PAUSE TestHandleAddTask_NoColumns
=== RUN   TestHandleEditTask_NoTask
=== PAUSE TestHandleEditTask_NoTask
=== RUN   TestHandleDeleteTask_NoTask
=== PAUSE TestHandleDeleteTask_NoTask
=== RUN   TestHandleScrollRight_SelectionFollows
=== PAUSE TestHandleScrollRight_SelectionFollows
=== RUN   TestHandleNavigateUp_MovesUp
=== PAUSE TestHandleNavigateUp_MovesUp
=== RUN   TestHandleNavigateDown_MovesDown
=== PAUSE TestHandleNavigateDown_MovesDown
=== RUN   TestHandleNavigateLeft_MovesLeft
=== PAUSE TestHandleNavigateLeft_MovesLeft
=== RUN   TestHandleScrollRight_AtRightmostView_NoOp
=== PAUSE TestHandleScrollRight_AtRightmostView_NoOp
=== RUN   TestHandleScrollLeft_MovesLeft
=== PAUSE TestHandleScrollLeft_MovesLeft
=== RUN   TestHandleScrollLeft_AtLeftmostView_NoOp
=== PAUSE TestHandleScrollLeft_AtLeftmostView_NoOp
=== RUN   TestSetupTestModelWithMocks
=== PAUSE TestSetupTestModelWithMocks
=== RUN   TestSwitchToProject_UpdatesSubscription
=== PAUSE TestSwitchToProject_UpdatesSubscription
=== RUN   TestRefreshMsg_HandlesProjectZero
=== PAUSE TestRefreshMsg_HandlesProjectZero
=== RUN   TestRefreshMsg_IgnoresWrongProject
=== PAUSE TestRefreshMsg_IgnoresWrongProject
=== RUN   TestModelInitialization
=== PAUSE TestModelInitialization
=== RUN   TestModelImplementsTeaModel
=== PAUSE TestModelImplementsTeaModel
=== RUN   TestModelViewGeneratesOutput
=== PAUSE TestModelViewGeneratesOutput
=== RUN   TestLabelPicker_NavigationAndSelection
=== PAUSE TestLabelPicker_NavigationAndSelection
=== RUN   TestLabelPicker_FilteringAndBackspace
=== PAUSE TestLabelPicker_FilteringAndBackspace
=== RUN   TestLabelPicker_MultiSelectToggle
=== PAUSE TestLabelPicker_MultiSelectToggle
=== RUN   TestPriorityPicker_Selection
=== PAUSE TestPriorityPicker_Selection
=== RUN   TestTypePicker_Selection
=== PAUSE TestTypePicker_Selection
=== RUN   TestParentPicker_SearchAndSelect
=== PAUSE TestParentPicker_SearchAndSelect
=== RUN   TestChildPicker_SearchAndSelect
=== PAUSE TestChildPicker_SearchAndSelect
=== RUN   TestRelationTypePicker_Selection
=== PAUSE TestRelationTypePicker_Selection
=== RUN   TestStatusPicker_ColumnSelection
=== PAUSE TestStatusPicker_ColumnSelection
=== RUN   TestLabelPicker_EscapeExitsMode
=== PAUSE TestLabelPicker_EscapeExitsMode
=== RUN   TestPriorityPicker_UpDownNavigation
=== PAUSE TestPriorityPicker_UpDownNavigation
=== RUN   TestHandleNextProject_ClearsCacheAndTriggersPrefetch
=== PAUSE TestHandleNextProject_ClearsCacheAndTriggersPrefetch
=== RUN   TestHandlePrevProject_ClearsCacheAndTriggersPrefetch
=== PAUSE TestHandlePrevProject_ClearsCacheAndTriggersPrefetch
=== RUN   TestHandleNextProject_AtLastProject_NoOp
=== PAUSE TestHandleNextProject_AtLastProject_NoOp
=== RUN   TestHandlePrevProject_AtFirstProject_NoOp
=== PAUSE TestHandlePrevProject_AtFirstProject_NoOp
=== RUN   TestProjectSwitch_MultipleProjectsRoundTrip
=== PAUSE TestProjectSwitch_MultipleProjectsRoundTrip
=== RUN   TestUnit_ProjectSwitch_NextProjectUpdatesActiveProject
=== PAUSE TestUnit_ProjectSwitch_NextProjectUpdatesActiveProject
=== RUN   TestUnit_ProjectSwitch_ReloadsColumnsAndTasks
=== PAUSE TestUnit_ProjectSwitch_ReloadsColumnsAndTasks
=== RUN   TestUnit_ProjectSwitch_ResetsSelection
=== PAUSE TestUnit_ProjectSwitch_ResetsSelection
=== RUN   TestUnit_ProjectSwitch_PrevProjectAtFirstStaysInPlace
=== PAUSE TestUnit_ProjectSwitch_PrevProjectAtFirstStaysInPlace
=== RUN   TestUnit_ProjectSwitch_NextProjectAtLastStaysInPlace
=== PAUSE TestUnit_ProjectSwitch_NextProjectAtLastStaysInPlace
=== RUN   TestSnapshots
=== PAUSE TestSnapshots
=== RUN   TestSnapshotRegressions
=== PAUSE TestSnapshotRegressions
=== RUN   TestModeTransition_NormalToForm
=== PAUSE TestModeTransition_NormalToForm
=== RUN   TestModeTransition_FormToNormal
=== PAUSE TestModeTransition_FormToNormal
=== RUN   TestModeTransition_MultipleTransitions
=== PAUSE TestModeTransition_MultipleTransitions
=== RUN   TestSelectedColumn_BoundaryConditions
=== PAUSE TestSelectedColumn_BoundaryConditions
=== RUN   TestSelectedTask_UpdatesCorrectly
=== PAUSE TestSelectedTask_UpdatesCorrectly
=== RUN   TestCursorPosition_AtEnd
=== PAUSE TestCursorPosition_AtEnd
=== RUN   TestEmptyState_HandlesEmptyColumns
=== PAUSE TestEmptyState_HandlesEmptyColumns
=== RUN   TestEmptyState_HandlesEmptyTasks
=== PAUSE TestEmptyState_HandlesEmptyTasks
=== RUN   TestStateIndependence_ColumnAndTaskSelection
=== PAUSE TestStateIndependence_ColumnAndTaskSelection
=== RUN   TestViewportState_CalculatesCorrectly
=== PAUSE TestViewportState_CalculatesCorrectly
=== RUN   TestModeUsesLayers
=== PAUSE TestModeUsesLayers
=== RUN   TestUnit_TaskOp_AddTaskKeyOpensForm
=== PAUSE TestUnit_TaskOp_AddTaskKeyOpensForm
=== RUN   TestUnit_TaskOp_AddTaskNoColumnsShowsError
=== PAUSE TestUnit_TaskOp_AddTaskNoColumnsShowsError
=== RUN   TestUnit_TaskOp_EditTaskEntersLoadingMode
=== PAUSE TestUnit_TaskOp_EditTaskEntersLoadingMode
=== RUN   TestUnit_TaskOp_EditTaskNoTaskShowsError
=== PAUSE TestUnit_TaskOp_EditTaskNoTaskShowsError
=== RUN   TestUnit_TaskOp_TaskDetailLoadError
=== PAUSE TestUnit_TaskOp_TaskDetailLoadError
=== RUN   TestUnit_TaskOp_DeleteTaskKeyEntersConfirmMode
=== PAUSE TestUnit_TaskOp_DeleteTaskKeyEntersConfirmMode
=== RUN   TestModeDispatch_TaskFormMode
=== PAUSE TestModeDispatch_TaskFormMode
=== RUN   TestModeDispatch_NormalMode
=== PAUSE TestModeDispatch_NormalMode
=== RUN   TestUpdateTaskForm_EscapeCancels
=== PAUSE TestUpdateTaskForm_EscapeCancels
=== RUN   TestUpdateTaskForm_EmptyTitleEscNoTask
=== PAUSE TestUpdateTaskForm_EmptyTitleEscNoTask
=== CONT  TestActivityView_NavigateUpWithK
=== CONT  TestProjectSwitch_MultipleProjectsRoundTrip
=== CONT  TestEmptyState_HandlesEmptyTasks
=== CONT  TestEmptyState_HandlesEmptyColumns
=== CONT  TestEventHandler_NotificationMsg_AddsNotification
=== CONT  TestUpdateTaskForm_EmptyTitleEscNoTask
=== CONT  TestCursorPosition_AtEnd
=== CONT  TestCommentState_MoveCursorUp
--- PASS: TestEmptyState_HandlesEmptyTasks (0.00s)
--- PASS: TestEmptyState_HandlesEmptyColumns (0.00s)
--- PASS: TestCursorPosition_AtEnd (0.00s)
=== CONT  TestUpdateTaskForm_EscapeCancels
--- PASS: TestCommentState_MoveCursorUp (0.00s)
=== CONT  TestModeDispatch_NormalMode
--- PASS: TestEventHandler_NotificationMsg_AddsNotification (0.00s)
=== CONT  TestModeDispatch_TaskFormMode
--- PASS: TestModeDispatch_NormalMode (0.00s)
=== CONT  TestUnit_TaskOp_DeleteTaskKeyEntersConfirmMode
2026/02/11 20:56:55 WARN config file has permissive permissions path=/home/noetrevino/.config/paso/config.yaml current=644 recommended=0600 fix="chmod 600 /home/noetrevino/.config/paso/config.yaml"
2026/02/11 20:56:55 INFO current git branch has no associated project, falling back to default branch=refactor/shared-mocks-cli-tui
2026/02/11 20:56:55 INFO selected default project project_id=1 project_name="Test Project"
--- PASS: TestUnit_TaskOp_DeleteTaskKeyEntersConfirmMode (0.00s)
=== CONT  TestUnit_TaskOp_TaskDetailLoadError
2026/02/11 20:56:55 OK   00001_initial_schema.sql (3.12ms)
2026/02/11 20:56:55 WARN config file has permissive permissions path=/home/noetrevino/.config/paso/config.yaml current=644 recommended=0600 fix="chmod 600 /home/noetrevino/.config/paso/config.yaml"
--- PASS: TestUpdateTaskForm_EscapeCancels (0.01s)
=== CONT  TestUnit_TaskOp_EditTaskNoTaskShowsError
=== NAME  TestModeDispatch_TaskFormMode
    update_test.go:41: Update returned nil cmd (expected for incomplete form)
--- PASS: TestModeDispatch_TaskFormMode (0.00s)
=== CONT  TestUnit_TaskOp_EditTaskEntersLoadingMode
2026/02/11 20:56:55 WARN config file has permissive permissions path=/home/noetrevino/.config/paso/config.yaml current=644 recommended=0600 fix="chmod 600 /home/noetrevino/.config/paso/config.yaml"
2026/02/11 20:56:55 WARN config file has permissive permissions path=/home/noetrevino/.config/paso/config.yaml current=644 recommended=0600 fix="chmod 600 /home/noetrevino/.config/paso/config.yaml"
2026/02/11 20:56:55 OK   00002_add_performance_indexes.sql (998.98µs)
2026/02/11 20:56:55 OK   00003_add_git_branch_to_projects.sql (534.12µs)
2026/02/11 20:56:55 OK   00005_add_task_events.sql (302.81µs)
2026/02/11 20:56:55 OK   00006_add_assignees.sql (271.72µs)
2026/02/11 20:56:55 INFO current git branch has no associated project, falling back to default branch=refactor/shared-mocks-cli-tui
2026/02/11 20:56:55 INFO selected default project project_id=1 project_name="Test Project"
2026/02/11 20:56:55 OK   00007_add_task_assignee.sql (461.43µs)
--- PASS: TestUnit_TaskOp_TaskDetailLoadError (0.00s)
=== CONT  TestUnit_TaskOp_AddTaskNoColumnsShowsError
2026/02/11 20:56:55 INFO current git branch has no associated project, falling back to default branch=refactor/shared-mocks-cli-tui
2026/02/11 20:56:55 INFO selected default project project_id=1 project_name="Test Project"
--- PASS: TestUnit_TaskOp_EditTaskEntersLoadingMode (0.00s)
=== CONT  TestUnit_TaskOp_AddTaskKeyOpensForm
2026/02/11 20:56:55 WARN config file has permissive permissions path=/home/noetrevino/.config/paso/config.yaml current=644 recommended=0600 fix="chmod 600 /home/noetrevino/.config/paso/config.yaml"
2026/02/11 20:56:55 WARN config file has permissive permissions path=/home/noetrevino/.config/paso/config.yaml current=644 recommended=0600 fix="chmod 600 /home/noetrevino/.config/paso/config.yaml"
2026/02/11 20:56:55 INFO current git branch has no associated project, falling back to default branch=refactor/shared-mocks-cli-tui
2026/02/11 20:56:55 INFO selected default project project_id=1 project_name="Test Project"
--- PASS: TestUnit_TaskOp_EditTaskNoTaskShowsError (0.00s)
=== CONT  TestModeUsesLayers
=== RUN   TestModeUsesLayers/Mode
=== PAUSE TestModeUsesLayers/Mode
=== RUN   TestModeUsesLayers/Mode#01
=== PAUSE TestModeUsesLayers/Mode#01
=== RUN   TestModeUsesLayers/Mode#02
=== PAUSE TestModeUsesLayers/Mode#02
=== RUN   TestModeUsesLayers/Mode#03
=== PAUSE TestModeUsesLayers/Mode#03
=== RUN   TestModeUsesLayers/Mode#04
=== PAUSE TestModeUsesLayers/Mode#04
=== RUN   TestModeUsesLayers/Mode#05
=== PAUSE TestModeUsesLayers/Mode#05
=== CONT  TestViewportState_CalculatesCorrectly
=== RUN   TestViewportState_CalculatesCorrectly/Small_width
=== PAUSE TestViewportState_CalculatesCorrectly/Small_width
=== RUN   TestViewportState_CalculatesCorrectly/Medium_width
=== PAUSE TestViewportState_CalculatesCorrectly/Medium_width
=== RUN   TestViewportState_CalculatesCorrectly/Large_width
=== PAUSE TestViewportState_CalculatesCorrectly/Large_width
=== CONT  TestStateIndependence_ColumnAndTaskSelection
--- PASS: TestStateIndependence_ColumnAndTaskSelection (0.00s)
=== CONT  TestHandleNavigateDown_MovesDown
--- PASS: TestHandleNavigateDown_MovesDown (0.00s)
=== CONT  TestHandlePrevProject_AtFirstProject_NoOp
2026/02/11 20:56:55 INFO current git branch has no associated project, falling back to default branch=refactor/shared-mocks-cli-tui
2026/02/11 20:56:55 INFO selected default project project_id=1 project_name="Test Project"
2026/02/11 20:56:55 INFO current git branch has no associated project, falling back to default branch=refactor/shared-mocks-cli-tui
2026/02/11 20:56:55 INFO selected default project project_id=1 project_name="Test Project"
--- PASS: TestUnit_TaskOp_AddTaskNoColumnsShowsError (0.00s)
=== CONT  TestHandleNextProject_AtLastProject_NoOp
2026/02/11 20:56:55 OK   00008_fix_assignee_name_uniqueness.sql (3.37ms)
2026/02/11 20:56:55 goose: successfully migrated database to version: 8
2026/02/11 20:56:55 WARN config file has permissive permissions path=/home/noetrevino/.config/paso/config.yaml current=644 recommended=0600 fix="chmod 600 /home/noetrevino/.config/paso/config.yaml"
--- PASS: TestUnit_TaskOp_AddTaskKeyOpensForm (0.01s)
=== CONT  TestHandlePrevProject_ClearsCacheAndTriggersPrefetch
2026/02/11 20:56:55 INFO current git branch has no associated project, falling back to default branch=refactor/shared-mocks-cli-tui
2026/02/11 20:56:55 INFO selected default project project_id=1 project_name="Test Project"
2026/02/11 20:56:55 OK   00001_initial_schema.sql (2.32ms)
--- PASS: TestActivityView_NavigateUpWithK (0.02s)
=== CONT  TestHandleNextProject_ClearsCacheAndTriggersPrefetch
2026/02/11 20:56:55 OK   00002_add_performance_indexes.sql (1.01ms)
2026/02/11 20:56:55 OK   00003_add_git_branch_to_projects.sql (590.59µs)
2026/02/11 20:56:55 OK   00005_add_task_events.sql (263.28µs)
2026/02/11 20:56:55 OK   00006_add_assignees.sql (297.78µs)
2026/02/11 20:56:55 OK   00007_add_task_assignee.sql (487.25µs)
2026/02/11 20:56:55 OK   00008_fix_assignee_name_uniqueness.sql (1.79ms)
2026/02/11 20:56:55 goose: successfully migrated database to version: 8
2026/02/11 20:56:55 WARN config file has permissive permissions path=/home/noetrevino/.config/paso/config.yaml current=644 recommended=0600 fix="chmod 600 /home/noetrevino/.config/paso/config.yaml"
2026/02/11 20:56:55 OK   00001_initial_schema.sql (1.98ms)
2026/02/11 20:56:55 OK   00002_add_performance_indexes.sql (888.29µs)
2026/02/11 20:56:55 INFO current git branch has no associated project, falling back to default branch=refactor/shared-mocks-cli-tui
2026/02/11 20:56:55 INFO selected default project project_id=1 project_name="Test Project"
2026/02/11 20:56:55 OK   00003_add_git_branch_to_projects.sql (897.17µs)
2026/02/11 20:56:55 OK   00005_add_task_events.sql (227.62µs)
2026/02/11 20:56:55 OK   00006_add_assignees.sql (522.04µs)
--- PASS: TestUpdateTaskForm_EmptyTitleEscNoTask (0.03s)
=== CONT  TestPriorityPicker_UpDownNavigation
2026/02/11 20:56:55 OK   00007_add_task_assignee.sql (683.04µs)
2026/02/11 20:56:55 OK   00008_fix_assignee_name_uniqueness.sql (2.6ms)
2026/02/11 20:56:55 goose: successfully migrated database to version: 8
2026/02/11 20:56:55 WARN config file has permissive permissions path=/home/noetrevino/.config/paso/config.yaml current=644 recommended=0600 fix="chmod 600 /home/noetrevino/.config/paso/config.yaml"
2026/02/11 20:56:55 OK   00001_initial_schema.sql (1.89ms)
2026/02/11 20:56:55 OK   00002_add_performance_indexes.sql (872.34µs)
2026/02/11 20:56:55 INFO current git branch has no associated project, falling back to default branch=refactor/shared-mocks-cli-tui
2026/02/11 20:56:55 INFO selected default project project_id=1 project_name="Test Project"
2026/02/11 20:56:55 OK   00003_add_git_branch_to_projects.sql (765.06µs)
2026/02/11 20:56:55 OK   00005_add_task_events.sql (223.81µs)
2026/02/11 20:56:55 OK   00006_add_assignees.sql (365µs)
2026/02/11 20:56:55 OK   00007_add_task_assignee.sql (778.84µs)
2026/02/11 20:56:55 INFO navigating to next project current_index=0 new_index=1
2026/02/11 20:56:55 INFO navigating to next project current_index=1 new_index=2
2026/02/11 20:56:55 INFO navigating to previous project current_index=2 new_index=1
2026/02/11 20:56:55 INFO navigating to previous project current_index=1 new_index=0
=== NAME  TestProjectSwitch_MultipleProjectsRoundTrip
    project_switch_test.go:370: Round-trip project switching works correctly
    project_switch_test.go:371: Cache cleared on each switch: 4/4 switches
    project_switch_test.go:372: Prefetch cmd returned on each switch: 4/4 switches
    project_switch_test.go:373: Final project: 0 (back to start)
--- PASS: TestProjectSwitch_MultipleProjectsRoundTrip (0.04s)
=== CONT  TestLabelPicker_EscapeExitsMode
2026/02/11 20:56:55 OK   00008_fix_assignee_name_uniqueness.sql (3.35ms)
2026/02/11 20:56:55 goose: successfully migrated database to version: 8
2026/02/11 20:56:55 WARN config file has permissive permissions path=/home/noetrevino/.config/paso/config.yaml current=644 recommended=0600 fix="chmod 600 /home/noetrevino/.config/paso/config.yaml"
2026/02/11 20:56:55 OK   00001_initial_schema.sql (1.99ms)
2026/02/11 20:56:55 OK   00002_add_performance_indexes.sql (879.83µs)
2026/02/11 20:56:55 INFO current git branch has no associated project, falling back to default branch=refactor/shared-mocks-cli-tui
2026/02/11 20:56:55 INFO selected default project project_id=1 project_name="Test Project"
2026/02/11 20:56:55 OK   00003_add_git_branch_to_projects.sql (488.18µs)
2026/02/11 20:56:55 OK   00005_add_task_events.sql (202.55µs)
2026/02/11 20:56:55 OK   00006_add_assignees.sql (239.3µs)
2026/02/11 20:56:55 OK   00007_add_task_assignee.sql (650.49µs)
=== NAME  TestHandlePrevProject_AtFirstProject_NoOp
    project_switch_test.go:272: No project switch occurred
    project_switch_test.go:273: Notification shown: "Already at the first project"
    project_switch_test.go:274: No prefetch command returned (nil)
--- PASS: TestHandlePrevProject_AtFirstProject_NoOp (0.04s)
=== CONT  TestStatusPicker_ColumnSelection
2026/02/11 20:56:55 OK   00008_fix_assignee_name_uniqueness.sql (1.86ms)
2026/02/11 20:56:55 goose: successfully migrated database to version: 8
2026/02/11 20:56:55 WARN config file has permissive permissions path=/home/noetrevino/.config/paso/config.yaml current=644 recommended=0600 fix="chmod 600 /home/noetrevino/.config/paso/config.yaml"
2026/02/11 20:56:55 OK   00001_initial_schema.sql (1.76ms)
2026/02/11 20:56:55 OK   00002_add_performance_indexes.sql (835.01µs)
2026/02/11 20:56:55 INFO current git branch has no associated project, falling back to default branch=refactor/shared-mocks-cli-tui
2026/02/11 20:56:55 INFO selected default project project_id=1 project_name="Test Project"
2026/02/11 20:56:55 OK   00003_add_git_branch_to_projects.sql (479.33µs)
=== NAME  TestHandleNextProject_AtLastProject_NoOp
    project_switch_test.go:240: No project switch occurred
    project_switch_test.go:241: Notification shown: "Already at the last project"
    project_switch_test.go:242: No prefetch command returned (nil)
2026/02/11 20:56:55 OK   00005_add_task_events.sql (373.09µs)
--- PASS: TestHandleNextProject_AtLastProject_NoOp (0.04s)
=== CONT  TestRelationTypePicker_Selection
2026/02/11 20:56:55 OK   00006_add_assignees.sql (378.64µs)
2026/02/11 20:56:55 OK   00007_add_task_assignee.sql (430.07µs)
2026/02/11 20:56:55 OK   00008_fix_assignee_name_uniqueness.sql (1.63ms)
2026/02/11 20:56:55 goose: successfully migrated database to version: 8
2026/02/11 20:56:55 WARN config file has permissive permissions path=/home/noetrevino/.config/paso/config.yaml current=644 recommended=0600 fix="chmod 600 /home/noetrevino/.config/paso/config.yaml"
2026/02/11 20:56:55 OK   00001_initial_schema.sql (1.88ms)
2026/02/11 20:56:55 INFO current git branch has no associated project, falling back to default branch=refactor/shared-mocks-cli-tui
2026/02/11 20:56:55 INFO selected default project project_id=1 project_name="Test Project"
2026/02/11 20:56:55 OK   00002_add_performance_indexes.sql (855.38µs)
2026/02/11 20:56:55 OK   00003_add_git_branch_to_projects.sql (613.6µs)
2026/02/11 20:56:55 OK   00005_add_task_events.sql (315.13µs)
2026/02/11 20:56:55 OK   00006_add_assignees.sql (257.8µs)
2026/02/11 20:56:55 INFO navigating to previous project current_index=1 new_index=0
2026/02/11 20:56:55 OK   00007_add_task_assignee.sql (540.95µs)
=== NAME  TestHandlePrevProject_ClearsCacheAndTriggersPrefetch
    project_switch_test.go:204: Cache cleared: task 888 no longer cached
    project_switch_test.go:205: Prefetch command returned: non-nil
    project_switch_test.go:206: Selection reset: column=0, task=0
    project_switch_test.go:207: Switched back to first project (index 0)
--- PASS: TestHandlePrevProject_ClearsCacheAndTriggersPrefetch (0.04s)
=== CONT  TestChildPicker_SearchAndSelect
2026/02/11 20:56:55 OK   00008_fix_assignee_name_uniqueness.sql (1.82ms)
2026/02/11 20:56:55 goose: successfully migrated database to version: 8
2026/02/11 20:56:55 WARN config file has permissive permissions path=/home/noetrevino/.config/paso/config.yaml current=644 recommended=0600 fix="chmod 600 /home/noetrevino/.config/paso/config.yaml"
2026/02/11 20:56:55 OK   00001_initial_schema.sql (1.74ms)
2026/02/11 20:56:55 OK   00002_add_performance_indexes.sql (865.72µs)
2026/02/11 20:56:55 INFO current git branch has no associated project, falling back to default branch=refactor/shared-mocks-cli-tui
2026/02/11 20:56:55 INFO selected default project project_id=1 project_name="Test Project"
2026/02/11 20:56:55 OK   00003_add_git_branch_to_projects.sql (605.09µs)
2026/02/11 20:56:55 OK   00005_add_task_events.sql (211.7µs)
2026/02/11 20:56:55 OK   00006_add_assignees.sql (232.08µs)
2026/02/11 20:56:55 INFO navigating to next project current_index=0 new_index=1
=== NAME  TestHandleNextProject_ClearsCacheAndTriggersPrefetch
    project_switch_test.go:123: Cache cleared: task 999 no longer cached
    project_switch_test.go:124: Prefetch command returned: non-nil
    project_switch_test.go:125: Selection reset: column=0, task=0
    project_switch_test.go:126: Switched to project: Second Project (ID=2)
--- PASS: TestHandleNextProject_ClearsCacheAndTriggersPrefetch (0.05s)
=== CONT  TestParentPicker_SearchAndSelect
2026/02/11 20:56:55 OK   00007_add_task_assignee.sql (1.14ms)
2026/02/11 20:56:55 OK   00008_fix_assignee_name_uniqueness.sql (1.72ms)
2026/02/11 20:56:55 goose: successfully migrated database to version: 8
2026/02/11 20:56:55 WARN config file has permissive permissions path=/home/noetrevino/.config/paso/config.yaml current=644 recommended=0600 fix="chmod 600 /home/noetrevino/.config/paso/config.yaml"
2026/02/11 20:56:55 OK   00001_initial_schema.sql (1.9ms)
2026/02/11 20:56:55 INFO current git branch has no associated project, falling back to default branch=refactor/shared-mocks-cli-tui
2026/02/11 20:56:55 INFO selected default project project_id=1 project_name="Test Project"
2026/02/11 20:56:55 OK   00002_add_performance_indexes.sql (847.74µs)
--- PASS: TestPriorityPicker_UpDownNavigation (0.04s)
=== CONT  TestTypePicker_Selection
2026/02/11 20:56:55 OK   00003_add_git_branch_to_projects.sql (767.53µs)
2026/02/11 20:56:55 OK   00005_add_task_events.sql (293.23µs)
2026/02/11 20:56:55 OK   00006_add_assignees.sql (271.39µs)
2026/02/11 20:56:55 OK   00007_add_task_assignee.sql (420.16µs)
2026/02/11 20:56:55 OK   00008_fix_assignee_name_uniqueness.sql (1.67ms)
2026/02/11 20:56:55 goose: successfully migrated database to version: 8
2026/02/11 20:56:55 WARN config file has permissive permissions path=/home/noetrevino/.config/paso/config.yaml current=644 recommended=0600 fix="chmod 600 /home/noetrevino/.config/paso/config.yaml"
2026/02/11 20:56:55 OK   00001_initial_schema.sql (1.76ms)
2026/02/11 20:56:55 OK   00002_add_performance_indexes.sql (845.89µs)
2026/02/11 20:56:55 INFO current git branch has no associated project, falling back to default branch=refactor/shared-mocks-cli-tui
2026/02/11 20:56:55 INFO selected default project project_id=1 project_name="Test Project"
2026/02/11 20:56:55 OK   00003_add_git_branch_to_projects.sql (563.38µs)
--- PASS: TestLabelPicker_EscapeExitsMode (0.04s)
=== CONT  TestPriorityPicker_Selection
2026/02/11 20:56:55 OK   00005_add_task_events.sql (481.53µs)
2026/02/11 20:56:55 OK   00006_add_assignees.sql (272.98µs)
2026/02/11 20:56:55 OK   00007_add_task_assignee.sql (427.3µs)
2026/02/11 20:56:55 OK   00008_fix_assignee_name_uniqueness.sql (1.63ms)
2026/02/11 20:56:55 goose: successfully migrated database to version: 8
2026/02/11 20:56:55 WARN config file has permissive permissions path=/home/noetrevino/.config/paso/config.yaml current=644 recommended=0600 fix="chmod 600 /home/noetrevino/.config/paso/config.yaml"
2026/02/11 20:56:55 OK   00001_initial_schema.sql (1.92ms)
2026/02/11 20:56:55 INFO current git branch has no associated project, falling back to default branch=refactor/shared-mocks-cli-tui
2026/02/11 20:56:55 INFO selected default project project_id=1 project_name="Test Project"
2026/02/11 20:56:55 OK   00002_add_performance_indexes.sql (898.05µs)
--- PASS: TestStatusPicker_ColumnSelection (0.04s)
=== CONT  TestLabelPicker_MultiSelectToggle
2026/02/11 20:56:55 OK   00003_add_git_branch_to_projects.sql (726.25µs)
2026/02/11 20:56:55 OK   00005_add_task_events.sql (326.87µs)
2026/02/11 20:56:55 OK   00006_add_assignees.sql (336.6µs)
2026/02/11 20:56:55 OK   00007_add_task_assignee.sql (426.33µs)
2026/02/11 20:56:55 OK   00008_fix_assignee_name_uniqueness.sql (1.65ms)
2026/02/11 20:56:55 goose: successfully migrated database to version: 8
2026/02/11 20:56:55 WARN config file has permissive permissions path=/home/noetrevino/.config/paso/config.yaml current=644 recommended=0600 fix="chmod 600 /home/noetrevino/.config/paso/config.yaml"
2026/02/11 20:56:55 OK   00001_initial_schema.sql (1.79ms)
2026/02/11 20:56:55 OK   00002_add_performance_indexes.sql (798.06µs)
2026/02/11 20:56:55 INFO current git branch has no associated project, falling back to default branch=refactor/shared-mocks-cli-tui
2026/02/11 20:56:55 INFO selected default project project_id=1 project_name="Test Project"
--- PASS: TestRelationTypePicker_Selection (0.04s)
=== CONT  TestLabelPicker_FilteringAndBackspace
2026/02/11 20:56:55 OK   00003_add_git_branch_to_projects.sql (767.53µs)
2026/02/11 20:56:55 OK   00005_add_task_events.sql (262.08µs)
2026/02/11 20:56:55 OK   00006_add_assignees.sql (259.21µs)
2026/02/11 20:56:55 OK   00007_add_task_assignee.sql (414.02µs)
2026/02/11 20:56:55 OK   00008_fix_assignee_name_uniqueness.sql (1.65ms)
2026/02/11 20:56:55 goose: successfully migrated database to version: 8
2026/02/11 20:56:55 WARN config file has permissive permissions path=/home/noetrevino/.config/paso/config.yaml current=644 recommended=0600 fix="chmod 600 /home/noetrevino/.config/paso/config.yaml"
2026/02/11 20:56:55 OK   00001_initial_schema.sql (1.82ms)
2026/02/11 20:56:55 OK   00002_add_performance_indexes.sql (850µs)
2026/02/11 20:56:55 INFO current git branch has no associated project, falling back to default branch=refactor/shared-mocks-cli-tui
2026/02/11 20:56:55 INFO selected default project project_id=1 project_name="Test Project"
2026/02/11 20:56:55 OK   00003_add_git_branch_to_projects.sql (644.51µs)
2026/02/11 20:56:55 OK   00005_add_task_events.sql (208.49µs)
--- PASS: TestChildPicker_SearchAndSelect (0.04s)
=== CONT  TestLabelPicker_NavigationAndSelection
2026/02/11 20:56:55 OK   00006_add_assignees.sql (407.84µs)
2026/02/11 20:56:55 OK   00007_add_task_assignee.sql (435.7µs)
2026/02/11 20:56:55 OK   00008_fix_assignee_name_uniqueness.sql (1.65ms)
2026/02/11 20:56:55 goose: successfully migrated database to version: 8
2026/02/11 20:56:55 WARN config file has permissive permissions path=/home/noetrevino/.config/paso/config.yaml current=644 recommended=0600 fix="chmod 600 /home/noetrevino/.config/paso/config.yaml"
2026/02/11 20:56:55 OK   00001_initial_schema.sql (1.8ms)
2026/02/11 20:56:55 INFO current git branch has no associated project, falling back to default branch=refactor/shared-mocks-cli-tui
2026/02/11 20:56:55 INFO selected default project project_id=1 project_name="Test Project"
2026/02/11 20:56:55 OK   00002_add_performance_indexes.sql (818.49µs)
2026/02/11 20:56:55 OK   00003_add_git_branch_to_projects.sql (627.35µs)
2026/02/11 20:56:55 OK   00005_add_task_events.sql (310.93µs)
--- PASS: TestParentPicker_SearchAndSelect (0.04s)
=== CONT  TestModelViewGeneratesOutput
2026/02/11 20:56:55 OK   00006_add_assignees.sql (485.41µs)
2026/02/11 20:56:55 OK   00007_add_task_assignee.sql (416.54µs)
2026/02/11 20:56:55 OK   00008_fix_assignee_name_uniqueness.sql (1.67ms)
2026/02/11 20:56:55 goose: successfully migrated database to version: 8
2026/02/11 20:56:55 WARN config file has permissive permissions path=/home/noetrevino/.config/paso/config.yaml current=644 recommended=0600 fix="chmod 600 /home/noetrevino/.config/paso/config.yaml"
2026/02/11 20:56:55 OK   00001_initial_schema.sql (1.86ms)
2026/02/11 20:56:55 INFO current git branch has no associated project, falling back to default branch=refactor/shared-mocks-cli-tui
2026/02/11 20:56:55 INFO selected default project project_id=1 project_name="Test Project"
2026/02/11 20:56:55 OK   00002_add_performance_indexes.sql (866.23µs)
--- PASS: TestTypePicker_Selection (0.04s)
=== CONT  TestModelImplementsTeaModel
2026/02/11 20:56:55 OK   00003_add_git_branch_to_projects.sql (834.39µs)
2026/02/11 20:56:55 OK   00005_add_task_events.sql (271.72µs)
2026/02/11 20:56:55 OK   00006_add_assignees.sql (267.62µs)
2026/02/11 20:56:55 OK   00007_add_task_assignee.sql (417.06µs)
2026/02/11 20:56:55 OK   00008_fix_assignee_name_uniqueness.sql (1.64ms)
2026/02/11 20:56:55 goose: successfully migrated database to version: 8
2026/02/11 20:56:55 WARN config file has permissive permissions path=/home/noetrevino/.config/paso/config.yaml current=644 recommended=0600 fix="chmod 600 /home/noetrevino/.config/paso/config.yaml"
2026/02/11 20:56:55 OK   00001_initial_schema.sql (1.86ms)
2026/02/11 20:56:55 OK   00002_add_performance_indexes.sql (752.92µs)
2026/02/11 20:56:55 INFO current git branch has no associated project, falling back to default branch=refactor/shared-mocks-cli-tui
2026/02/11 20:56:55 INFO selected default project project_id=1 project_name="Test Project"
2026/02/11 20:56:55 OK   00003_add_git_branch_to_projects.sql (487.33µs)
--- PASS: TestPriorityPicker_Selection (0.04s)
=== CONT  TestModelInitialization
2026/02/11 20:56:55 OK   00005_add_task_events.sql (453.07µs)
2026/02/11 20:56:55 OK   00006_add_assignees.sql (267.2µs)
2026/02/11 20:56:55 OK   00007_add_task_assignee.sql (420.94µs)
2026/02/11 20:56:55 OK   00008_fix_assignee_name_uniqueness.sql (1.64ms)
2026/02/11 20:56:55 goose: successfully migrated database to version: 8
2026/02/11 20:56:55 WARN config file has permissive permissions path=/home/noetrevino/.config/paso/config.yaml current=644 recommended=0600 fix="chmod 600 /home/noetrevino/.config/paso/config.yaml"
2026/02/11 20:56:55 OK   00001_initial_schema.sql (1.79ms)
2026/02/11 20:56:55 OK   00002_add_performance_indexes.sql (863.77µs)
2026/02/11 20:56:55 INFO current git branch has no associated project, falling back to default branch=refactor/shared-mocks-cli-tui
2026/02/11 20:56:55 INFO selected default project project_id=1 project_name="Test Project"
2026/02/11 20:56:55 OK   00003_add_git_branch_to_projects.sql (490.38µs)
2026/02/11 20:56:55 OK   00005_add_task_events.sql (225.75µs)
2026/02/11 20:56:55 OK   00006_add_assignees.sql (318.66µs)
2026/02/11 20:56:55 ERROR failed to adding label error="invalid task ID"
--- PASS: TestLabelPicker_MultiSelectToggle (0.04s)
=== CONT  TestRefreshMsg_IgnoresWrongProject
    model_subscriptions_test.go:159: Correctly ignores RefreshMsg for project 1 when on project 2
=== RUN   TestRefreshMsg_IgnoresWrongProject/case
=== PAUSE TestRefreshMsg_IgnoresWrongProject/case
=== RUN   TestRefreshMsg_IgnoresWrongProject/case#01
=== PAUSE TestRefreshMsg_IgnoresWrongProject/case#01
=== RUN   TestRefreshMsg_IgnoresWrongProject/case#02
=== PAUSE TestRefreshMsg_IgnoresWrongProject/case#02
=== RUN   TestRefreshMsg_IgnoresWrongProject/case#03
=== PAUSE TestRefreshMsg_IgnoresWrongProject/case#03
=== RUN   TestRefreshMsg_IgnoresWrongProject/case#04
=== PAUSE TestRefreshMsg_IgnoresWrongProject/case#04
=== NAME  TestRefreshMsg_IgnoresWrongProject
    model_subscriptions_test.go:185: All project filtering cases work correctly
=== CONT  TestRefreshMsg_HandlesProjectZero
=== RUN   TestRefreshMsg_HandlesProjectZero/Broadcast_(ProjectID=0)
=== PAUSE TestRefreshMsg_HandlesProjectZero/Broadcast_(ProjectID=0)
=== RUN   TestRefreshMsg_HandlesProjectZero/Matching_project
=== PAUSE TestRefreshMsg_HandlesProjectZero/Matching_project
=== RUN   TestRefreshMsg_HandlesProjectZero/Different_project
=== PAUSE TestRefreshMsg_HandlesProjectZero/Different_project
=== CONT  TestSwitchToProject_UpdatesSubscription
    model_subscriptions_test.go:44: Testing direct subscription calls...
    model_subscriptions_test.go:54: Subscribe to project 1 recorded
    model_subscriptions_test.go:64: Subscribe to project 2 recorded
    model_subscriptions_test.go:82: Multiple subscription changes recorded: [1 2 3 1]
    model_subscriptions_test.go:86: Current subscription correctly tracks last Subscribe call
--- PASS: TestSwitchToProject_UpdatesSubscription (0.00s)
=== CONT  TestSetupTestModelWithMocks
2026/02/11 20:56:55 OK   00007_add_task_assignee.sql (677.43µs)
2026/02/11 20:56:55 WARN config file has permissive permissions path=/home/noetrevino/.config/paso/config.yaml current=644 recommended=0600 fix="chmod 600 /home/noetrevino/.config/paso/config.yaml"
2026/02/11 20:56:55 OK   00008_fix_assignee_name_uniqueness.sql (1.7ms)
2026/02/11 20:56:55 goose: successfully migrated database to version: 8
2026/02/11 20:56:55 WARN config file has permissive permissions path=/home/noetrevino/.config/paso/config.yaml current=644 recommended=0600 fix="chmod 600 /home/noetrevino/.config/paso/config.yaml"
2026/02/11 20:56:55 INFO current git branch has no associated project, falling back to default branch=refactor/shared-mocks-cli-tui
2026/02/11 20:56:55 WARN no projects available, TUI may not function correctly
--- PASS: TestSetupTestModelWithMocks (0.00s)
=== CONT  TestHandleScrollLeft_AtLeftmostView_NoOp
--- PASS: TestHandleScrollLeft_AtLeftmostView_NoOp (0.00s)
=== CONT  TestHandleScrollLeft_MovesLeft
--- PASS: TestHandleScrollLeft_MovesLeft (0.00s)
=== CONT  TestHandleScrollRight_AtRightmostView_NoOp
--- PASS: TestHandleScrollRight_AtRightmostView_NoOp (0.00s)
=== CONT  TestHandleNavigateLeft_MovesLeft
--- PASS: TestHandleNavigateLeft_MovesLeft (0.00s)
=== CONT  TestActivityView_DataLoading_WithRealDB
2026/02/11 20:56:55 OK   00001_initial_schema.sql (1.9ms)
2026/02/11 20:56:55 OK   00002_add_performance_indexes.sql (829.58µs)
2026/02/11 20:56:55 INFO current git branch has no associated project, falling back to default branch=refactor/shared-mocks-cli-tui
2026/02/11 20:56:55 INFO selected default project project_id=1 project_name="Test Project"
2026/02/11 20:56:55 OK   00003_add_git_branch_to_projects.sql (491.6µs)
2026/02/11 20:56:55 OK   00005_add_task_events.sql (272.33µs)
--- PASS: TestLabelPicker_FilteringAndBackspace (0.04s)
=== CONT  TestEventHandler_RefreshMsg_IgnoresOtherProject
2026/02/11 20:56:55 OK   00006_add_assignees.sql (356.52µs)
2026/02/11 20:56:55 OK   00007_add_task_assignee.sql (439.84µs)
2026/02/11 20:56:55 OK   00008_fix_assignee_name_uniqueness.sql (1.66ms)
2026/02/11 20:56:55 goose: successfully migrated database to version: 8
2026/02/11 20:56:55 WARN config file has permissive permissions path=/home/noetrevino/.config/paso/config.yaml current=644 recommended=0600 fix="chmod 600 /home/noetrevino/.config/paso/config.yaml"
2026/02/11 20:56:55 OK   00001_initial_schema.sql (1.83ms)
2026/02/11 20:56:55 OK   00002_add_performance_indexes.sql (855.57µs)
2026/02/11 20:56:55 INFO current git branch has no associated project, falling back to default branch=refactor/shared-mocks-cli-tui
2026/02/11 20:56:55 INFO selected default project project_id=1 project_name="Test Project"
2026/02/11 20:56:55 OK   00003_add_git_branch_to_projects.sql (633.35µs)
2026/02/11 20:56:55 OK   00005_add_task_events.sql (235.37µs)
2026/02/11 20:56:55 ERROR failed to adding label error="invalid task ID"
2026/02/11 20:56:55 OK   00006_add_assignees.sql (243.49µs)
--- PASS: TestLabelPicker_NavigationAndSelection (0.04s)
=== CONT  TestEventHandler_RefreshMsg_SpecificProject
2026/02/11 20:56:55 OK   00007_add_task_assignee.sql (626.5µs)
2026/02/11 20:56:55 OK   00008_fix_assignee_name_uniqueness.sql (1.65ms)
2026/02/11 20:56:55 goose: successfully migrated database to version: 8
2026/02/11 20:56:55 OK   00001_initial_schema.sql (1.74ms)
2026/02/11 20:56:55 INFO current git branch has no associated project, falling back to default branch=refactor/shared-mocks-cli-tui
2026/02/11 20:56:55 INFO selected default project project_id=1 project_name="Test Project"
2026/02/11 20:56:55 OK   00002_add_performance_indexes.sql (733.41µs)
2026/02/11 20:56:55 OK   00003_add_git_branch_to_projects.sql (448.31µs)
2026/02/11 20:56:55 OK   00005_add_task_events.sql (247.89µs)
2026/02/11 20:56:55 OK   00006_add_assignees.sql (213.4µs)
2026/02/11 20:56:55 OK   00007_add_task_assignee.sql (441.39µs)
2026/02/11 20:56:55 OK   00008_fix_assignee_name_uniqueness.sql (1.76ms)
2026/02/11 20:56:55 goose: successfully migrated database to version: 8
--- PASS: TestModelViewGeneratesOutput (0.04s)
=== CONT  TestEventHandler_RefreshMsg_ReloadsData
2026/02/11 20:56:55 OK   00001_initial_schema.sql (1.82ms)
2026/02/11 20:56:55 INFO current git branch has no associated project, falling back to default branch=refactor/shared-mocks-cli-tui
2026/02/11 20:56:55 INFO selected default project project_id=1 project_name="Test Project"
2026/02/11 20:56:55 OK   00002_add_performance_indexes.sql (778.86µs)
2026/02/11 20:56:55 OK   00003_add_git_branch_to_projects.sql (573.62µs)
2026/02/11 20:56:55 OK   00005_add_task_events.sql (201.05µs)
2026/02/11 20:56:55 OK   00006_add_assignees.sql (242.85µs)
--- PASS: TestModelImplementsTeaModel (0.04s)
=== CONT  TestConnection_TaskOpsWhileDisconnected
2026/02/11 20:56:55 OK   00007_add_task_assignee.sql (563.74µs)
2026/02/11 20:56:55 OK   00008_fix_assignee_name_uniqueness.sql (1.7ms)
2026/02/11 20:56:55 goose: successfully migrated database to version: 8
2026/02/11 20:56:55 OK   00001_initial_schema.sql (1.78ms)
2026/02/11 20:56:55 INFO current git branch has no associated project, falling back to default branch=refactor/shared-mocks-cli-tui
2026/02/11 20:56:55 INFO selected default project project_id=1 project_name="Test Project"
2026/02/11 20:56:55 OK   00002_add_performance_indexes.sql (772.35µs)
2026/02/11 20:56:55 OK   00003_add_git_branch_to_projects.sql (532.79µs)
--- PASS: TestModelInitialization (0.04s)
=== CONT  TestConnection_SuccessfulReconnect
2026/02/11 20:56:55 OK   00005_add_task_events.sql (415.36µs)
2026/02/11 20:56:55 OK   00006_add_assignees.sql (266.16µs)
2026/02/11 20:56:55 OK   00007_add_task_assignee.sql (423.58µs)
2026/02/11 20:56:55 OK   00008_fix_assignee_name_uniqueness.sql (1.64ms)
2026/02/11 20:56:55 goose: successfully migrated database to version: 8
2026/02/11 20:56:55 WARN config file has permissive permissions path=/home/noetrevino/.config/paso/config.yaml current=644 recommended=0600 fix="chmod 600 /home/noetrevino/.config/paso/config.yaml"
2026/02/11 20:56:55 OK   00001_initial_schema.sql (1.79ms)
2026/02/11 20:56:55 INFO current git branch has no associated project, falling back to default branch=refactor/shared-mocks-cli-tui
2026/02/11 20:56:55 INFO selected default project project_id=1 project_name="Test Project"
2026/02/11 20:56:55 OK   00002_add_performance_indexes.sql (808.14µs)
2026/02/11 20:56:55 OK   00003_add_git_branch_to_projects.sql (588.01µs)
2026/02/11 20:56:55 OK   00005_add_task_events.sql (204.04µs)
2026/02/11 20:56:55 OK   00006_add_assignees.sql (265.25µs)
--- PASS: TestActivityView_DataLoading_WithRealDB (0.04s)
=== CONT  TestConnection_ReconnectingState
2026/02/11 20:56:55 OK   00007_add_task_assignee.sql (594.55µs)
2026/02/11 20:56:55 OK   00008_fix_assignee_name_uniqueness.sql (1.64ms)
2026/02/11 20:56:55 goose: successfully migrated database to version: 8
2026/02/11 20:56:55 WARN config file has permissive permissions path=/home/noetrevino/.config/paso/config.yaml current=644 recommended=0600 fix="chmod 600 /home/noetrevino/.config/paso/config.yaml"
2026/02/11 20:56:55 OK   00001_initial_schema.sql (2ms)
2026/02/11 20:56:55 OK   00002_add_performance_indexes.sql (750.73µs)
2026/02/11 20:56:55 OK   00003_add_git_branch_to_projects.sql (446.19µs)
2026/02/11 20:56:55 OK   00005_add_task_events.sql (203.18µs)
2026/02/11 20:56:55 INFO current git branch has no associated project, falling back to default branch=refactor/shared-mocks-cli-tui
2026/02/11 20:56:55 INFO selected default project project_id=1 project_name="Test Project"
2026/02/11 20:56:55 OK   00006_add_assignees.sql (211.55µs)
2026/02/11 20:56:55 INFO received refresh event event_project_id=99999 current_project_id=1 will_reload=false
2026/02/11 20:56:55 OK   00007_add_task_assignee.sql (622.6µs)
--- PASS: TestEventHandler_RefreshMsg_IgnoresOtherProject (0.04s)
=== CONT  TestConnection_DisconnectNotification
2026/02/11 20:56:55 OK   00008_fix_assignee_name_uniqueness.sql (1.83ms)
2026/02/11 20:56:55 goose: successfully migrated database to version: 8
2026/02/11 20:56:55 WARN config file has permissive permissions path=/home/noetrevino/.config/paso/config.yaml current=644 recommended=0600 fix="chmod 600 /home/noetrevino/.config/paso/config.yaml"
2026/02/11 20:56:55 OK   00001_initial_schema.sql (1.79ms)
2026/02/11 20:56:55 INFO current git branch has no associated project, falling back to default branch=refactor/shared-mocks-cli-tui
2026/02/11 20:56:55 INFO selected default project project_id=1 project_name="Test Project"
2026/02/11 20:56:55 OK   00002_add_performance_indexes.sql (788.77µs)
2026/02/11 20:56:55 INFO received refresh event event_project_id=1 current_project_id=1 will_reload=true
2026/02/11 20:56:55 OK   00003_add_git_branch_to_projects.sql (662.03µs)
2026/02/11 20:56:55 OK   00005_add_task_events.sql (217.59µs)
--- PASS: TestEventHandler_RefreshMsg_SpecificProject (0.04s)
=== CONT  TestConnection_InitialConnectedState
2026/02/11 20:56:55 OK   00006_add_assignees.sql (478.63µs)
2026/02/11 20:56:55 OK   00007_add_task_assignee.sql (484.05µs)
2026/02/11 20:56:55 OK   00008_fix_assignee_name_uniqueness.sql (1.68ms)
2026/02/11 20:56:55 goose: successfully migrated database to version: 8
2026/02/11 20:56:55 WARN config file has permissive permissions path=/home/noetrevino/.config/paso/config.yaml current=644 recommended=0600 fix="chmod 600 /home/noetrevino/.config/paso/config.yaml"
2026/02/11 20:56:55 OK   00001_initial_schema.sql (1.81ms)
2026/02/11 20:56:55 OK   00002_add_performance_indexes.sql (760.17µs)
2026/02/11 20:56:55 INFO current git branch has no associated project, falling back to default branch=refactor/shared-mocks-cli-tui
2026/02/11 20:56:55 INFO selected default project project_id=1 project_name="Test Project"
2026/02/11 20:56:55 OK   00003_add_git_branch_to_projects.sql (455.87µs)
2026/02/11 20:56:55 OK   00005_add_task_events.sql (208.84µs)
2026/02/11 20:56:55 INFO received refresh event event_project_id=0 current_project_id=1 will_reload=true
2026/02/11 20:56:55 OK   00006_add_assignees.sql (449.6µs)
--- PASS: TestEventHandler_RefreshMsg_ReloadsData (0.04s)
=== CONT  TestUnit_BoardRendering_WithTasksShowsTaskTitles
2026/02/11 20:56:55 WARN config file has permissive permissions path=/home/noetrevino/.config/paso/config.yaml current=644 recommended=0600 fix="chmod 600 /home/noetrevino/.config/paso/config.yaml"
2026/02/11 20:56:55 OK   00007_add_task_assignee.sql (656.98µs)
2026/02/11 20:56:55 OK   00008_fix_assignee_name_uniqueness.sql (1.7ms)
2026/02/11 20:56:55 goose: successfully migrated database to version: 8
2026/02/11 20:56:55 WARN config file has permissive permissions path=/home/noetrevino/.config/paso/config.yaml current=644 recommended=0600 fix="chmod 600 /home/noetrevino/.config/paso/config.yaml"
2026/02/11 20:56:55 INFO current git branch has no associated project, falling back to default branch=refactor/shared-mocks-cli-tui
2026/02/11 20:56:55 INFO selected default project project_id=1 project_name="Test Project"
2026/02/11 20:56:55 OK   00001_initial_schema.sql (1.87ms)
--- PASS: TestUnit_BoardRendering_WithTasksShowsTaskTitles (0.00s)
=== CONT  TestUnit_BoardRendering_MultipleProjectsShowsActiveProjectName
2026/02/11 20:56:55 WARN config file has permissive permissions path=/home/noetrevino/.config/paso/config.yaml current=644 recommended=0600 fix="chmod 600 /home/noetrevino/.config/paso/config.yaml"
2026/02/11 20:56:55 OK   00002_add_performance_indexes.sql (771.13µs)
2026/02/11 20:56:55 INFO current git branch has no associated project, falling back to default branch=refactor/shared-mocks-cli-tui
2026/02/11 20:56:55 INFO selected default project project_id=1 project_name="Test Project"
2026/02/11 20:56:55 OK   00003_add_git_branch_to_projects.sql (560.09µs)
--- PASS: TestConnection_TaskOpsWhileDisconnected (0.04s)
=== CONT  TestUnit_BoardRendering_WithColumnsShowsHeaders
2026/02/11 20:56:55 OK   00005_add_task_events.sql (274.76µs)
2026/02/11 20:56:55 WARN config file has permissive permissions path=/home/noetrevino/.config/paso/config.yaml current=644 recommended=0600 fix="chmod 600 /home/noetrevino/.config/paso/config.yaml"
2026/02/11 20:56:55 OK   00006_add_assignees.sql (273.59µs)
2026/02/11 20:56:55 OK   00007_add_task_assignee.sql (420.54µs)
2026/02/11 20:56:55 INFO current git branch has no associated project, falling back to default branch=refactor/shared-mocks-cli-tui
2026/02/11 20:56:55 INFO selected default project project_id=1 project_name=Alpha
2026/02/11 20:56:55 INFO current git branch has no associated project, falling back to default branch=refactor/shared-mocks-cli-tui
2026/02/11 20:56:55 INFO selected default project project_id=1 project_name="Test Project"
2026/02/11 20:56:55 OK   00008_fix_assignee_name_uniqueness.sql (1.75ms)
2026/02/11 20:56:55 goose: successfully migrated database to version: 8
--- PASS: TestUnit_BoardRendering_MultipleProjectsShowsActiveProjectName (0.00s)
=== CONT  TestUnit_BoardRendering_EmptyBoard
2026/02/11 20:56:55 WARN config file has permissive permissions path=/home/noetrevino/.config/paso/config.yaml current=644 recommended=0600 fix="chmod 600 /home/noetrevino/.config/paso/config.yaml"
2026/02/11 20:56:55 WARN config file has permissive permissions path=/home/noetrevino/.config/paso/config.yaml current=644 recommended=0600 fix="chmod 600 /home/noetrevino/.config/paso/config.yaml"
--- PASS: TestUnit_BoardRendering_WithColumnsShowsHeaders (0.00s)
=== CONT  TestActivityView_QClosesView
2026/02/11 20:56:55 OK   00001_initial_schema.sql (2.1ms)
2026/02/11 20:56:55 INFO current git branch has no associated project, falling back to default branch=refactor/shared-mocks-cli-tui
2026/02/11 20:56:55 WARN no projects available, TUI may not function correctly
2026/02/11 20:56:55 INFO current git branch has no associated project, falling back to default branch=refactor/shared-mocks-cli-tui
2026/02/11 20:56:55 INFO selected default project project_id=1 project_name="Test Project"
2026/02/11 20:56:55 OK   00002_add_performance_indexes.sql (833.24µs)
--- PASS: TestUnit_BoardRendering_EmptyBoard (0.00s)
=== CONT  TestCommentState_GetSelectedActivity_Empty
--- PASS: TestCommentState_GetSelectedActivity_Empty (0.00s)
=== CONT  TestCommentState_GetSelectedActivity
--- PASS: TestCommentState_GetSelectedActivity (0.00s)
=== CONT  TestCommentState_SetActivities_ResetsCursor
--- PASS: TestCommentState_SetActivities_ResetsCursor (0.00s)
=== CONT  TestCommentState_SetActivities
--- PASS: TestCommentState_SetActivities (0.00s)
=== CONT  TestMergeActivities_EmptyInputs
=== RUN   TestMergeActivities_EmptyInputs/empty_events
=== PAUSE TestMergeActivities_EmptyInputs/empty_events
=== RUN   TestMergeActivities_EmptyInputs/empty_comments
=== PAUSE TestMergeActivities_EmptyInputs/empty_comments
=== RUN   TestMergeActivities_EmptyInputs/both_empty
=== PAUSE TestMergeActivities_EmptyInputs/both_empty
=== CONT  TestMergeActivities_SortedByCreatedAtDescending
--- PASS: TestMergeActivities_SortedByCreatedAtDescending (0.00s)
=== CONT  TestActivityView_NavigationSequence
--- PASS: TestConnection_SuccessfulReconnect (0.04s)
2026/02/11 20:56:55 OK   00003_add_git_branch_to_projects.sql (911.25µs)
=== CONT  TestActivityView_DeleteWithNoSelection
2026/02/11 20:56:55 OK   00005_add_task_events.sql (345.1µs)
2026/02/11 20:56:55 OK   00006_add_assignees.sql (303.53µs)
2026/02/11 20:56:55 OK   00007_add_task_assignee.sql (1.11ms)
2026/02/11 20:56:55 OK   00008_fix_assignee_name_uniqueness.sql (1.86ms)
2026/02/11 20:56:55 goose: successfully migrated database to version: 8
2026/02/11 20:56:55 WARN config file has permissive permissions path=/home/noetrevino/.config/paso/config.yaml current=644 recommended=0600 fix="chmod 600 /home/noetrevino/.config/paso/config.yaml"
2026/02/11 20:56:55 OK   00001_initial_schema.sql (2.41ms)
2026/02/11 20:56:55 OK   00002_add_performance_indexes.sql (969.7µs)
2026/02/11 20:56:55 OK   00003_add_git_branch_to_projects.sql (490.52µs)
2026/02/11 20:56:55 OK   00005_add_task_events.sql (205.45µs)
2026/02/11 20:56:55 INFO current git branch has no associated project, falling back to default branch=refactor/shared-mocks-cli-tui
2026/02/11 20:56:55 INFO selected default project project_id=1 project_name="Test Project"
2026/02/11 20:56:55 OK   00006_add_assignees.sql (233.79µs)
--- PASS: TestConnection_ReconnectingState (0.04s)
=== CONT  TestActivityView_EditWithNoSelection
2026/02/11 20:56:55 OK   00007_add_task_assignee.sql (722.61µs)
2026/02/11 20:56:55 OK   00008_fix_assignee_name_uniqueness.sql (1.64ms)
2026/02/11 20:56:55 goose: successfully migrated database to version: 8
2026/02/11 20:56:55 WARN config file has permissive permissions path=/home/noetrevino/.config/paso/config.yaml current=644 recommended=0600 fix="chmod 600 /home/noetrevino/.config/paso/config.yaml"
2026/02/11 20:56:55 OK   00001_initial_schema.sql (1.92ms)
2026/02/11 20:56:55 OK   00002_add_performance_indexes.sql (758.67µs)
2026/02/11 20:56:55 OK   00003_add_git_branch_to_projects.sql (524.06µs)
2026/02/11 20:56:55 OK   00005_add_task_events.sql (225.35µs)
2026/02/11 20:56:55 OK   00006_add_assignees.sql (243.38µs)
2026/02/11 20:56:55 OK   00007_add_task_assignee.sql (497.97µs)
2026/02/11 20:56:55 INFO current git branch has no associated project, falling back to default branch=refactor/shared-mocks-cli-tui
2026/02/11 20:56:55 INFO selected default project project_id=1 project_name="Test Project"
--- PASS: TestConnection_DisconnectNotification (0.04s)
=== CONT  TestActivityView_EmptyList
2026/02/11 20:56:55 OK   00008_fix_assignee_name_uniqueness.sql (2.18ms)
2026/02/11 20:56:55 goose: successfully migrated database to version: 8
2026/02/11 20:56:55 WARN config file has permissive permissions path=/home/noetrevino/.config/paso/config.yaml current=644 recommended=0600 fix="chmod 600 /home/noetrevino/.config/paso/config.yaml"
2026/02/11 20:56:55 OK   00001_initial_schema.sql (1.82ms)
2026/02/11 20:56:55 OK   00002_add_performance_indexes.sql (778.88µs)
2026/02/11 20:56:55 OK   00003_add_git_branch_to_projects.sql (495.35µs)
2026/02/11 20:56:55 INFO current git branch has no associated project, falling back to default branch=refactor/shared-mocks-cli-tui
2026/02/11 20:56:55 INFO selected default project project_id=1 project_name="Test Project"
2026/02/11 20:56:55 OK   00005_add_task_events.sql (232.13µs)
--- PASS: TestConnection_InitialConnectedState (0.04s)
=== CONT  TestActivityView_EnterOnEventBlocked
2026/02/11 20:56:55 OK   00006_add_assignees.sql (480.18µs)
2026/02/11 20:56:55 OK   00007_add_task_assignee.sql (438.57µs)
2026/02/11 20:56:55 OK   00008_fix_assignee_name_uniqueness.sql (1.73ms)
2026/02/11 20:56:55 goose: successfully migrated database to version: 8
2026/02/11 20:56:55 OK   00001_initial_schema.sql (1.97ms)
2026/02/11 20:56:55 WARN config file has permissive permissions path=/home/noetrevino/.config/paso/config.yaml current=644 recommended=0600 fix="chmod 600 /home/noetrevino/.config/paso/config.yaml"
2026/02/11 20:56:55 OK   00002_add_performance_indexes.sql (843.11µs)
2026/02/11 20:56:55 OK   00003_add_git_branch_to_projects.sql (591.8µs)
2026/02/11 20:56:55 OK   00005_add_task_events.sql (214.16µs)
2026/02/11 20:56:55 OK   00006_add_assignees.sql (212.42µs)
2026/02/11 20:56:55 OK   00007_add_task_assignee.sql (435.47µs)
2026/02/11 20:56:55 OK   00008_fix_assignee_name_uniqueness.sql (1.87ms)
2026/02/11 20:56:55 goose: successfully migrated database to version: 8
2026/02/11 20:56:55 INFO current git branch has no associated project, falling back to default branch=refactor/shared-mocks-cli-tui
2026/02/11 20:56:55 INFO selected default project project_id=1 project_name="Test Project"
2026/02/11 20:56:55 OK   00001_initial_schema.sql (2.07ms)
--- PASS: TestActivityView_QClosesView (0.04s)
=== CONT  TestActivityView_EnterAlsoEdits
2026/02/11 20:56:55 OK   00002_add_performance_indexes.sql (1.21ms)
2026/02/11 20:56:55 WARN config file has permissive permissions path=/home/noetrevino/.config/paso/config.yaml current=644 recommended=0600 fix="chmod 600 /home/noetrevino/.config/paso/config.yaml"
2026/02/11 20:56:55 OK   00003_add_git_branch_to_projects.sql (462.87µs)
2026/02/11 20:56:55 OK   00005_add_task_events.sql (221.72µs)
2026/02/11 20:56:55 OK   00006_add_assignees.sql (249.27µs)
2026/02/11 20:56:55 OK   00007_add_task_assignee.sql (462.34µs)
2026/02/11 20:56:55 OK   00008_fix_assignee_name_uniqueness.sql (1.69ms)
2026/02/11 20:56:55 goose: successfully migrated database to version: 8
2026/02/11 20:56:55 INFO current git branch has no associated project, falling back to default branch=refactor/shared-mocks-cli-tui
2026/02/11 20:56:55 INFO selected default project project_id=1 project_name="Test Project"
2026/02/11 20:56:55 WARN config file has permissive permissions path=/home/noetrevino/.config/paso/config.yaml current=644 recommended=0600 fix="chmod 600 /home/noetrevino/.config/paso/config.yaml"
--- PASS: TestActivityView_NavigationSequence (0.04s)
=== CONT  TestActivityView_DeleteEventShowsWarning
2026/02/11 20:56:55 OK   00001_initial_schema.sql (1.83ms)
2026/02/11 20:56:55 OK   00002_add_performance_indexes.sql (1.27ms)
2026/02/11 20:56:55 OK   00003_add_git_branch_to_projects.sql (535.09µs)
2026/02/11 20:56:55 OK   00005_add_task_events.sql (234.84µs)
2026/02/11 20:56:55 OK   00006_add_assignees.sql (244.56µs)
2026/02/11 20:56:55 OK   00007_add_task_assignee.sql (501.17µs)
2026/02/11 20:56:55 OK   00008_fix_assignee_name_uniqueness.sql (1.71ms)
2026/02/11 20:56:55 goose: successfully migrated database to version: 8
2026/02/11 20:56:55 OK   00001_initial_schema.sql (1.86ms)
2026/02/11 20:56:55 WARN config file has permissive permissions path=/home/noetrevino/.config/paso/config.yaml current=644 recommended=0600 fix="chmod 600 /home/noetrevino/.config/paso/config.yaml"
2026/02/11 20:56:55 INFO current git branch has no associated project, falling back to default branch=refactor/shared-mocks-cli-tui
2026/02/11 20:56:55 INFO selected default project project_id=1 project_name="Test Project"
--- PASS: TestActivityView_DeleteWithNoSelection (0.05s)
=== CONT  TestActivityView_EscapeClosesView
2026/02/11 20:56:55 OK   00002_add_performance_indexes.sql (1.56ms)
2026/02/11 20:56:55 OK   00003_add_git_branch_to_projects.sql (2.2ms)
2026/02/11 20:56:55 OK   00005_add_task_events.sql (267.95µs)
2026/02/11 20:56:55 OK   00006_add_assignees.sql (225.77µs)
2026/02/11 20:56:55 OK   00007_add_task_assignee.sql (494.25µs)
2026/02/11 20:56:55 INFO current git branch has no associated project, falling back to default branch=refactor/shared-mocks-cli-tui
2026/02/11 20:56:55 INFO selected default project project_id=1 project_name="Test Project"
2026/02/11 20:56:55 OK   00008_fix_assignee_name_uniqueness.sql (1.6ms)
2026/02/11 20:56:55 goose: successfully migrated database to version: 8
2026/02/11 20:56:55 WARN config file has permissive permissions path=/home/noetrevino/.config/paso/config.yaml current=644 recommended=0600 fix="chmod 600 /home/noetrevino/.config/paso/config.yaml"
2026/02/11 20:56:55 OK   00001_initial_schema.sql (1.61ms)
2026/02/11 20:56:55 OK   00002_add_performance_indexes.sql (710.42µs)
--- PASS: TestActivityView_EditWithNoSelection (0.05s)
=== CONT  TestActivityView_AddNewComment
2026/02/11 20:56:55 OK   00003_add_git_branch_to_projects.sql (1.06ms)
2026/02/11 20:56:55 OK   00005_add_task_events.sql (339.3µs)
2026/02/11 20:56:55 INFO current git branch has no associated project, falling back to default branch=refactor/shared-mocks-cli-tui
2026/02/11 20:56:55 INFO selected default project project_id=1 project_name="Test Project"
--- PASS: TestActivityView_EmptyList (0.04s)
=== CONT  TestActivityView_MixedItems_EditCommentAllowed
2026/02/11 20:56:55 OK   00006_add_assignees.sql (871.82µs)
2026/02/11 20:56:55 OK   00007_add_task_assignee.sql (497.91µs)
2026/02/11 20:56:55 OK   00008_fix_assignee_name_uniqueness.sql (2.01ms)
2026/02/11 20:56:55 goose: successfully migrated database to version: 8
2026/02/11 20:56:55 WARN config file has permissive permissions path=/home/noetrevino/.config/paso/config.yaml current=644 recommended=0600 fix="chmod 600 /home/noetrevino/.config/paso/config.yaml"
2026/02/11 20:56:55 OK   00001_initial_schema.sql (2.19ms)
2026/02/11 20:56:55 OK   00002_add_performance_indexes.sql (878.61µs)
2026/02/11 20:56:55 OK   00003_add_git_branch_to_projects.sql (561.12µs)
2026/02/11 20:56:55 OK   00005_add_task_events.sql (255.69µs)
2026/02/11 20:56:55 OK   00006_add_assignees.sql (268.27µs)
2026/02/11 20:56:55 OK   00007_add_task_assignee.sql (516.41µs)
2026/02/11 20:56:55 INFO current git branch has no associated project, falling back to default branch=refactor/shared-mocks-cli-tui
2026/02/11 20:56:55 INFO selected default project project_id=1 project_name="Test Project"
--- PASS: TestActivityView_EnterOnEventBlocked (0.05s)
=== CONT  TestActivityView_MixedItems_EditEventBlocked
2026/02/11 20:56:55 OK   00008_fix_assignee_name_uniqueness.sql (2.63ms)
2026/02/11 20:56:55 goose: successfully migrated database to version: 8
2026/02/11 20:56:55 WARN config file has permissive permissions path=/home/noetrevino/.config/paso/config.yaml current=644 recommended=0600 fix="chmod 600 /home/noetrevino/.config/paso/config.yaml"
2026/02/11 20:56:55 OK   00001_initial_schema.sql (2.09ms)
2026/02/11 20:56:55 OK   00002_add_performance_indexes.sql (1.01ms)
2026/02/11 20:56:55 OK   00003_add_git_branch_to_projects.sql (514.42µs)
2026/02/11 20:56:55 OK   00005_add_task_events.sql (239.86µs)
2026/02/11 20:56:55 OK   00006_add_assignees.sql (223.53µs)
2026/02/11 20:56:55 OK   00007_add_task_assignee.sql (439.4µs)
2026/02/11 20:56:55 OK   00008_fix_assignee_name_uniqueness.sql (3.75ms)
2026/02/11 20:56:55 goose: successfully migrated database to version: 8
2026/02/11 20:56:55 OK   00001_initial_schema.sql (2.01ms)
2026/02/11 20:56:55 WARN config file has permissive permissions path=/home/noetrevino/.config/paso/config.yaml current=644 recommended=0600 fix="chmod 600 /home/noetrevino/.config/paso/config.yaml"
2026/02/11 20:56:55 OK   00002_add_performance_indexes.sql (1.31ms)
2026/02/11 20:56:55 INFO current git branch has no associated project, falling back to default branch=refactor/shared-mocks-cli-tui
2026/02/11 20:56:55 INFO selected default project project_id=1 project_name="Test Project"
2026/02/11 20:56:55 OK   00003_add_git_branch_to_projects.sql (814.19µs)
2026/02/11 20:56:55 OK   00005_add_task_events.sql (218.95µs)
2026/02/11 20:56:55 OK   00006_add_assignees.sql (282.12µs)
--- PASS: TestActivityView_EnterAlsoEdits (0.05s)
=== CONT  TestActivityView_DeleteCommentEntersDeleteMode
2026/02/11 20:56:55 OK   00007_add_task_assignee.sql (635.85µs)
2026/02/11 20:56:55 INFO current git branch has no associated project, falling back to default branch=refactor/shared-mocks-cli-tui
2026/02/11 20:56:55 INFO selected default project project_id=1 project_name="Test Project"
--- PASS: TestActivityView_DeleteEventShowsWarning (0.05s)
=== CONT  TestActivityView_EditCommentEntersFormMode
2026/02/11 20:56:55 OK   00008_fix_assignee_name_uniqueness.sql (2.65ms)
2026/02/11 20:56:55 goose: successfully migrated database to version: 8
2026/02/11 20:56:55 WARN config file has permissive permissions path=/home/noetrevino/.config/paso/config.yaml current=644 recommended=0600 fix="chmod 600 /home/noetrevino/.config/paso/config.yaml"
2026/02/11 20:56:55 OK   00001_initial_schema.sql (2.79ms)
2026/02/11 20:56:55 OK   00002_add_performance_indexes.sql (991.68µs)
2026/02/11 20:56:55 OK   00003_add_git_branch_to_projects.sql (910.38µs)
2026/02/11 20:56:55 OK   00005_add_task_events.sql (255.5µs)
2026/02/11 20:56:55 OK   00006_add_assignees.sql (342.25µs)
2026/02/11 20:56:55 INFO current git branch has no associated project, falling back to default branch=refactor/shared-mocks-cli-tui
2026/02/11 20:56:55 INFO selected default project project_id=1 project_name="Test Project"
--- PASS: TestActivityView_EscapeClosesView (0.05s)
=== CONT  TestSnapshots
=== RUN   TestSnapshots/empty_project_board
=== PAUSE TestSnapshots/empty_project_board
=== RUN   TestSnapshots/board_with_tasks
=== PAUSE TestSnapshots/board_with_tasks
=== RUN   TestSnapshots/board_with_multiple_tasks
=== PAUSE TestSnapshots/board_with_multiple_tasks
=== RUN   TestSnapshots/board_with_labels
=== PAUSE TestSnapshots/board_with_labels
=== RUN   TestSnapshots/no_projects
=== PAUSE TestSnapshots/no_projects
=== RUN   TestSnapshots/project_no_columns
=== PAUSE TestSnapshots/project_no_columns
=== RUN   TestSnapshots/connection_disconnected
=== PAUSE TestSnapshots/connection_disconnected
=== RUN   TestSnapshots/connection_reconnecting
=== PAUSE TestSnapshots/connection_reconnecting
=== RUN   TestSnapshots/notification_error
=== PAUSE TestSnapshots/notification_error
=== RUN   TestSnapshots/notification_warning
=== PAUSE TestSnapshots/notification_warning
=== CONT  TestSelectedColumn_BoundaryConditions
=== RUN   TestSelectedColumn_BoundaryConditions/First_column
=== PAUSE TestSelectedColumn_BoundaryConditions/First_column
=== RUN   TestSelectedColumn_BoundaryConditions/Middle_column
=== PAUSE TestSelectedColumn_BoundaryConditions/Middle_column
=== RUN   TestSelectedColumn_BoundaryConditions/Last_column
=== PAUSE TestSelectedColumn_BoundaryConditions/Last_column
=== CONT  TestModeTransition_MultipleTransitions
--- PASS: TestModeTransition_MultipleTransitions (0.00s)
=== CONT  TestModeTransition_FormToNormal
--- PASS: TestModeTransition_FormToNormal (0.00s)
=== CONT  TestModeTransition_NormalToForm
--- PASS: TestModeTransition_NormalToForm (0.00s)
=== CONT  TestSnapshotRegressions
=== RUN   TestSnapshotRegressions/verify_empty_project_board
=== PAUSE TestSnapshotRegressions/verify_empty_project_board
=== RUN   TestSnapshotRegressions/verify_board_with_tasks
=== PAUSE TestSnapshotRegressions/verify_board_with_tasks
=== RUN   TestSnapshotRegressions/verify_board_with_multiple_tasks
=== PAUSE TestSnapshotRegressions/verify_board_with_multiple_tasks
=== RUN   TestSnapshotRegressions/verify_board_with_labels
=== PAUSE TestSnapshotRegressions/verify_board_with_labels
=== RUN   TestSnapshotRegressions/verify_no_projects
=== PAUSE TestSnapshotRegressions/verify_no_projects
=== RUN   TestSnapshotRegressions/verify_project_no_columns
=== PAUSE TestSnapshotRegressions/verify_project_no_columns
=== RUN   TestSnapshotRegressions/verify_connection_disconnected
=== PAUSE TestSnapshotRegressions/verify_connection_disconnected
=== RUN   TestSnapshotRegressions/verify_connection_reconnecting
=== PAUSE TestSnapshotRegressions/verify_connection_reconnecting
=== RUN   TestSnapshotRegressions/verify_notification_error
=== PAUSE TestSnapshotRegressions/verify_notification_error
=== RUN   TestSnapshotRegressions/verify_notification_warning
=== PAUSE TestSnapshotRegressions/verify_notification_warning
=== CONT  TestCommentState_DeleteSelected_AtEnd
--- PASS: TestCommentState_DeleteSelected_AtEnd (0.00s)
=== CONT  TestActivityType_String
--- PASS: TestActivityType_String (0.00s)
=== CONT  TestActivityItem_FromComment
--- PASS: TestActivityItem_FromComment (0.00s)
=== CONT  TestActivityItem_FromEvent
--- PASS: TestActivityItem_FromEvent (0.00s)
=== CONT  TestCommentState_IsEmpty
--- PASS: TestCommentState_IsEmpty (0.00s)
=== CONT  TestCommentState_Clear
--- PASS: TestCommentState_Clear (0.00s)
=== CONT  TestCommentState_DeleteSelected_LastItem
--- PASS: TestCommentState_DeleteSelected_LastItem (0.00s)
=== CONT  TestEditColumnForm_RenameColumn
2026/02/11 20:56:55 OK   00007_add_task_assignee.sql (1.59ms)
2026/02/11 20:56:55 OK   00008_fix_assignee_name_uniqueness.sql (1.99ms)
2026/02/11 20:56:55 goose: successfully migrated database to version: 8
2026/02/11 20:56:55 OK   00001_initial_schema.sql (1.89ms)
2026/02/11 20:56:55 WARN config file has permissive permissions path=/home/noetrevino/.config/paso/config.yaml current=644 recommended=0600 fix="chmod 600 /home/noetrevino/.config/paso/config.yaml"
2026/02/11 20:56:55 OK   00002_add_performance_indexes.sql (1.37ms)
2026/02/11 20:56:55 OK   00003_add_git_branch_to_projects.sql (522.1µs)
2026/02/11 20:56:55 OK   00005_add_task_events.sql (573.61µs)
2026/02/11 20:56:55 OK   00006_add_assignees.sql (297.45µs)
2026/02/11 20:56:55 OK   00007_add_task_assignee.sql (514.58µs)
2026/02/11 20:56:55 INFO current git branch has no associated project, falling back to default branch=refactor/shared-mocks-cli-tui
2026/02/11 20:56:55 INFO selected default project project_id=1 project_name="Test Project"
2026/02/11 20:56:55 OK   00008_fix_assignee_name_uniqueness.sql (2ms)
2026/02/11 20:56:55 goose: successfully migrated database to version: 8
--- PASS: TestActivityView_AddNewComment (0.06s)
=== CONT  TestHandleNavigateUp_MovesUp
--- PASS: TestHandleNavigateUp_MovesUp (0.00s)
=== CONT  TestHandleScrollRight_SelectionFollows
--- PASS: TestHandleScrollRight_SelectionFollows (0.00s)
=== CONT  TestHandleDeleteTask_NoTask
--- PASS: TestHandleDeleteTask_NoTask (0.00s)
=== CONT  TestHandleEditTask_NoTask
--- PASS: TestHandleEditTask_NoTask (0.00s)
=== CONT  TestHandleAddTask_NoColumns
--- PASS: TestHandleAddTask_NoColumns (0.00s)
=== CONT  TestHandleNavigateRight_ResetsTaskSelection
--- PASS: TestHandleNavigateRight_ResetsTaskSelection (0.00s)
=== CONT  TestHandleNavigateDown_LastTask
--- PASS: TestHandleNavigateDown_LastTask (0.00s)
=== CONT  TestHandleNavigateUp_FirstTask
--- PASS: TestHandleNavigateUp_FirstTask (0.00s)
=== CONT  TestHandleNavigateRight_LastColumn
--- PASS: TestHandleNavigateRight_LastColumn (0.00s)
=== CONT  TestHandleNavigateLeft_FirstColumn
--- PASS: TestHandleNavigateLeft_FirstColumn (0.00s)
=== CONT  TestTaskForm_CharacterInput
2026/02/11 20:56:55 WARN config file has permissive permissions path=/home/noetrevino/.config/paso/config.yaml current=644 recommended=0600 fix="chmod 600 /home/noetrevino/.config/paso/config.yaml"
2026/02/11 20:56:55 OK   00001_initial_schema.sql (6.09ms)
2026/02/11 20:56:55 OK   00002_add_performance_indexes.sql (1.27ms)
2026/02/11 20:56:55 INFO current git branch has no associated project, falling back to default branch=refactor/shared-mocks-cli-tui
2026/02/11 20:56:55 INFO selected default project project_id=1 project_name="Test Project"
2026/02/11 20:56:55 OK   00003_add_git_branch_to_projects.sql (2.02ms)
2026/02/11 20:56:55 OK   00005_add_task_events.sql (210.39µs)
--- PASS: TestActivityView_MixedItems_EditCommentAllowed (0.06s)
=== CONT  TestProjectForm_DiscardChanges
2026/02/11 20:56:55 OK   00006_add_assignees.sql (575.01µs)
2026/02/11 20:56:55 OK   00007_add_task_assignee.sql (565.02µs)
2026/02/11 20:56:55 OK   00008_fix_assignee_name_uniqueness.sql (1.91ms)
2026/02/11 20:56:55 goose: successfully migrated database to version: 8
2026/02/11 20:56:55 WARN config file has permissive permissions path=/home/noetrevino/.config/paso/config.yaml current=644 recommended=0600 fix="chmod 600 /home/noetrevino/.config/paso/config.yaml"
2026/02/11 20:56:55 OK   00001_initial_schema.sql (2.81ms)
2026/02/11 20:56:55 OK   00002_add_performance_indexes.sql (1.15ms)
2026/02/11 20:56:55 OK   00003_add_git_branch_to_projects.sql (561.87µs)
2026/02/11 20:56:55 OK   00005_add_task_events.sql (238.11µs)
2026/02/11 20:56:55 OK   00006_add_assignees.sql (320.17µs)
2026/02/11 20:56:55 INFO current git branch has no associated project, falling back to default branch=refactor/shared-mocks-cli-tui
2026/02/11 20:56:55 INFO selected default project project_id=1 project_name="Test Project"
2026/02/11 20:56:55 OK   00007_add_task_assignee.sql (648.18µs)
--- PASS: TestActivityView_MixedItems_EditEventBlocked (0.06s)
=== CONT  TestUnit_ProjectSwitch_ResetsSelection
2026/02/11 20:56:55 WARN config file has permissive permissions path=/home/noetrevino/.config/paso/config.yaml current=644 recommended=0600 fix="chmod 600 /home/noetrevino/.config/paso/config.yaml"
2026/02/11 20:56:55 OK   00008_fix_assignee_name_uniqueness.sql (1.88ms)
2026/02/11 20:56:55 goose: successfully migrated database to version: 8
2026/02/11 20:56:55 WARN config file has permissive permissions path=/home/noetrevino/.config/paso/config.yaml current=644 recommended=0600 fix="chmod 600 /home/noetrevino/.config/paso/config.yaml"
2026/02/11 20:56:55 INFO current git branch has no associated project, falling back to default branch=refactor/shared-mocks-cli-tui
2026/02/11 20:56:55 INFO selected default project project_id=1 project_name=Alpha
2026/02/11 20:56:55 INFO navigating to next project current_index=0 new_index=1
--- PASS: TestUnit_ProjectSwitch_ResetsSelection (0.00s)
=== CONT  TestUnit_ProjectSwitch_NextProjectAtLastStaysInPlace
2026/02/11 20:56:55 WARN config file has permissive permissions path=/home/noetrevino/.config/paso/config.yaml current=644 recommended=0600 fix="chmod 600 /home/noetrevino/.config/paso/config.yaml"
2026/02/11 20:56:55 OK   00001_initial_schema.sql (3.29ms)
2026/02/11 20:56:55 INFO current git branch has no associated project, falling back to default branch=refactor/shared-mocks-cli-tui
2026/02/11 20:56:55 INFO selected default project project_id=1 project_name="Test Project"
2026/02/11 20:56:55 OK   00002_add_performance_indexes.sql (1.02ms)
--- PASS: TestActivityView_DeleteCommentEntersDeleteMode (0.05s)
=== CONT  TestUnit_ProjectSwitch_PrevProjectAtFirstStaysInPlace
2026/02/11 20:56:55 WARN config file has permissive permissions path=/home/noetrevino/.config/paso/config.yaml current=644 recommended=0600 fix="chmod 600 /home/noetrevino/.config/paso/config.yaml"
2026/02/11 20:56:55 OK   00003_add_git_branch_to_projects.sql (883.64µs)
2026/02/11 20:56:55 OK   00005_add_task_events.sql (264.09µs)
2026/02/11 20:56:55 OK   00006_add_assignees.sql (386.82µs)
2026/02/11 20:56:55 OK   00007_add_task_assignee.sql (427.02µs)
2026/02/11 20:56:55 INFO current git branch has no associated project, falling back to default branch=refactor/shared-mocks-cli-tui
2026/02/11 20:56:55 INFO selected default project project_id=1 project_name="Only Project"
--- PASS: TestUnit_ProjectSwitch_NextProjectAtLastStaysInPlace (0.00s)
=== CONT  TestUnit_ProjectSwitch_ReloadsColumnsAndTasks
2026/02/11 20:56:55 WARN config file has permissive permissions path=/home/noetrevino/.config/paso/config.yaml current=644 recommended=0600 fix="chmod 600 /home/noetrevino/.config/paso/config.yaml"
2026/02/11 20:56:55 INFO current git branch has no associated project, falling back to default branch=refactor/shared-mocks-cli-tui
2026/02/11 20:56:55 INFO selected default project project_id=1 project_name=Alpha
--- PASS: TestUnit_ProjectSwitch_PrevProjectAtFirstStaysInPlace (0.00s)
=== CONT  TestCommentState_EnsureCommentVisible_ScrollUp
--- PASS: TestCommentState_EnsureCommentVisible_ScrollUp (0.00s)
=== CONT  TestCommentState_DeleteSelected
--- PASS: TestCommentState_DeleteSelected (0.00s)
=== CONT  TestCommentState_EnsureCommentVisible_ScrollDown
--- PASS: TestCommentState_EnsureCommentVisible_ScrollDown (0.00s)
=== CONT  TestActivityView_CursorBoundsAtTop
2026/02/11 20:56:55 OK   00008_fix_assignee_name_uniqueness.sql (2.78ms)
2026/02/11 20:56:55 goose: successfully migrated database to version: 8
2026/02/11 20:56:55 INFO current git branch has no associated project, falling back to default branch=refactor/shared-mocks-cli-tui
2026/02/11 20:56:55 INFO selected default project project_id=1 project_name=Alpha
2026/02/11 20:56:55 INFO navigating to next project current_index=0 new_index=1
--- PASS: TestUnit_ProjectSwitch_ReloadsColumnsAndTasks (0.00s)
=== CONT  TestActivityView_EditEventShowsWarning
2026/02/11 20:56:55 WARN config file has permissive permissions path=/home/noetrevino/.config/paso/config.yaml current=644 recommended=0600 fix="chmod 600 /home/noetrevino/.config/paso/config.yaml"
2026/02/11 20:56:55 OK   00001_initial_schema.sql (2.44ms)
2026/02/11 20:56:55 INFO current git branch has no associated project, falling back to default branch=refactor/shared-mocks-cli-tui
2026/02/11 20:56:55 INFO selected default project project_id=1 project_name="Test Project"
2026/02/11 20:56:55 OK   00002_add_performance_indexes.sql (971.73µs)
2026/02/11 20:56:55 OK   00003_add_git_branch_to_projects.sql (963.14µs)
2026/02/11 20:56:55 OK   00005_add_task_events.sql (205.99µs)
2026/02/11 20:56:55 OK   00006_add_assignees.sql (229.43µs)
2026/02/11 20:56:55 OK   00007_add_task_assignee.sql (436.73µs)
--- PASS: TestActivityView_EditCommentEntersFormMode (0.06s)
=== CONT  TestActivityView_CursorBoundsAtBottom
2026/02/11 20:56:55 OK   00008_fix_assignee_name_uniqueness.sql (1.98ms)
2026/02/11 20:56:55 goose: successfully migrated database to version: 8
2026/02/11 20:56:55 WARN config file has permissive permissions path=/home/noetrevino/.config/paso/config.yaml current=644 recommended=0600 fix="chmod 600 /home/noetrevino/.config/paso/config.yaml"
2026/02/11 20:56:55 OK   00001_initial_schema.sql (2.03ms)
2026/02/11 20:56:55 OK   00002_add_performance_indexes.sql (795.96µs)
2026/02/11 20:56:55 OK   00003_add_git_branch_to_projects.sql (478.26µs)
2026/02/11 20:56:55 OK   00005_add_task_events.sql (266.95µs)
2026/02/11 20:56:55 OK   00006_add_assignees.sql (243.16µs)
2026/02/11 20:56:55 OK   00007_add_task_assignee.sql (448.91µs)
2026/02/11 20:56:55 INFO current git branch has no associated project, falling back to default branch=refactor/shared-mocks-cli-tui
2026/02/11 20:56:55 INFO selected default project project_id=1 project_name="Test Project"
2026/02/11 20:56:55 OK   00008_fix_assignee_name_uniqueness.sql (1.86ms)
2026/02/11 20:56:55 goose: successfully migrated database to version: 8
2026/02/11 20:56:55 OK   00001_initial_schema.sql (1.95ms)
2026/02/11 20:56:55 WARN config file has permissive permissions path=/home/noetrevino/.config/paso/config.yaml current=644 recommended=0600 fix="chmod 600 /home/noetrevino/.config/paso/config.yaml"
--- PASS: TestEditColumnForm_RenameColumn (0.07s)
=== CONT  TestCommentState_MoveCursorDown
--- PASS: TestCommentState_MoveCursorDown (0.00s)
=== CONT  TestCommentState_MoveCursorDown_AtBottom
--- PASS: TestCommentState_MoveCursorDown_AtBottom (0.00s)
=== CONT  TestUnit_ProjectSwitch_NextProjectUpdatesActiveProject
2026/02/11 20:56:55 WARN config file has permissive permissions path=/home/noetrevino/.config/paso/config.yaml current=644 recommended=0600 fix="chmod 600 /home/noetrevino/.config/paso/config.yaml"
2026/02/11 20:56:55 OK   00002_add_performance_indexes.sql (1.79ms)
2026/02/11 20:56:55 OK   00003_add_git_branch_to_projects.sql (492.06µs)
2026/02/11 20:56:55 OK   00005_add_task_events.sql (242.6µs)
2026/02/11 20:56:55 OK   00006_add_assignees.sql (249.93µs)
2026/02/11 20:56:55 INFO current git branch has no associated project, falling back to default branch=refactor/shared-mocks-cli-tui
2026/02/11 20:56:55 INFO selected default project project_id=1 project_name="Test Project"
2026/02/11 20:56:55 OK   00007_add_task_assignee.sql (484.08µs)
2026/02/11 20:56:55 OK   00008_fix_assignee_name_uniqueness.sql (1.86ms)
2026/02/11 20:56:55 goose: successfully migrated database to version: 8
2026/02/11 20:56:55 INFO current git branch has no associated project, falling back to default branch=refactor/shared-mocks-cli-tui
2026/02/11 20:56:55 INFO selected default project project_id=1 project_name=Alpha
2026/02/11 20:56:55 INFO navigating to next project current_index=0 new_index=1
--- PASS: TestUnit_ProjectSwitch_NextProjectUpdatesActiveProject (0.00s)
=== CONT  TestTaskForm_ShortcutToLabelPicker
2026/02/11 20:56:55 WARN config file has permissive permissions path=/home/noetrevino/.config/paso/config.yaml current=644 recommended=0600 fix="chmod 600 /home/noetrevino/.config/paso/config.yaml"
2026/02/11 20:56:55 OK   00001_initial_schema.sql (1.97ms)
2026/02/11 20:56:55 OK   00002_add_performance_indexes.sql (952.27µs)
2026/02/11 20:56:55 OK   00003_add_git_branch_to_projects.sql (483.18µs)
2026/02/11 20:56:55 OK   00005_add_task_events.sql (217.26µs)
2026/02/11 20:56:55 OK   00006_add_assignees.sql (247.26µs)
2026/02/11 20:56:55 OK   00007_add_task_assignee.sql (485.93µs)
2026/02/11 20:56:55 OK   00008_fix_assignee_name_uniqueness.sql (1.84ms)
2026/02/11 20:56:55 goose: successfully migrated database to version: 8
2026/02/11 20:56:55 WARN config file has permissive permissions path=/home/noetrevino/.config/paso/config.yaml current=644 recommended=0600 fix="chmod 600 /home/noetrevino/.config/paso/config.yaml"
--- PASS: TestTaskForm_CharacterInput (0.06s)
=== CONT  TestCommentForm_Creation
2026/02/11 20:56:55 INFO current git branch has no associated project, falling back to default branch=refactor/shared-mocks-cli-tui
2026/02/11 20:56:55 INFO selected default project project_id=1 project_name="Test Project"
2026/02/11 20:56:55 OK   00001_initial_schema.sql (3.19ms)
2026/02/11 20:56:55 OK   00002_add_performance_indexes.sql (565.66µs)
2026/02/11 20:56:55 INFO current git branch has no associated project, falling back to default branch=refactor/shared-mocks-cli-tui
2026/02/11 20:56:55 INFO selected default project project_id=1 project_name="Test Project"
2026/02/11 20:56:55 OK   00003_add_git_branch_to_projects.sql (411.73µs)
--- PASS: TestActivityView_CursorBoundsAtTop (0.04s)
=== CONT  TestColumnForm_Creation
2026/02/11 20:56:55 OK   00005_add_task_events.sql (480.56µs)
2026/02/11 20:56:55 OK   00006_add_assignees.sql (297.54µs)
2026/02/11 20:56:55 OK   00007_add_task_assignee.sql (677.22µs)
2026/02/11 20:56:55 OK   00008_fix_assignee_name_uniqueness.sql (1.72ms)
2026/02/11 20:56:55 goose: successfully migrated database to version: 8
--- PASS: TestProjectForm_DiscardChanges (0.06s)
2026/02/11 20:56:55 OK   00001_initial_schema.sql (2.01ms)
=== CONT  TestProjectForm_Creation
2026/02/11 20:56:55 WARN config file has permissive permissions path=/home/noetrevino/.config/paso/config.yaml current=644 recommended=0600 fix="chmod 600 /home/noetrevino/.config/paso/config.yaml"
2026/02/11 20:56:55 OK   00002_add_performance_indexes.sql (944.16µs)
2026/02/11 20:56:55 OK   00003_add_git_branch_to_projects.sql (785.81µs)
2026/02/11 20:56:55 OK   00005_add_task_events.sql (318.8µs)
2026/02/11 20:56:55 OK   00006_add_assignees.sql (250.6µs)
2026/02/11 20:56:55 OK   00007_add_task_assignee.sql (430.37µs)
2026/02/11 20:56:55 INFO current git branch has no associated project, falling back to default branch=refactor/shared-mocks-cli-tui
2026/02/11 20:56:55 INFO selected default project project_id=1 project_name="Test Project"
--- PASS: TestActivityView_EditEventShowsWarning (0.04s)
=== CONT  TestTaskForm_DiscardConfirmation
2026/02/11 20:56:55 OK   00008_fix_assignee_name_uniqueness.sql (2.47ms)
2026/02/11 20:56:55 goose: successfully migrated database to version: 8
2026/02/11 20:56:55 WARN config file has permissive permissions path=/home/noetrevino/.config/paso/config.yaml current=644 recommended=0600 fix="chmod 600 /home/noetrevino/.config/paso/config.yaml"
2026/02/11 20:56:55 OK   00001_initial_schema.sql (1.86ms)
2026/02/11 20:56:55 OK   00002_add_performance_indexes.sql (796.01µs)
2026/02/11 20:56:55 OK   00003_add_git_branch_to_projects.sql (566.94µs)
2026/02/11 20:56:55 OK   00005_add_task_events.sql (271.08µs)
2026/02/11 20:56:55 OK   00006_add_assignees.sql (220.61µs)
2026/02/11 20:56:55 OK   00007_add_task_assignee.sql (456.5µs)
2026/02/11 20:56:55 OK   00008_fix_assignee_name_uniqueness.sql (1.82ms)
2026/02/11 20:56:55 goose: successfully migrated database to version: 8
2026/02/11 20:56:55 INFO current git branch has no associated project, falling back to default branch=refactor/shared-mocks-cli-tui
2026/02/11 20:56:55 INFO selected default project project_id=1 project_name="Test Project"
2026/02/11 20:56:55 WARN config file has permissive permissions path=/home/noetrevino/.config/paso/config.yaml current=644 recommended=0600 fix="chmod 600 /home/noetrevino/.config/paso/config.yaml"
--- PASS: TestActivityView_CursorBoundsAtBottom (0.05s)
=== CONT  TestTaskForm_SaveWithCtrlS
2026/02/11 20:56:55 OK   00001_initial_schema.sql (2.23ms)
2026/02/11 20:56:55 OK   00002_add_performance_indexes.sql (1.91ms)
2026/02/11 20:56:55 OK   00003_add_git_branch_to_projects.sql (462.78µs)
2026/02/11 20:56:55 OK   00005_add_task_events.sql (209.88µs)
2026/02/11 20:56:55 OK   00006_add_assignees.sql (267.2µs)
2026/02/11 20:56:55 OK   00007_add_task_assignee.sql (433.31µs)
2026/02/11 20:56:55 OK   00008_fix_assignee_name_uniqueness.sql (1.69ms)
2026/02/11 20:56:55 goose: successfully migrated database to version: 8
2026/02/11 20:56:55 INFO current git branch has no associated project, falling back to default branch=refactor/shared-mocks-cli-tui
2026/02/11 20:56:55 INFO selected default project project_id=1 project_name="Test Project"
--- PASS: TestTaskForm_ShortcutToLabelPicker (0.04s)
=== CONT  TestTaskForm_ShortcutToParentPicker
2026/02/11 20:56:55 WARN config file has permissive permissions path=/home/noetrevino/.config/paso/config.yaml current=644 recommended=0600 fix="chmod 600 /home/noetrevino/.config/paso/config.yaml"
2026/02/11 20:56:55 OK   00001_initial_schema.sql (1.81ms)
2026/02/11 20:56:55 OK   00002_add_performance_indexes.sql (953.54µs)
2026/02/11 20:56:55 INFO current git branch has no associated project, falling back to default branch=refactor/shared-mocks-cli-tui
2026/02/11 20:56:55 INFO selected default project project_id=1 project_name="Test Project"
2026/02/11 20:56:55 OK   00003_add_git_branch_to_projects.sql (554.52µs)
2026/02/11 20:56:55 OK   00005_add_task_events.sql (277.51µs)
2026/02/11 20:56:55 OK   00006_add_assignees.sql (179.36µs)
2026/02/11 20:56:55 OK   00007_add_task_assignee.sql (501.25µs)
2026/02/11 20:56:55 OK   00008_fix_assignee_name_uniqueness.sql (1.94ms)
2026/02/11 20:56:55 goose: successfully migrated database to version: 8
2026/02/11 20:56:55 WARN config file has permissive permissions path=/home/noetrevino/.config/paso/config.yaml current=644 recommended=0600 fix="chmod 600 /home/noetrevino/.config/paso/config.yaml"
--- PASS: TestCommentForm_Creation (0.04s)
=== CONT  TestCommentState_MoveCursorUp_AtTop
--- PASS: TestCommentState_MoveCursorUp_AtTop (0.00s)
=== CONT  TestActivityView_NavigateDown
2026/02/11 20:56:55 OK   00001_initial_schema.sql (2.42ms)
2026/02/11 20:56:55 OK   00002_add_performance_indexes.sql (759.27µs)
2026/02/11 20:56:55 OK   00003_add_git_branch_to_projects.sql (474.07µs)
2026/02/11 20:56:55 OK   00005_add_task_events.sql (203.59µs)
2026/02/11 20:56:55 OK   00006_add_assignees.sql (247.42µs)
2026/02/11 20:56:55 INFO current git branch has no associated project, falling back to default branch=refactor/shared-mocks-cli-tui
2026/02/11 20:56:55 INFO selected default project project_id=1 project_name="Test Project"
2026/02/11 20:56:55 OK   00007_add_task_assignee.sql (498.97µs)
--- PASS: TestColumnForm_Creation (0.04s)
=== CONT  TestActivityView_NavigateDownWithJ
2026/02/11 20:56:55 OK   00008_fix_assignee_name_uniqueness.sql (1.86ms)
2026/02/11 20:56:55 goose: successfully migrated database to version: 8
2026/02/11 20:56:55 OK   00001_initial_schema.sql (1.96ms)
2026/02/11 20:56:55 WARN config file has permissive permissions path=/home/noetrevino/.config/paso/config.yaml current=644 recommended=0600 fix="chmod 600 /home/noetrevino/.config/paso/config.yaml"
2026/02/11 20:56:55 OK   00002_add_performance_indexes.sql (769.45µs)
2026/02/11 20:56:55 OK   00003_add_git_branch_to_projects.sql (463.28µs)
2026/02/11 20:56:55 OK   00005_add_task_events.sql (205.3µs)
2026/02/11 20:56:55 OK   00006_add_assignees.sql (244.25µs)
2026/02/11 20:56:55 OK   00007_add_task_assignee.sql (594.81µs)
2026/02/11 20:56:55 OK   00008_fix_assignee_name_uniqueness.sql (2.33ms)
2026/02/11 20:56:55 goose: successfully migrated database to version: 8
2026/02/11 20:56:55 WARN config file has permissive permissions path=/home/noetrevino/.config/paso/config.yaml current=644 recommended=0600 fix="chmod 600 /home/noetrevino/.config/paso/config.yaml"
2026/02/11 20:56:55 OK   00001_initial_schema.sql (1.99ms)
2026/02/11 20:56:55 INFO current git branch has no associated project, falling back to default branch=refactor/shared-mocks-cli-tui
2026/02/11 20:56:55 INFO selected default project project_id=1 project_name="Test Project"
2026/02/11 20:56:55 INFO current git branch has no associated project, falling back to default branch=refactor/shared-mocks-cli-tui
2026/02/11 20:56:55 INFO selected default project project_id=1 project_name="Test Project"
2026/02/11 20:56:55 OK   00002_add_performance_indexes.sql (1.17ms)
2026/02/11 20:56:55 OK   00003_add_git_branch_to_projects.sql (477.04µs)
2026/02/11 20:56:55 OK   00005_add_task_events.sql (208.52µs)
--- PASS: TestProjectForm_Creation (0.05s)
=== CONT  TestEventHandler_SequentialStateUpdates
--- PASS: TestEventHandler_SequentialStateUpdates (0.00s)
=== CONT  TestTaskForm_ShortcutToPriorityPicker
2026/02/11 20:56:55 OK   00006_add_assignees.sql (384.74µs)
2026/02/11 20:56:55 OK   00007_add_task_assignee.sql (421.34µs)
2026/02/11 20:56:55 OK   00008_fix_assignee_name_uniqueness.sql (1.79ms)
2026/02/11 20:56:55 goose: successfully migrated database to version: 8
2026/02/11 20:56:55 WARN config file has permissive permissions path=/home/noetrevino/.config/paso/config.yaml current=644 recommended=0600 fix="chmod 600 /home/noetrevino/.config/paso/config.yaml"
--- PASS: TestTaskForm_DiscardConfirmation (0.05s)
=== CONT  TestTaskForm_FieldProgression
2026/02/11 20:56:55 OK   00001_initial_schema.sql (2.01ms)
2026/02/11 20:56:55 OK   00002_add_performance_indexes.sql (813.9µs)
2026/02/11 20:56:55 OK   00003_add_git_branch_to_projects.sql (450.83µs)
2026/02/11 20:56:55 OK   00005_add_task_events.sql (199.07µs)
2026/02/11 20:56:55 OK   00006_add_assignees.sql (209.09µs)
2026/02/11 20:56:55 OK   00007_add_task_assignee.sql (536.72µs)
2026/02/11 20:56:55 INFO current git branch has no associated project, falling back to default branch=refactor/shared-mocks-cli-tui
2026/02/11 20:56:55 INFO selected default project project_id=1 project_name="Test Project"
2026/02/11 20:56:55 OK   00008_fix_assignee_name_uniqueness.sql (1.51ms)
2026/02/11 20:56:55 goose: successfully migrated database to version: 8
2026/02/11 20:56:55 WARN config file has permissive permissions path=/home/noetrevino/.config/paso/config.yaml current=644 recommended=0600 fix="chmod 600 /home/noetrevino/.config/paso/config.yaml"
2026/02/11 20:56:55 OK   00001_initial_schema.sql (2.29ms)
2026/02/11 20:56:55 OK   00002_add_performance_indexes.sql (754.68µs)
2026/02/11 20:56:55 OK   00003_add_git_branch_to_projects.sql (422.19µs)
2026/02/11 20:56:55 INFO current git branch has no associated project, falling back to default branch=refactor/shared-mocks-cli-tui
--- PASS: TestTaskForm_SaveWithCtrlS (0.05s)
=== CONT  TestEventHandler_NotificationMsg_UpdatesConnectionState
=== RUN   TestEventHandler_NotificationMsg_UpdatesConnectionState/connection_lost_triggers_reconnecting
=== PAUSE TestEventHandler_NotificationMsg_UpdatesConnectionState/connection_lost_triggers_reconnecting
=== RUN   TestEventHandler_NotificationMsg_UpdatesConnectionState/reconnected_triggers_connected
=== PAUSE TestEventHandler_NotificationMsg_UpdatesConnectionState/reconnected_triggers_connected
=== RUN   TestEventHandler_NotificationMsg_UpdatesConnectionState/failed_to_reconnect_triggers_disconnected
=== PAUSE TestEventHandler_NotificationMsg_UpdatesConnectionState/failed_to_reconnect_triggers_disconnected
=== CONT  TestEventHandler_ConnectionMessages
=== RUN   TestEventHandler_ConnectionMessages/ConnectionEstablishedMsg_sets_Connected
=== PAUSE TestEventHandler_ConnectionMessages/ConnectionEstablishedMsg_sets_Connected
=== RUN   TestEventHandler_ConnectionMessages/ConnectionLostMsg_sets_Disconnected
=== PAUSE TestEventHandler_ConnectionMessages/ConnectionLostMsg_sets_Disconnected
=== RUN   TestEventHandler_ConnectionMessages/ConnectionReconnectingMsg_sets_Reconnecting
=== PAUSE TestEventHandler_ConnectionMessages/ConnectionReconnectingMsg_sets_Reconnecting
=== CONT  TestSelectedTask_UpdatesCorrectly
2026/02/11 20:56:55 INFO selected default project project_id=1 project_name="Test Project"
=== RUN   TestSelectedTask_UpdatesCorrectly/First_task
=== PAUSE TestSelectedTask_UpdatesCorrectly/First_task
=== RUN   TestSelectedTask_UpdatesCorrectly/Middle_task
=== PAUSE TestSelectedTask_UpdatesCorrectly/Middle_task
=== RUN   TestSelectedTask_UpdatesCorrectly/Last_task
=== PAUSE TestSelectedTask_UpdatesCorrectly/Last_task
=== CONT  TestModeUsesLayers/Mode
--- FAIL: TestModeUsesLayers (0.44s)
    --- FAIL: TestModeUsesLayers/Mode (0.00s)
panic: testing: t.Parallel called multiple times [recovered, repanicked]

goroutine 57 [running]:
testing.tRunner.func1.2({0xb3ace0, 0xd47770})
	/usr/lib/go/src/testing/testing.go:1872 +0x237
testing.tRunner.func1()
	/usr/lib/go/src/testing/testing.go:1875 +0x35b
panic({0xb3ace0?, 0xd47770?})
	/usr/lib/go/src/runtime/panic.go:783 +0x132
testing.(*T).Parallel(0xc0000d4000?)
	/usr/lib/go/src/testing/testing.go:1665 +0x3e5
github.com/thenoetrevino/paso/internal/tui.TestModeUsesLayers.func1(0xc0000d4000)
	/home/noetrevino/projects/new-paso/tests/internal/tui/state_transition_test.go:285 +0x38
testing.tRunner(0xc0000d4000, 0xc0001fc540)
	/usr/lib/go/src/testing/testing.go:1934 +0xea
created by testing.(*T).Run in goroutine 196
	/usr/lib/go/src/testing/testing.go:1997 +0x465
FAIL	github.com/thenoetrevino/paso/internal/tui	0.478s
=== RUN   TestFetchTaskDetailsCmd_CacheHitScenarios
=== PAUSE TestFetchTaskDetailsCmd_CacheHitScenarios
=== RUN   TestFetchWithRetry_RetryLogic
=== PAUSE TestFetchWithRetry_RetryLogic
=== RUN   TestFetchWithRetry_ContextTimeout
=== PAUSE TestFetchWithRetry_ContextTimeout
=== RUN   TestFetchTaskDetailsCmd_ContextHandling
=== PAUSE TestFetchTaskDetailsCmd_ContextHandling
=== RUN   TestFetchTaskDetailsCmd_NoGoroutineLeaks
=== RUN   TestFetchTaskDetailsCmd_NoGoroutineLeaks/successful_completion
=== RUN   TestFetchTaskDetailsCmd_NoGoroutineLeaks/all_cached
=== RUN   TestFetchTaskDetailsCmd_NoGoroutineLeaks/partial_errors
--- PASS: TestFetchTaskDetailsCmd_NoGoroutineLeaks (0.15s)
    --- PASS: TestFetchTaskDetailsCmd_NoGoroutineLeaks/successful_completion (0.00s)
    --- PASS: TestFetchTaskDetailsCmd_NoGoroutineLeaks/all_cached (0.00s)
    --- PASS: TestFetchTaskDetailsCmd_NoGoroutineLeaks/partial_errors (0.15s)
=== RUN   TestFetchTasksInParallel
=== PAUSE TestFetchTasksInParallel
=== RUN   TestCollectIDsToFetch
=== PAUSE TestCollectIDsToFetch
=== RUN   TestFetchTaskDetailsCmd_ConcurrencySafety
=== PAUSE TestFetchTaskDetailsCmd_ConcurrencySafety
=== CONT  TestFetchTaskDetailsCmd_CacheHitScenarios
=== RUN   TestFetchTaskDetailsCmd_CacheHitScenarios/all_adjacent_tasks_cached_returns_empty_Details_map
=== CONT  TestFetchTasksInParallel
=== CONT  TestFetchTaskDetailsCmd_ContextHandling
=== CONT  TestFetchWithRetry_ContextTimeout
=== RUN   TestFetchWithRetry_ContextTimeout/returns_context_error_when_cancelled_before_first_attempt
=== RUN   TestFetchTasksInParallel/fetches_all_tasks_concurrently
=== CONT  TestFetchWithRetry_RetryLogic
=== PAUSE TestFetchTasksInParallel/fetches_all_tasks_concurrently
=== PAUSE TestFetchTaskDetailsCmd_CacheHitScenarios/all_adjacent_tasks_cached_returns_empty_Details_map
=== RUN   TestFetchWithRetry_RetryLogic/succeeds_on_first_attempt
=== PAUSE TestFetchWithRetry_RetryLogic/succeeds_on_first_attempt
=== RUN   TestFetchTaskDetailsCmd_ContextHandling/completes_successfully_with_valid_context
=== RUN   TestFetchWithRetry_RetryLogic/succeeds_after_N-1_failures
=== PAUSE TestFetchWithRetry_ContextTimeout/returns_context_error_when_cancelled_before_first_attempt
=== PAUSE TestFetchTaskDetailsCmd_ContextHandling/completes_successfully_with_valid_context
=== RUN   TestFetchTasksInParallel/collects_errors_from_failed_fetches
=== PAUSE TestFetchTasksInParallel/collects_errors_from_failed_fetches
=== RUN   TestFetchTasksInParallel/handles_empty_input
=== PAUSE TestFetchTasksInParallel/handles_empty_input
=== RUN   TestFetchTasksInParallel/handles_single_task
=== PAUSE TestFetchTasksInParallel/handles_single_task
=== PAUSE TestFetchWithRetry_RetryLogic/succeeds_after_N-1_failures
=== RUN   TestFetchWithRetry_RetryLogic/fails_after_max_retries_exhausted
=== PAUSE TestFetchWithRetry_RetryLogic/fails_after_max_retries_exhausted
=== RUN   TestFetchWithRetry_RetryLogic/respects_maxRetries_parameter
=== PAUSE TestFetchWithRetry_RetryLogic/respects_maxRetries_parameter
=== CONT  TestFetchTaskDetailsCmd_ConcurrencySafety
=== RUN   TestFetchTaskDetailsCmd_ContextHandling/handles_service_errors_gracefully
=== PAUSE TestFetchTaskDetailsCmd_ContextHandling/handles_service_errors_gracefully
=== RUN   TestFetchWithRetry_RetryLogic/succeeds_on_last_retry_attempt
=== PAUSE TestFetchWithRetry_RetryLogic/succeeds_on_last_retry_attempt
=== CONT  TestFetchTasksInParallel/fetches_all_tasks_concurrently
=== RUN   TestFetchTaskDetailsCmd_ConcurrencySafety/results_map_is_thread-safe
=== PAUSE TestFetchTaskDetailsCmd_ConcurrencySafety/results_map_is_thread-safe
=== RUN   TestFetchTaskDetailsCmd_CacheHitScenarios/current_cached_but_adjacent_not_cached_fetches_adjacent
=== CONT  TestFetchTasksInParallel/collects_errors_from_failed_fetches
=== PAUSE TestFetchTaskDetailsCmd_CacheHitScenarios/current_cached_but_adjacent_not_cached_fetches_adjacent
=== RUN   TestFetchWithRetry_ContextTimeout/returns_context_error_when_cancelled_during_retry_backoff
=== RUN   TestFetchTaskDetailsCmd_CacheHitScenarios/partial_cache_hit_only_fetches_uncached_IDs
=== PAUSE TestFetchWithRetry_ContextTimeout/returns_context_error_when_cancelled_during_retry_backoff
=== PAUSE TestFetchTaskDetailsCmd_CacheHitScenarios/partial_cache_hit_only_fetches_uncached_IDs
=== RUN   TestFetchWithRetry_ContextTimeout/returns_context_error_when_cancelled_mid-operation
=== PAUSE TestFetchWithRetry_ContextTimeout/returns_context_error_when_cancelled_mid-operation
=== RUN   TestFetchTaskDetailsCmd_CacheHitScenarios/zero_IDs_are_ignored
=== PAUSE TestFetchTaskDetailsCmd_CacheHitScenarios/zero_IDs_are_ignored
=== RUN   TestFetchTaskDetailsCmd_CacheHitScenarios/empty_adjacent_returns_current_only
=== PAUSE TestFetchTaskDetailsCmd_CacheHitScenarios/empty_adjacent_returns_current_only
=== CONT  TestFetchTasksInParallel/handles_single_task
=== CONT  TestFetchTaskDetailsCmd_ContextHandling/handles_service_errors_gracefully
=== CONT  TestFetchTasksInParallel/handles_empty_input
=== CONT  TestFetchWithRetry_RetryLogic/succeeds_on_first_attempt
=== CONT  TestFetchTaskDetailsCmd_ContextHandling/completes_successfully_with_valid_context
=== CONT  TestCollectIDsToFetch
=== RUN   TestCollectIDsToFetch/returns_all_non-zero_uncached_IDs
=== PAUSE TestCollectIDsToFetch/returns_all_non-zero_uncached_IDs
=== RUN   TestCollectIDsToFetch/excludes_cached_IDs
=== PAUSE TestCollectIDsToFetch/excludes_cached_IDs
=== RUN   TestCollectIDsToFetch/excludes_zero_IDs
=== PAUSE TestCollectIDsToFetch/excludes_zero_IDs
=== RUN   TestCollectIDsToFetch/returns_empty_when_all_cached
=== PAUSE TestCollectIDsToFetch/returns_empty_when_all_cached
=== CONT  TestFetchWithRetry_RetryLogic/succeeds_on_last_retry_attempt
=== CONT  TestFetchWithRetry_RetryLogic/respects_maxRetries_parameter
=== CONT  TestFetchWithRetry_RetryLogic/fails_after_max_retries_exhausted
=== NAME  TestFetchTasksInParallel/fetches_all_tasks_concurrently
    prefetch_test.go:455: 
        	Error Trace:	/home/noetrevino/projects/new-paso/tests/internal/tui/commands/prefetch_test.go:455
        	Error:      	"51.001215ms" is not less than "40ms"
        	Test:       	TestFetchTasksInParallel/fetches_all_tasks_concurrently
        	Messages:   	parallel execution should be faster than sequential
=== CONT  TestFetchWithRetry_RetryLogic/succeeds_after_N-1_failures
=== CONT  TestFetchTaskDetailsCmd_ConcurrencySafety/results_map_is_thread-safe
--- FAIL: TestFetchTasksInParallel (0.00s)
    --- PASS: TestFetchTasksInParallel/handles_single_task (0.00s)
    --- PASS: TestFetchTasksInParallel/handles_empty_input (0.00s)
    --- FAIL: TestFetchTasksInParallel/fetches_all_tasks_concurrently (0.05s)
    --- PASS: TestFetchTasksInParallel/collects_errors_from_failed_fetches (0.15s)
--- PASS: TestFetchTaskDetailsCmd_ContextHandling (0.00s)
    --- PASS: TestFetchTaskDetailsCmd_ContextHandling/completes_successfully_with_valid_context (0.00s)
    --- PASS: TestFetchTaskDetailsCmd_ContextHandling/handles_service_errors_gracefully (0.15s)
=== CONT  TestFetchWithRetry_ContextTimeout/returns_context_error_when_cancelled_mid-operation
=== CONT  TestFetchWithRetry_ContextTimeout/returns_context_error_when_cancelled_before_first_attempt
=== CONT  TestFetchTaskDetailsCmd_CacheHitScenarios/all_adjacent_tasks_cached_returns_empty_Details_map
=== CONT  TestFetchWithRetry_ContextTimeout/returns_context_error_when_cancelled_during_retry_backoff
=== CONT  TestFetchTaskDetailsCmd_CacheHitScenarios/empty_adjacent_returns_current_only
=== CONT  TestFetchTaskDetailsCmd_CacheHitScenarios/zero_IDs_are_ignored
=== CONT  TestFetchTaskDetailsCmd_CacheHitScenarios/partial_cache_hit_only_fetches_uncached_IDs
=== CONT  TestFetchTaskDetailsCmd_CacheHitScenarios/current_cached_but_adjacent_not_cached_fetches_adjacent
--- PASS: TestFetchTaskDetailsCmd_CacheHitScenarios (0.00s)
    --- PASS: TestFetchTaskDetailsCmd_CacheHitScenarios/all_adjacent_tasks_cached_returns_empty_Details_map (0.00s)
    --- PASS: TestFetchTaskDetailsCmd_CacheHitScenarios/empty_adjacent_returns_current_only (0.00s)
    --- PASS: TestFetchTaskDetailsCmd_CacheHitScenarios/zero_IDs_are_ignored (0.00s)
    --- PASS: TestFetchTaskDetailsCmd_CacheHitScenarios/partial_cache_hit_only_fetches_uncached_IDs (0.00s)
    --- PASS: TestFetchTaskDetailsCmd_CacheHitScenarios/current_cached_but_adjacent_not_cached_fetches_adjacent (0.00s)
=== CONT  TestCollectIDsToFetch/returns_all_non-zero_uncached_IDs
=== CONT  TestCollectIDsToFetch/returns_empty_when_all_cached
=== CONT  TestCollectIDsToFetch/excludes_zero_IDs
=== CONT  TestCollectIDsToFetch/excludes_cached_IDs
--- PASS: TestCollectIDsToFetch (0.00s)
    --- PASS: TestCollectIDsToFetch/returns_all_non-zero_uncached_IDs (0.00s)
    --- PASS: TestCollectIDsToFetch/returns_empty_when_all_cached (0.00s)
    --- PASS: TestCollectIDsToFetch/excludes_zero_IDs (0.00s)
    --- PASS: TestCollectIDsToFetch/excludes_cached_IDs (0.00s)
--- PASS: TestFetchWithRetry_ContextTimeout (0.00s)
    --- PASS: TestFetchWithRetry_ContextTimeout/returns_context_error_when_cancelled_before_first_attempt (0.00s)
    --- PASS: TestFetchWithRetry_ContextTimeout/returns_context_error_when_cancelled_during_retry_backoff (0.03s)
    --- PASS: TestFetchWithRetry_ContextTimeout/returns_context_error_when_cancelled_mid-operation (0.03s)
--- PASS: TestFetchTaskDetailsCmd_ConcurrencySafety (0.00s)
    --- PASS: TestFetchTaskDetailsCmd_ConcurrencySafety/results_map_is_thread-safe (0.11s)
--- PASS: TestFetchWithRetry_RetryLogic (0.00s)
    --- PASS: TestFetchWithRetry_RetryLogic/succeeds_on_first_attempt (0.00s)
    --- PASS: TestFetchWithRetry_RetryLogic/fails_after_max_retries_exhausted (0.15s)
    --- PASS: TestFetchWithRetry_RetryLogic/succeeds_on_last_retry_attempt (0.15s)
    --- PASS: TestFetchWithRetry_RetryLogic/succeeds_after_N-1_failures (0.15s)
    --- PASS: TestFetchWithRetry_RetryLogic/respects_maxRetries_parameter (0.75s)
FAIL
FAIL	github.com/thenoetrevino/paso/internal/tui/commands	0.910s
=== RUN   TestRenderColumnHeader
=== PAUSE TestRenderColumnHeader
=== RUN   TestRenderScrollIndicator_Show
=== PAUSE TestRenderScrollIndicator_Show
=== RUN   TestRenderScrollIndicator_Hide
=== PAUSE TestRenderScrollIndicator_Hide
=== RUN   TestRenderEmptyColumnContent_Structure
=== PAUSE TestRenderEmptyColumnContent_Structure
=== RUN   TestRenderEmptyColumnContent_PaddingCalculation
=== PAUSE TestRenderEmptyColumnContent_PaddingCalculation
=== RUN   TestApplyColumnStyle_Selection
=== PAUSE TestApplyColumnStyle_Selection
=== RUN   TestApplyColumnStyle_Height
=== PAUSE TestApplyColumnStyle_Height
=== RUN   TestRenderColumnWithTasksContent_VisibleTaskCalculation
=== PAUSE TestRenderColumnWithTasksContent_VisibleTaskCalculation
=== RUN   TestRenderColumnWithTasksContent_ScrollIndicators
=== PAUSE TestRenderColumnWithTasksContent_ScrollIndicators
=== RUN   TestRenderCardComponent
=== PAUSE TestRenderCardComponent
=== RUN   TestRenderColumnStructure
=== PAUSE TestRenderColumnStructure
=== RUN   TestRenderTaskComponent
=== PAUSE TestRenderTaskComponent
=== RUN   TestMultipleColumnsRendering
=== PAUSE TestMultipleColumnsRendering
=== RUN   TestEmptyColumnRendering
=== PAUSE TestEmptyColumnRendering
=== RUN   TestColumnHeaderFormatting
=== PAUSE TestColumnHeaderFormatting
=== RUN   TestScrollIndicatorRendering
=== PAUSE TestScrollIndicatorRendering
=== RUN   TestLabelChipRendering
=== PAUSE TestLabelChipRendering
=== RUN   TestStatusBarRendering
=== PAUSE TestStatusBarRendering
=== RUN   TestComponentsWithUnicodeContent
=== PAUSE TestComponentsWithUnicodeContent
=== RUN   TestComponentStylingStyling
=== PAUSE TestComponentStylingStyling
=== RUN   TestTaskCountInColumn
=== PAUSE TestTaskCountInColumn
=== RUN   TestPriorityColorMapping
=== PAUSE TestPriorityColorMapping
=== RUN   TestTaskTypeIcons
=== PAUSE TestTaskTypeIcons
=== RUN   TestTruncateString
=== PAUSE TestTruncateString
=== RUN   TestRenderDetailPanel_NilTask
=== PAUSE TestRenderDetailPanel_NilTask
=== RUN   TestRenderDetailPanel_MinimalTask
=== PAUSE TestRenderDetailPanel_MinimalTask
=== RUN   TestRenderDetailPanel_FullTask
=== PAUSE TestRenderDetailPanel_FullTask
=== RUN   TestRenderDetailPanel_WithoutOptionalSections
=== PAUSE TestRenderDetailPanel_WithoutOptionalSections
=== RUN   TestRenderDetailPanel_SingleComment
=== PAUSE TestRenderDetailPanel_SingleComment
=== RUN   TestRenderDetailPanel_LongDescription
=== PAUSE TestRenderDetailPanel_LongDescription
=== RUN   TestRenderDetailPanel_LongCommentPreview
=== PAUSE TestRenderDetailPanel_LongCommentPreview
=== RUN   TestRenderDetailPanelLoading
=== PAUSE TestRenderDetailPanelLoading
=== RUN   TestRenderDetailPanel_NarrowWidth
=== PAUSE TestRenderDetailPanel_NarrowWidth
=== RUN   TestRenderDetailPanel_VerySmallDimensions
=== PAUSE TestRenderDetailPanel_VerySmallDimensions
=== RUN   TestRenderDetailPanel_RelationsWithBlockingParent
=== PAUSE TestRenderDetailPanel_RelationsWithBlockingParent
=== RUN   TestRenderDetailPanel_RelationsWithChild
=== PAUSE TestRenderDetailPanel_RelationsWithChild
=== RUN   TestRenderDetailPanel_MultipleLabels
=== PAUSE TestRenderDetailPanel_MultipleLabels
=== RUN   TestRenderDetailPanel_Timestamps
=== PAUSE TestRenderDetailPanel_Timestamps
=== RUN   TestRenderDetailPanel_NotBlocked
=== PAUSE TestRenderDetailPanel_NotBlocked
=== RUN   TestRenderDetailPanel_WithTypeOnly
=== PAUSE TestRenderDetailPanel_WithTypeOnly
=== RUN   TestRenderDetailPanel_WithPriorityOnly
=== PAUSE TestRenderDetailPanel_WithPriorityOnly
=== RUN   TestRenderTaskCardLabels_NoLabels
=== PAUSE TestRenderTaskCardLabels_NoLabels
=== RUN   TestRenderTaskCardLabels_AllFit
=== PAUSE TestRenderTaskCardLabels_AllFit
=== RUN   TestRenderTaskCardLabels_Overflow
=== PAUSE TestRenderTaskCardLabels_Overflow
=== RUN   TestRenderTaskCardLabels_NeverExceedsWidth
=== PAUSE TestRenderTaskCardLabels_NeverExceedsWidth
=== RUN   TestRenderTaskSummaryMetadata_NeverExceedsWidth
=== PAUSE TestRenderTaskSummaryMetadata_NeverExceedsWidth
=== RUN   TestRenderTaskSummaryMetadata_LongAssigneeTruncated
=== PAUSE TestRenderTaskSummaryMetadata_LongAssigneeTruncated
=== RUN   TestRenderTaskSummaryMetadata_AllFitWideCard
=== PAUSE TestRenderTaskSummaryMetadata_AllFitWideCard
=== RUN   TestRenderTask_MetadataDoesNotWrap
=== PAUSE TestRenderTask_MetadataDoesNotWrap
=== RUN   TestRenderTaskCardLabels_ShowsPartialLastLabel
=== PAUSE TestRenderTaskCardLabels_ShowsPartialLastLabel
=== RUN   TestRenderTaskSummaryMetadata_ShowsPartialAssignee
=== PAUSE TestRenderTaskSummaryMetadata_ShowsPartialAssignee
=== RUN   TestRenderTaskCardLabels_CharacterLevelTruncation
=== PAUSE TestRenderTaskCardLabels_CharacterLevelTruncation
=== RUN   TestRenderTaskSummaryMetadata_CharacterLevelTruncation
=== PAUSE TestRenderTaskSummaryMetadata_CharacterLevelTruncation
=== RUN   TestRenderTaskSummaryTitle_NoTruncation
=== PAUSE TestRenderTaskSummaryTitle_NoTruncation
=== RUN   TestRenderTaskSummaryTitle_Truncation
=== PAUSE TestRenderTaskSummaryTitle_Truncation
=== RUN   TestRenderTaskSummaryTitle_CharacterLevelTruncation
=== PAUSE TestRenderTaskSummaryTitle_CharacterLevelTruncation
=== RUN   TestRenderTaskSummaryTitle_NeverExceedsWidth
=== PAUSE TestRenderTaskSummaryTitle_NeverExceedsWidth
=== RUN   TestRenderTaskSummaryTitle_EmptyTitle
=== PAUSE TestRenderTaskSummaryTitle_EmptyTitle
=== CONT  TestRenderColumnHeader
=== RUN   TestRenderColumnHeader/empty_column
=== CONT  TestRenderTaskSummaryTitle_NeverExceedsWidth
=== PAUSE TestRenderColumnHeader/empty_column
=== RUN   TestRenderColumnHeader/single_task
=== PAUSE TestRenderColumnHeader/single_task
=== RUN   TestRenderColumnHeader/multiple_tasks
=== PAUSE TestRenderColumnHeader/multiple_tasks
=== CONT  TestRenderTaskSummaryTitle_CharacterLevelTruncation
--- PASS: TestRenderTaskSummaryTitle_NeverExceedsWidth (0.00s)
=== CONT  TestRenderTaskSummaryTitle_Truncation
=== CONT  TestRenderTaskSummaryTitle_NoTruncation
--- PASS: TestRenderTaskSummaryTitle_NoTruncation (0.00s)
=== CONT  TestRenderTaskCardLabels_ShowsPartialLastLabel
--- PASS: TestRenderTaskCardLabels_ShowsPartialLastLabel (0.00s)
=== CONT  TestRenderTask_MetadataDoesNotWrap
--- PASS: TestRenderTaskSummaryTitle_Truncation (0.00s)
--- PASS: TestRenderTaskSummaryTitle_CharacterLevelTruncation (0.00s)
=== CONT  TestRenderTaskSummaryMetadata_LongAssigneeTruncated
=== CONT  TestRenderTaskCardLabels_CharacterLevelTruncation
--- PASS: TestRenderTaskSummaryMetadata_LongAssigneeTruncated (0.00s)
=== CONT  TestRenderTaskSummaryMetadata_NeverExceedsWidth
--- PASS: TestRenderTaskCardLabels_CharacterLevelTruncation (0.00s)
=== CONT  TestRenderTaskSummaryMetadata_AllFitWideCard
--- PASS: TestRenderTaskSummaryMetadata_AllFitWideCard (0.00s)
=== CONT  TestRenderTaskCardLabels_Overflow
--- PASS: TestRenderTaskCardLabels_Overflow (0.00s)
=== CONT  TestRenderTaskCardLabels_AllFit
--- PASS: TestRenderTaskCardLabels_AllFit (0.00s)
=== CONT  TestRenderTaskCardLabels_NoLabels
--- PASS: TestRenderTaskCardLabels_NoLabels (0.00s)
=== CONT  TestRenderDetailPanel_WithPriorityOnly
--- PASS: TestRenderTaskSummaryMetadata_NeverExceedsWidth (0.00s)
=== CONT  TestRenderDetailPanel_WithTypeOnly
--- PASS: TestRenderDetailPanel_WithPriorityOnly (0.00s)
=== CONT  TestRenderDetailPanel_NotBlocked
=== CONT  TestRenderTaskSummaryMetadata_CharacterLevelTruncation
=== CONT  TestRenderTaskCardLabels_NeverExceedsWidth
=== CONT  TestRenderTaskSummaryMetadata_ShowsPartialAssignee
--- PASS: TestRenderTaskSummaryMetadata_CharacterLevelTruncation (0.00s)
=== CONT  TestRenderDetailPanel_Timestamps
--- PASS: TestRenderTask_MetadataDoesNotWrap (0.00s)
=== CONT  TestRenderDetailPanel_MultipleLabels
--- PASS: TestRenderDetailPanel_Timestamps (0.00s)
=== CONT  TestRenderDetailPanel_RelationsWithChild
--- PASS: TestRenderDetailPanel_MultipleLabels (0.00s)
=== CONT  TestRenderDetailPanel_RelationsWithBlockingParent
--- PASS: TestRenderDetailPanel_RelationsWithChild (0.00s)
=== CONT  TestRenderDetailPanel_VerySmallDimensions
--- PASS: TestRenderDetailPanel_VerySmallDimensions (0.00s)
=== CONT  TestRenderDetailPanel_NarrowWidth
--- PASS: TestRenderDetailPanel_RelationsWithBlockingParent (0.00s)
=== CONT  TestRenderDetailPanelLoading
=== RUN   TestRenderDetailPanelLoading/frame_0
=== PAUSE TestRenderDetailPanelLoading/frame_0
=== RUN   TestRenderDetailPanelLoading/frame_5
=== PAUSE TestRenderDetailPanelLoading/frame_5
=== RUN   TestRenderDetailPanelLoading/frame_11
--- PASS: TestRenderDetailPanel_WithTypeOnly (0.00s)
--- PASS: TestRenderDetailPanel_NarrowWidth (0.00s)
=== CONT  TestRenderDetailPanel_LongDescription
--- PASS: TestRenderTaskSummaryMetadata_ShowsPartialAssignee (0.00s)
=== CONT  TestRenderDetailPanel_SingleComment
--- PASS: TestRenderDetailPanel_NotBlocked (0.00s)
=== CONT  TestRenderDetailPanel_WithoutOptionalSections
--- PASS: TestRenderDetailPanel_LongDescription (0.00s)
=== CONT  TestRenderDetailPanel_FullTask
--- PASS: TestRenderTaskCardLabels_NeverExceedsWidth (0.00s)
=== CONT  TestRenderDetailPanel_MinimalTask
--- PASS: TestRenderDetailPanel_SingleComment (0.00s)
=== CONT  TestRenderDetailPanel_NilTask
=== PAUSE TestRenderDetailPanelLoading/frame_11
=== RUN   TestRenderDetailPanelLoading/frame_wraps_at_12
=== PAUSE TestRenderDetailPanelLoading/frame_wraps_at_12
=== RUN   TestRenderDetailPanelLoading/large_frame_number
=== PAUSE TestRenderDetailPanelLoading/large_frame_number
=== CONT  TestTruncateString
=== RUN   TestTruncateString/empty_string
=== PAUSE TestTruncateString/empty_string
=== RUN   TestTruncateString/string_shorter_than_maxLen
=== PAUSE TestTruncateString/string_shorter_than_maxLen
=== RUN   TestTruncateString/string_equal_to_maxLen
=== PAUSE TestTruncateString/string_equal_to_maxLen
=== RUN   TestTruncateString/string_longer_than_maxLen
=== PAUSE TestTruncateString/string_longer_than_maxLen
=== RUN   TestTruncateString/maxLen_is_zero
=== PAUSE TestTruncateString/maxLen_is_zero
=== RUN   TestTruncateString/maxLen_is_negative
=== PAUSE TestTruncateString/maxLen_is_negative
=== RUN   TestTruncateString/maxLen_is_1
=== PAUSE TestTruncateString/maxLen_is_1
=== RUN   TestTruncateString/maxLen_is_2
=== PAUSE TestTruncateString/maxLen_is_2
=== RUN   TestTruncateString/maxLen_is_3
=== PAUSE TestTruncateString/maxLen_is_3
=== RUN   TestTruncateString/maxLen_is_4_(first_to_use_ellipsis)
=== PAUSE TestTruncateString/maxLen_is_4_(first_to_use_ellipsis)
=== RUN   TestTruncateString/very_long_string
=== PAUSE TestTruncateString/very_long_string
=== CONT  TestTaskTypeIcons
--- PASS: TestTaskTypeIcons (0.00s)
=== CONT  TestPriorityColorMapping
--- PASS: TestPriorityColorMapping (0.00s)
=== CONT  TestTaskCountInColumn
=== RUN   TestTaskCountInColumn/empty
=== PAUSE TestTaskCountInColumn/empty
=== RUN   TestTaskCountInColumn/single
=== PAUSE TestTaskCountInColumn/single
=== RUN   TestTaskCountInColumn/few
=== PAUSE TestTaskCountInColumn/few
=== RUN   TestTaskCountInColumn/many
=== PAUSE TestTaskCountInColumn/many
=== RUN   TestTaskCountInColumn/very_many
=== PAUSE TestTaskCountInColumn/very_many
--- PASS: TestRenderDetailPanel_NilTask (0.00s)
--- PASS: TestRenderDetailPanel_WithoutOptionalSections (0.00s)
=== CONT  TestStatusBarRendering
=== RUN   TestStatusBarRendering/normal_terminal
=== PAUSE TestStatusBarRendering/normal_terminal
=== RUN   TestStatusBarRendering/narrow_terminal
=== PAUSE TestStatusBarRendering/narrow_terminal
=== RUN   TestStatusBarRendering/very_narrow
=== PAUSE TestStatusBarRendering/very_narrow
=== RUN   TestStatusBarRendering/wide_terminal
=== PAUSE TestStatusBarRendering/wide_terminal
=== CONT  TestComponentStylingStyling
--- PASS: TestComponentStylingStyling (0.00s)
=== CONT  TestScrollIndicatorRendering
=== RUN   TestScrollIndicatorRendering/show_indicator
=== PAUSE TestScrollIndicatorRendering/show_indicator
=== RUN   TestScrollIndicatorRendering/hide_indicator
=== PAUSE TestScrollIndicatorRendering/hide_indicator
=== RUN   TestScrollIndicatorRendering/empty_message_show
=== PAUSE TestScrollIndicatorRendering/empty_message_show
=== CONT  TestLabelChipRendering
--- PASS: TestLabelChipRendering (0.00s)
=== CONT  TestEmptyColumnRendering
--- PASS: TestEmptyColumnRendering (0.00s)
=== CONT  TestMultipleColumnsRendering
--- PASS: TestMultipleColumnsRendering (0.00s)
=== CONT  TestRenderTaskComponent
=== RUN   TestRenderTaskComponent/simple_task
=== PAUSE TestRenderTaskComponent/simple_task
=== RUN   TestRenderTaskComponent/selected_task
=== PAUSE TestRenderTaskComponent/selected_task
=== RUN   TestRenderTaskComponent/task_with_labels
=== PAUSE TestRenderTaskComponent/task_with_labels
=== RUN   TestRenderTaskComponent/task_with_very_long_title
=== PAUSE TestRenderTaskComponent/task_with_very_long_title
=== CONT  TestComponentsWithUnicodeContent
--- PASS: TestComponentsWithUnicodeContent (0.00s)
=== CONT  TestRenderCardComponent
--- PASS: TestRenderDetailPanel_MinimalTask (0.00s)
=== RUN   TestRenderCardComponent/simple_card
=== CONT  TestRenderColumnWithTasksContent_ScrollIndicators
=== CONT  TestRenderColumnStructure
--- PASS: TestRenderColumnStructure (0.00s)
=== CONT  TestRenderColumnWithTasksContent_VisibleTaskCalculation
=== PAUSE TestRenderCardComponent/simple_card
=== RUN   TestRenderCardComponent/empty_content
=== PAUSE TestRenderCardComponent/empty_content
--- PASS: TestRenderDetailPanel_FullTask (0.00s)
=== RUN   TestRenderCardComponent/long_content
=== PAUSE TestRenderCardComponent/long_content
=== CONT  TestApplyColumnStyle_Height
--- PASS: TestApplyColumnStyle_Height (0.00s)
=== CONT  TestRenderEmptyColumnContent_PaddingCalculation
=== RUN   TestRenderEmptyColumnContent_PaddingCalculation/small_height
=== PAUSE TestRenderEmptyColumnContent_PaddingCalculation/small_height
=== RUN   TestRenderEmptyColumnContent_PaddingCalculation/medium_height
=== PAUSE TestRenderEmptyColumnContent_PaddingCalculation/medium_height
=== RUN   TestRenderEmptyColumnContent_PaddingCalculation/large_height
=== PAUSE TestRenderEmptyColumnContent_PaddingCalculation/large_height
=== CONT  TestColumnHeaderFormatting
=== RUN   TestColumnHeaderFormatting/single_task
=== PAUSE TestColumnHeaderFormatting/single_task
=== RUN   TestColumnHeaderFormatting/multiple_tasks
=== PAUSE TestColumnHeaderFormatting/multiple_tasks
=== RUN   TestColumnHeaderFormatting/zero_tasks
=== PAUSE TestColumnHeaderFormatting/zero_tasks
=== RUN   TestColumnHeaderFormatting/large_count
=== PAUSE TestColumnHeaderFormatting/large_count
=== CONT  TestApplyColumnStyle_Selection
=== CONT  TestRenderEmptyColumnContent_Structure
=== CONT  TestRenderTaskSummaryTitle_EmptyTitle
=== CONT  TestRenderColumnHeader/empty_column
=== CONT  TestRenderScrollIndicator_Show
=== CONT  TestRenderColumnHeader/single_task
--- PASS: TestRenderColumnWithTasksContent_VisibleTaskCalculation (0.00s)
--- PASS: TestRenderEmptyColumnContent_Structure (0.00s)
--- PASS: TestRenderTaskSummaryTitle_EmptyTitle (0.00s)
--- PASS: TestApplyColumnStyle_Selection (0.00s)
=== CONT  TestRenderColumnHeader/multiple_tasks
--- FAIL: TestRenderColumnHeader (0.01s)
    --- FAIL: TestRenderColumnHeader/empty_column (0.00s)
=== CONT  TestRenderDetailPanel_LongCommentPreview
panic: testing: t.Parallel called multiple times [recovered, repanicked]

goroutine 67 [running]:
testing.tRunner.func1.2({0x65db60, 0x727e60})
	/usr/lib/go/src/testing/testing.go:1872 +0x237
testing.tRunner.func1()
	/usr/lib/go/src/testing/testing.go:1875 +0x35b
panic({0x65db60?, 0x727e60?})
	/usr/lib/go/src/runtime/panic.go:783 +0x132
testing.(*T).Parallel(0xc0001f3a40?)
	/usr/lib/go/src/testing/testing.go:1665 +0x3e5
github.com/thenoetrevino/paso/internal/tui/components.TestRenderColumnHeader.func1(0xc0001f3a40)
	/home/noetrevino/projects/new-paso/tests/internal/tui/components/column_test.go:43 +0x2f
testing.tRunner(0xc0001f3a40, 0xc000080ec0)
	/usr/lib/go/src/testing/testing.go:1934 +0xea
created by testing.(*T).Run in goroutine 8
	/usr/lib/go/src/testing/testing.go:1997 +0x465
FAIL	github.com/thenoetrevino/paso/internal/tui/components	0.012s
?   	github.com/thenoetrevino/paso/internal/tui/core	[no test files]
=== RUN   TestGetAdjacentTaskIDs_EmptyColumns
=== PAUSE TestGetAdjacentTaskIDs_EmptyColumns
=== RUN   TestGetAdjacentTaskIDs_NilColumns
=== PAUSE TestGetAdjacentTaskIDs_NilColumns
=== RUN   TestGetAdjacentTaskIDs_SingleColumnNoTasks
=== PAUSE TestGetAdjacentTaskIDs_SingleColumnNoTasks
=== RUN   TestGetAdjacentTaskIDs_SelectedColumnOutOfBounds
=== PAUSE TestGetAdjacentTaskIDs_SelectedColumnOutOfBounds
=== RUN   TestGetAdjacentTaskIDs_SelectedTaskOutOfBounds
=== PAUSE TestGetAdjacentTaskIDs_SelectedTaskOutOfBounds
=== RUN   TestGetAdjacentTaskIDs_SingleColumnSingleTask
=== PAUSE TestGetAdjacentTaskIDs_SingleColumnSingleTask
=== RUN   TestGetAdjacentTaskIDs_AtFirstColumn
=== PAUSE TestGetAdjacentTaskIDs_AtFirstColumn
=== RUN   TestGetAdjacentTaskIDs_AtLastColumn
=== PAUSE TestGetAdjacentTaskIDs_AtLastColumn
=== RUN   TestGetAdjacentTaskIDs_AtFirstTaskInColumn
=== PAUSE TestGetAdjacentTaskIDs_AtFirstTaskInColumn
=== RUN   TestGetAdjacentTaskIDs_AtLastTaskInColumn
=== PAUSE TestGetAdjacentTaskIDs_AtLastTaskInColumn
=== RUN   TestGetAdjacentTaskIDs_MiddlePosition
=== PAUSE TestGetAdjacentTaskIDs_MiddlePosition
=== RUN   TestGetAdjacentTaskIDs_LeftColumnEmpty
=== PAUSE TestGetAdjacentTaskIDs_LeftColumnEmpty
=== RUN   TestGetAdjacentTaskIDs_RightColumnEmpty
=== PAUSE TestGetAdjacentTaskIDs_RightColumnEmpty
=== RUN   TestGetAdjacentTaskIDs_AdjacentColumnIndexClamping
=== PAUSE TestGetAdjacentTaskIDs_AdjacentColumnIndexClamping
=== RUN   TestGetAdjacentTaskIDs_AdjacentColumnPreservesIndex
=== PAUSE TestGetAdjacentTaskIDs_AdjacentColumnPreservesIndex
=== RUN   TestGetAdjacentTaskIDs_NilTasksMap
=== PAUSE TestGetAdjacentTaskIDs_NilTasksMap
=== RUN   TestGetAdjacentTaskIDs_MissingColumnInTasksMap
=== PAUSE TestGetAdjacentTaskIDs_MissingColumnInTasksMap
=== CONT  TestGetAdjacentTaskIDs_EmptyColumns
--- PASS: TestGetAdjacentTaskIDs_EmptyColumns (0.00s)
=== CONT  TestGetAdjacentTaskIDs_MissingColumnInTasksMap
--- PASS: TestGetAdjacentTaskIDs_MissingColumnInTasksMap (0.00s)
=== CONT  TestGetAdjacentTaskIDs_NilTasksMap
--- PASS: TestGetAdjacentTaskIDs_NilTasksMap (0.00s)
=== CONT  TestGetAdjacentTaskIDs_AdjacentColumnPreservesIndex
--- PASS: TestGetAdjacentTaskIDs_AdjacentColumnPreservesIndex (0.00s)
=== CONT  TestGetAdjacentTaskIDs_AdjacentColumnIndexClamping
--- PASS: TestGetAdjacentTaskIDs_AdjacentColumnIndexClamping (0.00s)
=== CONT  TestGetAdjacentTaskIDs_AtLastTaskInColumn
--- PASS: TestGetAdjacentTaskIDs_AtLastTaskInColumn (0.00s)
=== CONT  TestGetAdjacentTaskIDs_AtFirstTaskInColumn
--- PASS: TestGetAdjacentTaskIDs_AtFirstTaskInColumn (0.00s)
=== CONT  TestGetAdjacentTaskIDs_SingleColumnNoTasks
--- PASS: TestGetAdjacentTaskIDs_SingleColumnNoTasks (0.00s)
=== CONT  TestGetAdjacentTaskIDs_SelectedColumnOutOfBounds
=== RUN   TestGetAdjacentTaskIDs_SelectedColumnOutOfBounds/negative_index
=== PAUSE TestGetAdjacentTaskIDs_SelectedColumnOutOfBounds/negative_index
=== RUN   TestGetAdjacentTaskIDs_SelectedColumnOutOfBounds/index_equals_length
=== PAUSE TestGetAdjacentTaskIDs_SelectedColumnOutOfBounds/index_equals_length
=== RUN   TestGetAdjacentTaskIDs_SelectedColumnOutOfBounds/index_way_out_of_bounds
=== PAUSE TestGetAdjacentTaskIDs_SelectedColumnOutOfBounds/index_way_out_of_bounds
=== CONT  TestGetAdjacentTaskIDs_AtLastColumn
--- PASS: TestGetAdjacentTaskIDs_AtLastColumn (0.00s)
=== CONT  TestGetAdjacentTaskIDs_AtFirstColumn
--- PASS: TestGetAdjacentTaskIDs_AtFirstColumn (0.00s)
=== CONT  TestGetAdjacentTaskIDs_SingleColumnSingleTask
--- PASS: TestGetAdjacentTaskIDs_SingleColumnSingleTask (0.00s)
=== CONT  TestGetAdjacentTaskIDs_SelectedColumnOutOfBounds/negative_index
--- FAIL: TestGetAdjacentTaskIDs_SelectedColumnOutOfBounds (0.00s)
    --- FAIL: TestGetAdjacentTaskIDs_SelectedColumnOutOfBounds/negative_index (0.00s)
=== CONT  TestGetAdjacentTaskIDs_RightColumnEmpty
--- PASS: TestGetAdjacentTaskIDs_RightColumnEmpty (0.00s)
panic: testing: t.Parallel called multiple times [recovered, repanicked]

goroutine 26 [running]:
testing.tRunner.func1.2({0x81cac0, 0x908370})
	/usr/lib/go/src/testing/testing.go:1872 +0x237
testing.tRunner.func1()
	/usr/lib/go/src/testing/testing.go:1875 +0x35b
panic({0x81cac0?, 0x908370?})
	/usr/lib/go/src/runtime/panic.go:783 +0x132
testing.(*T).Parallel(0xc0001a88c0?)
	/usr/lib/go/src/testing/testing.go:1665 +0x3e5
github.com/thenoetrevino/paso/internal/tui/helpers.TestGetAdjacentTaskIDs_SelectedColumnOutOfBounds.func1(0xc0001a88c0)
	/home/noetrevino/projects/new-paso/tests/internal/tui/helpers/adjacent_test.go:70 +0x6a
testing.tRunner(0xc0001a88c0, 0xc000081080)
	/usr/lib/go/src/testing/testing.go:1934 +0xea
created by testing.(*T).Run in goroutine 11
	/usr/lib/go/src/testing/testing.go:1997 +0x465
FAIL	github.com/thenoetrevino/paso/internal/tui/helpers	0.008s
?   	github.com/thenoetrevino/paso/internal/tui/huhforms	[no test files]
=== RUN   TestCreateCenteredLayerWithContent
=== PAUSE TestCreateCenteredLayerWithContent
=== RUN   TestCreateCenteredLayerWithEmptyContent
=== PAUSE TestCreateCenteredLayerWithEmptyContent
=== RUN   TestLayerPositioning
=== PAUSE TestLayerPositioning
=== RUN   TestLayerPositioningOnSmallScreen
=== PAUSE TestLayerPositioningOnSmallScreen
=== RUN   TestCalculatePickerDimensions
=== PAUSE TestCalculatePickerDimensions
=== RUN   TestPickerDimensionsWithLargeItemCount
=== PAUSE TestPickerDimensionsWithLargeItemCount
=== RUN   TestPickerDimensionsMinimums
=== PAUSE TestPickerDimensionsMinimums
=== RUN   TestPickerDimensionsMaximums
=== PAUSE TestPickerDimensionsMaximums
=== RUN   TestPickerDimensionsWithAndWithoutFilter
=== PAUSE TestPickerDimensionsWithAndWithoutFilter
=== RUN   TestPickerDimensionsConsistency
=== PAUSE TestPickerDimensionsConsistency
=== RUN   TestLayerMultipleDimensions
=== PAUSE TestLayerMultipleDimensions
=== RUN   TestLayerWithMultilineContent
=== PAUSE TestLayerWithMultilineContent
=== CONT  TestCreateCenteredLayerWithContent
=== RUN   TestCreateCenteredLayerWithContent/normal_screen
=== PAUSE TestCreateCenteredLayerWithContent/normal_screen
=== CONT  TestPickerDimensionsMinimums
--- PASS: TestPickerDimensionsMinimums (0.00s)
=== CONT  TestPickerDimensionsWithAndWithoutFilter
=== CONT  TestPickerDimensionsConsistency
=== CONT  TestPickerDimensionsMaximums
--- PASS: TestPickerDimensionsWithAndWithoutFilter (0.00s)
--- PASS: TestPickerDimensionsMaximums (0.00s)
=== CONT  TestLayerPositioningOnSmallScreen
=== CONT  TestLayerWithMultilineContent
--- PASS: TestPickerDimensionsConsistency (0.00s)
--- PASS: TestLayerPositioningOnSmallScreen (0.00s)
=== CONT  TestCalculatePickerDimensions
--- PASS: TestLayerWithMultilineContent (0.00s)
=== CONT  TestLayerMultipleDimensions
=== RUN   TestLayerMultipleDimensions/dimension
=== RUN   TestCalculatePickerDimensions/normal_case
=== PAUSE TestLayerMultipleDimensions/dimension
=== RUN   TestLayerMultipleDimensions/dimension#01
=== PAUSE TestLayerMultipleDimensions/dimension#01
=== PAUSE TestCalculatePickerDimensions/normal_case
=== RUN   TestLayerMultipleDimensions/dimension#02
=== RUN   TestCalculatePickerDimensions/no_filter
=== PAUSE TestCalculatePickerDimensions/no_filter
=== PAUSE TestLayerMultipleDimensions/dimension#02
=== RUN   TestCalculatePickerDimensions/many_items
=== RUN   TestLayerMultipleDimensions/dimension#03
=== PAUSE TestCalculatePickerDimensions/many_items
=== PAUSE TestLayerMultipleDimensions/dimension#03
=== RUN   TestCalculatePickerDimensions/small_screen
=== RUN   TestLayerMultipleDimensions/dimension#04
=== PAUSE TestCalculatePickerDimensions/small_screen
=== PAUSE TestLayerMultipleDimensions/dimension#04
=== RUN   TestCalculatePickerDimensions/single_item
=== CONT  TestLayerMultipleDimensions/dimension#03
=== PAUSE TestCalculatePickerDimensions/single_item
=== CONT  TestCalculatePickerDimensions/normal_case
--- FAIL: TestLayerMultipleDimensions (0.00s)
    --- FAIL: TestLayerMultipleDimensions/dimension#03 (0.00s)
=== CONT  TestLayerPositioning
panic: testing: t.Parallel called multiple times [recovered, repanicked]

goroutine 5 [running]:
testing.tRunner.func1.2({0x629a40, 0x6e00a0})
	/usr/lib/go/src/testing/testing.go:1872 +0x237
testing.tRunner.func1()
	/usr/lib/go/src/testing/testing.go:1875 +0x35b
panic({0x629a40?, 0x6e00a0?})
	/usr/lib/go/src/runtime/panic.go:783 +0x132
testing.(*T).Parallel(0xc0002141c0?)
	/usr/lib/go/src/testing/testing.go:1665 +0x3e5
github.com/thenoetrevino/paso/internal/tui/layers.TestLayerMultipleDimensions.func1(0xc0002141c0)
	/home/noetrevino/projects/new-paso/tests/internal/tui/layers/layers_integration_test.go:292 +0x27
testing.tRunner(0xc0002141c0, 0xc00001c1e0)
	/usr/lib/go/src/testing/testing.go:1934 +0xea
created by testing.(*T).Run in goroutine 34
	/usr/lib/go/src/testing/testing.go:1997 +0x465
FAIL	github.com/thenoetrevino/paso/internal/tui/layers	0.009s
?   	github.com/thenoetrevino/paso/internal/tui/layout	[no test files]
?   	github.com/thenoetrevino/paso/internal/tui/modelops	[no test files]
?   	github.com/thenoetrevino/paso/internal/tui/notifications	[no test files]
=== RUN   TestRenderListViewBasic
=== PAUSE TestRenderListViewBasic
=== RUN   TestRenderListViewEmpty
=== PAUSE TestRenderListViewEmpty
=== RUN   TestRenderListViewSelectedRow
=== PAUSE TestRenderListViewSelectedRow
=== RUN   TestRenderListViewScrolling
=== PAUSE TestRenderListViewScrolling
=== RUN   TestRenderListViewDifferentSorts
=== PAUSE TestRenderListViewDifferentSorts
=== RUN   TestRenderListViewSortOrders
=== PAUSE TestRenderListViewSortOrders
=== RUN   TestRenderListViewNarrowWidth
=== PAUSE TestRenderListViewNarrowWidth
=== RUN   TestRenderListViewLargeWidth
=== PAUSE TestRenderListViewLargeWidth
=== RUN   TestRenderListViewManyRows
=== PAUSE TestRenderListViewManyRows
=== RUN   TestRenderListViewUnicodeContent
=== PAUSE TestRenderListViewUnicodeContent
=== RUN   TestRenderListViewScrollBehavior
=== PAUSE TestRenderListViewScrollBehavior
=== RUN   TestRenderListViewMinimalSize
=== PAUSE TestRenderListViewMinimalSize
=== RUN   TestRenderListViewHeaderPresent
=== PAUSE TestRenderListViewHeaderPresent
=== RUN   TestRenderListViewConsistency
=== PAUSE TestRenderListViewConsistency
=== RUN   TestListViewRowStructure
=== PAUSE TestListViewRowStructure
=== RUN   TestRenderListViewEdgeCases
=== PAUSE TestRenderListViewEdgeCases
=== CONT  TestRenderListViewBasic
=== CONT  TestRenderListViewUnicodeContent
=== CONT  TestRenderListViewSortOrders
=== CONT  TestRenderListViewDifferentSorts
=== RUN   TestRenderListViewDifferentSorts/sort
=== CONT  TestRenderListViewScrolling
=== CONT  TestRenderListViewSelectedRow
=== CONT  TestRenderListViewEdgeCases
=== CONT  TestListViewRowStructure
=== CONT  TestRenderListViewConsistency
=== CONT  TestRenderListViewHeaderPresent
=== CONT  TestRenderListViewEmpty
=== PAUSE TestRenderListViewDifferentSorts/sort
=== CONT  TestRenderListViewManyRows
=== CONT  TestRenderListViewMinimalSize
=== RUN   TestRenderListViewDifferentSorts/sort#01
=== CONT  TestRenderListViewScrollBehavior
=== PAUSE TestRenderListViewDifferentSorts/sort#01
=== CONT  TestRenderListViewLargeWidth
=== CONT  TestRenderListViewDifferentSorts/sort
--- PASS: TestRenderListViewBasic (0.00s)
=== CONT  TestRenderListViewDifferentSorts/sort#01
--- PASS: TestRenderListViewUnicodeContent (0.00s)
--- PASS: TestRenderListViewSelectedRow (0.00s)
--- PASS: TestListViewRowStructure (0.00s)
--- FAIL: TestRenderListViewDifferentSorts (0.00s)
    --- FAIL: TestRenderListViewDifferentSorts/sort#01 (0.00s)
--- PASS: TestRenderListViewScrollBehavior (0.00s)
=== CONT  TestRenderListViewNarrowWidth
panic: testing: t.Parallel called multiple times [recovered, repanicked]

goroutine 50 [running]:
testing.tRunner.func1.2({0x648760, 0x707ab0})
	/usr/lib/go/src/testing/testing.go:1872 +0x237
testing.tRunner.func1()
	/usr/lib/go/src/testing/testing.go:1875 +0x35b
panic({0x648760?, 0x707ab0?})
	/usr/lib/go/src/runtime/panic.go:783 +0x132
testing.(*T).Parallel(0xc0001028c0?)
	/usr/lib/go/src/testing/testing.go:1665 +0x3e5
github.com/thenoetrevino/paso/internal/tui/renderers.TestRenderListViewDifferentSorts.func1(0xc0001028c0)
	/home/noetrevino/projects/new-paso/tests/internal/tui/renderers/renderers_integration_test.go:139 +0x4f
testing.tRunner(0xc0001028c0, 0xc000122270)
	/usr/lib/go/src/testing/testing.go:1934 +0xea
created by testing.(*T).Run in goroutine 12
	/usr/lib/go/src/testing/testing.go:1997 +0x465
FAIL	github.com/thenoetrevino/paso/internal/tui/renderers	0.008s
=== RUN   TestGetCurrentProject_EmptyProjects
=== PAUSE TestGetCurrentProject_EmptyProjects
=== RUN   TestGetCurrentProject_InvalidIndex
=== PAUSE TestGetCurrentProject_InvalidIndex
=== RUN   TestGetCurrentProjectID_NilProject
=== PAUSE TestGetCurrentProjectID_NilProject
=== RUN   TestNewAppState_NilTasks
=== PAUSE TestNewAppState_NilTasks
=== RUN   TestGetColumnByID_ValidColumn
=== PAUSE TestGetColumnByID_ValidColumn
=== RUN   TestGetColumnByID_InvalidColumn
=== PAUSE TestGetColumnByID_InvalidColumn
=== RUN   TestGetColumnByID_EmptyColumns
=== PAUSE TestGetColumnByID_EmptyColumns
=== RUN   TestSetColumns_UpdatesMap
=== PAUSE TestSetColumns_UpdatesMap
=== RUN   TestNewTaskDetailCache_DefaultSize
=== PAUSE TestNewTaskDetailCache_DefaultSize
=== RUN   TestSet_LRUEvictionOrder
=== PAUSE TestSet_LRUEvictionOrder
=== RUN   TestGet_UpdatesLRUPosition
=== PAUSE TestGet_UpdatesLRUPosition
=== RUN   TestGet_UpdatesLRUPosition_MultipleAccesses
=== PAUSE TestGet_UpdatesLRUPosition_MultipleAccesses
=== RUN   TestSet_NilDetail
=== PAUSE TestSet_NilDetail
=== RUN   TestSet_UpdateExisting
=== PAUSE TestSet_UpdateExisting
=== RUN   TestInvalidate_NonExistentID
=== PAUSE TestInvalidate_NonExistentID
=== RUN   TestInvalidate_EmptyCache
=== PAUSE TestInvalidate_EmptyCache
=== RUN   TestCachedIDs_EmptyCache
=== PAUSE TestCachedIDs_EmptyCache
=== RUN   TestCachedIDs_ReturnsCopy
=== PAUSE TestCachedIDs_ReturnsCopy
=== RUN   TestSetBatch_EmptyMap
=== PAUSE TestSetBatch_EmptyMap
=== RUN   TestSetBatch_NilMap
=== PAUSE TestSetBatch_NilMap
=== RUN   TestGet_NonExistentID
=== PAUSE TestGet_NonExistentID
=== RUN   TestGet_EmptyCache
=== PAUSE TestGet_EmptyCache
=== RUN   TestHas_EmptyCache
=== PAUSE TestHas_EmptyCache
=== RUN   TestClear_EmptyCache
=== PAUSE TestClear_EmptyCache
=== RUN   TestClear_WithEntries
=== PAUSE TestClear_WithEntries
=== RUN   TestInvalidate_RemovesFromOrder
=== PAUSE TestInvalidate_RemovesFromOrder
=== RUN   TestCachedIDs_PreservesLRUOrder
=== PAUSE TestCachedIDs_PreservesLRUOrder
=== RUN   TestAppendChar_MaxLength
=== PAUSE TestAppendChar_MaxLength
=== RUN   TestAppendChar_AtMaxLength
=== PAUSE TestAppendChar_AtMaxLength
=== RUN   TestBackspace_EmptyBuffer
=== PAUSE TestBackspace_EmptyBuffer
=== RUN   TestIsEmpty_WhitespaceOnly
=== PAUSE TestIsEmpty_WhitespaceOnly
=== RUN   TestTrimmedBuffer_LeadingTrailingSpaces
=== PAUSE TestTrimmedBuffer_LeadingTrailingSpaces
=== RUN   TestGetFilteredItems_EmptyFilter
=== PAUSE TestGetFilteredItems_EmptyFilter
=== RUN   TestGetFilteredItems_NoMatches
=== PAUSE TestGetFilteredItems_NoMatches
=== RUN   TestGetFilteredItems_CaseInsensitive
=== PAUSE TestGetFilteredItems_CaseInsensitive
=== RUN   TestMoveCursorDown_EmptyItems
=== PAUSE TestMoveCursorDown_EmptyItems
=== RUN   TestMoveCursorDown_AtMax
=== PAUSE TestMoveCursorDown_AtMax
=== RUN   TestCursorAdjustment_FilterReducesList
=== PAUSE TestCursorAdjustment_FilterReducesList
=== RUN   TestAppendFilter_MaxLength
=== PAUSE TestAppendFilter_MaxLength
=== RUN   TestBackspaceFilter_Empty
=== PAUSE TestBackspaceFilter_Empty
=== RUN   TestCalculateViewportSize_ZeroWidth
=== PAUSE TestCalculateViewportSize_ZeroWidth
=== RUN   TestCalculateViewportSize_NarrowTerminal
=== PAUSE TestCalculateViewportSize_NarrowTerminal
=== RUN   TestScrollViewportLeft_AtBoundary
=== PAUSE TestScrollViewportLeft_AtBoundary
=== RUN   TestScrollViewportRight_AtBoundary
=== PAUSE TestScrollViewportRight_AtBoundary
=== RUN   TestAdjustViewportAfterColumnRemoval_EmptyColumns
=== PAUSE TestAdjustViewportAfterColumnRemoval_EmptyColumns
=== RUN   TestEnsureSelectionVisible_SelectionBeyondViewport
=== PAUSE TestEnsureSelectionVisible_SelectionBeyondViewport
=== CONT  TestGetCurrentProject_EmptyProjects
=== CONT  TestScrollViewportLeft_AtBoundary
=== CONT  TestInvalidate_EmptyCache
=== CONT  TestInvalidate_NonExistentID
=== CONT  TestSet_UpdateExisting
=== CONT  TestSet_NilDetail
--- PASS: TestGetCurrentProject_EmptyProjects (0.00s)
=== CONT  TestGet_UpdatesLRUPosition_MultipleAccesses
--- PASS: TestScrollViewportLeft_AtBoundary (0.00s)
--- PASS: TestInvalidate_EmptyCache (0.00s)
--- PASS: TestInvalidate_NonExistentID (0.00s)
=== CONT  TestGet_UpdatesLRUPosition
=== CONT  TestSet_LRUEvictionOrder
--- PASS: TestSet_UpdateExisting (0.00s)
=== RUN   TestSet_LRUEvictionOrder/evict_first_when_full
=== PAUSE TestSet_LRUEvictionOrder/evict_first_when_full
=== RUN   TestSet_LRUEvictionOrder/evict_multiple_oldest
=== PAUSE TestSet_LRUEvictionOrder/evict_multiple_oldest
=== RUN   TestSet_LRUEvictionOrder/single_capacity_cache
=== PAUSE TestSet_LRUEvictionOrder/single_capacity_cache
=== RUN   TestSet_LRUEvictionOrder/no_eviction_when_under_capacity
--- PASS: TestSet_NilDetail (0.00s)
=== PAUSE TestSet_LRUEvictionOrder/no_eviction_when_under_capacity
--- PASS: TestGet_UpdatesLRUPosition_MultipleAccesses (0.00s)
--- PASS: TestGet_UpdatesLRUPosition (0.00s)
=== CONT  TestSetBatch_EmptyMap
--- PASS: TestSetBatch_EmptyMap (0.00s)
=== CONT  TestSetColumns_UpdatesMap
--- PASS: TestSetColumns_UpdatesMap (0.00s)
=== CONT  TestGetColumnByID_EmptyColumns
--- PASS: TestGetColumnByID_EmptyColumns (0.00s)
=== CONT  TestGetColumnByID_InvalidColumn
--- PASS: TestGetColumnByID_InvalidColumn (0.00s)
=== CONT  TestGetColumnByID_ValidColumn
--- PASS: TestGetColumnByID_ValidColumn (0.00s)
=== CONT  TestNewAppState_NilTasks
--- PASS: TestNewAppState_NilTasks (0.00s)
=== CONT  TestGetCurrentProjectID_NilProject
--- PASS: TestGetCurrentProjectID_NilProject (0.00s)
=== CONT  TestGetCurrentProject_InvalidIndex
--- PASS: TestGetCurrentProject_InvalidIndex (0.00s)
=== CONT  TestCachedIDs_ReturnsCopy
--- PASS: TestCachedIDs_ReturnsCopy (0.00s)
=== CONT  TestCalculateViewportSize_NarrowTerminal
=== CONT  TestGetFilteredItems_EmptyFilter
=== CONT  TestBackspaceFilter_Empty
=== CONT  TestAppendFilter_MaxLength
=== CONT  TestCursorAdjustment_FilterReducesList
    label_picker_state_test.go:128: Cursor (2) is beyond filtered list length (1) - caller should adjust
=== CONT  TestMoveCursorDown_AtMax
=== CONT  TestMoveCursorDown_EmptyItems
=== CONT  TestGetFilteredItems_CaseInsensitive
=== CONT  TestGetFilteredItems_NoMatches
=== CONT  TestAdjustViewportAfterColumnRemoval_EmptyColumns
--- PASS: TestCalculateViewportSize_NarrowTerminal (0.00s)
=== CONT  TestEnsureSelectionVisible_SelectionBeyondViewport
--- PASS: TestGetFilteredItems_EmptyFilter (0.00s)
--- PASS: TestBackspaceFilter_Empty (0.00s)
=== CONT  TestGet_NonExistentID
=== CONT  TestScrollViewportRight_AtBoundary
=== CONT  TestAppendChar_MaxLength
=== CONT  TestTrimmedBuffer_LeadingTrailingSpaces
=== CONT  TestIsEmpty_WhitespaceOnly
=== RUN   TestTrimmedBuffer_LeadingTrailingSpaces/No_whitespace
=== RUN   TestIsEmpty_WhitespaceOnly/Empty_string
=== CONT  TestSetBatch_NilMap
=== PAUSE TestIsEmpty_WhitespaceOnly/Empty_string
=== RUN   TestIsEmpty_WhitespaceOnly/Single_space
=== PAUSE TestIsEmpty_WhitespaceOnly/Single_space
=== RUN   TestIsEmpty_WhitespaceOnly/Multiple_spaces
=== PAUSE TestIsEmpty_WhitespaceOnly/Multiple_spaces
=== PAUSE TestTrimmedBuffer_LeadingTrailingSpaces/No_whitespace
=== RUN   TestIsEmpty_WhitespaceOnly/Tabs
=== PAUSE TestIsEmpty_WhitespaceOnly/Tabs
=== RUN   TestTrimmedBuffer_LeadingTrailingSpaces/Leading_spaces
=== CONT  TestBackspace_EmptyBuffer
=== PAUSE TestTrimmedBuffer_LeadingTrailingSpaces/Leading_spaces
=== RUN   TestIsEmpty_WhitespaceOnly/Mixed_whitespace
=== RUN   TestTrimmedBuffer_LeadingTrailingSpaces/Trailing_spaces
=== PAUSE TestTrimmedBuffer_LeadingTrailingSpaces/Trailing_spaces
=== PAUSE TestIsEmpty_WhitespaceOnly/Mixed_whitespace
=== RUN   TestTrimmedBuffer_LeadingTrailingSpaces/Both_sides
=== PAUSE TestTrimmedBuffer_LeadingTrailingSpaces/Both_sides
=== RUN   TestIsEmpty_WhitespaceOnly/Valid_text
=== PAUSE TestIsEmpty_WhitespaceOnly/Valid_text
=== RUN   TestTrimmedBuffer_LeadingTrailingSpaces/Tabs_and_spaces
=== RUN   TestIsEmpty_WhitespaceOnly/Text_with_spaces
=== PAUSE TestTrimmedBuffer_LeadingTrailingSpaces/Tabs_and_spaces
=== PAUSE TestIsEmpty_WhitespaceOnly/Text_with_spaces
=== RUN   TestTrimmedBuffer_LeadingTrailingSpaces/Internal_spaces_preserved
=== RUN   TestIsEmpty_WhitespaceOnly/Single_char
=== PAUSE TestTrimmedBuffer_LeadingTrailingSpaces/Internal_spaces_preserved
=== PAUSE TestIsEmpty_WhitespaceOnly/Single_char
=== RUN   TestTrimmedBuffer_LeadingTrailingSpaces/Empty_string
=== CONT  TestCachedIDs_EmptyCache
--- PASS: TestAppendFilter_MaxLength (0.00s)
--- PASS: TestCursorAdjustment_FilterReducesList (0.00s)
--- PASS: TestMoveCursorDown_AtMax (0.00s)
--- PASS: TestMoveCursorDown_EmptyItems (0.00s)
--- PASS: TestGetFilteredItems_CaseInsensitive (0.00s)
--- PASS: TestGetFilteredItems_NoMatches (0.00s)
--- PASS: TestAdjustViewportAfterColumnRemoval_EmptyColumns (0.00s)
--- PASS: TestEnsureSelectionVisible_SelectionBeyondViewport (0.00s)
--- PASS: TestScrollViewportRight_AtBoundary (0.00s)
--- PASS: TestAppendChar_MaxLength (0.00s)
--- PASS: TestGet_NonExistentID (0.00s)
--- PASS: TestSetBatch_NilMap (0.00s)
--- PASS: TestCachedIDs_EmptyCache (0.00s)
=== CONT  TestNewTaskDetailCache_DefaultSize
--- PASS: TestBackspace_EmptyBuffer (0.00s)
=== CONT  TestCalculateViewportSize_ZeroWidth
=== RUN   TestNewTaskDetailCache_DefaultSize/zero_maxSize
--- PASS: TestCalculateViewportSize_ZeroWidth (0.00s)
=== PAUSE TestTrimmedBuffer_LeadingTrailingSpaces/Empty_string
=== PAUSE TestNewTaskDetailCache_DefaultSize/zero_maxSize
=== RUN   TestNewTaskDetailCache_DefaultSize/negative_maxSize
=== PAUSE TestNewTaskDetailCache_DefaultSize/negative_maxSize
=== CONT  TestClear_WithEntries
=== RUN   TestNewTaskDetailCache_DefaultSize/positive_maxSize
=== PAUSE TestNewTaskDetailCache_DefaultSize/positive_maxSize
=== RUN   TestTrimmedBuffer_LeadingTrailingSpaces/Only_spaces
=== PAUSE TestTrimmedBuffer_LeadingTrailingSpaces/Only_spaces
=== CONT  TestClear_EmptyCache
=== CONT  TestGet_EmptyCache
=== CONT  TestSet_LRUEvictionOrder/evict_first_when_full
--- PASS: TestClear_WithEntries (0.00s)
=== CONT  TestSet_LRUEvictionOrder/no_eviction_when_under_capacity
--- PASS: TestClear_EmptyCache (0.00s)
=== CONT  TestHas_EmptyCache
--- PASS: TestHas_EmptyCache (0.00s)
=== CONT  TestSet_LRUEvictionOrder/single_capacity_cache
--- FAIL: TestSet_LRUEvictionOrder (0.00s)
    --- FAIL: TestSet_LRUEvictionOrder/evict_first_when_full (0.00s)
panic: testing: t.Parallel called multiple times [recovered, repanicked]

goroutine 20 [running]:
testing.tRunner.func1.2({0x632620, 0x6ecef0})
	/usr/lib/go/src/testing/testing.go:1872 +0x237
testing.tRunner.func1()
	/usr/lib/go/src/testing/testing.go:1875 +0x35b
panic({0x632620?, 0x6ecef0?})
	/usr/lib/go/src/runtime/panic.go:783 +0x132
testing.(*T).Parallel(0xc000102700?)
	/usr/lib/go/src/testing/testing.go:1665 +0x3e5
github.com/thenoetrevino/paso/internal/tui/state.TestSet_LRUEvictionOrder.func1(0xc000102700)
	/home/noetrevino/projects/new-paso/tests/internal/tui/state/detail_cache_test.go:87 +0x3f
testing.tRunner(0xc000102700, 0xc000130000)
	/usr/lib/go/src/testing/testing.go:1934 +0xea
created by testing.(*T).Run in goroutine 46
	/usr/lib/go/src/testing/testing.go:1997 +0x465
FAIL	github.com/thenoetrevino/paso/internal/tui/state	0.010s
=== RUN   TestTruncateSegments_EmptySlice
=== PAUSE TestTruncateSegments_EmptySlice
=== RUN   TestTruncateSegments_AllFit
=== PAUSE TestTruncateSegments_AllFit
=== RUN   TestTruncateSegments_Truncation
=== PAUSE TestTruncateSegments_Truncation
=== RUN   TestTruncateSegments_OnlyFirstFits
=== PAUSE TestTruncateSegments_OnlyFirstFits
=== RUN   TestTruncateSegments_NoneCanFit
=== PAUSE TestTruncateSegments_NoneCanFit
=== RUN   TestTruncateSegments_SingleSegmentFits
=== PAUSE TestTruncateSegments_SingleSegmentFits
=== RUN   TestTruncateSegments_SingleSegmentTooWide
=== PAUSE TestTruncateSegments_SingleSegmentTooWide
=== RUN   TestTruncateSegments_ExactFit
=== PAUSE TestTruncateSegments_ExactFit
=== RUN   TestTruncateSegments_WideSeparator
=== PAUSE TestTruncateSegments_WideSeparator
=== RUN   TestTruncateSegments_StyledSegments
=== PAUSE TestTruncateSegments_StyledSegments
=== RUN   TestTruncateSegments_PartialLastSegment
=== PAUSE TestTruncateSegments_PartialLastSegment
=== RUN   TestTruncateSegments_MetadataPartialAssignee
=== PAUSE TestTruncateSegments_MetadataPartialAssignee
=== RUN   TestTruncateSegments_MaxWidthEqualsEllipsisWidth
=== PAUSE TestTruncateSegments_MaxWidthEqualsEllipsisWidth
=== RUN   TestTruncateSegments_EmptyTextSegments
=== PAUSE TestTruncateSegments_EmptyTextSegments
=== RUN   TestTruncateSegments_VerySmallMaxWidth
=== PAUSE TestTruncateSegments_VerySmallMaxWidth
=== RUN   TestTruncateTextToWidth
=== PAUSE TestTruncateTextToWidth
=== CONT  TestTruncateSegments_EmptySlice
--- PASS: TestTruncateSegments_EmptySlice (0.00s)
=== CONT  TestTruncateTextToWidth
=== RUN   TestTruncateTextToWidth/text_fits_within_maxWidth
=== PAUSE TestTruncateTextToWidth/text_fits_within_maxWidth
=== RUN   TestTruncateTextToWidth/text_exactly_equals_maxWidth
=== PAUSE TestTruncateTextToWidth/text_exactly_equals_maxWidth
=== RUN   TestTruncateTextToWidth/text_truncated_to_maxWidth
=== PAUSE TestTruncateTextToWidth/text_truncated_to_maxWidth
=== RUN   TestTruncateTextToWidth/empty_string
=== PAUSE TestTruncateTextToWidth/empty_string
=== RUN   TestTruncateTextToWidth/maxWidth_zero
=== PAUSE TestTruncateTextToWidth/maxWidth_zero
=== RUN   TestTruncateTextToWidth/maxWidth_negative
=== PAUSE TestTruncateTextToWidth/maxWidth_negative
=== RUN   TestTruncateTextToWidth/maxWidth_one
=== PAUSE TestTruncateTextToWidth/maxWidth_one
=== RUN   TestTruncateTextToWidth/CJK_double-width_characters_fit_exactly
=== PAUSE TestTruncateTextToWidth/CJK_double-width_characters_fit_exactly
=== RUN   TestTruncateTextToWidth/CJK_double-width_characters_truncated
=== PAUSE TestTruncateTextToWidth/CJK_double-width_characters_truncated
=== RUN   TestTruncateTextToWidth/CJK_boundary_odd_maxWidth
=== PAUSE TestTruncateTextToWidth/CJK_boundary_odd_maxWidth
=== RUN   TestTruncateTextToWidth/mixed_ASCII_and_CJK
=== PAUSE TestTruncateTextToWidth/mixed_ASCII_and_CJK
=== RUN   TestTruncateTextToWidth/mixed_ASCII_and_CJK_truncated_at_CJK_boundary
=== PAUSE TestTruncateTextToWidth/mixed_ASCII_and_CJK_truncated_at_CJK_boundary
=== RUN   TestTruncateTextToWidth/single_CJK_char_does_not_fit_in_width_1
=== PAUSE TestTruncateTextToWidth/single_CJK_char_does_not_fit_in_width_1
=== CONT  TestTruncateTextToWidth/text_fits_within_maxWidth
--- FAIL: TestTruncateTextToWidth (0.00s)
    --- FAIL: TestTruncateTextToWidth/text_fits_within_maxWidth (0.00s)
panic: testing: t.Parallel called multiple times [recovered, repanicked]

goroutine 25 [running]:
testing.tRunner.func1.2({0x643d20, 0x701250})
	/usr/lib/go/src/testing/testing.go:1872 +0x237
testing.tRunner.func1()
	/usr/lib/go/src/testing/testing.go:1875 +0x35b
panic({0x643d20?, 0x701250?})
	/usr/lib/go/src/runtime/panic.go:783 +0x132
testing.(*T).Parallel(0xc0001a61c0?)
	/usr/lib/go/src/testing/testing.go:1665 +0x3e5
github.com/thenoetrevino/paso/internal/tui/text.TestTruncateTextToWidth.func1(0xc0001a61c0)
	/home/noetrevino/projects/new-paso/tests/internal/tui/text/segment_truncator_test.go:412 +0x2f
testing.tRunner(0xc0001a61c0, 0xc000080d40)
	/usr/lib/go/src/testing/testing.go:1934 +0xea
created by testing.(*T).Run in goroutine 24
	/usr/lib/go/src/testing/testing.go:1997 +0x465
FAIL	github.com/thenoetrevino/paso/internal/tui/text	0.005s
?   	github.com/thenoetrevino/paso/internal/tui/theme	[no test files]
=== RUN   TestIDFromInt
=== PAUSE TestIDFromInt
=== RUN   TestIDConstants
=== PAUSE TestIDConstants
=== CONT  TestIDFromInt
=== RUN   TestIDFromInt/ProjectIDFromInt
=== PAUSE TestIDFromInt/ProjectIDFromInt
=== CONT  TestIDConstants
=== RUN   TestIDConstants/task_type_constants
=== PAUSE TestIDConstants/task_type_constants
=== RUN   TestIDConstants/priority_constants
=== PAUSE TestIDConstants/priority_constants
=== RUN   TestIDConstants/relation_type_constants
=== PAUSE TestIDConstants/relation_type_constants
=== RUN   TestIDFromInt/ColumnIDFromInt
=== PAUSE TestIDFromInt/ColumnIDFromInt
=== CONT  TestIDConstants/task_type_constants
=== RUN   TestIDFromInt/TaskIDFromInt
--- FAIL: TestIDConstants (0.00s)
    --- FAIL: TestIDConstants/task_type_constants (0.00s)
=== PAUSE TestIDFromInt/TaskIDFromInt
panic: testing: t.Parallel called multiple times [recovered, repanicked]

goroutine 18 [running]:
testing.tRunner.func1.2({0x5fcc60, 0x6a2df0})
	/usr/lib/go/src/testing/testing.go:1872 +0x237
testing.tRunner.func1()
	/usr/lib/go/src/testing/testing.go:1875 +0x35b
panic({0x5fcc60?, 0x6a2df0?})
	/usr/lib/go/src/runtime/panic.go:783 +0x132
testing.(*T).Parallel(0xc000102380?)
	/usr/lib/go/src/testing/testing.go:1665 +0x3e5
github.com/thenoetrevino/paso/internal/types.TestIDConstants.func1(0xc000102380)
	/home/noetrevino/projects/new-paso/tests/internal/types/ids_test.go:84 +0x26
testing.tRunner(0xc000102380, 0x663058)
	/usr/lib/go/src/testing/testing.go:1934 +0xea
created by testing.(*T).Run in goroutine 9
	/usr/lib/go/src/testing/testing.go:1997 +0x465
FAIL	github.com/thenoetrevino/paso/internal/types	0.006s
=== RUN   TestGetCurrentUsername
=== PAUSE TestGetCurrentUsername
=== RUN   TestGetCurrentUsernameFallback
=== PAUSE TestGetCurrentUsernameFallback
=== CONT  TestGetCurrentUsername
=== RUN   TestGetCurrentUsername/returns_non-empty_username
=== PAUSE TestGetCurrentUsername/returns_non-empty_username
=== RUN   TestGetCurrentUsername/returns_valid_username_or_fallback
=== CONT  TestGetCurrentUsernameFallback
=== PAUSE TestGetCurrentUsername/returns_valid_username_or_fallback
=== CONT  TestGetCurrentUsername/returns_non-empty_username
--- PASS: TestGetCurrentUsernameFallback (0.00s)
=== CONT  TestGetCurrentUsername/returns_valid_username_or_fallback
--- FAIL: TestGetCurrentUsername (0.00s)
    --- FAIL: TestGetCurrentUsername/returns_non-empty_username (0.00s)
panic: testing: t.Parallel called multiple times [recovered, repanicked]

goroutine 10 [running]:
testing.tRunner.func1.2({0x5eb200, 0x68d6a0})
	/usr/lib/go/src/testing/testing.go:1872 +0x237
testing.tRunner.func1()
	/usr/lib/go/src/testing/testing.go:1875 +0x35b
panic({0x5eb200?, 0x68d6a0?})
	/usr/lib/go/src/runtime/panic.go:783 +0x132
testing.(*T).Parallel(0xc0000a0fc0?)
	/usr/lib/go/src/testing/testing.go:1665 +0x3e5
github.com/thenoetrevino/paso/internal/user.TestGetCurrentUsername.func3(0xc0000a0fc0)
	/home/noetrevino/projects/new-paso/tests/internal/user/user_test.go:34 +0x2f
testing.tRunner(0xc0000a0fc0, 0xc0000765a0)
	/usr/lib/go/src/testing/testing.go:1934 +0xea
created by testing.(*T).Run in goroutine 8
	/usr/lib/go/src/testing/testing.go:1997 +0x465
FAIL	github.com/thenoetrevino/paso/internal/user	0.006s
FAIL
