Install the opencode-paso plugin for automatic context injection.

This ensures AI agents always have paso workflow context at session start.

Examples:
  # Install globally (default)
  paso setup opencode

  # Install for current project only
  paso setup opencode --project

  # Check installation status
  paso setup opencode --check

  # Remove plugin
  paso setup opencode --remove

Usage:
  paso setup opencode [flags]

Flags:
      --check     Check installation status
      --project   Install for current project only
      --remove    Remove plugin
