Manage tasks

Usage:
  paso task [command]

Available Commands:
  assign      Assign a task to an assignee
  blocked     List blocked tasks
  comment     Add a comment to a task
  create      Create a new task
  delete      Delete a task
  done        Move a task to the completed column
  estimate    Set a time estimate on a task
  in-progress Move a task to in-progress or list in-progress tasks
  link        Link tasks with relationships
  list        List tasks
  move        Move a task to another column
  ready       List tasks ready to work on
  show        Show task details
  switch      Move a task to a different project
  to-ready    Move a task to the ready column
  update      Update a task

Use "paso task [command] --help" for more information about a command.
