Manage labels

Usage:
  paso label [command]

Available Commands:
  attach      Attach a label to a task
  create      Create a new label
  delete      Delete a label
  detach      Detach a label from a task
  list        List labels in a project
  update      Update a label

Use "paso label [command] --help" for more information about a command.
