[38;2;135;75;253m╭──────────────╮[m                                                                
[38;2;135;75;253m│[m Test Project [38;2;135;75;253m│[m                                                                
[38;2;135;75;253m┘              └────────────────────────────────────────────────────────────────[m
  [38;2;215;95;215m╭──────────────────────────────────────╮[m ▶                                    
  [38;2;215;95;215m│[m [38;2;215;95;215;1mTodo (2)[m                             [38;2;215;95;215m│[m                                      
  [38;2;215;95;215m│[m                                      [38;2;215;95;215m│[m                                      
  [38;2;215;95;215m│[m [38;2;215;95;215;48;2;58;58;58m┏━━━━━━━━━━━━━━━━━━━━━━━━━━━━━━━━━━┓[m [38;2;215;95;215m│[m                                      
  [38;2;215;95;215m│[m [38;2;215;95;215;48;2;58;58;58m┃[39;1mSetup database                   [22m [38;2;215;95;215m┃[m [38;2;215;95;215m│[m                                      
  [38;2;215;95;215m│[m [38;2;215;95;215;48;2;58;58;58m┃[39m [38;2;88;88;88mtask │ [38;2;234;179;8mmedium[39m                    [38;2;215;95;215m┃[m [38;2;215;95;215m│[m                                      
  [38;2;215;95;215m│[m [38;2;215;95;215;48;2;58;58;58m┃[39m [38;2;88;88;88;3mno labels[39;23m                        [38;2;215;95;215m┃[m [38;2;215;95;215m│[m                                      
  [38;2;215;95;215m│[m [38;2;215;95;215;48;2;58;58;58m┗━━━━━━━━━━━━━━━━━━━━━━━━━━━━━━━━━━┛[m [38;2;215;95;215m│[m                                      
  [38;2;215;95;215m│[m [38;2;215;95;215;48;2;38;38;38m┏━━━━━━━━━━━━━━━━━━━━━━━━━━━━━━━━━━┓[m [38;2;215;95;215m│[m                                      
  [38;2;215;95;215m│[m [38;2;215;95;215;48;2;38;38;38m┃[39;1mConfigure service                [22m [38;2;215;95;215m┃[m [38;2;215;95;215m│[m                                      
  [38;2;215;95;215m│[m [38;2;215;95;215;48;2;38;38;38m┃[39m [38;2;88;88;88mtask │ [38;2;234;179;8mmedium[39m                    [38;2;215;95;215m┃[m [38;2;215;95;215m│[m                                      
  [38;2;215;95;215m│[m [38;2;215;95;215;48;2;38;38;38m┃[39m [38;2;88;88;88;3mno labels[39;23m                        [38;2;215;95;215m┃[m [38;2;215;95;215m│[m                                      
  [38;2;215;95;215m│[m [38;2;215;95;215;48;2;38;38;38m┗━━━━━━━━━━━━━━━━━━━━━━━━━━━━━━━━━━┛[m [38;2;215;95;215m│[m                                      
  [38;2;215;95;215m│[m                                      [38;2;215;95;215m│[m                                      
  [38;2;215;95;215m│[m                                      [38;2;215;95;215m│[m                                      
  [38;2;215;95;215m│[m                                      [38;2;215;95;215m│[m                                      
  [38;2;215;95;215m│[m                                      [38;2;215;95;215m│[m                                      
  [38;2;215;95;215m│[m                                      [38;2;215;95;215m│[m                                      
  [38;2;215;95;215m╰──────────────────────────────────────╯[m                                      
                                                                                
[38;2;255;255;0;48;2;135;75;253m ○ No Connection To Daemon [39;48;2;28;28;28m                                         [38;2;208;208;208;48;2;135;75;253m ? for help [m