[38;2;135;75;253m╭──────────────╮[m                                                                                             
[38;2;135;75;253m│[m Test Project [38;2;135;75;253m│[m                                                                                             
[38;2;135;75;253m┘              └────────────────────────────────────────────────────────────────[m                             
   [38;2;88;88;88m Search: All[m    [38;2;88;88;88m Label: All[m    [38;2;88;88;88m Priority: All[m    [38;2;88;88;88m󰉺 Type: All[m    [38;2;88;88;88m[m                                      
 [38;2;88;88;88mAssignee: All[m    [38;2;88;88;88m󱝋 Archived: Off[m    [38;2;88;88;88m Clear All[m                                                             
  [38;2;215;95;215m╭─────────────────────────────────╮[38;2;95;135;215m╭─────────────────────────────────╮╭─────────────────────────────────╮[m  
  [38;2;215;95;215m│[m [38;2;215;95;215;1mTodo (0)[m                        [38;2;215;95;215m│[38;2;95;135;215m│[m [38;2;215;95;215;1mIn Progress (0)[m                 [38;2;95;135;215m││[m [38;2;215;95;215;1mDone (0)[m                        [38;2;95;135;215m│[m  
  [38;2;215;95;215m│[m                                 [38;2;215;95;215m│[38;2;95;135;215m│[m                                 [38;2;95;135;215m││[m                                 [38;2;95;135;215m│[m  
  [38;2;215;95;215m│[m [38;2;88;88;88;3mNo tasks[m                        [38;2;215;95;215m│[38;2;95;135;215m│[m [38;2;88;88;88;3mNo tasks[m                        [38;2;95;135;215m││[m [38;2;88;88;88;3mNo tasks[m                        [38;2;95;135;215m│[m  
  [38;2;215;95;215m│[m                                 [38;2;215;95;215m│[38;2;95;135;215m│[m                                 [38;2;95;135;215m││[m                                 [38;2;95;135;215m│[m  
  [38;2;215;95;215m│[m                                 [38;2;215;95;215m│[38;2;95;135;215m│[m                                 [38;2;95;135;215m││[m                                 [38;2;95;135;215m│[m  
  [38;2;215;95;215m│[m                                 [38;2;215;95;215m│[38;2;95;135;215m│[m                                 [38;2;95;135;215m││[m                                 [38;2;95;135;215m│[m  
  [38;2;215;95;215m│[m                                 [38;2;215;95;215m│[38;2;95;135;215m│[m                                 [38;2;95;135;215m││[m                                 [38;2;95;135;215m│[m  
  [38;2;215;95;215m│[m                                 [38;2;215;95;215m│[38;2;95;135;215m│[m                                 [38;2;95;135;215m││[m                                 [38;2;95;135;215m│[m  
  [38;2;215;95;215m│[m                                 [38;2;215;95;215m│[38;2;95;135;215m│[m                                 [38;2;95;135;215m││[m                                 [38;2;95;135;215m│[m  
  [38;2;215;95;215m│[m                                 [38;2;215;95;215m│[38;2;95;135;215m│[m                                 [38;2;95;135;215m││[m                                 [38;2;95;135;215m│[m  
  [38;2;215;95;215m│[m                                 [38;2;215;95;215m│[38;2;95;135;215m│[m                                 [38;2;95;135;215m││[m                                 [38;2;95;135;215m│[m  
  [38;2;215;95;215m│[m                                 [38;2;215;95;215m│[38;2;95;135;215m│[m                                 [38;2;95;135;215m││[m                                 [38;2;95;135;215m│[m  
  [38;2;215;95;215m│[m                                 [38;2;215;95;215m│[38;2;95;135;215m│[m                                 [38;2;95;135;215m││[m                                 [38;2;95;135;215m│[m  
  [38;2;215;95;215m│[m                                 [38;2;215;95;215m│[38;2;95;135;215m│[m                                 [38;2;95;135;215m││[m                                 [38;2;95;135;215m│[m  
  [38;2;215;95;215m│[m                                 [38;2;215;95;215m│[38;2;95;135;215m│[m                                 [38;2;95;135;215m││[m                                 [38;2;95;135;215m│[m  
  [38;2;215;95;215m╰─────────────────────────────────╯[38;2;95;135;215m╰─────────────────────────────────╯╰─────────────────────────────────╯[m  
                                                                                                             
[38;2;136;136;136;48;2;135;75;253m ◌ Reconnecting to daemon [38;2;88;88;88;48;2;28;28;28m Tip: Press 'p' to create a new project, 'n'/'N' to switch projects [38;2;208;208;208;48;2;135;75;253m ? for help [m   