[38;2;135;75;253m╭──────────────╮[m             ╭─────────────────────────────────────────────────╮                             
[38;2;135;75;253m│[m Test Project [38;2;135;75;253m│[m             │[48;2;95;0;0m [38;2;255;0;0m✕ Failed to save task: database connection lost[39m [m│                             
[38;2;135;75;253m┘              └─────────────[m╰─────────────────────────────────────────────────╯                             
  [38;2;88;88;88m Label: All[m  [38;2;88;88;88m Priority: All[m  [38;2;88;88;88m󰉺 Type: All[m  [38;2;88;88;88m Assignee: All[m  [38;2;88;88;88m󱝋 Archived: Off[m                               
 [38;2;88;88;88m Clear All[m                                                                                                 
  [38;2;215;95;215m╭─────────────────────────────────╮[38;2;95;135;215m╭─────────────────────────────────╮╭─────────────────────────────────╮[m  
  [38;2;215;95;215m│[m [38;2;215;95;215;1mTodo (0)[m                        [38;2;215;95;215m│[38;2;95;135;215m│[m [38;2;215;95;215;1mIn Progress (0)[m                 [38;2;95;135;215m││[m [38;2;215;95;215;1mDone (0)[m                        [38;2;95;135;215m│[m  
  [38;2;215;95;215m│[m                                 [38;2;215;95;215m│[38;2;95;135;215m│[m                                 [38;2;95;135;215m││[m                                 [38;2;95;135;215m│[m  
  [38;2;215;95;215m│[m [38;2;88;88;88;3mNo tasks[m                        [38;2;215;95;215m│[38;2;95;135;215m│[m [38;2;88;88;88;3mNo tasks[m                        [38;2;95;135;215m││[m [38;2;88;88;88;3mNo tasks[m                        [38;2;95;135;215m│[m  
  [38;2;215;95;215m│[m                                 [38;2;215;95;215m│[38;2;95;135;215m│[m                                 [38;2;95;135;215m││[m                                 [38;2;95;135;215m│[m  
  [38;2;215;95;215m│[m                                 [38;2;215;95;215m│[38;2;95;135;215m│[m                                 [38;2;95;135;215m││[m                                 [38;2;95;135;215m│[m  
  [38;2;215;95;215m│[m                                 [38;2;215;95;215m│[38;2;95;135;215m│[m                                 [38;2;95;135;215m││[m                                 [38;2;95;135;215m│[m  
  [38;2;215;95;215m│[m                                 [38;2;215;95;215m│[38;2;95;135;215m│[m                                 [38;2;95;135;215m││[m                                 [38;2;95;135;215m│[m  
  [38;2;215;95;215m│[m                                 [38;2;215;95;215m│[38;2;95;135;215m│[m                                 [38;2;95;135;215m││[m                                 [38;2;95;135;215m│[m  
  [38;2;215;95;215m│[m                                 [38;2;215;95;215m│[38;2;95;135;215m│[m                                 [38;2;95;135;215m││[m                                 [38;2;95;135;215m│[m  
  [38;2;215;95;215m│[m                                 [38;2;215;95;215m│[38;2;95;135;215m│[m                                 [38;2;95;135;215m││[m                                 [38;2;95;135;215m│[m  
  [38;2;215;95;215m│[m                                 [38;2;215;95;215m│[38;2;95;135;215m│[m                                 [38;2;95;135;215m││[m                                 [38;2;95;135;215m│[m  
  [38;2;215;95;215m│[m                                 [38;2;215;95;215m│[38;2;95;135;215m│[m                                 [38;2;95;135;215m││[m                                 [38;2;95;135;215m│[m  
  [38;2;215;95;215m│[m                                 [38;2;215;95;215m│[38;2;95;135;215m│[m                                 [38;2;95;135;215m││[m                                 [38;2;95;135;215m│[m  
  [38;2;215;95;215m│[m                                 [38;2;215;95;215m│[38;2;95;135;215m│[m                                 [38;2;95;135;215m││[m                                 [38;2;95;135;215m│[m  
  [38;2;215;95;215m│[m                                 [38;2;215;95;215m│[38;2;95;135;215m│[m                                 [38;2;95;135;215m││[m                                 [38;2;95;135;215m│[m  
  [38;2;215;95;215m╰─────────────────────────────────╯[38;2;95;135;215m╰─────────────────────────────────╯╰─────────────────────────────────╯[m  
                                                                                                             
[38;2;255;255;0;48;2;135;75;253m ○ No Connection To Daemon [38;2;88;88;88;48;2;28;28;28m Tip: Press 'p' to create a new project, 'n'/'N' to switch projects[39m [38;2;208;208;208;48;2;135;75;253m ? for help [m  